******************************************************************************
                  TI ARM Linker PC v16.9.4                     
******************************************************************************
>> Linked Wed Nov 01 15:14:44 2017

OUTPUT FILE NAME:   <Scheduler2.out>
ENTRY POINT SYMBOL: "_c_int00"  address: 00000ea5


MEMORY CONFIGURATION

         name            origin    length      used     unused   attr    fill
----------------------  --------  ---------  --------  --------  ----  --------
  MAIN                  00000000   00040000  000016a3  0003e95d  R  X
  INFO                  00200000   00004000  00000000  00004000  R  X
  SRAM_CODE             01000000   00010000  00006e2d  000091d3  RW X
  SRAM_DATA             20000000   00010000  00006e2d  000091d3  RW  


SEGMENT ALLOCATION MAP

run origin  load origin   length   init length attrs members
----------  ----------- ---------- ----------- ----- -------
00000000    00000000    000016a8   000016a8    r-x
  00000000    00000000    000000e4   000000e4    r-- .intvecs
  000000e4    000000e4    000012d4   000012d4    r-x .text
  000013b8    000013b8    00000297   00000297    r-- .const
  00001650    00001650    00000004   00000004    r-- .init_array
  00001658    00001658    00000050   00000050    r-- .cinit
20000000    20000000    00006c30   00000000    rw-
  20000000    20000000    000063ed   00000000    rw- .bss
  200063f0    200063f0    00000800   00000000    rw- .sysmem
  20006bf0    20006bf0    00000040   00000000    rw- .data
2000fe00    2000fe00    00000200   00000000    rw-
  2000fe00    2000fe00    00000200   00000000    rw- .stack


SECTION ALLOCATION MAP

 output                                  attributes/
section   page    origin      length       input sections
--------  ----  ----------  ----------   ----------------
.intvecs   0    00000000    000000e4     
                  00000000    000000e4     startup_msp432p401r_ccs.obj (.intvecs:retain)

.binit     0    00000000    00000000     

.text      0    000000e4    000012d4     
                  000000e4    000003d0     rtsv7M4_T_le_v4SPD16_eabi.lib : memory.obj (.text)
                  000004b4    00000154     msp432p4xx_driverlib.lib : adc14_MSP432P4XX.obj (.text:_getIndexForMemRegister)
                  00000608    00000104     Crystalfontz128x128_ST7735.obj (.text:Crystalfontz128x128_PixelDrawMultiple)
                  0000070c    000000ca     main.obj (.text:_Z8SetupADCv)
                  000007d6    00000002     Crystalfontz128x128_ST7735.obj (.text:Crystalfontz128x128_Flush)
                  000007d8    000000c4     main.obj (.text:_Z8SetupLCDv)
                  0000089c    000000bc     rtsv7M4_T_le_v4SPD16_eabi.lib : typeinfo_.obj (.text)
                  00000958    000000a8     system_msp432p401r.obj (.text:SystemInit)
                  00000a00    0000009c     rtsv7M4_T_le_v4SPD16_eabi.lib : memcpy_t2.obj (.text)
                  00000a9c    00000094     Scheduler.obj (.text:_ZN9Scheduler21CalculateNextScheduleEv)
                  00000b30    00000084     Crystalfontz128x128_ST7735.obj (.text:Crystalfontz128x128_SetDrawFrame)
                  00000bb4    0000007c     Scheduler.obj (.text:_ZN9Scheduler13GetMessageSchEv)
                  00000c30    0000007a     rtsv7M4_T_le_v4SPD16_eabi.lib : memset_t2.obj (.text)
                  00000caa    00000002     startup_msp432p401r_ccs.obj (.text:Default_Handler)
                  00000cac    00000074     main.obj (.text:main)
                  00000d20    00000070     rtsv7M4_T_le_v4SPD16_eabi.lib : autoinit.obj (.text)
                  00000d90    00000068                                   : copy_decompress_lzss.obj (.text:decompress:lzss)
                  00000df8    00000056     Crystalfontz128x128_ST7735.obj (.text:Crystalfontz128x128_RectFill)
                  00000e4e    00000002     LCD.obj (.text:_ZN4Task11SendMessageEv)
                  00000e50    00000054     main.obj (.text:_Z5Setupv)
                  00000ea4    00000054     rtsv7M4_T_le_v4SPD16_eabi.lib : boot.obj (.text)
                  00000ef8    00000054                                   : exit.obj (.text)
                  00000f4c    0000004c     main.obj (.text:ADC14_IRQHandler)
                  00000f98    0000004c     rtsv7M4_T_le_v4SPD16_eabi.lib : cpy_tbl.obj (.text)
                  00000fe4    00000040     Scheduler.obj (.text:_ZN9SchedulerC1Ev)
                  00001024    0000003c     Crystalfontz128x128_ST7735.obj (.text:Crystalfontz128x128_LineDrawV)
                  00001060    0000003c     Scheduler.obj (.text:_ZN9Scheduler10GetMessageE3SMS)
                  0000109c    0000003c     Scheduler.obj (.text:_ZN9Scheduler6ClearQEv)
                  000010d8    0000003a     Crystalfontz128x128_ST7735.obj (.text:Crystalfontz128x128_LineDrawH)
                  00001112    00000002     rtsv7M4_T_le_v4SPD16_eabi.lib : mpu_init.obj (.text)
                  00001114    00000034     main.obj (.text:T32_INT1_IRQHandler)
                  00001148    0000002c     HAL_MSP_EXP432P401R_Crystalfontz128x128_ST7735.obj (.text:HAL_LCD_writeCommand)
                  00001174    00000028     Crystalfontz128x128_ST7735.obj (.text:Crystalfontz128x128_PixelDraw)
                  0000119c    00000026     Scheduler.obj (.text:_ZN9Scheduler17ClearNextScheduleEv)
                  000011c2    00000026     Scheduler.obj (.text:_ZN9Scheduler3runEv)
                  000011e8    00000022     grlib.lib : context.o (.text:Graphics_initContext)
                  0000120a    00000020     Crystalfontz128x128_ST7735.obj (.text:Crystalfontz128x128_ClearScreen)
                  0000122a    00000002     rtsv7M4_T_le_v4SPD16_eabi.lib : startup.obj (.text)
                  0000122c    00000020     LED.obj (.text:_ZN3LEDC1Ethby)
                  0000124c    0000001e     Scheduler.obj (.text:_ZN9Scheduler5setupEv)
                  0000126a    00000002     --HOLE-- [fill = 0]
                  0000126c    0000001c     LED.obj (.text:_ZN3LED5setupEv)
                  00001288    00000018     msp432p4xx_driverlib.lib : adc14_MSP432P4XX.obj (.text:ADC14_getResult)
                  000012a0    00000018                              : gpio_MSP432P4XX.obj (.text:GPIO_setOutputLowOnPin)
                  000012b8    00000018     HAL_MSP_EXP432P401R_Crystalfontz128x128_ST7735.obj (.text:HAL_LCD_writeData)
                  000012d0    00000018     rtsv7M4_T_le_v4SPD16_eabi.lib : args_main.obj (.text)
                  000012e8    00000016     Crystalfontz128x128_ST7735.obj (.text:Crystalfontz128x128_ColorTranslate)
                  000012fe    00000002     --HOLE-- [fill = 0]
                  00001300    00000014     msp432p4xx_driverlib.lib : gpio_MSP432P4XX.obj (.text:GPIO_setOutputHighOnPin)
                  00001314    00000014     LED.obj (.text:_ZN3LED3runEv)
                  00001328    00000014     rtsv7M4_T_le_v4SPD16_eabi.lib : _lock.obj (.text)
                  0000133c    00000010     Task.obj (.text:_ZN4TaskC1Ev)
                  0000134c    0000000e     rtsv7M4_T_le_v4SPD16_eabi.lib : copy_decompress_none.obj (.text:decompress:none)
                  0000135a    0000000c     startup_msp432p401r_ccs.obj (.text:Reset_Handler)
                  00001366    00000002     --HOLE-- [fill = 0]
                  00001368    0000000c     main.obj (.text:__sti___8_main_cpp_f05601ac)
                  00001374    0000000c     rtsv7M4_T_le_v4SPD16_eabi.lib : copy_zero_init.obj (.text:decompress:ZI)
                  00001380    0000000a     grlib.lib : context.o (.text:Graphics_clearDisplay)
                  0000138a    0000000a               : display.o (.text:Graphics_clearDisplayOnDisplay)
                  00001394    0000000a               : display.o (.text:Graphics_fillRectangleOnDisplay)
                  0000139e    00000008     rtsv7M4_T_le_v4SPD16_eabi.lib : delete.obj (.text)
                  000013a6    00000006     LED.obj (.text:_ZN4Task10GetMessageE3SMS)
                  000013ac    00000004     Task.obj (.text:_ZN4Task3runEv)
                  000013b0    00000004     Task.obj (.text:_ZN4Task5setupEv)
                  000013b4    00000004     rtsv7M4_T_le_v4SPD16_eabi.lib : pre_init.obj (.text)

.const     0    000013b8    00000297     
                  000013b8    00000080     msp432p4xx_driverlib.lib : adc14_MSP432P4XX.obj (.const:_ctlRegs)
                  00001438    00000030                              : gpio_MSP432P4XX.obj (.const:GPIO_PORT_TO_BASE)
                  00001468    00000028     rtsv7M4_T_le_v4SPD16_eabi.lib : typeinfo_.obj (.const:.typeinfo:_ZTSN10__cxxabiv123__fundamental_type_infoE)
                  00001490    00000025                                   : typeinfo_.obj (.const:.typeinfo:_ZTSN10__cxxabiv120__si_class_type_infoE)
                  000014b5    00000024                                   : typeinfo_.obj (.const:.typeinfo:_ZTSN10__cxxabiv119__pointer_type_infoE)
                  000014d9    00000022                                   : typeinfo_.obj (.const:.typeinfo:_ZTSN10__cxxabiv117__class_type_infoE)
                  000014fb    00000022                                   : typeinfo_.obj (.const:.typeinfo:_ZTSN10__cxxabiv117__pbase_type_infoE)
                  0000151d    00000002                                   : typeinfo_.obj (.const:.typeinfo:_ZTSe)
                  0000151f    00000001     --HOLE-- [fill = 0]
                  00001520    00000020     Crystalfontz128x128_ST7735.obj (.const:g_sCrystalfontz128x128_funcs)
                  00001540    00000018     LED.obj (.const:_ZTV3LED)
                  00001558    00000018     Task.obj (.const:_ZTV4Task)
                  00001570    00000010     Scheduler.obj (.const:$P$T40$1)
                  00001580    00000010     rtsv7M4_T_le_v4SPD16_eabi.lib : typeinfo_.obj (.const:.typeinfo:_ZTIPKe)
                  00001590    00000010                                   : typeinfo_.obj (.const:_ZTVN10__cxxabiv117__class_type_infoE)
                  000015a0    00000010                                   : typeinfo_.obj (.const:_ZTVN10__cxxabiv119__pointer_type_infoE)
                  000015b0    00000010                                   : typeinfo_.obj (.const:_ZTVN10__cxxabiv120__si_class_type_infoE)
                  000015c0    00000010                                   : typeinfo_.obj (.const:_ZTVN10__cxxabiv123__fundamental_type_infoE)
                  000015d0    0000000d                                   : typeinfo_.obj (.const:.typeinfo:_ZTSSt9type_info)
                  000015dd    00000003     --HOLE-- [fill = 0]
                  000015e0    0000000c     LED.obj (.const:.typeinfo:_ZTI3LED)
                  000015ec    0000000c     rtsv7M4_T_le_v4SPD16_eabi.lib : typeinfo_.obj (.const:.typeinfo:_ZTIN10__cxxabiv117__class_type_infoE)
                  000015f8    0000000c                                   : typeinfo_.obj (.const:.typeinfo:_ZTIN10__cxxabiv117__pbase_type_infoE)
                  00001604    0000000c                                   : typeinfo_.obj (.const:.typeinfo:_ZTIN10__cxxabiv119__pointer_type_infoE)
                  00001610    0000000c                                   : typeinfo_.obj (.const:.typeinfo:_ZTIN10__cxxabiv120__si_class_type_infoE)
                  0000161c    0000000c                                   : typeinfo_.obj (.const:.typeinfo:_ZTIN10__cxxabiv123__fundamental_type_infoE)
                  00001628    00000008     LCD.obj (.const:.typeinfo:_ZTI4Task)
                  00001630    00000008     rtsv7M4_T_le_v4SPD16_eabi.lib : typeinfo_.obj (.const:.typeinfo:_ZTISt9type_info)
                  00001638    00000008                                   : typeinfo_.obj (.const:.typeinfo:_ZTIe)
                  00001640    00000006     LCD.obj (.const:.typeinfo:_ZTS4Task)
                  00001646    00000005     LED.obj (.const:.typeinfo:_ZTS3LED)
                  0000164b    00000004     rtsv7M4_T_le_v4SPD16_eabi.lib : typeinfo_.obj (.const:.typeinfo:_ZTSPKe)

.init_array 
*          0    00001650    00000004     
                  00001650    00000004     main.obj (.init_array)

.cinit     0    00001658    00000050     
                  00001658    00000029     (.cinit..data.load) [load image, compression = lzss]
                  00001681    00000003     --HOLE-- [fill = 0]
                  00001684    0000000c     (__TI_handler_table)
                  00001690    00000008     (.cinit..bss.load) [load image, compression = zero_init]
                  00001698    00000010     (__TI_cinit_table)

.bss       0    20000000    000063ed     UNINITIALIZED
                  20000000    000063b0     main.obj (.bss:g_MainScheduler)
                  200063b0    0000001c     (.common:g_sContext)
                  200063cc    0000000c     (.common:i_iDataADC)
                  200063d8    00000008     (.common:g_sLand)
                  200063e0    00000008     (.common:g_sSky)
                  200063e8    00000004     (.common:_ZSt16__dummy_typeinfo)
                  200063ec    00000001     (.common:Lcd_Orientation)

.sysmem    0    200063f0    00000800     UNINITIALIZED
                  200063f0    00000008     rtsv7M4_T_le_v4SPD16_eabi.lib : memory.obj (.sysmem)
                  200063f8    000007f8     --HOLE--

.data      0    20006bf0    00000040     UNINITIALIZED
                  20006bf0    00000010     Crystalfontz128x128_ST7735.obj (.data:g_sCrystalfontz128x128)
                  20006c00    0000000c     rtsv7M4_T_le_v4SPD16_eabi.lib : exit.obj (.data:$O1$$)
                  20006c0c    0000000c                                   : memory.obj (.data:$O1$$)
                  20006c18    0000000c     main.obj (.data)
                  20006c24    00000008     rtsv7M4_T_le_v4SPD16_eabi.lib : _lock.obj (.data:$O1$$)
                  20006c2c    00000004                                   : stkdepth_vars.obj (.data)

.stack     0    2000fe00    00000200     UNINITIALIZED
                  2000fe00    00000200     --HOLE--

MODULE SUMMARY

       Module                                               code   ro data   rw data
       ------                                               ----   -------   -------
    .\
       main.obj                                             738    4         51120  
       Scheduler.obj                                        562    16        0      
       system_msp432p401r.obj                               168    0         0      
       LED.obj                                              86     41        0      
       LCD.obj                                              2      14        56     
       Task.obj                                             24     24        0      
    +--+----------------------------------------------------+------+---------+---------+
       Total:                                               1580   99        51176  
                                                                                    
    .\LcdDriver\
       Crystalfontz128x128_ST7735.obj                       692    32        34     
       HAL_MSP_EXP432P401R_Crystalfontz128x128_ST7735.obj   68     0         0      
    +--+----------------------------------------------------+------+---------+---------+
       Total:                                               760    32        34     
                                                                                    
    .\ccs\
       startup_msp432p401r_ccs.obj                          14     228       0      
    +--+----------------------------------------------------+------+---------+---------+
       Total:                                               14     228       0      
                                                                                    
    C:/ti/simplelink_msp432p4_sdk_1_50_00_12/source/ti/devices/msp432p4xx/driverlib/ccs/msp432p4xx_driverlib.lib
       adc14_MSP432P4XX.obj                                 364    128       0      
       gpio_MSP432P4XX.obj                                  44     48        0      
    +--+----------------------------------------------------+------+---------+---------+
       Total:                                               408    176       0      
                                                                                    
    C:/ti/simplelink_msp432p4_sdk_1_50_00_12/source/ti/grlib/ccs/grlib.lib
       context.o                                            44     0         0      
       display.o                                            20     0         0      
    +--+----------------------------------------------------+------+---------+---------+
       Total:                                               64     0         0      
                                                                                    
    C:\ti\ccsv7\tools\compiler\ti-cgt-arm_16.9.4.LTS\lib\rtsv7M4_T_le_v4SPD16_eabi.lib
       memory.obj                                           976    0         24     
       typeinfo_.obj                                        188    356       8      
       memcpy_t2.obj                                        156    0         0      
       memset_t2.obj                                        122    0         0      
       autoinit.obj                                         112    0         0      
       exit.obj                                             84     0         24     
       copy_decompress_lzss.obj                             104    0         0      
       boot.obj                                             84     0         0      
       cpy_tbl.obj                                          76     0         0      
       _lock.obj                                            20     0         16     
       args_main.obj                                        24     0         0      
       copy_decompress_none.obj                             14     0         0      
       copy_zero_init.obj                                   12     0         0      
       delete.obj                                           8      0         0      
       stkdepth_vars.obj                                    0      0         8      
       pre_init.obj                                         4      0         0      
       mpu_init.obj                                         2      0         0      
       startup.obj                                          2      0         0      
    +--+----------------------------------------------------+------+---------+---------+
       Total:                                               1988   356       80     
                                                                                    
       Heap:                                                0      0         4096   
       Stack:                                               0      0         1024   
       Linker Generated:                                    0      77        0      
    +--+----------------------------------------------------+------+---------+---------+
       Grand Total:                                         4814   968       56410  


LINKER GENERATED COPY TABLES

__TI_cinit_table @ 00001698 records: 2, size/record: 8, table size: 16
	.data: load addr=00001658, load size=00000029 bytes, run addr=20006bf0, run size=00000040 bytes, compression=lzss
	.bss: load addr=00001690, load size=00000008 bytes, run addr=20000000, run size=000063ed bytes, compression=zero_init


LINKER GENERATED HANDLER TABLE

__TI_handler_table @ 00001684 records: 3, size/record: 4, table size: 12
	index: 0, handler: __TI_decompress_lzss
	index: 1, handler: __TI_decompress_none
	index: 2, handler: __TI_zero_init


GLOBAL SYMBOLS: SORTED ALPHABETICALLY BY Name 

address   name                                              
-------   ----                                              
00000f4d  ADC14_IRQHandler                                  
00000f4d  ADC14_IRQHandler                                  
00001289  ADC14_getResult                                   
00000cab  AES256_IRQHandler                                 
00000cab  BusFault_Handler                                  
00000ef9  C$$EXIT                                           
00000cab  COMP_E0_IRQHandler                                
00000cab  COMP_E1_IRQHandler                                
00000cab  CS_IRQHandler                                     
00000b31  Crystalfontz128x128_SetDrawFrame                  
00000cab  DMA_ERR_IRQHandler                                
00000cab  DMA_INT0_IRQHandler                               
00000cab  DMA_INT1_IRQHandler                               
00000cab  DMA_INT2_IRQHandler                               
00000cab  DMA_INT3_IRQHandler                               
00000cab  DebugMon_Handler                                  
00000cab  Default_Handler                                   
00000cab  EUSCIA0_IRQHandler                                
00000cab  EUSCIA1_IRQHandler                                
00000cab  EUSCIA2_IRQHandler                                
00000cab  EUSCIA3_IRQHandler                                
00000cab  EUSCIB0_IRQHandler                                
00000cab  EUSCIB1_IRQHandler                                
00000cab  EUSCIB2_IRQHandler                                
00000cab  EUSCIB3_IRQHandler                                
00000cab  FLCTL_IRQHandler                                  
00000cab  FPU_IRQHandler                                    
00001301  GPIO_setOutputHighOnPin                           
000012a1  GPIO_setOutputLowOnPin                            
00001381  Graphics_clearDisplay                             
0000138b  Graphics_clearDisplayOnDisplay                    
00001395  Graphics_fillRectangleOnDisplay                   
000011e9  Graphics_initContext                              
00001149  HAL_LCD_writeCommand                              
000012b9  HAL_LCD_writeData                                 
00000cab  HardFault_Handler                                 
200063ec  Lcd_Orientation                                   
00000cab  MemManage_Handler                                 
00000cab  NMI_Handler                                       
00000cab  PCM_IRQHandler                                    
00000cab  PORT1_IRQHandler                                  
00000cab  PORT2_IRQHandler                                  
00000cab  PORT3_IRQHandler                                  
00000cab  PORT4_IRQHandler                                  
00000cab  PORT5_IRQHandler                                  
00000cab  PORT6_IRQHandler                                  
00000cab  PSS_IRQHandler                                    
00000cab  PendSV_Handler                                    
00000cab  RTC_C_IRQHandler                                  
0000135b  Reset_Handler                                     
00001650  SHT$$INIT_ARRAY$$Base                             
00001654  SHT$$INIT_ARRAY$$Limit                            
00000cab  SVC_Handler                                       
00000cab  SysTick_Handler                                   
00000959  SystemInit                                        
00001115  T32_INT1_IRQHandler                               
00001115  T32_INT1_IRQHandler                               
00000cab  T32_INT2_IRQHandler                               
00000cab  T32_INTC_IRQHandler                               
00000cab  TA0_0_IRQHandler                                  
00000cab  TA0_N_IRQHandler                                  
00000cab  TA1_0_IRQHandler                                  
00000cab  TA1_N_IRQHandler                                  
00000cab  TA2_0_IRQHandler                                  
00000cab  TA2_N_IRQHandler                                  
00000cab  TA3_0_IRQHandler                                  
00000cab  TA3_N_IRQHandler                                  
00000cab  UsageFault_Handler                                
4000480c  WDTCTL_SYM                                        
00000cab  WDT_A_IRQHandler                                  
UNDEFED   _Z24Crystalfontz128x128_Initv                     
UNDEFED   _Z34Crystalfontz128x128_SetOrientationh           
00000e51  _Z5Setupv                                         
0000070d  _Z8SetupADCv                                      
000007d9  _Z8SetupLCDv                                      
00000949  _ZN10__cxxabiv116__enum_type_infoD0Ev             
00000947  _ZN10__cxxabiv116__enum_type_infoD1Ev             
00000947  _ZN10__cxxabiv116__enum_type_infoD2Ev             
0000093f  _ZN10__cxxabiv117__array_type_infoD0Ev            
0000093d  _ZN10__cxxabiv117__array_type_infoD1Ev            
0000093d  _ZN10__cxxabiv117__array_type_infoD2Ev            
00000935  _ZN10__cxxabiv117__class_type_infoD0Ev            
00000933  _ZN10__cxxabiv117__class_type_infoD1Ev            
00000933  _ZN10__cxxabiv117__class_type_infoD2Ev            
0000092b  _ZN10__cxxabiv117__pbase_type_infoD0Ev            
00000929  _ZN10__cxxabiv117__pbase_type_infoD1Ev            
00000929  _ZN10__cxxabiv117__pbase_type_infoD2Ev            
00000921  _ZN10__cxxabiv119__pointer_type_infoD0Ev          
0000091f  _ZN10__cxxabiv119__pointer_type_infoD1Ev          
0000091f  _ZN10__cxxabiv119__pointer_type_infoD2Ev          
00000917  _ZN10__cxxabiv120__function_type_infoD0Ev         
00000915  _ZN10__cxxabiv120__function_type_infoD1Ev         
00000915  _ZN10__cxxabiv120__function_type_infoD2Ev         
0000090d  _ZN10__cxxabiv120__si_class_type_infoD0Ev         
0000090b  _ZN10__cxxabiv120__si_class_type_infoD1Ev         
0000090b  _ZN10__cxxabiv120__si_class_type_infoD2Ev         
00000903  _ZN10__cxxabiv121__vmi_class_type_infoD0Ev        
00000901  _ZN10__cxxabiv121__vmi_class_type_infoD1Ev        
00000901  _ZN10__cxxabiv121__vmi_class_type_infoD2Ev        
000008f9  _ZN10__cxxabiv123__fundamental_type_infoD0Ev      
000008f7  _ZN10__cxxabiv123__fundamental_type_infoD1Ev      
000008f7  _ZN10__cxxabiv123__fundamental_type_infoD2Ev      
000008ef  _ZN10__cxxabiv129__pointer_to_member_type_infoD0Ev
000008ed  _ZN10__cxxabiv129__pointer_to_member_type_infoD1Ev
000008ed  _ZN10__cxxabiv129__pointer_to_member_type_infoD2Ev
00001315  _ZN3LED3runEv                                     
0000126d  _ZN3LED5setupEv                                   
0000122d  _ZN3LEDC1Ethby                                    
0000122d  _ZN3LEDC2Ethby                                    
000013a7  _ZN4Task10GetMessageE3SMS                         
00000e4f  _ZN4Task11SendMessageEv                           
000013ad  _ZN4Task3runEv                                    
000013b1  _ZN4Task5setupEv                                  
0000133d  _ZN4TaskC1Ev                                      
0000133d  _ZN4TaskC2Ev                                      
00001061  _ZN9Scheduler10GetMessageE3SMS                    
00000bb5  _ZN9Scheduler13GetMessageSchEv                    
0000119d  _ZN9Scheduler17ClearNextScheduleEv                
00000a9d  _ZN9Scheduler21CalculateNextScheduleEv            
000011c3  _ZN9Scheduler3runEv                               
0000124d  _ZN9Scheduler5setupEv                             
0000109d  _ZN9Scheduler6ClearQEv                            
00000fe5  _ZN9SchedulerC1Ev                                 
00000fe5  _ZN9SchedulerC2Ev                                 
000008af  _ZNKSt9type_info4nameEv                           
000008df  _ZNKSt9type_info6beforeERKS_                      
000008c9  _ZNKSt9type_infoeqERKS_                           
000008b3  _ZNKSt9type_infoneERKS_                           
000008a7  _ZNSt9type_infoD0Ev                               
000008a5  _ZNSt9type_infoD1Ev                               
000008a5  _ZNSt9type_infoD2Ev                               
200063e8  _ZSt16__dummy_typeinfo                            
0000089d  _ZSt21__gen_dummy_typeinfosv                      
000015e0  _ZTI3LED                                          
00001628  _ZTI4Task                                         
000015ec  _ZTIN10__cxxabiv117__class_type_infoE             
000015f8  _ZTIN10__cxxabiv117__pbase_type_infoE             
00001604  _ZTIN10__cxxabiv119__pointer_type_infoE           
00001610  _ZTIN10__cxxabiv120__si_class_type_infoE          
0000161c  _ZTIN10__cxxabiv123__fundamental_type_infoE       
00001580  _ZTIPKe                                           
00001630  _ZTISt9type_info                                  
00001638  _ZTIe                                             
00001646  _ZTS3LED                                          
00001640  _ZTS4Task                                         
000014d9  _ZTSN10__cxxabiv117__class_type_infoE             
000014fb  _ZTSN10__cxxabiv117__pbase_type_infoE             
000014b5  _ZTSN10__cxxabiv119__pointer_type_infoE           
00001490  _ZTSN10__cxxabiv120__si_class_type_infoE          
00001468  _ZTSN10__cxxabiv123__fundamental_type_infoE       
0000164b  _ZTSPKe                                           
000015d0  _ZTSSt9type_info                                  
0000151d  _ZTSe                                             
00001540  _ZTV3LED                                          
00001558  _ZTV4Task                                         
00001590  _ZTVN10__cxxabiv117__class_type_infoE             
000015a0  _ZTVN10__cxxabiv119__pointer_type_infoE           
000015b0  _ZTVN10__cxxabiv120__si_class_type_infoE          
000015c0  _ZTVN10__cxxabiv123__fundamental_type_infoE       
0000139f  _ZdlPv                                            
20010000  __STACK_END                                       
00000200  __STACK_SIZE                                      
00000800  __SYSMEM_SIZE                                     
00001698  __TI_CINIT_Base                                   
000016a8  __TI_CINIT_Limit                                  
00001684  __TI_Handler_Table_Base                           
00001690  __TI_Handler_Table_Limit                          
00000d21  __TI_auto_init                                    
20006c00  __TI_cleanup_ptr                                  
00000d91  __TI_decompress_lzss                              
0000134d  __TI_decompress_none                              
20006c04  __TI_dtors_ptr                                    
20006c08  __TI_enable_exit_profile_output                   
ffffffff  __TI_pprof_out_hndl                               
ffffffff  __TI_prof_data_size                               
ffffffff  __TI_prof_data_start                              
00000000  __TI_static_base__                                
00001375  __TI_zero_init                                    
00000c31  __aeabi_memclr                                    
00000c31  __aeabi_memclr4                                   
00000c31  __aeabi_memclr8                                   
00000a01  __aeabi_memcpy                                    
00000a01  __aeabi_memcpy4                                   
00000a01  __aeabi_memcpy8                                   
00000c33  __aeabi_memset                                    
00000c33  __aeabi_memset4                                   
00000c33  __aeabi_memset8                                   
ffffffff  __binit__                                         
ffffffff  __c_args__                                        
00001113  __mpu_init                                        
2000fe00  __stack                                           
00001369  __sti___8_main_cpp_f05601ac                       
000012d1  _args_main                                        
00000ea5  _c_int00                                          
20006c24  _lock                                             
00001337  _nop                                              
0000132f  _register_lock                                    
00001329  _register_unlock                                  
200063f0  _sys_memory                                       
0000122b  _system_post_cinit                                
000013b5  _system_pre_init                                  
20006c28  _unlock                                           
00000efd  abort                                             
ffffffff  binit                                             
00000485  calloc                                            
00000f99  copy_in                                           
00000f05  exit                                              
000001cf  free                                              
20000000  g_MainScheduler                                   
200063b0  g_sContext                                        
20006bf0  g_sCrystalfontz128x128                            
00001520  g_sCrystalfontz128x128_funcs                      
200063d8  g_sLand                                           
200063e0  g_sSky                                            
200063cc  i_iDataADC                                        
00000000  interruptVectors                                  
00000cad  main                                              
20006c2c  main_func_sp                                      
00000165  malloc                                            
00000399  memalign                                          
00000a01  memcpy                                            
00000c39  memset                                            
000000e5  minit                                             
20006c20  pDataADC                                          
00000291  realloc                                           


GLOBAL SYMBOLS: SORTED BY Symbol Address 

address   name                                              
-------   ----                                              
00000000  __TI_static_base__                                
00000000  interruptVectors                                  
000000e5  minit                                             
00000165  malloc                                            
000001cf  free                                              
00000200  __STACK_SIZE                                      
00000291  realloc                                           
00000399  memalign                                          
00000485  calloc                                            
0000070d  _Z8SetupADCv                                      
000007d9  _Z8SetupLCDv                                      
00000800  __SYSMEM_SIZE                                     
0000089d  _ZSt21__gen_dummy_typeinfosv                      
000008a5  _ZNSt9type_infoD1Ev                               
000008a5  _ZNSt9type_infoD2Ev                               
000008a7  _ZNSt9type_infoD0Ev                               
000008af  _ZNKSt9type_info4nameEv                           
000008b3  _ZNKSt9type_infoneERKS_                           
000008c9  _ZNKSt9type_infoeqERKS_                           
000008df  _ZNKSt9type_info6beforeERKS_                      
000008ed  _ZN10__cxxabiv129__pointer_to_member_type_infoD1Ev
000008ed  _ZN10__cxxabiv129__pointer_to_member_type_infoD2Ev
000008ef  _ZN10__cxxabiv129__pointer_to_member_type_infoD0Ev
000008f7  _ZN10__cxxabiv123__fundamental_type_infoD1Ev      
000008f7  _ZN10__cxxabiv123__fundamental_type_infoD2Ev      
000008f9  _ZN10__cxxabiv123__fundamental_type_infoD0Ev      
00000901  _ZN10__cxxabiv121__vmi_class_type_infoD1Ev        
00000901  _ZN10__cxxabiv121__vmi_class_type_infoD2Ev        
00000903  _ZN10__cxxabiv121__vmi_class_type_infoD0Ev        
0000090b  _ZN10__cxxabiv120__si_class_type_infoD1Ev         
0000090b  _ZN10__cxxabiv120__si_class_type_infoD2Ev         
0000090d  _ZN10__cxxabiv120__si_class_type_infoD0Ev         
00000915  _ZN10__cxxabiv120__function_type_infoD1Ev         
00000915  _ZN10__cxxabiv120__function_type_infoD2Ev         
00000917  _ZN10__cxxabiv120__function_type_infoD0Ev         
0000091f  _ZN10__cxxabiv119__pointer_type_infoD1Ev          
0000091f  _ZN10__cxxabiv119__pointer_type_infoD2Ev          
00000921  _ZN10__cxxabiv119__pointer_type_infoD0Ev          
00000929  _ZN10__cxxabiv117__pbase_type_infoD1Ev            
00000929  _ZN10__cxxabiv117__pbase_type_infoD2Ev            
0000092b  _ZN10__cxxabiv117__pbase_type_infoD0Ev            
00000933  _ZN10__cxxabiv117__class_type_infoD1Ev            
00000933  _ZN10__cxxabiv117__class_type_infoD2Ev            
00000935  _ZN10__cxxabiv117__class_type_infoD0Ev            
0000093d  _ZN10__cxxabiv117__array_type_infoD1Ev            
0000093d  _ZN10__cxxabiv117__array_type_infoD2Ev            
0000093f  _ZN10__cxxabiv117__array_type_infoD0Ev            
00000947  _ZN10__cxxabiv116__enum_type_infoD1Ev             
00000947  _ZN10__cxxabiv116__enum_type_infoD2Ev             
00000949  _ZN10__cxxabiv116__enum_type_infoD0Ev             
00000959  SystemInit                                        
00000a01  __aeabi_memcpy                                    
00000a01  __aeabi_memcpy4                                   
00000a01  __aeabi_memcpy8                                   
00000a01  memcpy                                            
00000a9d  _ZN9Scheduler21CalculateNextScheduleEv            
00000b31  Crystalfontz128x128_SetDrawFrame                  
00000bb5  _ZN9Scheduler13GetMessageSchEv                    
00000c31  __aeabi_memclr                                    
00000c31  __aeabi_memclr4                                   
00000c31  __aeabi_memclr8                                   
00000c33  __aeabi_memset                                    
00000c33  __aeabi_memset4                                   
00000c33  __aeabi_memset8                                   
00000c39  memset                                            
00000cab  AES256_IRQHandler                                 
00000cab  BusFault_Handler                                  
00000cab  COMP_E0_IRQHandler                                
00000cab  COMP_E1_IRQHandler                                
00000cab  CS_IRQHandler                                     
00000cab  DMA_ERR_IRQHandler                                
00000cab  DMA_INT0_IRQHandler                               
00000cab  DMA_INT1_IRQHandler                               
00000cab  DMA_INT2_IRQHandler                               
00000cab  DMA_INT3_IRQHandler                               
00000cab  DebugMon_Handler                                  
00000cab  Default_Handler                                   
00000cab  EUSCIA0_IRQHandler                                
00000cab  EUSCIA1_IRQHandler                                
00000cab  EUSCIA2_IRQHandler                                
00000cab  EUSCIA3_IRQHandler                                
00000cab  EUSCIB0_IRQHandler                                
00000cab  EUSCIB1_IRQHandler                                
00000cab  EUSCIB2_IRQHandler                                
00000cab  EUSCIB3_IRQHandler                                
00000cab  FLCTL_IRQHandler                                  
00000cab  FPU_IRQHandler                                    
00000cab  HardFault_Handler                                 
00000cab  MemManage_Handler                                 
00000cab  NMI_Handler                                       
00000cab  PCM_IRQHandler                                    
00000cab  PORT1_IRQHandler                                  
00000cab  PORT2_IRQHandler                                  
00000cab  PORT3_IRQHandler                                  
00000cab  PORT4_IRQHandler                                  
00000cab  PORT5_IRQHandler                                  
00000cab  PORT6_IRQHandler                                  
00000cab  PSS_IRQHandler                                    
00000cab  PendSV_Handler                                    
00000cab  RTC_C_IRQHandler                                  
00000cab  SVC_Handler                                       
00000cab  SysTick_Handler                                   
00000cab  T32_INT2_IRQHandler                               
00000cab  T32_INTC_IRQHandler                               
00000cab  TA0_0_IRQHandler                                  
00000cab  TA0_N_IRQHandler                                  
00000cab  TA1_0_IRQHandler                                  
00000cab  TA1_N_IRQHandler                                  
00000cab  TA2_0_IRQHandler                                  
00000cab  TA2_N_IRQHandler                                  
00000cab  TA3_0_IRQHandler                                  
00000cab  TA3_N_IRQHandler                                  
00000cab  UsageFault_Handler                                
00000cab  WDT_A_IRQHandler                                  
00000cad  main                                              
00000d21  __TI_auto_init                                    
00000d91  __TI_decompress_lzss                              
00000e4f  _ZN4Task11SendMessageEv                           
00000e51  _Z5Setupv                                         
00000ea5  _c_int00                                          
00000ef9  C$$EXIT                                           
00000efd  abort                                             
00000f05  exit                                              
00000f4d  ADC14_IRQHandler                                  
00000f4d  ADC14_IRQHandler                                  
00000f99  copy_in                                           
00000fe5  _ZN9SchedulerC1Ev                                 
00000fe5  _ZN9SchedulerC2Ev                                 
00001061  _ZN9Scheduler10GetMessageE3SMS                    
0000109d  _ZN9Scheduler6ClearQEv                            
00001113  __mpu_init                                        
00001115  T32_INT1_IRQHandler                               
00001115  T32_INT1_IRQHandler                               
00001149  HAL_LCD_writeCommand                              
0000119d  _ZN9Scheduler17ClearNextScheduleEv                
000011c3  _ZN9Scheduler3runEv                               
000011e9  Graphics_initContext                              
0000122b  _system_post_cinit                                
0000122d  _ZN3LEDC1Ethby                                    
0000122d  _ZN3LEDC2Ethby                                    
0000124d  _ZN9Scheduler5setupEv                             
0000126d  _ZN3LED5setupEv                                   
00001289  ADC14_getResult                                   
000012a1  GPIO_setOutputLowOnPin                            
000012b9  HAL_LCD_writeData                                 
000012d1  _args_main                                        
00001301  GPIO_setOutputHighOnPin                           
00001315  _ZN3LED3runEv                                     
00001329  _register_unlock                                  
0000132f  _register_lock                                    
00001337  _nop                                              
0000133d  _ZN4TaskC1Ev                                      
0000133d  _ZN4TaskC2Ev                                      
0000134d  __TI_decompress_none                              
0000135b  Reset_Handler                                     
00001369  __sti___8_main_cpp_f05601ac                       
00001375  __TI_zero_init                                    
00001381  Graphics_clearDisplay                             
0000138b  Graphics_clearDisplayOnDisplay                    
00001395  Graphics_fillRectangleOnDisplay                   
0000139f  _ZdlPv                                            
000013a7  _ZN4Task10GetMessageE3SMS                         
000013ad  _ZN4Task3runEv                                    
000013b1  _ZN4Task5setupEv                                  
000013b5  _system_pre_init                                  
00001468  _ZTSN10__cxxabiv123__fundamental_type_infoE       
00001490  _ZTSN10__cxxabiv120__si_class_type_infoE          
000014b5  _ZTSN10__cxxabiv119__pointer_type_infoE           
000014d9  _ZTSN10__cxxabiv117__class_type_infoE             
000014fb  _ZTSN10__cxxabiv117__pbase_type_infoE             
0000151d  _ZTSe                                             
00001520  g_sCrystalfontz128x128_funcs                      
00001540  _ZTV3LED                                          
00001558  _ZTV4Task                                         
00001580  _ZTIPKe                                           
00001590  _ZTVN10__cxxabiv117__class_type_infoE             
000015a0  _ZTVN10__cxxabiv119__pointer_type_infoE           
000015b0  _ZTVN10__cxxabiv120__si_class_type_infoE          
000015c0  _ZTVN10__cxxabiv123__fundamental_type_infoE       
000015d0  _ZTSSt9type_info                                  
000015e0  _ZTI3LED                                          
000015ec  _ZTIN10__cxxabiv117__class_type_infoE             
000015f8  _ZTIN10__cxxabiv117__pbase_type_infoE             
00001604  _ZTIN10__cxxabiv119__pointer_type_infoE           
00001610  _ZTIN10__cxxabiv120__si_class_type_infoE          
0000161c  _ZTIN10__cxxabiv123__fundamental_type_infoE       
00001628  _ZTI4Task                                         
00001630  _ZTISt9type_info                                  
00001638  _ZTIe                                             
00001640  _ZTS4Task                                         
00001646  _ZTS3LED                                          
0000164b  _ZTSPKe                                           
00001650  SHT$$INIT_ARRAY$$Base                             
00001654  SHT$$INIT_ARRAY$$Limit                            
00001684  __TI_Handler_Table_Base                           
00001690  __TI_Handler_Table_Limit                          
00001698  __TI_CINIT_Base                                   
000016a8  __TI_CINIT_Limit                                  
20000000  g_MainScheduler                                   
200063b0  g_sContext                                        
200063cc  i_iDataADC                                        
200063d8  g_sLand                                           
200063e0  g_sSky                                            
200063e8  _ZSt16__dummy_typeinfo                            
200063ec  Lcd_Orientation                                   
200063f0  _sys_memory                                       
20006bf0  g_sCrystalfontz128x128                            
20006c00  __TI_cleanup_ptr                                  
20006c04  __TI_dtors_ptr                                    
20006c08  __TI_enable_exit_profile_output                   
20006c20  pDataADC                                          
20006c24  _lock                                             
20006c28  _unlock                                           
20006c2c  main_func_sp                                      
2000fe00  __stack                                           
20010000  __STACK_END                                       
4000480c  WDTCTL_SYM                                        
ffffffff  __TI_pprof_out_hndl                               
ffffffff  __TI_prof_data_size                               
ffffffff  __TI_prof_data_start                              
ffffffff  __binit__                                         
ffffffff  __c_args__                                        
ffffffff  binit                                             
UNDEFED   _Z24Crystalfontz128x128_Initv                     
UNDEFED   _Z34Crystalfontz128x128_SetOrientationh           

[225 symbols]
