Archive member included to satisfy reference by file (symbol)

C:/ti/simplelink_msp432p4_sdk_1_50_00_12/source/ti/devices/msp432p4xx/driverlib/gcc\msp432p4xx_driverlib.a(gpio_MSP432P4XX.obj)
                              ./main.o (GPIO_setAsOutputPin)
C:/ti/simplelink_msp432p4_sdk_1_50_00_12/source/ti/devices/msp432p4xx/driverlib/gcc\msp432p4xx_driverlib.a(interrupt_MSP432P4XX.obj)
                              ./main.o (Interrupt_enableMaster)
C:/ti/simplelink_msp432p4_sdk_1_50_00_12/source/ti/devices/msp432p4xx/driverlib/gcc\msp432p4xx_driverlib.a(pcm_MSP432P4XX.obj)
                              ./main.o (PCM_gotoLPM3)
C:/ti/simplelink_msp432p4_sdk_1_50_00_12/source/ti/devices/msp432p4xx/driverlib/gcc\msp432p4xx_driverlib.a(rtc_c_MSP432P4XX.obj)
                              C:/ti/simplelink_msp432p4_sdk_1_50_00_12/source/ti/devices/msp432p4xx/driverlib/gcc\msp432p4xx_driverlib.a(pcm_MSP432P4XX.obj) (RTC_C_holdClock)
C:/ti/simplelink_msp432p4_sdk_1_50_00_12/source/ti/devices/msp432p4xx/driverlib/gcc\msp432p4xx_driverlib.a(sysctl_MSP432P4XX.obj)
                              ./main.o (SysCtl_enableSRAMBankRetention)
C:/ti/simplelink_msp432p4_sdk_1_50_00_12/source/ti/devices/msp432p4xx/driverlib/gcc\msp432p4xx_driverlib.a(wdt_a_MSP432P4XX.obj)
                              ./main.o (WDT_A_holdTimer)
C:/ti/simplelink_msp432p4_sdk_1_50_00_12/source/ti/devices/msp432p4xx/driverlib/gcc\msp432p4xx_driverlib.a(cpu_MSP432P4XX.obj)
                              C:/ti/simplelink_msp432p4_sdk_1_50_00_12/source/ti/devices/msp432p4xx/driverlib/gcc\msp432p4xx_driverlib.a(interrupt_MSP432P4XX.obj) (CPU_cpsid)
C:/ti/simplelink_msp432p4_sdk_1_50_00_12/source/ti/devices/msp432p4xx/driverlib/gcc\msp432p4xx_driverlib.a(sysctl_a_MSP432P4XX.obj)
                              C:/ti/simplelink_msp432p4_sdk_1_50_00_12/source/ti/devices/msp432p4xx/driverlib/gcc\msp432p4xx_driverlib.a(wdt_a_MSP432P4XX.obj) (SysCtl_A_setWDTTimeoutResetType)
D:/Ale/U/Incrustados/CCS/ccsv7/tools/compiler/gcc-arm-none-eabi-6-2017-q1-update/arm-none-eabi/lib/thumb/v7e-m/fpv4-sp/hard\libc_nano.a(lib_a-exit.o)
                              d:/ale/u/incrustados/ccs/ccsv7/tools/compiler/gcc-arm-none-eabi-6-2017-q1-update/bin/../lib/gcc/arm-none-eabi/6.3.1/../../../../arm-none-eabi/lib/thumb/v7e-m/fpv4-sp/hard/crt0.o (exit)
D:/Ale/U/Incrustados/CCS/ccsv7/tools/compiler/gcc-arm-none-eabi-6-2017-q1-update/arm-none-eabi/lib/thumb/v7e-m/fpv4-sp/hard\libc_nano.a(lib_a-impure.o)
                              D:/Ale/U/Incrustados/CCS/ccsv7/tools/compiler/gcc-arm-none-eabi-6-2017-q1-update/arm-none-eabi/lib/thumb/v7e-m/fpv4-sp/hard\libc_nano.a(lib_a-exit.o) (_global_impure_ptr)
D:/Ale/U/Incrustados/CCS/ccsv7/tools/compiler/gcc-arm-none-eabi-6-2017-q1-update/arm-none-eabi/lib/thumb/v7e-m/fpv4-sp/hard\libc_nano.a(lib_a-init.o)
                              d:/ale/u/incrustados/ccs/ccsv7/tools/compiler/gcc-arm-none-eabi-6-2017-q1-update/bin/../lib/gcc/arm-none-eabi/6.3.1/../../../../arm-none-eabi/lib/thumb/v7e-m/fpv4-sp/hard/crt0.o (__libc_init_array)
D:/Ale/U/Incrustados/CCS/ccsv7/tools/compiler/gcc-arm-none-eabi-6-2017-q1-update/arm-none-eabi/lib/thumb/v7e-m/fpv4-sp/hard\libc_nano.a(lib_a-memset.o)
                              d:/ale/u/incrustados/ccs/ccsv7/tools/compiler/gcc-arm-none-eabi-6-2017-q1-update/bin/../lib/gcc/arm-none-eabi/6.3.1/../../../../arm-none-eabi/lib/thumb/v7e-m/fpv4-sp/hard/crt0.o (memset)
D:/Ale/U/Incrustados/CCS/ccsv7/tools/compiler/gcc-arm-none-eabi-6-2017-q1-update/arm-none-eabi/lib/thumb/v7e-m/fpv4-sp/hard\libnosys.a(_exit.o)
                              D:/Ale/U/Incrustados/CCS/ccsv7/tools/compiler/gcc-arm-none-eabi-6-2017-q1-update/arm-none-eabi/lib/thumb/v7e-m/fpv4-sp/hard\libc_nano.a(lib_a-exit.o) (_exit)

Discarded input sections

 .text.SystemCoreClockUpdate
                0x00000000      0x2f0 ./system_msp432p401r.o
 .rodata.GPIO_PORT_TO_INT
                0x00000000       0x1c C:/ti/simplelink_msp432p4_sdk_1_50_00_12/source/ti/devices/msp432p4xx/driverlib/gcc\msp432p4xx_driverlib.a(gpio_MSP432P4XX.obj)
 .text.GPIO_setAsInputPin
                0x00000000       0x94 C:/ti/simplelink_msp432p4_sdk_1_50_00_12/source/ti/devices/msp432p4xx/driverlib/gcc\msp432p4xx_driverlib.a(gpio_MSP432P4XX.obj)
 .text.GPIO_setAsPeripheralModuleFunctionOutputPin
                0x00000000       0xec C:/ti/simplelink_msp432p4_sdk_1_50_00_12/source/ti/devices/msp432p4xx/driverlib/gcc\msp432p4xx_driverlib.a(gpio_MSP432P4XX.obj)
 .text.GPIO_setAsPeripheralModuleFunctionInputPin
                0x00000000       0xf0 C:/ti/simplelink_msp432p4_sdk_1_50_00_12/source/ti/devices/msp432p4xx/driverlib/gcc\msp432p4xx_driverlib.a(gpio_MSP432P4XX.obj)
 .text.GPIO_setOutputHighOnPin
                0x00000000       0x3c C:/ti/simplelink_msp432p4_sdk_1_50_00_12/source/ti/devices/msp432p4xx/driverlib/gcc\msp432p4xx_driverlib.a(gpio_MSP432P4XX.obj)
 .text.GPIO_setOutputLowOnPin
                0x00000000       0x40 C:/ti/simplelink_msp432p4_sdk_1_50_00_12/source/ti/devices/msp432p4xx/driverlib/gcc\msp432p4xx_driverlib.a(gpio_MSP432P4XX.obj)
 .text.GPIO_setAsInputPinWithPullDownResistor
                0x00000000       0xac C:/ti/simplelink_msp432p4_sdk_1_50_00_12/source/ti/devices/msp432p4xx/driverlib/gcc\msp432p4xx_driverlib.a(gpio_MSP432P4XX.obj)
 .text.GPIO_getInputPinValue
                0x00000000       0x40 C:/ti/simplelink_msp432p4_sdk_1_50_00_12/source/ti/devices/msp432p4xx/driverlib/gcc\msp432p4xx_driverlib.a(gpio_MSP432P4XX.obj)
 .text.GPIO_disableInterrupt
                0x00000000       0x40 C:/ti/simplelink_msp432p4_sdk_1_50_00_12/source/ti/devices/msp432p4xx/driverlib/gcc\msp432p4xx_driverlib.a(gpio_MSP432P4XX.obj)
 .text.GPIO_interruptEdgeSelect
                0x00000000       0x64 C:/ti/simplelink_msp432p4_sdk_1_50_00_12/source/ti/devices/msp432p4xx/driverlib/gcc\msp432p4xx_driverlib.a(gpio_MSP432P4XX.obj)
 .text.GPIO_setDriveStrengthHigh
                0x00000000       0x3c C:/ti/simplelink_msp432p4_sdk_1_50_00_12/source/ti/devices/msp432p4xx/driverlib/gcc\msp432p4xx_driverlib.a(gpio_MSP432P4XX.obj)
 .text.GPIO_setDriveStrengthLow
                0x00000000       0x40 C:/ti/simplelink_msp432p4_sdk_1_50_00_12/source/ti/devices/msp432p4xx/driverlib/gcc\msp432p4xx_driverlib.a(gpio_MSP432P4XX.obj)
 .text.GPIO_registerInterrupt
                0x00000000       0x30 C:/ti/simplelink_msp432p4_sdk_1_50_00_12/source/ti/devices/msp432p4xx/driverlib/gcc\msp432p4xx_driverlib.a(gpio_MSP432P4XX.obj)
 .text.GPIO_unregisterInterrupt
                0x00000000       0x2c C:/ti/simplelink_msp432p4_sdk_1_50_00_12/source/ti/devices/msp432p4xx/driverlib/gcc\msp432p4xx_driverlib.a(gpio_MSP432P4XX.obj)
 .rodata.g_pulPriority
                0x00000000       0x20 C:/ti/simplelink_msp432p4_sdk_1_50_00_12/source/ti/devices/msp432p4xx/driverlib/gcc\msp432p4xx_driverlib.a(interrupt_MSP432P4XX.obj)
 .rodata.g_pulRegs
                0x00000000       0x50 C:/ti/simplelink_msp432p4_sdk_1_50_00_12/source/ti/devices/msp432p4xx/driverlib/gcc\msp432p4xx_driverlib.a(interrupt_MSP432P4XX.obj)
 .rodata.g_pulDisRegs
                0x00000000        0x8 C:/ti/simplelink_msp432p4_sdk_1_50_00_12/source/ti/devices/msp432p4xx/driverlib/gcc\msp432p4xx_driverlib.a(interrupt_MSP432P4XX.obj)
 .rodata.g_pulPendRegs
                0x00000000        0x8 C:/ti/simplelink_msp432p4_sdk_1_50_00_12/source/ti/devices/msp432p4xx/driverlib/gcc\msp432p4xx_driverlib.a(interrupt_MSP432P4XX.obj)
 .rodata.g_pulUnpendRegs
                0x00000000        0x8 C:/ti/simplelink_msp432p4_sdk_1_50_00_12/source/ti/devices/msp432p4xx/driverlib/gcc\msp432p4xx_driverlib.a(interrupt_MSP432P4XX.obj)
 .text.IntDefaultHandler
                0x00000000        0x6 C:/ti/simplelink_msp432p4_sdk_1_50_00_12/source/ti/devices/msp432p4xx/driverlib/gcc\msp432p4xx_driverlib.a(interrupt_MSP432P4XX.obj)
 vtable         0x00000000       0xe8 C:/ti/simplelink_msp432p4_sdk_1_50_00_12/source/ti/devices/msp432p4xx/driverlib/gcc\msp432p4xx_driverlib.a(interrupt_MSP432P4XX.obj)
 .text.Interrupt_disableMaster
                0x00000000       0x18 C:/ti/simplelink_msp432p4_sdk_1_50_00_12/source/ti/devices/msp432p4xx/driverlib/gcc\msp432p4xx_driverlib.a(interrupt_MSP432P4XX.obj)
 .text.Interrupt_registerInterrupt
                0x00000000       0x64 C:/ti/simplelink_msp432p4_sdk_1_50_00_12/source/ti/devices/msp432p4xx/driverlib/gcc\msp432p4xx_driverlib.a(interrupt_MSP432P4XX.obj)
 .text.Interrupt_unregisterInterrupt
                0x00000000       0x28 C:/ti/simplelink_msp432p4_sdk_1_50_00_12/source/ti/devices/msp432p4xx/driverlib/gcc\msp432p4xx_driverlib.a(interrupt_MSP432P4XX.obj)
 .text.Interrupt_setPriorityGrouping
                0x00000000       0x30 C:/ti/simplelink_msp432p4_sdk_1_50_00_12/source/ti/devices/msp432p4xx/driverlib/gcc\msp432p4xx_driverlib.a(interrupt_MSP432P4XX.obj)
 .text.Interrupt_getPriorityGrouping
                0x00000000       0x4c C:/ti/simplelink_msp432p4_sdk_1_50_00_12/source/ti/devices/msp432p4xx/driverlib/gcc\msp432p4xx_driverlib.a(interrupt_MSP432P4XX.obj)
 .text.Interrupt_setPriority
                0x00000000       0x68 C:/ti/simplelink_msp432p4_sdk_1_50_00_12/source/ti/devices/msp432p4xx/driverlib/gcc\msp432p4xx_driverlib.a(interrupt_MSP432P4XX.obj)
 .text.Interrupt_getPriority
                0x00000000       0x34 C:/ti/simplelink_msp432p4_sdk_1_50_00_12/source/ti/devices/msp432p4xx/driverlib/gcc\msp432p4xx_driverlib.a(interrupt_MSP432P4XX.obj)
 .text.Interrupt_disableInterrupt
                0x00000000       0x94 C:/ti/simplelink_msp432p4_sdk_1_50_00_12/source/ti/devices/msp432p4xx/driverlib/gcc\msp432p4xx_driverlib.a(interrupt_MSP432P4XX.obj)
 .text.Interrupt_isEnabled
                0x00000000       0xa0 C:/ti/simplelink_msp432p4_sdk_1_50_00_12/source/ti/devices/msp432p4xx/driverlib/gcc\msp432p4xx_driverlib.a(interrupt_MSP432P4XX.obj)
 .text.Interrupt_pendInterrupt
                0x00000000       0x7c C:/ti/simplelink_msp432p4_sdk_1_50_00_12/source/ti/devices/msp432p4xx/driverlib/gcc\msp432p4xx_driverlib.a(interrupt_MSP432P4XX.obj)
 .text.Interrupt_unpendInterrupt
                0x00000000       0x68 C:/ti/simplelink_msp432p4_sdk_1_50_00_12/source/ti/devices/msp432p4xx/driverlib/gcc\msp432p4xx_driverlib.a(interrupt_MSP432P4XX.obj)
 .text.Interrupt_setPriorityMask
                0x00000000       0x1a C:/ti/simplelink_msp432p4_sdk_1_50_00_12/source/ti/devices/msp432p4xx/driverlib/gcc\msp432p4xx_driverlib.a(interrupt_MSP432P4XX.obj)
 .text.Interrupt_getPriorityMask
                0x00000000       0x10 C:/ti/simplelink_msp432p4_sdk_1_50_00_12/source/ti/devices/msp432p4xx/driverlib/gcc\msp432p4xx_driverlib.a(interrupt_MSP432P4XX.obj)
 .text.Interrupt_setVectorTableAddress
                0x00000000       0x20 C:/ti/simplelink_msp432p4_sdk_1_50_00_12/source/ti/devices/msp432p4xx/driverlib/gcc\msp432p4xx_driverlib.a(interrupt_MSP432P4XX.obj)
 .text.Interrupt_getVectorTableAddress
                0x00000000       0x18 C:/ti/simplelink_msp432p4_sdk_1_50_00_12/source/ti/devices/msp432p4xx/driverlib/gcc\msp432p4xx_driverlib.a(interrupt_MSP432P4XX.obj)
 .text.Interrupt_enableSleepOnIsrExit
                0x00000000       0x20 C:/ti/simplelink_msp432p4_sdk_1_50_00_12/source/ti/devices/msp432p4xx/driverlib/gcc\msp432p4xx_driverlib.a(interrupt_MSP432P4XX.obj)
 .text.Interrupt_disableSleepOnIsrExit
                0x00000000       0x20 C:/ti/simplelink_msp432p4_sdk_1_50_00_12/source/ti/devices/msp432p4xx/driverlib/gcc\msp432p4xx_driverlib.a(interrupt_MSP432P4XX.obj)
 .text.PCM_setCoreVoltageLevel
                0x00000000       0x1c C:/ti/simplelink_msp432p4_sdk_1_50_00_12/source/ti/devices/msp432p4xx/driverlib/gcc\msp432p4xx_driverlib.a(pcm_MSP432P4XX.obj)
 .text.PCM_setCoreVoltageLevelWithTimeout
                0x00000000       0x1e C:/ti/simplelink_msp432p4_sdk_1_50_00_12/source/ti/devices/msp432p4xx/driverlib/gcc\msp432p4xx_driverlib.a(pcm_MSP432P4XX.obj)
 .text.PCM_setCoreVoltageLevelNonBlocking
                0x00000000       0x1c C:/ti/simplelink_msp432p4_sdk_1_50_00_12/source/ti/devices/msp432p4xx/driverlib/gcc\msp432p4xx_driverlib.a(pcm_MSP432P4XX.obj)
 .text.PCM_setPowerModeNonBlocking
                0x00000000       0x1c C:/ti/simplelink_msp432p4_sdk_1_50_00_12/source/ti/devices/msp432p4xx/driverlib/gcc\msp432p4xx_driverlib.a(pcm_MSP432P4XX.obj)
 .text.PCM_setPowerModeWithTimeout
                0x00000000       0x1e C:/ti/simplelink_msp432p4_sdk_1_50_00_12/source/ti/devices/msp432p4xx/driverlib/gcc\msp432p4xx_driverlib.a(pcm_MSP432P4XX.obj)
 .text.PCM_setPowerStateWithTimeout
                0x00000000       0x1e C:/ti/simplelink_msp432p4_sdk_1_50_00_12/source/ti/devices/msp432p4xx/driverlib/gcc\msp432p4xx_driverlib.a(pcm_MSP432P4XX.obj)
 .text.PCM_setPowerStateNonBlocking
                0x00000000       0x1c C:/ti/simplelink_msp432p4_sdk_1_50_00_12/source/ti/devices/msp432p4xx/driverlib/gcc\msp432p4xx_driverlib.a(pcm_MSP432P4XX.obj)
 .text.PCM_gotoLPM4InterruptSafe
                0x00000000       0x24 C:/ti/simplelink_msp432p4_sdk_1_50_00_12/source/ti/devices/msp432p4xx/driverlib/gcc\msp432p4xx_driverlib.a(pcm_MSP432P4XX.obj)
 .text.PCM_gotoLPM0InterruptSafe
                0x00000000       0x24 C:/ti/simplelink_msp432p4_sdk_1_50_00_12/source/ti/devices/msp432p4xx/driverlib/gcc\msp432p4xx_driverlib.a(pcm_MSP432P4XX.obj)
 .text.PCM_gotoLPM3InterruptSafe
                0x00000000       0x24 C:/ti/simplelink_msp432p4_sdk_1_50_00_12/source/ti/devices/msp432p4xx/driverlib/gcc\msp432p4xx_driverlib.a(pcm_MSP432P4XX.obj)
 .text.PCM_enableRudeMode
                0x00000000       0x24 C:/ti/simplelink_msp432p4_sdk_1_50_00_12/source/ti/devices/msp432p4xx/driverlib/gcc\msp432p4xx_driverlib.a(pcm_MSP432P4XX.obj)
 .text.PCM_disableRudeMode
                0x00000000       0x28 C:/ti/simplelink_msp432p4_sdk_1_50_00_12/source/ti/devices/msp432p4xx/driverlib/gcc\msp432p4xx_driverlib.a(pcm_MSP432P4XX.obj)
 .text.PCM_enableInterrupt
                0x00000000       0x24 C:/ti/simplelink_msp432p4_sdk_1_50_00_12/source/ti/devices/msp432p4xx/driverlib/gcc\msp432p4xx_driverlib.a(pcm_MSP432P4XX.obj)
 .text.PCM_disableInterrupt
                0x00000000       0x28 C:/ti/simplelink_msp432p4_sdk_1_50_00_12/source/ti/devices/msp432p4xx/driverlib/gcc\msp432p4xx_driverlib.a(pcm_MSP432P4XX.obj)
 .text.PCM_getInterruptStatus
                0x00000000       0x18 C:/ti/simplelink_msp432p4_sdk_1_50_00_12/source/ti/devices/msp432p4xx/driverlib/gcc\msp432p4xx_driverlib.a(pcm_MSP432P4XX.obj)
 .text.PCM_getEnabledInterruptStatus
                0x00000000       0x18 C:/ti/simplelink_msp432p4_sdk_1_50_00_12/source/ti/devices/msp432p4xx/driverlib/gcc\msp432p4xx_driverlib.a(pcm_MSP432P4XX.obj)
 .text.PCM_clearInterruptFlag
                0x00000000       0x24 C:/ti/simplelink_msp432p4_sdk_1_50_00_12/source/ti/devices/msp432p4xx/driverlib/gcc\msp432p4xx_driverlib.a(pcm_MSP432P4XX.obj)
 .text.PCM_registerInterrupt
                0x00000000       0x1e C:/ti/simplelink_msp432p4_sdk_1_50_00_12/source/ti/devices/msp432p4xx/driverlib/gcc\msp432p4xx_driverlib.a(pcm_MSP432P4XX.obj)
 .text.PCM_unregisterInterrupt
                0x00000000       0x14 C:/ti/simplelink_msp432p4_sdk_1_50_00_12/source/ti/devices/msp432p4xx/driverlib/gcc\msp432p4xx_driverlib.a(pcm_MSP432P4XX.obj)
 .text.RTC_C_startClock
                0x00000000       0x44 C:/ti/simplelink_msp432p4_sdk_1_50_00_12/source/ti/devices/msp432p4xx/driverlib/gcc\msp432p4xx_driverlib.a(rtc_c_MSP432P4XX.obj)
 .text.RTC_C_setCalibrationFrequency
                0x00000000       0x58 C:/ti/simplelink_msp432p4_sdk_1_50_00_12/source/ti/devices/msp432p4xx/driverlib/gcc\msp432p4xx_driverlib.a(rtc_c_MSP432P4XX.obj)
 .text.RTC_C_setCalibrationData
                0x00000000       0x50 C:/ti/simplelink_msp432p4_sdk_1_50_00_12/source/ti/devices/msp432p4xx/driverlib/gcc\msp432p4xx_driverlib.a(rtc_c_MSP432P4XX.obj)
 .text.RTC_C_setTemperatureCompensation
                0x00000000       0x50 C:/ti/simplelink_msp432p4_sdk_1_50_00_12/source/ti/devices/msp432p4xx/driverlib/gcc\msp432p4xx_driverlib.a(rtc_c_MSP432P4XX.obj)
 .text.RTC_C_initCalendar
                0x00000000       0xb4 C:/ti/simplelink_msp432p4_sdk_1_50_00_12/source/ti/devices/msp432p4xx/driverlib/gcc\msp432p4xx_driverlib.a(rtc_c_MSP432P4XX.obj)
 .text.RTC_C_getCalendarTime
                0x00000000       0x90 C:/ti/simplelink_msp432p4_sdk_1_50_00_12/source/ti/devices/msp432p4xx/driverlib/gcc\msp432p4xx_driverlib.a(rtc_c_MSP432P4XX.obj)
 .text.RTC_C_setCalendarAlarm
                0x00000000       0x64 C:/ti/simplelink_msp432p4_sdk_1_50_00_12/source/ti/devices/msp432p4xx/driverlib/gcc\msp432p4xx_driverlib.a(rtc_c_MSP432P4XX.obj)
 .text.RTC_C_setCalendarEvent
                0x00000000       0x58 C:/ti/simplelink_msp432p4_sdk_1_50_00_12/source/ti/devices/msp432p4xx/driverlib/gcc\msp432p4xx_driverlib.a(rtc_c_MSP432P4XX.obj)
 .text.RTC_C_definePrescaleEvent
                0x00000000       0x70 C:/ti/simplelink_msp432p4_sdk_1_50_00_12/source/ti/devices/msp432p4xx/driverlib/gcc\msp432p4xx_driverlib.a(rtc_c_MSP432P4XX.obj)
 .text.RTC_C_getPrescaleValue
                0x00000000       0x3c C:/ti/simplelink_msp432p4_sdk_1_50_00_12/source/ti/devices/msp432p4xx/driverlib/gcc\msp432p4xx_driverlib.a(rtc_c_MSP432P4XX.obj)
 .text.RTC_C_setPrescaleValue
                0x00000000       0x80 C:/ti/simplelink_msp432p4_sdk_1_50_00_12/source/ti/devices/msp432p4xx/driverlib/gcc\msp432p4xx_driverlib.a(rtc_c_MSP432P4XX.obj)
 .text.RTC_C_convertBCDToBinary
                0x00000000       0x28 C:/ti/simplelink_msp432p4_sdk_1_50_00_12/source/ti/devices/msp432p4xx/driverlib/gcc\msp432p4xx_driverlib.a(rtc_c_MSP432P4XX.obj)
 .text.RTC_C_convertBinaryToBCD
                0x00000000       0x28 C:/ti/simplelink_msp432p4_sdk_1_50_00_12/source/ti/devices/msp432p4xx/driverlib/gcc\msp432p4xx_driverlib.a(rtc_c_MSP432P4XX.obj)
 .text.RTC_C_enableInterrupt
                0x00000000       0x80 C:/ti/simplelink_msp432p4_sdk_1_50_00_12/source/ti/devices/msp432p4xx/driverlib/gcc\msp432p4xx_driverlib.a(rtc_c_MSP432P4XX.obj)
 .text.RTC_C_disableInterrupt
                0x00000000       0x8c C:/ti/simplelink_msp432p4_sdk_1_50_00_12/source/ti/devices/msp432p4xx/driverlib/gcc\msp432p4xx_driverlib.a(rtc_c_MSP432P4XX.obj)
 .text.RTC_C_getInterruptStatus
                0x00000000       0x7c C:/ti/simplelink_msp432p4_sdk_1_50_00_12/source/ti/devices/msp432p4xx/driverlib/gcc\msp432p4xx_driverlib.a(rtc_c_MSP432P4XX.obj)
 .text.RTC_C_getEnabledInterruptStatus
                0x00000000       0x9c C:/ti/simplelink_msp432p4_sdk_1_50_00_12/source/ti/devices/msp432p4xx/driverlib/gcc\msp432p4xx_driverlib.a(rtc_c_MSP432P4XX.obj)
 .text.RTC_C_clearInterruptFlag
                0x00000000       0x7c C:/ti/simplelink_msp432p4_sdk_1_50_00_12/source/ti/devices/msp432p4xx/driverlib/gcc\msp432p4xx_driverlib.a(rtc_c_MSP432P4XX.obj)
 .text.RTC_C_registerInterrupt
                0x00000000       0x1e C:/ti/simplelink_msp432p4_sdk_1_50_00_12/source/ti/devices/msp432p4xx/driverlib/gcc\msp432p4xx_driverlib.a(rtc_c_MSP432P4XX.obj)
 .text.RTC_C_unregisterInterrupt
                0x00000000       0x14 C:/ti/simplelink_msp432p4_sdk_1_50_00_12/source/ti/devices/msp432p4xx/driverlib/gcc\msp432p4xx_driverlib.a(rtc_c_MSP432P4XX.obj)
 .text.SysCtl_getTLVInfo
                0x00000000       0x94 C:/ti/simplelink_msp432p4_sdk_1_50_00_12/source/ti/devices/msp432p4xx/driverlib/gcc\msp432p4xx_driverlib.a(sysctl_MSP432P4XX.obj)
 .text.SysCtl_getSRAMSize
                0x00000000       0x18 C:/ti/simplelink_msp432p4_sdk_1_50_00_12/source/ti/devices/msp432p4xx/driverlib/gcc\msp432p4xx_driverlib.a(sysctl_MSP432P4XX.obj)
 .text.SysCtl_getFlashSize
                0x00000000       0x18 C:/ti/simplelink_msp432p4_sdk_1_50_00_12/source/ti/devices/msp432p4xx/driverlib/gcc\msp432p4xx_driverlib.a(sysctl_MSP432P4XX.obj)
 .text.SysCtl_disableNMISource
                0x00000000       0x28 C:/ti/simplelink_msp432p4_sdk_1_50_00_12/source/ti/devices/msp432p4xx/driverlib/gcc\msp432p4xx_driverlib.a(sysctl_MSP432P4XX.obj)
 .text.SysCtl_enableNMISource
                0x00000000       0x24 C:/ti/simplelink_msp432p4_sdk_1_50_00_12/source/ti/devices/msp432p4xx/driverlib/gcc\msp432p4xx_driverlib.a(sysctl_MSP432P4XX.obj)
 .text.SysCtl_getNMISourceStatus
                0x00000000       0x1c C:/ti/simplelink_msp432p4_sdk_1_50_00_12/source/ti/devices/msp432p4xx/driverlib/gcc\msp432p4xx_driverlib.a(sysctl_MSP432P4XX.obj)
 .text.SysCtl_enableSRAMBank
                0x00000000       0x30 C:/ti/simplelink_msp432p4_sdk_1_50_00_12/source/ti/devices/msp432p4xx/driverlib/gcc\msp432p4xx_driverlib.a(sysctl_MSP432P4XX.obj)
 .text.SysCtl_disableSRAMBank
                0x00000000       0x80 C:/ti/simplelink_msp432p4_sdk_1_50_00_12/source/ti/devices/msp432p4xx/driverlib/gcc\msp432p4xx_driverlib.a(sysctl_MSP432P4XX.obj)
 .text.SysCtl_disableSRAMBankRetention
                0x00000000       0x34 C:/ti/simplelink_msp432p4_sdk_1_50_00_12/source/ti/devices/msp432p4xx/driverlib/gcc\msp432p4xx_driverlib.a(sysctl_MSP432P4XX.obj)
 .text.SysCtl_rebootDevice
                0x00000000       0x1c C:/ti/simplelink_msp432p4_sdk_1_50_00_12/source/ti/devices/msp432p4xx/driverlib/gcc\msp432p4xx_driverlib.a(sysctl_MSP432P4XX.obj)
 .text.SysCtl_enablePeripheralAtCPUHalt
                0x00000000       0x28 C:/ti/simplelink_msp432p4_sdk_1_50_00_12/source/ti/devices/msp432p4xx/driverlib/gcc\msp432p4xx_driverlib.a(sysctl_MSP432P4XX.obj)
 .text.SysCtl_disablePeripheralAtCPUHalt
                0x00000000       0x24 C:/ti/simplelink_msp432p4_sdk_1_50_00_12/source/ti/devices/msp432p4xx/driverlib/gcc\msp432p4xx_driverlib.a(sysctl_MSP432P4XX.obj)
 .text.SysCtl_setWDTTimeoutResetType
                0x00000000       0x38 C:/ti/simplelink_msp432p4_sdk_1_50_00_12/source/ti/devices/msp432p4xx/driverlib/gcc\msp432p4xx_driverlib.a(sysctl_MSP432P4XX.obj)
 .text.SysCtl_setWDTPasswordViolationResetType
                0x00000000       0x38 C:/ti/simplelink_msp432p4_sdk_1_50_00_12/source/ti/devices/msp432p4xx/driverlib/gcc\msp432p4xx_driverlib.a(sysctl_MSP432P4XX.obj)
 .text.SysCtl_enableGlitchFilter
                0x00000000       0x20 C:/ti/simplelink_msp432p4_sdk_1_50_00_12/source/ti/devices/msp432p4xx/driverlib/gcc\msp432p4xx_driverlib.a(sysctl_MSP432P4XX.obj)
 .text.SysCtl_disableGlitchFilter
                0x00000000       0x20 C:/ti/simplelink_msp432p4_sdk_1_50_00_12/source/ti/devices/msp432p4xx/driverlib/gcc\msp432p4xx_driverlib.a(sysctl_MSP432P4XX.obj)
 .text.SysCtl_getTempCalibrationConstant
                0x00000000       0x28 C:/ti/simplelink_msp432p4_sdk_1_50_00_12/source/ti/devices/msp432p4xx/driverlib/gcc\msp432p4xx_driverlib.a(sysctl_MSP432P4XX.obj)
 .text.WDT_A_startTimer
                0x00000000       0x34 C:/ti/simplelink_msp432p4_sdk_1_50_00_12/source/ti/devices/msp432p4xx/driverlib/gcc\msp432p4xx_driverlib.a(wdt_a_MSP432P4XX.obj)
 .text.WDT_A_clearTimer
                0x00000000       0x34 C:/ti/simplelink_msp432p4_sdk_1_50_00_12/source/ti/devices/msp432p4xx/driverlib/gcc\msp432p4xx_driverlib.a(wdt_a_MSP432P4XX.obj)
 .text.WDT_A_initWatchdogTimer
                0x00000000       0x34 C:/ti/simplelink_msp432p4_sdk_1_50_00_12/source/ti/devices/msp432p4xx/driverlib/gcc\msp432p4xx_driverlib.a(wdt_a_MSP432P4XX.obj)
 .text.WDT_A_initIntervalTimer
                0x00000000       0x34 C:/ti/simplelink_msp432p4_sdk_1_50_00_12/source/ti/devices/msp432p4xx/driverlib/gcc\msp432p4xx_driverlib.a(wdt_a_MSP432P4XX.obj)
 .text.WDT_A_setPasswordViolationReset
                0x00000000       0x16 C:/ti/simplelink_msp432p4_sdk_1_50_00_12/source/ti/devices/msp432p4xx/driverlib/gcc\msp432p4xx_driverlib.a(wdt_a_MSP432P4XX.obj)
 .text.WDT_A_setTimeoutReset
                0x00000000       0x16 C:/ti/simplelink_msp432p4_sdk_1_50_00_12/source/ti/devices/msp432p4xx/driverlib/gcc\msp432p4xx_driverlib.a(wdt_a_MSP432P4XX.obj)
 .text.WDT_A_registerInterrupt
                0x00000000       0x1e C:/ti/simplelink_msp432p4_sdk_1_50_00_12/source/ti/devices/msp432p4xx/driverlib/gcc\msp432p4xx_driverlib.a(wdt_a_MSP432P4XX.obj)
 .text.WDT_A_unregisterInterrupt
                0x00000000       0x14 C:/ti/simplelink_msp432p4_sdk_1_50_00_12/source/ti/devices/msp432p4xx/driverlib/gcc\msp432p4xx_driverlib.a(wdt_a_MSP432P4XX.obj)
 .text.CPU_cpsid
                0x00000000        0xe C:/ti/simplelink_msp432p4_sdk_1_50_00_12/source/ti/devices/msp432p4xx/driverlib/gcc\msp432p4xx_driverlib.a(cpu_MSP432P4XX.obj)
 .text.CPU_primask
                0x00000000        0xc C:/ti/simplelink_msp432p4_sdk_1_50_00_12/source/ti/devices/msp432p4xx/driverlib/gcc\msp432p4xx_driverlib.a(cpu_MSP432P4XX.obj)
 .text.CPU_basepriSet
                0x00000000        0x8 C:/ti/simplelink_msp432p4_sdk_1_50_00_12/source/ti/devices/msp432p4xx/driverlib/gcc\msp432p4xx_driverlib.a(cpu_MSP432P4XX.obj)
 .text.CPU_basepriGet
                0x00000000        0xc C:/ti/simplelink_msp432p4_sdk_1_50_00_12/source/ti/devices/msp432p4xx/driverlib/gcc\msp432p4xx_driverlib.a(cpu_MSP432P4XX.obj)
 .text.SysCtl_A_getTLVInfo
                0x00000000       0xa8 C:/ti/simplelink_msp432p4_sdk_1_50_00_12/source/ti/devices/msp432p4xx/driverlib/gcc\msp432p4xx_driverlib.a(sysctl_a_MSP432P4XX.obj)
 .text.SysCtl_A_getSRAMSize
                0x00000000       0x18 C:/ti/simplelink_msp432p4_sdk_1_50_00_12/source/ti/devices/msp432p4xx/driverlib/gcc\msp432p4xx_driverlib.a(sysctl_a_MSP432P4XX.obj)
 .text.SysCtl_A_getFlashSize
                0x00000000       0x18 C:/ti/simplelink_msp432p4_sdk_1_50_00_12/source/ti/devices/msp432p4xx/driverlib/gcc\msp432p4xx_driverlib.a(sysctl_a_MSP432P4XX.obj)
 .text.SysCtl_A_getInfoFlashSize
                0x00000000       0x18 C:/ti/simplelink_msp432p4_sdk_1_50_00_12/source/ti/devices/msp432p4xx/driverlib/gcc\msp432p4xx_driverlib.a(sysctl_a_MSP432P4XX.obj)
 .text.SysCtl_A_disableNMISource
                0x00000000       0x28 C:/ti/simplelink_msp432p4_sdk_1_50_00_12/source/ti/devices/msp432p4xx/driverlib/gcc\msp432p4xx_driverlib.a(sysctl_a_MSP432P4XX.obj)
 .text.SysCtl_A_enableNMISource
                0x00000000       0x24 C:/ti/simplelink_msp432p4_sdk_1_50_00_12/source/ti/devices/msp432p4xx/driverlib/gcc\msp432p4xx_driverlib.a(sysctl_a_MSP432P4XX.obj)
 .text.SysCtl_A_getNMISourceStatus
                0x00000000       0x1c C:/ti/simplelink_msp432p4_sdk_1_50_00_12/source/ti/devices/msp432p4xx/driverlib/gcc\msp432p4xx_driverlib.a(sysctl_a_MSP432P4XX.obj)
 .text.SysCtl_A_rebootDevice
                0x00000000       0x1c C:/ti/simplelink_msp432p4_sdk_1_50_00_12/source/ti/devices/msp432p4xx/driverlib/gcc\msp432p4xx_driverlib.a(sysctl_a_MSP432P4XX.obj)
 .text.SysCtl_A_enablePeripheralAtCPUHalt
                0x00000000       0x28 C:/ti/simplelink_msp432p4_sdk_1_50_00_12/source/ti/devices/msp432p4xx/driverlib/gcc\msp432p4xx_driverlib.a(sysctl_a_MSP432P4XX.obj)
 .text.SysCtl_A_disablePeripheralAtCPUHalt
                0x00000000       0x24 C:/ti/simplelink_msp432p4_sdk_1_50_00_12/source/ti/devices/msp432p4xx/driverlib/gcc\msp432p4xx_driverlib.a(sysctl_a_MSP432P4XX.obj)
 .text.SysCtl_A_setWDTTimeoutResetType
                0x00000000       0x38 C:/ti/simplelink_msp432p4_sdk_1_50_00_12/source/ti/devices/msp432p4xx/driverlib/gcc\msp432p4xx_driverlib.a(sysctl_a_MSP432P4XX.obj)
 .text.SysCtl_A_setWDTPasswordViolationResetType
                0x00000000       0x38 C:/ti/simplelink_msp432p4_sdk_1_50_00_12/source/ti/devices/msp432p4xx/driverlib/gcc\msp432p4xx_driverlib.a(sysctl_a_MSP432P4XX.obj)
 .text.SysCtl_A_enableGlitchFilter
                0x00000000       0x20 C:/ti/simplelink_msp432p4_sdk_1_50_00_12/source/ti/devices/msp432p4xx/driverlib/gcc\msp432p4xx_driverlib.a(sysctl_a_MSP432P4XX.obj)
 .text.SysCtl_A_disableGlitchFilter
                0x00000000       0x20 C:/ti/simplelink_msp432p4_sdk_1_50_00_12/source/ti/devices/msp432p4xx/driverlib/gcc\msp432p4xx_driverlib.a(sysctl_a_MSP432P4XX.obj)
 .text.SysCtl_A_getTempCalibrationConstant
                0x00000000       0x28 C:/ti/simplelink_msp432p4_sdk_1_50_00_12/source/ti/devices/msp432p4xx/driverlib/gcc\msp432p4xx_driverlib.a(sysctl_a_MSP432P4XX.obj)
 .text.SysCtl_A_enableSRAM
                0x00000000       0xac C:/ti/simplelink_msp432p4_sdk_1_50_00_12/source/ti/devices/msp432p4xx/driverlib/gcc\msp432p4xx_driverlib.a(sysctl_a_MSP432P4XX.obj)
 .text.SysCtl_A_disableSRAM
                0x00000000       0xbc C:/ti/simplelink_msp432p4_sdk_1_50_00_12/source/ti/devices/msp432p4xx/driverlib/gcc\msp432p4xx_driverlib.a(sysctl_a_MSP432P4XX.obj)
 .text.SysCtl_A_enableSRAMRetention
                0x00000000      0x254 C:/ti/simplelink_msp432p4_sdk_1_50_00_12/source/ti/devices/msp432p4xx/driverlib/gcc\msp432p4xx_driverlib.a(sysctl_a_MSP432P4XX.obj)
 .text.SysCtl_A_disableSRAMRetention
                0x00000000      0x240 C:/ti/simplelink_msp432p4_sdk_1_50_00_12/source/ti/devices/msp432p4xx/driverlib/gcc\msp432p4xx_driverlib.a(sysctl_a_MSP432P4XX.obj)
 .eh_frame      0x00000000        0x4 d:/ale/u/incrustados/ccs/ccsv7/tools/compiler/gcc-arm-none-eabi-6-2017-q1-update/bin/../lib/gcc/arm-none-eabi/6.3.1/thumb/v7e-m/fpv4-sp/hard/crtend.o
 .jcr           0x00000000        0x4 d:/ale/u/incrustados/ccs/ccsv7/tools/compiler/gcc-arm-none-eabi-6-2017-q1-update/bin/../lib/gcc/arm-none-eabi/6.3.1/thumb/v7e-m/fpv4-sp/hard/crtend.o

Memory Configuration

Name             Origin             Length             Attributes
MAIN_FLASH       0x00000000         0x00040000         xr
INFO_FLASH       0x00200000         0x00004000         xr
SRAM_CODE        0x01000000         0x00010000         xrw
SRAM_DATA        0x20000000         0x00010000         rw
*default*        0x00000000         0xffffffff

Linker script and memory map

LOAD d:/ale/u/incrustados/ccs/ccsv7/tools/compiler/gcc-arm-none-eabi-6-2017-q1-update/bin/../lib/gcc/arm-none-eabi/6.3.1/thumb/v7e-m/fpv4-sp/hard/crti.o
LOAD d:/ale/u/incrustados/ccs/ccsv7/tools/compiler/gcc-arm-none-eabi-6-2017-q1-update/bin/../lib/gcc/arm-none-eabi/6.3.1/thumb/v7e-m/fpv4-sp/hard/crtbegin.o
LOAD d:/ale/u/incrustados/ccs/ccsv7/tools/compiler/gcc-arm-none-eabi-6-2017-q1-update/bin/../lib/gcc/arm-none-eabi/6.3.1/../../../../arm-none-eabi/lib/thumb/v7e-m/fpv4-sp/hard/crt0.o
LOAD ./main.o
LOAD ./system_msp432p401r.o
LOAD ./gcc/startup_msp432p401r_gcc.o
                0x00000000                PROVIDE (_intvecs_base_address, DEFINED (_intvecs_base_address)?_intvecs_base_address:0x0)

.intvecs        0x00000000       0xe4
 *(.intvecs)
 .intvecs       0x00000000       0xe4 ./gcc/startup_msp432p401r_gcc.o
                0x00000000                interruptVectors
                0x00200000                PROVIDE (_mailbox_base_address, 0x200000)

.flashMailbox
 *(.flashMailbox)
                0x00201000                PROVIDE (_tlv_base_address, 0x201000)

.tlvTable
 *(.tlvTable)
                0x00202000                PROVIDE (_bsl_base_address, 0x202000)

.bslArea
 *(.bslArea)
                0x20000000                PROVIDE (_vtable_base_address, DEFINED (_vtable_base_address)?_vtable_base_address:0x20000000)

.vtable
 *(.vtable)

.text           0x000000e4      0xf94
 CREATE_OBJECT_SYMBOLS
 *(.text)
 .text          0x000000e4        0x0 d:/ale/u/incrustados/ccs/ccsv7/tools/compiler/gcc-arm-none-eabi-6-2017-q1-update/bin/../lib/gcc/arm-none-eabi/6.3.1/thumb/v7e-m/fpv4-sp/hard/crti.o
 .text          0x000000e4       0x6c d:/ale/u/incrustados/ccs/ccsv7/tools/compiler/gcc-arm-none-eabi-6-2017-q1-update/bin/../lib/gcc/arm-none-eabi/6.3.1/thumb/v7e-m/fpv4-sp/hard/crtbegin.o
 .text          0x00000150       0x74 d:/ale/u/incrustados/ccs/ccsv7/tools/compiler/gcc-arm-none-eabi-6-2017-q1-update/bin/../lib/gcc/arm-none-eabi/6.3.1/../../../../arm-none-eabi/lib/thumb/v7e-m/fpv4-sp/hard/crt0.o
                0x00000150                _start
                0x00000150                _mainCRTStartup
 .text          0x000001c4        0x0 ./main.o
 .text          0x000001c4        0x0 ./system_msp432p401r.o
 .text          0x000001c4        0x0 ./gcc/startup_msp432p401r_gcc.o
 .text          0x000001c4        0x0 C:/ti/simplelink_msp432p4_sdk_1_50_00_12/source/ti/devices/msp432p4xx/driverlib/gcc\msp432p4xx_driverlib.a(gpio_MSP432P4XX.obj)
 .text          0x000001c4        0x0 C:/ti/simplelink_msp432p4_sdk_1_50_00_12/source/ti/devices/msp432p4xx/driverlib/gcc\msp432p4xx_driverlib.a(interrupt_MSP432P4XX.obj)
 .text          0x000001c4        0x0 C:/ti/simplelink_msp432p4_sdk_1_50_00_12/source/ti/devices/msp432p4xx/driverlib/gcc\msp432p4xx_driverlib.a(pcm_MSP432P4XX.obj)
 .text          0x000001c4        0x0 C:/ti/simplelink_msp432p4_sdk_1_50_00_12/source/ti/devices/msp432p4xx/driverlib/gcc\msp432p4xx_driverlib.a(rtc_c_MSP432P4XX.obj)
 .text          0x000001c4        0x0 C:/ti/simplelink_msp432p4_sdk_1_50_00_12/source/ti/devices/msp432p4xx/driverlib/gcc\msp432p4xx_driverlib.a(sysctl_MSP432P4XX.obj)
 .text          0x000001c4        0x0 C:/ti/simplelink_msp432p4_sdk_1_50_00_12/source/ti/devices/msp432p4xx/driverlib/gcc\msp432p4xx_driverlib.a(wdt_a_MSP432P4XX.obj)
 .text          0x000001c4        0x0 C:/ti/simplelink_msp432p4_sdk_1_50_00_12/source/ti/devices/msp432p4xx/driverlib/gcc\msp432p4xx_driverlib.a(cpu_MSP432P4XX.obj)
 .text          0x000001c4        0x0 C:/ti/simplelink_msp432p4_sdk_1_50_00_12/source/ti/devices/msp432p4xx/driverlib/gcc\msp432p4xx_driverlib.a(sysctl_a_MSP432P4XX.obj)
 .text          0x000001c4        0x0 D:/Ale/U/Incrustados/CCS/ccsv7/tools/compiler/gcc-arm-none-eabi-6-2017-q1-update/arm-none-eabi/lib/thumb/v7e-m/fpv4-sp/hard\libc_nano.a(lib_a-exit.o)
 .text          0x000001c4        0x0 D:/Ale/U/Incrustados/CCS/ccsv7/tools/compiler/gcc-arm-none-eabi-6-2017-q1-update/arm-none-eabi/lib/thumb/v7e-m/fpv4-sp/hard\libc_nano.a(lib_a-impure.o)
 .text          0x000001c4        0x0 D:/Ale/U/Incrustados/CCS/ccsv7/tools/compiler/gcc-arm-none-eabi-6-2017-q1-update/arm-none-eabi/lib/thumb/v7e-m/fpv4-sp/hard\libc_nano.a(lib_a-init.o)
 .text          0x000001c4        0x0 D:/Ale/U/Incrustados/CCS/ccsv7/tools/compiler/gcc-arm-none-eabi-6-2017-q1-update/arm-none-eabi/lib/thumb/v7e-m/fpv4-sp/hard\libc_nano.a(lib_a-memset.o)
 .text          0x000001c4        0x0 D:/Ale/U/Incrustados/CCS/ccsv7/tools/compiler/gcc-arm-none-eabi-6-2017-q1-update/arm-none-eabi/lib/thumb/v7e-m/fpv4-sp/hard\libnosys.a(_exit.o)
 .text          0x000001c4        0x0 d:/ale/u/incrustados/ccs/ccsv7/tools/compiler/gcc-arm-none-eabi-6-2017-q1-update/bin/../lib/gcc/arm-none-eabi/6.3.1/thumb/v7e-m/fpv4-sp/hard/crtend.o
 .text          0x000001c4        0x0 d:/ale/u/incrustados/ccs/ccsv7/tools/compiler/gcc-arm-none-eabi-6-2017-q1-update/bin/../lib/gcc/arm-none-eabi/6.3.1/thumb/v7e-m/fpv4-sp/hard/crtn.o
 *(.text.*)
 .text.main     0x000001c4       0x40 ./main.o
                0x000001c4                main
 .text.PORT3_IRQHandler
                0x00000204       0x30 ./main.o
                0x00000204                PORT3_IRQHandler
 .text.SystemInit
                0x00000234       0x80 ./system_msp432p401r.o
                0x00000234                SystemInit
 .text.Reset_Handler
                0x000002b4       0x44 ./gcc/startup_msp432p401r_gcc.o
                0x000002b4                Reset_Handler
 .text.Default_Handler
                0x000002f8        0x6 ./gcc/startup_msp432p401r_gcc.o
                0x000002f8                CS_IRQHandler
                0x000002f8                DebugMon_Handler
                0x000002f8                AES256_IRQHandler
                0x000002f8                HardFault_Handler
                0x000002f8                SysTick_Handler
                0x000002f8                PendSV_Handler
                0x000002f8                NMI_Handler
                0x000002f8                RTC_C_IRQHandler
                0x000002f8                PORT1_IRQHandler
                0x000002f8                FPU_IRQHandler
                0x000002f8                PORT2_IRQHandler
                0x000002f8                TA3_0_IRQHandler
                0x000002f8                UsageFault_Handler
                0x000002f8                DMA_INT3_IRQHandler
                0x000002f8                TA2_0_IRQHandler
                0x000002f8                DMA_INT1_IRQHandler
                0x000002f8                WDT_A_IRQHandler
                0x000002f8                TA2_N_IRQHandler
                0x000002f8                TA1_0_IRQHandler
                0x000002f8                PSS_IRQHandler
                0x000002f8                DMA_INT2_IRQHandler
                0x000002f8                EUSCIA3_IRQHandler
                0x000002f8                DMA_INT0_IRQHandler
                0x000002f8                PORT4_IRQHandler
                0x000002f8                PORT5_IRQHandler
                0x000002f8                EUSCIB0_IRQHandler
                0x000002f8                Default_Handler
                0x000002f8                T32_INTC_IRQHandler
                0x000002f8                TA3_N_IRQHandler
                0x000002f8                TA0_0_IRQHandler
                0x000002f8                EUSCIA2_IRQHandler
                0x000002f8                PORT6_IRQHandler
                0x000002f8                MemManage_Handler
                0x000002f8                SVC_Handler
                0x000002f8                TA1_N_IRQHandler
                0x000002f8                EUSCIA1_IRQHandler
                0x000002f8                COMP_E1_IRQHandler
                0x000002f8                EUSCIB2_IRQHandler
                0x000002f8                FLCTL_IRQHandler
                0x000002f8                EUSCIB3_IRQHandler
                0x000002f8                T32_INT1_IRQHandler
                0x000002f8                DMA_ERR_IRQHandler
                0x000002f8                ADC14_IRQHandler
                0x000002f8                EUSCIA0_IRQHandler
                0x000002f8                BusFault_Handler
                0x000002f8                PCM_IRQHandler
                0x000002f8                TA0_N_IRQHandler
                0x000002f8                COMP_E0_IRQHandler
                0x000002f8                EUSCIB1_IRQHandler
                0x000002f8                T32_INT2_IRQHandler
 *fill*         0x000002fe        0x2 
 .text.GPIO_setAsOutputPin
                0x00000300       0x74 C:/ti/simplelink_msp432p4_sdk_1_50_00_12/source/ti/devices/msp432p4xx/driverlib/gcc\msp432p4xx_driverlib.a(gpio_MSP432P4XX.obj)
                0x00000300                GPIO_setAsOutputPin
 .text.GPIO_toggleOutputOnPin
                0x00000374       0x3c C:/ti/simplelink_msp432p4_sdk_1_50_00_12/source/ti/devices/msp432p4xx/driverlib/gcc\msp432p4xx_driverlib.a(gpio_MSP432P4XX.obj)
                0x00000374                GPIO_toggleOutputOnPin
 .text.GPIO_setAsInputPinWithPullUpResistor
                0x000003b0       0xa8 C:/ti/simplelink_msp432p4_sdk_1_50_00_12/source/ti/devices/msp432p4xx/driverlib/gcc\msp432p4xx_driverlib.a(gpio_MSP432P4XX.obj)
                0x000003b0                GPIO_setAsInputPinWithPullUpResistor
 .text.GPIO_enableInterrupt
                0x00000458       0x3c C:/ti/simplelink_msp432p4_sdk_1_50_00_12/source/ti/devices/msp432p4xx/driverlib/gcc\msp432p4xx_driverlib.a(gpio_MSP432P4XX.obj)
                0x00000458                GPIO_enableInterrupt
 .text.GPIO_getInterruptStatus
                0x00000494       0x34 C:/ti/simplelink_msp432p4_sdk_1_50_00_12/source/ti/devices/msp432p4xx/driverlib/gcc\msp432p4xx_driverlib.a(gpio_MSP432P4XX.obj)
                0x00000494                GPIO_getInterruptStatus
 .text.GPIO_clearInterruptFlag
                0x000004c8       0x40 C:/ti/simplelink_msp432p4_sdk_1_50_00_12/source/ti/devices/msp432p4xx/driverlib/gcc\msp432p4xx_driverlib.a(gpio_MSP432P4XX.obj)
                0x000004c8                GPIO_clearInterruptFlag
 .text.GPIO_getEnabledInterruptStatus
                0x00000508       0x98 C:/ti/simplelink_msp432p4_sdk_1_50_00_12/source/ti/devices/msp432p4xx/driverlib/gcc\msp432p4xx_driverlib.a(gpio_MSP432P4XX.obj)
                0x00000508                GPIO_getEnabledInterruptStatus
 .text.Interrupt_enableMaster
                0x000005a0       0x18 C:/ti/simplelink_msp432p4_sdk_1_50_00_12/source/ti/devices/msp432p4xx/driverlib/gcc\msp432p4xx_driverlib.a(interrupt_MSP432P4XX.obj)
                0x000005a0                Interrupt_enableMaster
 .text.Interrupt_enableInterrupt
                0x000005b8       0x94 C:/ti/simplelink_msp432p4_sdk_1_50_00_12/source/ti/devices/msp432p4xx/driverlib/gcc\msp432p4xx_driverlib.a(interrupt_MSP432P4XX.obj)
                0x000005b8                Interrupt_enableInterrupt
 .text.__PCM_setCoreVoltageLevelAdvanced
                0x0000064c      0x118 C:/ti/simplelink_msp432p4_sdk_1_50_00_12/source/ti/devices/msp432p4xx/driverlib/gcc\msp432p4xx_driverlib.a(pcm_MSP432P4XX.obj)
 .text.PCM_getPowerMode
                0x00000764       0x9c C:/ti/simplelink_msp432p4_sdk_1_50_00_12/source/ti/devices/msp432p4xx/driverlib/gcc\msp432p4xx_driverlib.a(pcm_MSP432P4XX.obj)
                0x00000764                PCM_getPowerMode
 .text.PCM_getCoreVoltageLevel
                0x00000800       0xb8 C:/ti/simplelink_msp432p4_sdk_1_50_00_12/source/ti/devices/msp432p4xx/driverlib/gcc\msp432p4xx_driverlib.a(pcm_MSP432P4XX.obj)
                0x00000800                PCM_getCoreVoltageLevel
 .text.__PCM_setPowerModeAdvanced
                0x000008b8      0x170 C:/ti/simplelink_msp432p4_sdk_1_50_00_12/source/ti/devices/msp432p4xx/driverlib/gcc\msp432p4xx_driverlib.a(pcm_MSP432P4XX.obj)
 .text.PCM_setPowerMode
                0x00000a28       0x1c C:/ti/simplelink_msp432p4_sdk_1_50_00_12/source/ti/devices/msp432p4xx/driverlib/gcc\msp432p4xx_driverlib.a(pcm_MSP432P4XX.obj)
                0x00000a28                PCM_setPowerMode
 .text.__PCM_setPowerStateAdvanced
                0x00000a44      0x34c C:/ti/simplelink_msp432p4_sdk_1_50_00_12/source/ti/devices/msp432p4xx/driverlib/gcc\msp432p4xx_driverlib.a(pcm_MSP432P4XX.obj)
 .text.PCM_setPowerState
                0x00000d90       0x1c C:/ti/simplelink_msp432p4_sdk_1_50_00_12/source/ti/devices/msp432p4xx/driverlib/gcc\msp432p4xx_driverlib.a(pcm_MSP432P4XX.obj)
                0x00000d90                PCM_setPowerState
 .text.PCM_shutdownDevice
                0x00000dac       0x64 C:/ti/simplelink_msp432p4_sdk_1_50_00_12/source/ti/devices/msp432p4xx/driverlib/gcc\msp432p4xx_driverlib.a(pcm_MSP432P4XX.obj)
                0x00000dac                PCM_shutdownDevice
 .text.PCM_gotoLPM4
                0x00000e10       0x16 C:/ti/simplelink_msp432p4_sdk_1_50_00_12/source/ti/devices/msp432p4xx/driverlib/gcc\msp432p4xx_driverlib.a(pcm_MSP432P4XX.obj)
                0x00000e10                PCM_gotoLPM4
 *fill*         0x00000e26        0x2 
 .text.PCM_gotoLPM0
                0x00000e28       0x30 C:/ti/simplelink_msp432p4_sdk_1_50_00_12/source/ti/devices/msp432p4xx/driverlib/gcc\msp432p4xx_driverlib.a(pcm_MSP432P4XX.obj)
                0x00000e28                PCM_gotoLPM0
 .text.PCM_gotoLPM3
                0x00000e58       0x9c C:/ti/simplelink_msp432p4_sdk_1_50_00_12/source/ti/devices/msp432p4xx/driverlib/gcc\msp432p4xx_driverlib.a(pcm_MSP432P4XX.obj)
                0x00000e58                PCM_gotoLPM3
 .text.PCM_getPowerState
                0x00000ef4       0x20 C:/ti/simplelink_msp432p4_sdk_1_50_00_12/source/ti/devices/msp432p4xx/driverlib/gcc\msp432p4xx_driverlib.a(pcm_MSP432P4XX.obj)
                0x00000ef4                PCM_getPowerState
 .text.RTC_C_holdClock
                0x00000f14       0x44 C:/ti/simplelink_msp432p4_sdk_1_50_00_12/source/ti/devices/msp432p4xx/driverlib/gcc\msp432p4xx_driverlib.a(rtc_c_MSP432P4XX.obj)
                0x00000f14                RTC_C_holdClock
 .text.SysCtl_enableSRAMBankRetention
                0x00000f58       0x34 C:/ti/simplelink_msp432p4_sdk_1_50_00_12/source/ti/devices/msp432p4xx/driverlib/gcc\msp432p4xx_driverlib.a(sysctl_MSP432P4XX.obj)
                0x00000f58                SysCtl_enableSRAMBankRetention
 .text.WDT_A_holdTimer
                0x00000f8c       0x34 C:/ti/simplelink_msp432p4_sdk_1_50_00_12/source/ti/devices/msp432p4xx/driverlib/gcc\msp432p4xx_driverlib.a(wdt_a_MSP432P4XX.obj)
                0x00000f8c                WDT_A_holdTimer
 .text.CPU_cpsie
                0x00000fc0        0xe C:/ti/simplelink_msp432p4_sdk_1_50_00_12/source/ti/devices/msp432p4xx/driverlib/gcc\msp432p4xx_driverlib.a(cpu_MSP432P4XX.obj)
                0x00000fc0                CPU_cpsie
 .text.CPU_wfi  0x00000fce        0x6 C:/ti/simplelink_msp432p4_sdk_1_50_00_12/source/ti/devices/msp432p4xx/driverlib/gcc\msp432p4xx_driverlib.a(cpu_MSP432P4XX.obj)
                0x00000fce                CPU_wfi
 .text.exit     0x00000fd4       0x28 D:/Ale/U/Incrustados/CCS/ccsv7/tools/compiler/gcc-arm-none-eabi-6-2017-q1-update/arm-none-eabi/lib/thumb/v7e-m/fpv4-sp/hard\libc_nano.a(lib_a-exit.o)
                0x00000fd4                exit
 .text.__libc_init_array
                0x00000ffc       0x48 D:/Ale/U/Incrustados/CCS/ccsv7/tools/compiler/gcc-arm-none-eabi-6-2017-q1-update/arm-none-eabi/lib/thumb/v7e-m/fpv4-sp/hard\libc_nano.a(lib_a-init.o)
                0x00000ffc                __libc_init_array
 .text.memset   0x00001044       0x10 D:/Ale/U/Incrustados/CCS/ccsv7/tools/compiler/gcc-arm-none-eabi-6-2017-q1-update/arm-none-eabi/lib/thumb/v7e-m/fpv4-sp/hard\libc_nano.a(lib_a-memset.o)
                0x00001044                memset
 .text._exit    0x00001054        0x4 D:/Ale/U/Incrustados/CCS/ccsv7/tools/compiler/gcc-arm-none-eabi-6-2017-q1-update/arm-none-eabi/lib/thumb/v7e-m/fpv4-sp/hard\libnosys.a(_exit.o)
                0x00001054                _exit
                0x00001058                . = ALIGN (0x4)
 *(.ctors)
                0x00001058                . = ALIGN (0x4)
 *(.dtors)
                0x00001058                . = ALIGN (0x4)
                0x00001058                __init_array_start = .
 *(.init_array*)
 .init_array    0x00001058        0x4 d:/ale/u/incrustados/ccs/ccsv7/tools/compiler/gcc-arm-none-eabi-6-2017-q1-update/bin/../lib/gcc/arm-none-eabi/6.3.1/thumb/v7e-m/fpv4-sp/hard/crtbegin.o
                0x0000105c                __init_array_end = .
 *(.init)
 .init          0x0000105c        0x4 d:/ale/u/incrustados/ccs/ccsv7/tools/compiler/gcc-arm-none-eabi-6-2017-q1-update/bin/../lib/gcc/arm-none-eabi/6.3.1/thumb/v7e-m/fpv4-sp/hard/crti.o
                0x0000105c                _init
 .init          0x00001060        0x8 d:/ale/u/incrustados/ccs/ccsv7/tools/compiler/gcc-arm-none-eabi-6-2017-q1-update/bin/../lib/gcc/arm-none-eabi/6.3.1/thumb/v7e-m/fpv4-sp/hard/crtn.o
 *(.fini*)
 .fini          0x00001068        0x4 d:/ale/u/incrustados/ccs/ccsv7/tools/compiler/gcc-arm-none-eabi-6-2017-q1-update/bin/../lib/gcc/arm-none-eabi/6.3.1/thumb/v7e-m/fpv4-sp/hard/crti.o
                0x00001068                _fini
 .fini_array    0x0000106c        0x4 d:/ale/u/incrustados/ccs/ccsv7/tools/compiler/gcc-arm-none-eabi-6-2017-q1-update/bin/../lib/gcc/arm-none-eabi/6.3.1/thumb/v7e-m/fpv4-sp/hard/crtbegin.o
 .fini          0x00001070        0x8 d:/ale/u/incrustados/ccs/ccsv7/tools/compiler/gcc-arm-none-eabi-6-2017-q1-update/bin/../lib/gcc/arm-none-eabi/6.3.1/thumb/v7e-m/fpv4-sp/hard/crtn.o

.glue_7         0x00001078        0x0
 .glue_7        0x00001078        0x0 linker stubs

.glue_7t        0x00001078        0x0
 .glue_7t       0x00001078        0x0 linker stubs

.vfp11_veneer   0x00001078        0x0
 .vfp11_veneer  0x00001078        0x0 linker stubs

.v4_bx          0x00001078        0x0
 .v4_bx         0x00001078        0x0 linker stubs

.iplt           0x00001078        0x0
 .iplt          0x00001078        0x0 d:/ale/u/incrustados/ccs/ccsv7/tools/compiler/gcc-arm-none-eabi-6-2017-q1-update/bin/../lib/gcc/arm-none-eabi/6.3.1/thumb/v7e-m/fpv4-sp/hard/crtbegin.o

.rodata         0x00001078       0x3c
 *(.rodata)
 *(.rodata.*)
 .rodata.GPIO_PORT_TO_BASE
                0x00001078       0x30 C:/ti/simplelink_msp432p4_sdk_1_50_00_12/source/ti/devices/msp432p4xx/driverlib/gcc\msp432p4xx_driverlib.a(gpio_MSP432P4XX.obj)
 .rodata.g_pulEnRegs
                0x000010a8        0x8 C:/ti/simplelink_msp432p4_sdk_1_50_00_12/source/ti/devices/msp432p4xx/driverlib/gcc\msp432p4xx_driverlib.a(interrupt_MSP432P4XX.obj)
 .rodata._global_impure_ptr
                0x000010b0        0x4 D:/Ale/U/Incrustados/CCS/ccsv7/tools/compiler/gcc-arm-none-eabi-6-2017-q1-update/arm-none-eabi/lib/thumb/v7e-m/fpv4-sp/hard\libc_nano.a(lib_a-impure.o)
                0x000010b0                _global_impure_ptr

.eh_frame       0x000010b4        0x0
 .eh_frame      0x000010b4        0x0 d:/ale/u/incrustados/ccs/ccsv7/tools/compiler/gcc-arm-none-eabi-6-2017-q1-update/bin/../lib/gcc/arm-none-eabi/6.3.1/thumb/v7e-m/fpv4-sp/hard/crtbegin.o

.ARM.exidx      0x000010b4        0x8
                0x000010b4                __exidx_start = .
 *(.ARM.exidx* .gnu.linkonce.armexidx.*)
 .ARM.exidx     0x000010b4        0x8 d:/ale/u/incrustados/ccs/ccsv7/tools/compiler/gcc-arm-none-eabi-6-2017-q1-update/bin/../lib/gcc/arm-none-eabi/6.3.1/../../../../arm-none-eabi/lib/thumb/v7e-m/fpv4-sp/hard/crt0.o
                0x000010bc                __exidx_end = .

.ARM.extab      0x000010bc        0x0
 *(.ARM.extab* .gnu.linkonce.armextab.*)
 .ARM.extab     0x000010bc        0x0 d:/ale/u/incrustados/ccs/ccsv7/tools/compiler/gcc-arm-none-eabi-6-2017-q1-update/bin/../lib/gcc/arm-none-eabi/6.3.1/../../../../arm-none-eabi/lib/thumb/v7e-m/fpv4-sp/hard/crt0.o
                0x000010bc                __etext = .

.rel.dyn        0x000010bc        0x0
 .rel.iplt      0x000010bc        0x0 d:/ale/u/incrustados/ccs/ccsv7/tools/compiler/gcc-arm-none-eabi-6-2017-q1-update/bin/../lib/gcc/arm-none-eabi/6.3.1/thumb/v7e-m/fpv4-sp/hard/crtbegin.o

.data           0x20000000       0x6c load address 0x000010bc
                0x000010bc                __data_load__ = LOADADDR (.data)
                0x20000000                __data_start__ = .
 *(.data)
 .data          0x20000000        0x0 d:/ale/u/incrustados/ccs/ccsv7/tools/compiler/gcc-arm-none-eabi-6-2017-q1-update/bin/../lib/gcc/arm-none-eabi/6.3.1/thumb/v7e-m/fpv4-sp/hard/crti.o
 .data          0x20000000        0x4 d:/ale/u/incrustados/ccs/ccsv7/tools/compiler/gcc-arm-none-eabi-6-2017-q1-update/bin/../lib/gcc/arm-none-eabi/6.3.1/thumb/v7e-m/fpv4-sp/hard/crtbegin.o
                0x20000000                __dso_handle
 .data          0x20000004        0x0 d:/ale/u/incrustados/ccs/ccsv7/tools/compiler/gcc-arm-none-eabi-6-2017-q1-update/bin/../lib/gcc/arm-none-eabi/6.3.1/../../../../arm-none-eabi/lib/thumb/v7e-m/fpv4-sp/hard/crt0.o
 .data          0x20000004        0x0 ./main.o
 .data          0x20000004        0x0 ./system_msp432p401r.o
 .data          0x20000004        0x0 ./gcc/startup_msp432p401r_gcc.o
 .data          0x20000004        0x0 C:/ti/simplelink_msp432p4_sdk_1_50_00_12/source/ti/devices/msp432p4xx/driverlib/gcc\msp432p4xx_driverlib.a(gpio_MSP432P4XX.obj)
 .data          0x20000004        0x0 C:/ti/simplelink_msp432p4_sdk_1_50_00_12/source/ti/devices/msp432p4xx/driverlib/gcc\msp432p4xx_driverlib.a(interrupt_MSP432P4XX.obj)
 .data          0x20000004        0x0 C:/ti/simplelink_msp432p4_sdk_1_50_00_12/source/ti/devices/msp432p4xx/driverlib/gcc\msp432p4xx_driverlib.a(pcm_MSP432P4XX.obj)
 .data          0x20000004        0x0 C:/ti/simplelink_msp432p4_sdk_1_50_00_12/source/ti/devices/msp432p4xx/driverlib/gcc\msp432p4xx_driverlib.a(rtc_c_MSP432P4XX.obj)
 .data          0x20000004        0x0 C:/ti/simplelink_msp432p4_sdk_1_50_00_12/source/ti/devices/msp432p4xx/driverlib/gcc\msp432p4xx_driverlib.a(sysctl_MSP432P4XX.obj)
 .data          0x20000004        0x0 C:/ti/simplelink_msp432p4_sdk_1_50_00_12/source/ti/devices/msp432p4xx/driverlib/gcc\msp432p4xx_driverlib.a(wdt_a_MSP432P4XX.obj)
 .data          0x20000004        0x0 C:/ti/simplelink_msp432p4_sdk_1_50_00_12/source/ti/devices/msp432p4xx/driverlib/gcc\msp432p4xx_driverlib.a(cpu_MSP432P4XX.obj)
 .data          0x20000004        0x0 C:/ti/simplelink_msp432p4_sdk_1_50_00_12/source/ti/devices/msp432p4xx/driverlib/gcc\msp432p4xx_driverlib.a(sysctl_a_MSP432P4XX.obj)
 .data          0x20000004        0x0 D:/Ale/U/Incrustados/CCS/ccsv7/tools/compiler/gcc-arm-none-eabi-6-2017-q1-update/arm-none-eabi/lib/thumb/v7e-m/fpv4-sp/hard\libc_nano.a(lib_a-exit.o)
 .data          0x20000004        0x0 D:/Ale/U/Incrustados/CCS/ccsv7/tools/compiler/gcc-arm-none-eabi-6-2017-q1-update/arm-none-eabi/lib/thumb/v7e-m/fpv4-sp/hard\libc_nano.a(lib_a-impure.o)
 .data          0x20000004        0x0 D:/Ale/U/Incrustados/CCS/ccsv7/tools/compiler/gcc-arm-none-eabi-6-2017-q1-update/arm-none-eabi/lib/thumb/v7e-m/fpv4-sp/hard\libc_nano.a(lib_a-init.o)
 .data          0x20000004        0x0 D:/Ale/U/Incrustados/CCS/ccsv7/tools/compiler/gcc-arm-none-eabi-6-2017-q1-update/arm-none-eabi/lib/thumb/v7e-m/fpv4-sp/hard\libc_nano.a(lib_a-memset.o)
 .data          0x20000004        0x0 D:/Ale/U/Incrustados/CCS/ccsv7/tools/compiler/gcc-arm-none-eabi-6-2017-q1-update/arm-none-eabi/lib/thumb/v7e-m/fpv4-sp/hard\libnosys.a(_exit.o)
 .data          0x20000004        0x0 d:/ale/u/incrustados/ccs/ccsv7/tools/compiler/gcc-arm-none-eabi-6-2017-q1-update/bin/../lib/gcc/arm-none-eabi/6.3.1/thumb/v7e-m/fpv4-sp/hard/crtend.o
 .data          0x20000004        0x0 d:/ale/u/incrustados/ccs/ccsv7/tools/compiler/gcc-arm-none-eabi-6-2017-q1-update/bin/../lib/gcc/arm-none-eabi/6.3.1/thumb/v7e-m/fpv4-sp/hard/crtn.o
 *(.data*)
 .data.SystemCoreClock
                0x20000004        0x4 ./system_msp432p401r.o
                0x20000004                SystemCoreClock
 .data._impure_ptr
                0x20000008        0x4 D:/Ale/U/Incrustados/CCS/ccsv7/tools/compiler/gcc-arm-none-eabi-6-2017-q1-update/arm-none-eabi/lib/thumb/v7e-m/fpv4-sp/hard\libc_nano.a(lib_a-impure.o)
                0x20000008                _impure_ptr
 .data.impure_data
                0x2000000c       0x60 D:/Ale/U/Incrustados/CCS/ccsv7/tools/compiler/gcc-arm-none-eabi-6-2017-q1-update/arm-none-eabi/lib/thumb/v7e-m/fpv4-sp/hard\libc_nano.a(lib_a-impure.o)
                0x2000006c                . = ALIGN (0x4)
                0x2000006c                __data_end__ = .

.jcr            0x2000006c        0x0 load address 0x00001128
 .jcr           0x2000006c        0x0 d:/ale/u/incrustados/ccs/ccsv7/tools/compiler/gcc-arm-none-eabi-6-2017-q1-update/bin/../lib/gcc/arm-none-eabi/6.3.1/thumb/v7e-m/fpv4-sp/hard/crtbegin.o

.igot.plt       0x2000006c        0x0 load address 0x00001128
 .igot.plt      0x2000006c        0x0 d:/ale/u/incrustados/ccs/ccsv7/tools/compiler/gcc-arm-none-eabi-6-2017-q1-update/bin/../lib/gcc/arm-none-eabi/6.3.1/thumb/v7e-m/fpv4-sp/hard/crtbegin.o

.bss            0x2000006c       0x1c
                0x2000006c                __bss_start__ = .
 *(.shbss)
 *(.bss)
 .bss           0x2000006c        0x0 d:/ale/u/incrustados/ccs/ccsv7/tools/compiler/gcc-arm-none-eabi-6-2017-q1-update/bin/../lib/gcc/arm-none-eabi/6.3.1/thumb/v7e-m/fpv4-sp/hard/crti.o
 .bss           0x2000006c       0x1c d:/ale/u/incrustados/ccs/ccsv7/tools/compiler/gcc-arm-none-eabi-6-2017-q1-update/bin/../lib/gcc/arm-none-eabi/6.3.1/thumb/v7e-m/fpv4-sp/hard/crtbegin.o
 .bss           0x20000088        0x0 d:/ale/u/incrustados/ccs/ccsv7/tools/compiler/gcc-arm-none-eabi-6-2017-q1-update/bin/../lib/gcc/arm-none-eabi/6.3.1/../../../../arm-none-eabi/lib/thumb/v7e-m/fpv4-sp/hard/crt0.o
 .bss           0x20000088        0x0 ./main.o
 .bss           0x20000088        0x0 ./system_msp432p401r.o
 .bss           0x20000088        0x0 ./gcc/startup_msp432p401r_gcc.o
 .bss           0x20000088        0x0 C:/ti/simplelink_msp432p4_sdk_1_50_00_12/source/ti/devices/msp432p4xx/driverlib/gcc\msp432p4xx_driverlib.a(gpio_MSP432P4XX.obj)
 .bss           0x20000088        0x0 C:/ti/simplelink_msp432p4_sdk_1_50_00_12/source/ti/devices/msp432p4xx/driverlib/gcc\msp432p4xx_driverlib.a(interrupt_MSP432P4XX.obj)
 .bss           0x20000088        0x0 C:/ti/simplelink_msp432p4_sdk_1_50_00_12/source/ti/devices/msp432p4xx/driverlib/gcc\msp432p4xx_driverlib.a(pcm_MSP432P4XX.obj)
 .bss           0x20000088        0x0 C:/ti/simplelink_msp432p4_sdk_1_50_00_12/source/ti/devices/msp432p4xx/driverlib/gcc\msp432p4xx_driverlib.a(rtc_c_MSP432P4XX.obj)
 .bss           0x20000088        0x0 C:/ti/simplelink_msp432p4_sdk_1_50_00_12/source/ti/devices/msp432p4xx/driverlib/gcc\msp432p4xx_driverlib.a(sysctl_MSP432P4XX.obj)
 .bss           0x20000088        0x0 C:/ti/simplelink_msp432p4_sdk_1_50_00_12/source/ti/devices/msp432p4xx/driverlib/gcc\msp432p4xx_driverlib.a(wdt_a_MSP432P4XX.obj)
 .bss           0x20000088        0x0 C:/ti/simplelink_msp432p4_sdk_1_50_00_12/source/ti/devices/msp432p4xx/driverlib/gcc\msp432p4xx_driverlib.a(cpu_MSP432P4XX.obj)
 .bss           0x20000088        0x0 C:/ti/simplelink_msp432p4_sdk_1_50_00_12/source/ti/devices/msp432p4xx/driverlib/gcc\msp432p4xx_driverlib.a(sysctl_a_MSP432P4XX.obj)
 .bss           0x20000088        0x0 D:/Ale/U/Incrustados/CCS/ccsv7/tools/compiler/gcc-arm-none-eabi-6-2017-q1-update/arm-none-eabi/lib/thumb/v7e-m/fpv4-sp/hard\libc_nano.a(lib_a-exit.o)
 .bss           0x20000088        0x0 D:/Ale/U/Incrustados/CCS/ccsv7/tools/compiler/gcc-arm-none-eabi-6-2017-q1-update/arm-none-eabi/lib/thumb/v7e-m/fpv4-sp/hard\libc_nano.a(lib_a-impure.o)
 .bss           0x20000088        0x0 D:/Ale/U/Incrustados/CCS/ccsv7/tools/compiler/gcc-arm-none-eabi-6-2017-q1-update/arm-none-eabi/lib/thumb/v7e-m/fpv4-sp/hard\libc_nano.a(lib_a-init.o)
 .bss           0x20000088        0x0 D:/Ale/U/Incrustados/CCS/ccsv7/tools/compiler/gcc-arm-none-eabi-6-2017-q1-update/arm-none-eabi/lib/thumb/v7e-m/fpv4-sp/hard\libc_nano.a(lib_a-memset.o)
 .bss           0x20000088        0x0 D:/Ale/U/Incrustados/CCS/ccsv7/tools/compiler/gcc-arm-none-eabi-6-2017-q1-update/arm-none-eabi/lib/thumb/v7e-m/fpv4-sp/hard\libnosys.a(_exit.o)
 .bss           0x20000088        0x0 d:/ale/u/incrustados/ccs/ccsv7/tools/compiler/gcc-arm-none-eabi-6-2017-q1-update/bin/../lib/gcc/arm-none-eabi/6.3.1/thumb/v7e-m/fpv4-sp/hard/crtend.o
 .bss           0x20000088        0x0 d:/ale/u/incrustados/ccs/ccsv7/tools/compiler/gcc-arm-none-eabi-6-2017-q1-update/bin/../lib/gcc/arm-none-eabi/6.3.1/thumb/v7e-m/fpv4-sp/hard/crtn.o
 *(.bss.*)
 *(COMMON)
                0x20000088                . = ALIGN (0x4)
                0x20000088                __bss_end__ = .

.heap           0x20000088        0x0
                0x20000088                __heap_start__ = .
                0x20000088                end = __heap_start__
                0x20000088                _end = end
                0x20000088                __end = end
 *(.heap)
                0x20000088                __heap_end__ = .
                0x20000088                __HeapLimit = __heap_end__

.stack          0x20000088        0x0
                0x20000088                _stack = .
 *(.stack)
                0x20010000                __StackTop = (ORIGIN (REGION_STACK) + LENGTH (REGION_STACK))
                0x20010000                PROVIDE (__stack, __StackTop)
START GROUP
LOAD C:/ti/simplelink_msp432p4_sdk_1_50_00_12/source/ti/display/lib\display.am4fg
LOAD C:/ti/simplelink_msp432p4_sdk_1_50_00_12/source/ti/drivers/lib\drivers_msp432p401x.am4fg
LOAD C:/ti/simplelink_msp432p4_sdk_1_50_00_12/source/third_party/fatfs/lib\fatfs.am4fg
LOAD C:/ti/simplelink_msp432p4_sdk_1_50_00_12/source/ti/devices/msp432p4xx/driverlib/gcc\msp432p4xx_driverlib.a
LOAD d:/ale/u/incrustados/ccs/ccsv7/tools/compiler/gcc-arm-none-eabi-6-2017-q1-update/bin/../lib/gcc/arm-none-eabi/6.3.1/thumb/v7e-m/fpv4-sp/hard\libgcc.a
LOAD D:/Ale/U/Incrustados/CCS/ccsv7/tools/compiler/gcc-arm-none-eabi-6-2017-q1-update/arm-none-eabi/lib/thumb/v7e-m/fpv4-sp/hard\libm.a
LOAD D:/Ale/U/Incrustados/CCS/ccsv7/tools/compiler/gcc-arm-none-eabi-6-2017-q1-update/arm-none-eabi/lib/thumb/v7e-m/fpv4-sp/hard\libnosys.a
LOAD D:/Ale/U/Incrustados/CCS/ccsv7/tools/compiler/gcc-arm-none-eabi-6-2017-q1-update/arm-none-eabi/lib/thumb/v7e-m/fpv4-sp/hard\libc_nano.a
END GROUP
START GROUP
LOAD d:/ale/u/incrustados/ccs/ccsv7/tools/compiler/gcc-arm-none-eabi-6-2017-q1-update/bin/../lib/gcc/arm-none-eabi/6.3.1/thumb/v7e-m/fpv4-sp/hard\libgcc.a
LOAD D:/Ale/U/Incrustados/CCS/ccsv7/tools/compiler/gcc-arm-none-eabi-6-2017-q1-update/arm-none-eabi/lib/thumb/v7e-m/fpv4-sp/hard\libg_nano.a
LOAD D:/Ale/U/Incrustados/CCS/ccsv7/tools/compiler/gcc-arm-none-eabi-6-2017-q1-update/arm-none-eabi/lib/thumb/v7e-m/fpv4-sp/hard\libc_nano.a
END GROUP
START GROUP
LOAD d:/ale/u/incrustados/ccs/ccsv7/tools/compiler/gcc-arm-none-eabi-6-2017-q1-update/bin/../lib/gcc/arm-none-eabi/6.3.1/thumb/v7e-m/fpv4-sp/hard\libgcc.a
LOAD D:/Ale/U/Incrustados/CCS/ccsv7/tools/compiler/gcc-arm-none-eabi-6-2017-q1-update/arm-none-eabi/lib/thumb/v7e-m/fpv4-sp/hard\libc_nano.a
END GROUP
LOAD d:/ale/u/incrustados/ccs/ccsv7/tools/compiler/gcc-arm-none-eabi-6-2017-q1-update/bin/../lib/gcc/arm-none-eabi/6.3.1/thumb/v7e-m/fpv4-sp/hard/crtend.o
LOAD d:/ale/u/incrustados/ccs/ccsv7/tools/compiler/gcc-arm-none-eabi-6-2017-q1-update/bin/../lib/gcc/arm-none-eabi/6.3.1/thumb/v7e-m/fpv4-sp/hard/crtn.o
OUTPUT(empty_MSP_EXP432P401R_nortos_gcc.out elf32-littlearm)

.ARM.attributes
                0x00000000       0x30
 .ARM.attributes
                0x00000000       0x22 d:/ale/u/incrustados/ccs/ccsv7/tools/compiler/gcc-arm-none-eabi-6-2017-q1-update/bin/../lib/gcc/arm-none-eabi/6.3.1/thumb/v7e-m/fpv4-sp/hard/crti.o
 .ARM.attributes
                0x00000022       0x34 d:/ale/u/incrustados/ccs/ccsv7/tools/compiler/gcc-arm-none-eabi-6-2017-q1-update/bin/../lib/gcc/arm-none-eabi/6.3.1/thumb/v7e-m/fpv4-sp/hard/crtbegin.o
 .ARM.attributes
                0x00000056       0x20 d:/ale/u/incrustados/ccs/ccsv7/tools/compiler/gcc-arm-none-eabi-6-2017-q1-update/bin/../lib/gcc/arm-none-eabi/6.3.1/../../../../arm-none-eabi/lib/thumb/v7e-m/fpv4-sp/hard/crt0.o
 .ARM.attributes
                0x00000076       0x39 ./main.o
 .ARM.attributes
                0x000000af       0x39 ./system_msp432p401r.o
 .ARM.attributes
                0x000000e8       0x39 ./gcc/startup_msp432p401r_gcc.o
 .ARM.attributes
                0x00000121       0x39 C:/ti/simplelink_msp432p4_sdk_1_50_00_12/source/ti/devices/msp432p4xx/driverlib/gcc\msp432p4xx_driverlib.a(gpio_MSP432P4XX.obj)
 .ARM.attributes
                0x0000015a       0x39 C:/ti/simplelink_msp432p4_sdk_1_50_00_12/source/ti/devices/msp432p4xx/driverlib/gcc\msp432p4xx_driverlib.a(interrupt_MSP432P4XX.obj)
 .ARM.attributes
                0x00000193       0x39 C:/ti/simplelink_msp432p4_sdk_1_50_00_12/source/ti/devices/msp432p4xx/driverlib/gcc\msp432p4xx_driverlib.a(pcm_MSP432P4XX.obj)
 .ARM.attributes
                0x000001cc       0x39 C:/ti/simplelink_msp432p4_sdk_1_50_00_12/source/ti/devices/msp432p4xx/driverlib/gcc\msp432p4xx_driverlib.a(rtc_c_MSP432P4XX.obj)
 .ARM.attributes
                0x00000205       0x39 C:/ti/simplelink_msp432p4_sdk_1_50_00_12/source/ti/devices/msp432p4xx/driverlib/gcc\msp432p4xx_driverlib.a(sysctl_MSP432P4XX.obj)
 .ARM.attributes
                0x0000023e       0x39 C:/ti/simplelink_msp432p4_sdk_1_50_00_12/source/ti/devices/msp432p4xx/driverlib/gcc\msp432p4xx_driverlib.a(wdt_a_MSP432P4XX.obj)
 .ARM.attributes
                0x00000277       0x39 C:/ti/simplelink_msp432p4_sdk_1_50_00_12/source/ti/devices/msp432p4xx/driverlib/gcc\msp432p4xx_driverlib.a(cpu_MSP432P4XX.obj)
 .ARM.attributes
                0x000002b0       0x39 C:/ti/simplelink_msp432p4_sdk_1_50_00_12/source/ti/devices/msp432p4xx/driverlib/gcc\msp432p4xx_driverlib.a(sysctl_a_MSP432P4XX.obj)
 .ARM.attributes
                0x000002e9       0x34 D:/Ale/U/Incrustados/CCS/ccsv7/tools/compiler/gcc-arm-none-eabi-6-2017-q1-update/arm-none-eabi/lib/thumb/v7e-m/fpv4-sp/hard\libc_nano.a(lib_a-exit.o)
 .ARM.attributes
                0x0000031d       0x34 D:/Ale/U/Incrustados/CCS/ccsv7/tools/compiler/gcc-arm-none-eabi-6-2017-q1-update/arm-none-eabi/lib/thumb/v7e-m/fpv4-sp/hard\libc_nano.a(lib_a-impure.o)
 .ARM.attributes
                0x00000351       0x34 D:/Ale/U/Incrustados/CCS/ccsv7/tools/compiler/gcc-arm-none-eabi-6-2017-q1-update/arm-none-eabi/lib/thumb/v7e-m/fpv4-sp/hard\libc_nano.a(lib_a-init.o)
 .ARM.attributes
                0x00000385       0x34 D:/Ale/U/Incrustados/CCS/ccsv7/tools/compiler/gcc-arm-none-eabi-6-2017-q1-update/arm-none-eabi/lib/thumb/v7e-m/fpv4-sp/hard\libc_nano.a(lib_a-memset.o)
 .ARM.attributes
                0x000003b9       0x34 D:/Ale/U/Incrustados/CCS/ccsv7/tools/compiler/gcc-arm-none-eabi-6-2017-q1-update/arm-none-eabi/lib/thumb/v7e-m/fpv4-sp/hard\libnosys.a(_exit.o)
 .ARM.attributes
                0x000003ed       0x34 d:/ale/u/incrustados/ccs/ccsv7/tools/compiler/gcc-arm-none-eabi-6-2017-q1-update/bin/../lib/gcc/arm-none-eabi/6.3.1/thumb/v7e-m/fpv4-sp/hard/crtend.o
 .ARM.attributes
                0x00000421       0x22 d:/ale/u/incrustados/ccs/ccsv7/tools/compiler/gcc-arm-none-eabi-6-2017-q1-update/bin/../lib/gcc/arm-none-eabi/6.3.1/thumb/v7e-m/fpv4-sp/hard/crtn.o

.comment        0x00000000       0x7f
 .comment       0x00000000       0x7f ./main.o
                                 0x80 (size before relaxing)
 .comment       0x0000007f       0x80 ./system_msp432p401r.o
 .comment       0x0000007f       0x80 ./gcc/startup_msp432p401r_gcc.o
 .comment       0x0000007f       0x80 C:/ti/simplelink_msp432p4_sdk_1_50_00_12/source/ti/devices/msp432p4xx/driverlib/gcc\msp432p4xx_driverlib.a(gpio_MSP432P4XX.obj)
 .comment       0x0000007f       0x80 C:/ti/simplelink_msp432p4_sdk_1_50_00_12/source/ti/devices/msp432p4xx/driverlib/gcc\msp432p4xx_driverlib.a(interrupt_MSP432P4XX.obj)
 .comment       0x0000007f       0x80 C:/ti/simplelink_msp432p4_sdk_1_50_00_12/source/ti/devices/msp432p4xx/driverlib/gcc\msp432p4xx_driverlib.a(pcm_MSP432P4XX.obj)
 .comment       0x0000007f       0x80 C:/ti/simplelink_msp432p4_sdk_1_50_00_12/source/ti/devices/msp432p4xx/driverlib/gcc\msp432p4xx_driverlib.a(rtc_c_MSP432P4XX.obj)
 .comment       0x0000007f       0x80 C:/ti/simplelink_msp432p4_sdk_1_50_00_12/source/ti/devices/msp432p4xx/driverlib/gcc\msp432p4xx_driverlib.a(sysctl_MSP432P4XX.obj)
 .comment       0x0000007f       0x80 C:/ti/simplelink_msp432p4_sdk_1_50_00_12/source/ti/devices/msp432p4xx/driverlib/gcc\msp432p4xx_driverlib.a(wdt_a_MSP432P4XX.obj)
 .comment       0x0000007f       0x80 C:/ti/simplelink_msp432p4_sdk_1_50_00_12/source/ti/devices/msp432p4xx/driverlib/gcc\msp432p4xx_driverlib.a(cpu_MSP432P4XX.obj)
 .comment       0x0000007f       0x80 C:/ti/simplelink_msp432p4_sdk_1_50_00_12/source/ti/devices/msp432p4xx/driverlib/gcc\msp432p4xx_driverlib.a(sysctl_a_MSP432P4XX.obj)

.debug_info     0x00000000     0x3cd7
 .debug_info    0x00000000      0x10f ./main.o
 .debug_info    0x0000010f      0xd1b ./system_msp432p401r.o
 .debug_info    0x00000e2a      0x149 ./gcc/startup_msp432p401r_gcc.o
 .debug_info    0x00000f73      0xa54 C:/ti/simplelink_msp432p4_sdk_1_50_00_12/source/ti/devices/msp432p4xx/driverlib/gcc\msp432p4xx_driverlib.a(gpio_MSP432P4XX.obj)
 .debug_info    0x000019c7      0x67f C:/ti/simplelink_msp432p4_sdk_1_50_00_12/source/ti/devices/msp432p4xx/driverlib/gcc\msp432p4xx_driverlib.a(interrupt_MSP432P4XX.obj)
 .debug_info    0x00002046      0x850 C:/ti/simplelink_msp432p4_sdk_1_50_00_12/source/ti/devices/msp432p4xx/driverlib/gcc\msp432p4xx_driverlib.a(pcm_MSP432P4XX.obj)
 .debug_info    0x00002896      0x5dc C:/ti/simplelink_msp432p4_sdk_1_50_00_12/source/ti/devices/msp432p4xx/driverlib/gcc\msp432p4xx_driverlib.a(rtc_c_MSP432P4XX.obj)
 .debug_info    0x00002e72      0x45b C:/ti/simplelink_msp432p4_sdk_1_50_00_12/source/ti/devices/msp432p4xx/driverlib/gcc\msp432p4xx_driverlib.a(sysctl_MSP432P4XX.obj)
 .debug_info    0x000032cd      0x287 C:/ti/simplelink_msp432p4_sdk_1_50_00_12/source/ti/devices/msp432p4xx/driverlib/gcc\msp432p4xx_driverlib.a(wdt_a_MSP432P4XX.obj)
 .debug_info    0x00003554      0x18c C:/ti/simplelink_msp432p4_sdk_1_50_00_12/source/ti/devices/msp432p4xx/driverlib/gcc\msp432p4xx_driverlib.a(cpu_MSP432P4XX.obj)
 .debug_info    0x000036e0      0x5f7 C:/ti/simplelink_msp432p4_sdk_1_50_00_12/source/ti/devices/msp432p4xx/driverlib/gcc\msp432p4xx_driverlib.a(sysctl_a_MSP432P4XX.obj)

.debug_abbrev   0x00000000      0xe17
 .debug_abbrev  0x00000000       0xac ./main.o
 .debug_abbrev  0x000000ac      0x115 ./system_msp432p401r.o
 .debug_abbrev  0x000001c1       0xbd ./gcc/startup_msp432p401r_gcc.o
 .debug_abbrev  0x0000027e      0x1a9 C:/ti/simplelink_msp432p4_sdk_1_50_00_12/source/ti/devices/msp432p4xx/driverlib/gcc\msp432p4xx_driverlib.a(gpio_MSP432P4XX.obj)
 .debug_abbrev  0x00000427      0x1b3 C:/ti/simplelink_msp432p4_sdk_1_50_00_12/source/ti/devices/msp432p4xx/driverlib/gcc\msp432p4xx_driverlib.a(interrupt_MSP432P4XX.obj)
 .debug_abbrev  0x000005da      0x1b5 C:/ti/simplelink_msp432p4_sdk_1_50_00_12/source/ti/devices/msp432p4xx/driverlib/gcc\msp432p4xx_driverlib.a(pcm_MSP432P4XX.obj)
 .debug_abbrev  0x0000078f      0x193 C:/ti/simplelink_msp432p4_sdk_1_50_00_12/source/ti/devices/msp432p4xx/driverlib/gcc\msp432p4xx_driverlib.a(rtc_c_MSP432P4XX.obj)
 .debug_abbrev  0x00000922      0x16f C:/ti/simplelink_msp432p4_sdk_1_50_00_12/source/ti/devices/msp432p4xx/driverlib/gcc\msp432p4xx_driverlib.a(sysctl_MSP432P4XX.obj)
 .debug_abbrev  0x00000a91      0x119 C:/ti/simplelink_msp432p4_sdk_1_50_00_12/source/ti/devices/msp432p4xx/driverlib/gcc\msp432p4xx_driverlib.a(wdt_a_MSP432P4XX.obj)
 .debug_abbrev  0x00000baa      0x102 C:/ti/simplelink_msp432p4_sdk_1_50_00_12/source/ti/devices/msp432p4xx/driverlib/gcc\msp432p4xx_driverlib.a(cpu_MSP432P4XX.obj)
 .debug_abbrev  0x00000cac      0x16b C:/ti/simplelink_msp432p4_sdk_1_50_00_12/source/ti/devices/msp432p4xx/driverlib/gcc\msp432p4xx_driverlib.a(sysctl_a_MSP432P4XX.obj)

.debug_aranges  0x00000000      0x5b8
 .debug_aranges
                0x00000000       0x28 ./main.o
 .debug_aranges
                0x00000028       0x28 ./system_msp432p401r.o
 .debug_aranges
                0x00000050       0x28 ./gcc/startup_msp432p401r_gcc.o
 .debug_aranges
                0x00000078       0xb8 C:/ti/simplelink_msp432p4_sdk_1_50_00_12/source/ti/devices/msp432p4xx/driverlib/gcc\msp432p4xx_driverlib.a(gpio_MSP432P4XX.obj)
 .debug_aranges
                0x00000130       0xb8 C:/ti/simplelink_msp432p4_sdk_1_50_00_12/source/ti/devices/msp432p4xx/driverlib/gcc\msp432p4xx_driverlib.a(interrupt_MSP432P4XX.obj)
 .debug_aranges
                0x000001e8      0x110 C:/ti/simplelink_msp432p4_sdk_1_50_00_12/source/ti/devices/msp432p4xx/driverlib/gcc\msp432p4xx_driverlib.a(pcm_MSP432P4XX.obj)
 .debug_aranges
                0x000002f8       0xc0 C:/ti/simplelink_msp432p4_sdk_1_50_00_12/source/ti/devices/msp432p4xx/driverlib/gcc\msp432p4xx_driverlib.a(rtc_c_MSP432P4XX.obj)
 .debug_aranges
                0x000003b8       0xa8 C:/ti/simplelink_msp432p4_sdk_1_50_00_12/source/ti/devices/msp432p4xx/driverlib/gcc\msp432p4xx_driverlib.a(sysctl_MSP432P4XX.obj)
 .debug_aranges
                0x00000460       0x60 C:/ti/simplelink_msp432p4_sdk_1_50_00_12/source/ti/devices/msp432p4xx/driverlib/gcc\msp432p4xx_driverlib.a(wdt_a_MSP432P4XX.obj)
 .debug_aranges
                0x000004c0       0x48 C:/ti/simplelink_msp432p4_sdk_1_50_00_12/source/ti/devices/msp432p4xx/driverlib/gcc\msp432p4xx_driverlib.a(cpu_MSP432P4XX.obj)
 .debug_aranges
                0x00000508       0xb0 C:/ti/simplelink_msp432p4_sdk_1_50_00_12/source/ti/devices/msp432p4xx/driverlib/gcc\msp432p4xx_driverlib.a(sysctl_a_MSP432P4XX.obj)

.debug_ranges   0x00000000      0x508
 .debug_ranges  0x00000000       0x18 ./main.o
 .debug_ranges  0x00000018       0x18 ./system_msp432p401r.o
 .debug_ranges  0x00000030       0x18 ./gcc/startup_msp432p401r_gcc.o
 .debug_ranges  0x00000048       0xa8 C:/ti/simplelink_msp432p4_sdk_1_50_00_12/source/ti/devices/msp432p4xx/driverlib/gcc\msp432p4xx_driverlib.a(gpio_MSP432P4XX.obj)
 .debug_ranges  0x000000f0       0xa8 C:/ti/simplelink_msp432p4_sdk_1_50_00_12/source/ti/devices/msp432p4xx/driverlib/gcc\msp432p4xx_driverlib.a(interrupt_MSP432P4XX.obj)
 .debug_ranges  0x00000198      0x100 C:/ti/simplelink_msp432p4_sdk_1_50_00_12/source/ti/devices/msp432p4xx/driverlib/gcc\msp432p4xx_driverlib.a(pcm_MSP432P4XX.obj)
 .debug_ranges  0x00000298       0xb0 C:/ti/simplelink_msp432p4_sdk_1_50_00_12/source/ti/devices/msp432p4xx/driverlib/gcc\msp432p4xx_driverlib.a(rtc_c_MSP432P4XX.obj)
 .debug_ranges  0x00000348       0x98 C:/ti/simplelink_msp432p4_sdk_1_50_00_12/source/ti/devices/msp432p4xx/driverlib/gcc\msp432p4xx_driverlib.a(sysctl_MSP432P4XX.obj)
 .debug_ranges  0x000003e0       0x50 C:/ti/simplelink_msp432p4_sdk_1_50_00_12/source/ti/devices/msp432p4xx/driverlib/gcc\msp432p4xx_driverlib.a(wdt_a_MSP432P4XX.obj)
 .debug_ranges  0x00000430       0x38 C:/ti/simplelink_msp432p4_sdk_1_50_00_12/source/ti/devices/msp432p4xx/driverlib/gcc\msp432p4xx_driverlib.a(cpu_MSP432P4XX.obj)
 .debug_ranges  0x00000468       0xa0 C:/ti/simplelink_msp432p4_sdk_1_50_00_12/source/ti/devices/msp432p4xx/driverlib/gcc\msp432p4xx_driverlib.a(sysctl_a_MSP432P4XX.obj)

.debug_line     0x00000000     0x21f3
 .debug_line    0x00000000      0x20c ./main.o
 .debug_line    0x0000020c      0x28f ./system_msp432p401r.o
 .debug_line    0x0000049b      0x164 ./gcc/startup_msp432p401r_gcc.o
 .debug_line    0x000005ff      0x386 C:/ti/simplelink_msp432p4_sdk_1_50_00_12/source/ti/devices/msp432p4xx/driverlib/gcc\msp432p4xx_driverlib.a(gpio_MSP432P4XX.obj)
 .debug_line    0x00000985      0x392 C:/ti/simplelink_msp432p4_sdk_1_50_00_12/source/ti/devices/msp432p4xx/driverlib/gcc\msp432p4xx_driverlib.a(interrupt_MSP432P4XX.obj)
 .debug_line    0x00000d17      0x567 C:/ti/simplelink_msp432p4_sdk_1_50_00_12/source/ti/devices/msp432p4xx/driverlib/gcc\msp432p4xx_driverlib.a(pcm_MSP432P4XX.obj)
 .debug_line    0x0000127e      0x3dc C:/ti/simplelink_msp432p4_sdk_1_50_00_12/source/ti/devices/msp432p4xx/driverlib/gcc\msp432p4xx_driverlib.a(rtc_c_MSP432P4XX.obj)
 .debug_line    0x0000165a      0x36b C:/ti/simplelink_msp432p4_sdk_1_50_00_12/source/ti/devices/msp432p4xx/driverlib/gcc\msp432p4xx_driverlib.a(sysctl_MSP432P4XX.obj)
 .debug_line    0x000019c5      0x27a C:/ti/simplelink_msp432p4_sdk_1_50_00_12/source/ti/devices/msp432p4xx/driverlib/gcc\msp432p4xx_driverlib.a(wdt_a_MSP432P4XX.obj)
 .debug_line    0x00001c3f      0x1e5 C:/ti/simplelink_msp432p4_sdk_1_50_00_12/source/ti/devices/msp432p4xx/driverlib/gcc\msp432p4xx_driverlib.a(cpu_MSP432P4XX.obj)
 .debug_line    0x00001e24      0x3cf C:/ti/simplelink_msp432p4_sdk_1_50_00_12/source/ti/devices/msp432p4xx/driverlib/gcc\msp432p4xx_driverlib.a(sysctl_a_MSP432P4XX.obj)

.debug_str      0x00000000     0x250c
 .debug_str     0x00000000      0x1d2 ./main.o
                                0x217 (size before relaxing)
 .debug_str     0x000001d2      0x8b4 ./system_msp432p401r.o
                                0xaee (size before relaxing)
 .debug_str     0x00000a86       0x9e ./gcc/startup_msp432p401r_gcc.o
                                0x25f (size before relaxing)
 .debug_str     0x00000b24      0x4ce C:/ti/simplelink_msp432p4_sdk_1_50_00_12/source/ti/devices/msp432p4xx/driverlib/gcc\msp432p4xx_driverlib.a(gpio_MSP432P4XX.obj)
                                0x633 (size before relaxing)
 .debug_str     0x00000ff2      0x376 C:/ti/simplelink_msp432p4_sdk_1_50_00_12/source/ti/devices/msp432p4xx/driverlib/gcc\msp432p4xx_driverlib.a(interrupt_MSP432P4XX.obj)
                                0x58b (size before relaxing)
 .debug_str     0x00001368      0x463 C:/ti/simplelink_msp432p4_sdk_1_50_00_12/source/ti/devices/msp432p4xx/driverlib/gcc\msp432p4xx_driverlib.a(pcm_MSP432P4XX.obj)
                                0x69c (size before relaxing)
 .debug_str     0x000017cb      0x447 C:/ti/simplelink_msp432p4_sdk_1_50_00_12/source/ti/devices/msp432p4xx/driverlib/gcc\msp432p4xx_driverlib.a(rtc_c_MSP432P4XX.obj)
                                0x64d (size before relaxing)
 .debug_str     0x00001c12      0x2dc C:/ti/simplelink_msp432p4_sdk_1_50_00_12/source/ti/devices/msp432p4xx/driverlib/gcc\msp432p4xx_driverlib.a(sysctl_MSP432P4XX.obj)
                                0x561 (size before relaxing)
 .debug_str     0x00001eee      0x180 C:/ti/simplelink_msp432p4_sdk_1_50_00_12/source/ti/devices/msp432p4xx/driverlib/gcc\msp432p4xx_driverlib.a(wdt_a_MSP432P4XX.obj)
                                0x377 (size before relaxing)
 .debug_str     0x0000206e       0xdc C:/ti/simplelink_msp432p4_sdk_1_50_00_12/source/ti/devices/msp432p4xx/driverlib/gcc\msp432p4xx_driverlib.a(cpu_MSP432P4XX.obj)
                                0x276 (size before relaxing)
 .debug_str     0x0000214a      0x3c2 C:/ti/simplelink_msp432p4_sdk_1_50_00_12/source/ti/devices/msp432p4xx/driverlib/gcc\msp432p4xx_driverlib.a(sysctl_a_MSP432P4XX.obj)
                                0x6a3 (size before relaxing)

.debug_frame    0x00000000     0x165c
 .debug_frame   0x00000000       0x54 ./main.o
 .debug_frame   0x00000054       0x58 ./system_msp432p401r.o
 .debug_frame   0x000000ac       0x4c ./gcc/startup_msp432p401r_gcc.o
 .debug_frame   0x000000f8      0x324 C:/ti/simplelink_msp432p4_sdk_1_50_00_12/source/ti/devices/msp432p4xx/driverlib/gcc\msp432p4xx_driverlib.a(gpio_MSP432P4XX.obj)
 .debug_frame   0x0000041c      0x2e0 C:/ti/simplelink_msp432p4_sdk_1_50_00_12/source/ti/devices/msp432p4xx/driverlib/gcc\msp432p4xx_driverlib.a(interrupt_MSP432P4XX.obj)
 .debug_frame   0x000006fc      0x44c C:/ti/simplelink_msp432p4_sdk_1_50_00_12/source/ti/devices/msp432p4xx/driverlib/gcc\msp432p4xx_driverlib.a(pcm_MSP432P4XX.obj)
 .debug_frame   0x00000b48      0x338 C:/ti/simplelink_msp432p4_sdk_1_50_00_12/source/ti/devices/msp432p4xx/driverlib/gcc\msp432p4xx_driverlib.a(rtc_c_MSP432P4XX.obj)
 .debug_frame   0x00000e80      0x2b0 C:/ti/simplelink_msp432p4_sdk_1_50_00_12/source/ti/devices/msp432p4xx/driverlib/gcc\msp432p4xx_driverlib.a(sysctl_MSP432P4XX.obj)
 .debug_frame   0x00001130      0x160 C:/ti/simplelink_msp432p4_sdk_1_50_00_12/source/ti/devices/msp432p4xx/driverlib/gcc\msp432p4xx_driverlib.a(wdt_a_MSP432P4XX.obj)
 .debug_frame   0x00001290       0x70 C:/ti/simplelink_msp432p4_sdk_1_50_00_12/source/ti/devices/msp432p4xx/driverlib/gcc\msp432p4xx_driverlib.a(cpu_MSP432P4XX.obj)
 .debug_frame   0x00001300      0x2c8 C:/ti/simplelink_msp432p4_sdk_1_50_00_12/source/ti/devices/msp432p4xx/driverlib/gcc\msp432p4xx_driverlib.a(sysctl_a_MSP432P4XX.obj)
 .debug_frame   0x000015c8       0x28 D:/Ale/U/Incrustados/CCS/ccsv7/tools/compiler/gcc-arm-none-eabi-6-2017-q1-update/arm-none-eabi/lib/thumb/v7e-m/fpv4-sp/hard\libc_nano.a(lib_a-exit.o)
 .debug_frame   0x000015f0       0x2c D:/Ale/U/Incrustados/CCS/ccsv7/tools/compiler/gcc-arm-none-eabi-6-2017-q1-update/arm-none-eabi/lib/thumb/v7e-m/fpv4-sp/hard\libc_nano.a(lib_a-init.o)
 .debug_frame   0x0000161c       0x20 D:/Ale/U/Incrustados/CCS/ccsv7/tools/compiler/gcc-arm-none-eabi-6-2017-q1-update/arm-none-eabi/lib/thumb/v7e-m/fpv4-sp/hard\libc_nano.a(lib_a-memset.o)
 .debug_frame   0x0000163c       0x20 D:/Ale/U/Incrustados/CCS/ccsv7/tools/compiler/gcc-arm-none-eabi-6-2017-q1-update/arm-none-eabi/lib/thumb/v7e-m/fpv4-sp/hard\libnosys.a(_exit.o)
