Archive member included to satisfy reference by file (symbol)

/home/joschinc/ti/simplelink_msp432p4_sdk_1_50_00_12/source/ti/devices/msp432p4xx/driverlib/gcc/msp432p4xx_driverlib.a(gpio_MSP432P4XX.obj)
                              ./main.o (GPIO_setAsOutputPin)
/home/joschinc/ti/simplelink_msp432p4_sdk_1_50_00_12/source/ti/devices/msp432p4xx/driverlib/gcc/msp432p4xx_driverlib.a(i2c_MSP432P4XX.obj)
                              ./HAL_I2C.o (I2C_initMaster)
/home/joschinc/ti/simplelink_msp432p4_sdk_1_50_00_12/source/ti/devices/msp432p4xx/driverlib/gcc/msp432p4xx_driverlib.a(interrupt_MSP432P4XX.obj)
                              ./main.o (Interrupt_enableMaster)
/home/joschinc/ti/simplelink_msp432p4_sdk_1_50_00_12/source/ti/devices/msp432p4xx/driverlib/gcc/msp432p4xx_driverlib.a(sysctl_MSP432P4XX.obj)
                              ./main.o (SysCtl_enableSRAMBankRetention)
/home/joschinc/ti/simplelink_msp432p4_sdk_1_50_00_12/source/ti/devices/msp432p4xx/driverlib/gcc/msp432p4xx_driverlib.a(wdt_a_MSP432P4XX.obj)
                              ./main.o (WDT_A_holdTimer)
/home/joschinc/ti/simplelink_msp432p4_sdk_1_50_00_12/source/ti/devices/msp432p4xx/driverlib/gcc/msp432p4xx_driverlib.a(cpu_MSP432P4XX.obj)
                              /home/joschinc/ti/simplelink_msp432p4_sdk_1_50_00_12/source/ti/devices/msp432p4xx/driverlib/gcc/msp432p4xx_driverlib.a(interrupt_MSP432P4XX.obj) (CPU_cpsid)
/home/joschinc/ti/simplelink_msp432p4_sdk_1_50_00_12/source/ti/devices/msp432p4xx/driverlib/gcc/msp432p4xx_driverlib.a(sysctl_a_MSP432P4XX.obj)
                              /home/joschinc/ti/simplelink_msp432p4_sdk_1_50_00_12/source/ti/devices/msp432p4xx/driverlib/gcc/msp432p4xx_driverlib.a(wdt_a_MSP432P4XX.obj) (SysCtl_A_setWDTTimeoutResetType)
/opt/ti/ccsv7/tools/compiler/gcc-arm-none-eabi-6-2017-q1-update/bin/../lib/gcc/arm-none-eabi/6.3.1/thumb/v7e-m/fpv4-sp/hard/libgcc.a(unwind-arm.o)
                              ./main.o (__aeabi_unwind_cpp_pr0)
/opt/ti/ccsv7/tools/compiler/gcc-arm-none-eabi-6-2017-q1-update/bin/../lib/gcc/arm-none-eabi/6.3.1/thumb/v7e-m/fpv4-sp/hard/libgcc.a(libunwind.o)
                              /opt/ti/ccsv7/tools/compiler/gcc-arm-none-eabi-6-2017-q1-update/bin/../lib/gcc/arm-none-eabi/6.3.1/thumb/v7e-m/fpv4-sp/hard/libgcc.a(unwind-arm.o) (restore_core_regs)
/opt/ti/ccsv7/tools/compiler/gcc-arm-none-eabi-6-2017-q1-update/bin/../lib/gcc/arm-none-eabi/6.3.1/thumb/v7e-m/fpv4-sp/hard/libgcc.a(pr-support.o)
                              /opt/ti/ccsv7/tools/compiler/gcc-arm-none-eabi-6-2017-q1-update/bin/../lib/gcc/arm-none-eabi/6.3.1/thumb/v7e-m/fpv4-sp/hard/libgcc.a(unwind-arm.o) (__gnu_unwind_execute)
/opt/ti/ccsv7/tools/compiler/gcc-arm-none-eabi-6-2017-q1-update/arm-none-eabi/lib/thumb/v7e-m/fpv4-sp/hard/libc_nano.a(lib_a-abort.o)
                              /opt/ti/ccsv7/tools/compiler/gcc-arm-none-eabi-6-2017-q1-update/bin/../lib/gcc/arm-none-eabi/6.3.1/thumb/v7e-m/fpv4-sp/hard/libgcc.a(unwind-arm.o) (abort)
/opt/ti/ccsv7/tools/compiler/gcc-arm-none-eabi-6-2017-q1-update/arm-none-eabi/lib/thumb/v7e-m/fpv4-sp/hard/libc_nano.a(lib_a-exit.o)
                              /opt/ti/ccsv7/tools/compiler/gcc-arm-none-eabi-6-2017-q1-update/bin/../lib/gcc/arm-none-eabi/6.3.1/../../../../arm-none-eabi/lib/thumb/v7e-m/fpv4-sp/hard/crt0.o (exit)
/opt/ti/ccsv7/tools/compiler/gcc-arm-none-eabi-6-2017-q1-update/arm-none-eabi/lib/thumb/v7e-m/fpv4-sp/hard/libc_nano.a(lib_a-impure.o)
                              /opt/ti/ccsv7/tools/compiler/gcc-arm-none-eabi-6-2017-q1-update/arm-none-eabi/lib/thumb/v7e-m/fpv4-sp/hard/libc_nano.a(lib_a-exit.o) (_global_impure_ptr)
/opt/ti/ccsv7/tools/compiler/gcc-arm-none-eabi-6-2017-q1-update/arm-none-eabi/lib/thumb/v7e-m/fpv4-sp/hard/libc_nano.a(lib_a-init.o)
                              /opt/ti/ccsv7/tools/compiler/gcc-arm-none-eabi-6-2017-q1-update/bin/../lib/gcc/arm-none-eabi/6.3.1/../../../../arm-none-eabi/lib/thumb/v7e-m/fpv4-sp/hard/crt0.o (__libc_init_array)
/opt/ti/ccsv7/tools/compiler/gcc-arm-none-eabi-6-2017-q1-update/arm-none-eabi/lib/thumb/v7e-m/fpv4-sp/hard/libc_nano.a(lib_a-memcpy-stub.o)
                              /opt/ti/ccsv7/tools/compiler/gcc-arm-none-eabi-6-2017-q1-update/bin/../lib/gcc/arm-none-eabi/6.3.1/thumb/v7e-m/fpv4-sp/hard/libgcc.a(unwind-arm.o) (memcpy)
/opt/ti/ccsv7/tools/compiler/gcc-arm-none-eabi-6-2017-q1-update/arm-none-eabi/lib/thumb/v7e-m/fpv4-sp/hard/libc_nano.a(lib_a-memset.o)
                              /opt/ti/ccsv7/tools/compiler/gcc-arm-none-eabi-6-2017-q1-update/bin/../lib/gcc/arm-none-eabi/6.3.1/../../../../arm-none-eabi/lib/thumb/v7e-m/fpv4-sp/hard/crt0.o (memset)
/opt/ti/ccsv7/tools/compiler/gcc-arm-none-eabi-6-2017-q1-update/arm-none-eabi/lib/thumb/v7e-m/fpv4-sp/hard/libc_nano.a(lib_a-signal.o)
                              /opt/ti/ccsv7/tools/compiler/gcc-arm-none-eabi-6-2017-q1-update/arm-none-eabi/lib/thumb/v7e-m/fpv4-sp/hard/libc_nano.a(lib_a-abort.o) (raise)
[...]
Memory Configuration

Name             Origin             Length             Attributes
MAIN_FLASH       0x0000000000000000 0x0000000000040000 xr
INFO_FLASH       0x0000000000200000 0x0000000000004000 xr
SRAM_CODE        0x0000000001000000 0x0000000000010000 xrw
SRAM_DATA        0x0000000020000000 0x0000000000010000 rw
*default*        0x0000000000000000 0xffffffffffffffff

Linker script and memory map

LOAD /opt/ti/ccsv7/tools/compiler/gcc-arm-none-eabi-6-2017-q1-update/bin/../lib/gcc/arm-none-eabi/6.3.1/thumb/v7e-m/fpv4-sp/hard/crti.o
LOAD /opt/ti/ccsv7/tools/compiler/gcc-arm-none-eabi-6-2017-q1-update/bin/../lib/gcc/arm-none-eabi/6.3.1/thumb/v7e-m/fpv4-sp/hard/crtbegin.o
LOAD /opt/ti/ccsv7/tools/compiler/gcc-arm-none-eabi-6-2017-q1-update/bin/../lib/gcc/arm-none-eabi/6.3.1/../../../../arm-none-eabi/lib/thumb/v7e-m/fpv4-sp/hard/crt0.o
LOAD ./HAL_I2C.o
LOAD ./HAL_OPT3001.o
LOAD ./main.o
LOAD ./system_msp432p401r.o
LOAD ./gcc/startup_msp432p401r_gcc.o
                0x0000000000000000                PROVIDE (_intvecs_base_address, DEFINED (_intvecs_base_address)?_intvecs_base_address:0x0)

.intvecs        0x0000000000000000       0xe4
 *(.intvecs)
 .intvecs       0x0000000000000000       0xe4 ./gcc/startup_msp432p401r_gcc.o
                0x0000000000000000                interruptVectors
                0x0000000000200000                PROVIDE (_mailbox_base_address, 0x200000)

.flashMailbox
 *(.flashMailbox)
                0x0000000000201000                PROVIDE (_tlv_base_address, 0x201000)

.tlvTable
 *(.tlvTable)
                0x0000000000202000                PROVIDE (_bsl_base_address, 0x202000)

.bslArea
 *(.bslArea)
                0x0000000020000000                PROVIDE (_vtable_base_address, DEFINED (_vtable_base_address)?_vtable_base_address:0x20000000)

.vtable
 *(.vtable)

.text           0x00000000000000e4     0x25a4
 CREATE_OBJECT_SYMBOLS
 *(.text)
 .text          0x00000000000000e4        0x0 /opt/ti/ccsv7/tools/compiler/gcc-arm-none-eabi-6-2017-q1-update/bin/../lib/gcc/arm-none-eabi/6.3.1/thumb/v7e-m/fpv4-sp/hard/crti.o
 .text          0x00000000000000e4       0x6c /opt/ti/ccsv7/tools/compiler/gcc-arm-none-eabi-6-2017-q1-update/bin/../lib/gcc/arm-none-eabi/6.3.1/thumb/v7e-m/fpv4-sp/hard/crtbegin.o
 .text          0x0000000000000150       0x74 /opt/ti/ccsv7/tools/compiler/gcc-arm-none-eabi-6-2017-q1-update/bin/../lib/gcc/arm-none-eabi/6.3.1/../../../../arm-none-eabi/lib/thumb/v7e-m/fpv4-sp/hard/crt0.o
                0x0000000000000150                _mainCRTStartup
                0x0000000000000150                _start
 .text          0x00000000000001c4        0x0 ./HAL_I2C.o
 .text          0x00000000000001c4        0x0 ./HAL_OPT3001.o
 .text          0x00000000000001c4        0x0 ./main.o
 .text          0x00000000000001c4        0x0 ./system_msp432p401r.o
 .text          0x00000000000001c4        0x0 ./gcc/startup_msp432p401r_gcc.o
 .text          0x00000000000001c4        0x0 /home/joschinc/ti/simplelink_msp432p4_sdk_1_50_00_12/source/ti/devices/msp432p4xx/driverlib/gcc/msp432p4xx_driverlib.a(gpio_MSP432P4XX.obj)
 .text          0x00000000000001c4        0x0 /home/joschinc/ti/simplelink_msp432p4_sdk_1_50_00_12/source/ti/devices/msp432p4xx/driverlib/gcc/msp432p4xx_driverlib.a(i2c_MSP432P4XX.obj)
 .text          0x00000000000001c4        0x0 /home/joschinc/ti/simplelink_msp432p4_sdk_1_50_00_12/source/ti/devices/msp432p4xx/driverlib/gcc/msp432p4xx_driverlib.a(interrupt_MSP432P4XX.obj)
 .text          0x00000000000001c4        0x0 /home/joschinc/ti/simplelink_msp432p4_sdk_1_50_00_12/source/ti/devices/msp432p4xx/driverlib/gcc/msp432p4xx_driverlib.a(sysctl_MSP432P4XX.obj)
 .text          0x00000000000001c4        0x0 /home/joschinc/ti/simplelink_msp432p4_sdk_1_50_00_12/source/ti/devices/msp432p4xx/driverlib/gcc/msp432p4xx_driverlib.a(wdt_a_MSP432P4XX.obj)
 .text          0x00000000000001c4        0x0 /home/joschinc/ti/simplelink_msp432p4_sdk_1_50_00_12/source/ti/devices/msp432p4xx/driverlib/gcc/msp432p4xx_driverlib.a(cpu_MSP432P4XX.obj)
 .text          0x00000000000001c4        0x0 /home/joschinc/ti/simplelink_msp432p4_sdk_1_50_00_12/source/ti/devices/msp432p4xx/driverlib/gcc/msp432p4xx_driverlib.a(sysctl_a_MSP432P4XX.obj)
 .text          0x00000000000001c4      0x9cc /opt/ti/ccsv7/tools/compiler/gcc-arm-none-eabi-6-2017-q1-update/bin/../lib/gcc/arm-none-eabi/6.3.1/thumb/v7e-m/fpv4-sp/hard/libgcc.a(unwind-arm.o)
                0x0000000000000484                _Unwind_GetCFA
                0x0000000000000488                __gnu_Unwind_RaiseException
                0x00000000000004e8                __gnu_Unwind_ForcedUnwind
                0x00000000000004fc                __gnu_Unwind_Resume
                0x0000000000000540                __gnu_Unwind_Resume_or_Rethrow
                0x0000000000000550                _Unwind_Complete
                0x0000000000000554                _Unwind_DeleteException
                0x0000000000000560                _Unwind_VRS_Get
                0x00000000000005ac                _Unwind_VRS_Set
                0x00000000000005fc                __gnu_Unwind_Backtrace
                0x000000000000093c                __aeabi_unwind_cpp_pr0
                0x0000000000000940                __aeabi_unwind_cpp_pr1
                0x0000000000000944                __aeabi_unwind_cpp_pr2
                0x0000000000000948                _Unwind_VRS_Pop
 .text          0x0000000000000b90      0x1ac /opt/ti/ccsv7/tools/compiler/gcc-arm-none-eabi-6-2017-q1-update/bin/../lib/gcc/arm-none-eabi/6.3.1/thumb/v7e-m/fpv4-sp/hard/libgcc.a(libunwind.o)
                0x0000000000000b90                __restore_core_regs
                0x0000000000000b90                restore_core_regs
                0x0000000000000ba8                __gnu_Unwind_Restore_VFP
                0x0000000000000bb0                __gnu_Unwind_Save_VFP
                0x0000000000000bb8                __gnu_Unwind_Restore_VFP_D
                0x0000000000000bc0                __gnu_Unwind_Save_VFP_D
                0x0000000000000bc8                __gnu_Unwind_Restore_VFP_D_16_to_31
                0x0000000000000bd0                __gnu_Unwind_Save_VFP_D_16_to_31
                0x0000000000000bd8                __gnu_Unwind_Restore_WMMXD
                0x0000000000000c1c                __gnu_Unwind_Save_WMMXD
                0x0000000000000c60                __gnu_Unwind_Restore_WMMXC
                0x0000000000000c74                __gnu_Unwind_Save_WMMXC
                0x0000000000000c88                ___Unwind_RaiseException
                0x0000000000000c88                _Unwind_RaiseException
                0x0000000000000cac                ___Unwind_Resume
                0x0000000000000cac                _Unwind_Resume
                0x0000000000000cd0                _Unwind_Resume_or_Rethrow
                0x0000000000000cd0                ___Unwind_Resume_or_Rethrow
                0x0000000000000cf4                ___Unwind_ForcedUnwind
                0x0000000000000cf4                _Unwind_ForcedUnwind
                0x0000000000000d18                _Unwind_Backtrace
                0x0000000000000d18                ___Unwind_Backtrace
 .text          0x0000000000000d3c      0x380 /opt/ti/ccsv7/tools/compiler/gcc-arm-none-eabi-6-2017-q1-update/bin/../lib/gcc/arm-none-eabi/6.3.1/thumb/v7e-m/fpv4-sp/hard/libgcc.a(pr-support.o)
                0x0000000000000d94                __gnu_unwind_execute
                0x0000000000001064                __gnu_unwind_frame
                0x000000000000108c                _Unwind_GetRegionStart
                0x0000000000001098                _Unwind_GetLanguageSpecificData
                0x00000000000010ac                _Unwind_GetTextRelBase
                0x00000000000010b4                _Unwind_GetDataRelBase
 .text          0x00000000000010bc        0x0 /opt/ti/ccsv7/tools/compiler/gcc-arm-none-eabi-6-2017-q1-update/arm-none-eabi/lib/thumb/v7e-m/fpv4-sp/hard/libc_nano.a(lib_a-abort.o)
 .text          0x00000000000010bc        0x0 /opt/ti/ccsv7/tools/compiler/gcc-arm-none-eabi-6-2017-q1-update/arm-none-eabi/lib/thumb/v7e-m/fpv4-sp/hard/libc_nano.a(lib_a-exit.o)
 .text          0x00000000000010bc        0x0 /opt/ti/ccsv7/tools/compiler/gcc-arm-none-eabi-6-2017-q1-update/arm-none-eabi/lib/thumb/v7e-m/fpv4-sp/hard/libc_nano.a(lib_a-impure.o)
 .text          0x00000000000010bc        0x0 /opt/ti/ccsv7/tools/compiler/gcc-arm-none-eabi-6-2017-q1-update/arm-none-eabi/lib/thumb/v7e-m/fpv4-sp/hard/libc_nano.a(lib_a-init.o)
 .text          0x00000000000010bc        0x0 /opt/ti/ccsv7/tools/compiler/gcc-arm-none-eabi-6-2017-q1-update/arm-none-eabi/lib/thumb/v7e-m/fpv4-sp/hard/libc_nano.a(lib_a-memcpy-stub.o)
 .text          0x00000000000010bc        0x0 /opt/ti/ccsv7/tools/compiler/gcc-arm-none-eabi-6-2017-q1-update/arm-none-eabi/lib/thumb/v7e-m/fpv4-sp/hard/libc_nano.a(lib_a-memset.o)
 .text          0x00000000000010bc        0x0 /opt/ti/ccsv7/tools/compiler/gcc-arm-none-eabi-6-2017-q1-update/arm-none-eabi/lib/thumb/v7e-m/fpv4-sp/hard/libc_nano.a(lib_a-signal.o)
 .text          0x00000000000010bc        0x0 /opt/ti/ccsv7/tools/compiler/gcc-arm-none-eabi-6-2017-q1-update/arm-none-eabi/lib/thumb/v7e-m/fpv4-sp/hard/libc_nano.a(lib_a-signalr.o)
 .text          0x00000000000010bc        0x0 /opt/ti/ccsv7/tools/compiler/gcc-arm-none-eabi-6-2017-q1-update/arm-none-eabi/lib/thumb/v7e-m/fpv4-sp/hard/libc_nano.a(lib_a-nano-mallocr.o)
 .text          0x00000000000010bc        0x0 /opt/ti/ccsv7/tools/compiler/gcc-arm-none-eabi-6-2017-q1-update/arm-none-eabi/lib/thumb/v7e-m/fpv4-sp/hard/libc_nano.a(lib_a-reent.o)
 .text          0x00000000000010bc        0x0 /opt/ti/ccsv7/tools/compiler/gcc-arm-none-eabi-6-2017-q1-update/arm-none-eabi/lib/thumb/v7e-m/fpv4-sp/hard/libc_nano.a(lib_a-sbrkr.o)
 .text          0x00000000000010bc        0x0 /opt/ti/ccsv7/tools/compiler/gcc-arm-none-eabi-6-2017-q1-update/arm-none-eabi/lib/thumb/v7e-m/fpv4-sp/hard/libc_nano.a(lib_a-mlock.o)
 .text          0x00000000000010bc        0x0 /opt/ti/ccsv7/tools/compiler/gcc-arm-none-eabi-6-2017-q1-update/arm-none-eabi/lib/thumb/v7e-m/fpv4-sp/hard/libc_nano.a(lib_a-nano-freer.o)
 .text          0x00000000000010bc        0x0 /opt/ti/ccsv7/tools/compiler/gcc-arm-none-eabi-6-2017-q1-update/arm-none-eabi/lib/thumb/v7e-m/fpv4-sp/hard/libnosys.a(getpid.o)
 .text          0x00000000000010bc        0x0 /opt/ti/ccsv7/tools/compiler/gcc-arm-none-eabi-6-2017-q1-update/arm-none-eabi/lib/thumb/v7e-m/fpv4-sp/hard/libnosys.a(kill.o)
 .text          0x00000000000010bc        0x0 /opt/ti/ccsv7/tools/compiler/gcc-arm-none-eabi-6-2017-q1-update/arm-none-eabi/lib/thumb/v7e-m/fpv4-sp/hard/libnosys.a(sbrk.o)
 .text          0x00000000000010bc        0x0 /opt/ti/ccsv7/tools/compiler/gcc-arm-none-eabi-6-2017-q1-update/arm-none-eabi/lib/thumb/v7e-m/fpv4-sp/hard/libnosys.a(_exit.o)
 .text          0x00000000000010bc        0x0 /opt/ti/ccsv7/tools/compiler/gcc-arm-none-eabi-6-2017-q1-update/bin/../lib/gcc/arm-none-eabi/6.3.1/thumb/v7e-m/fpv4-sp/hard/crtend.o
 .text          0x00000000000010bc        0x0 /opt/ti/ccsv7/tools/compiler/gcc-arm-none-eabi-6-2017-q1-update/bin/../lib/gcc/arm-none-eabi/6.3.1/thumb/v7e-m/fpv4-sp/hard/crtn.o
 *(.text.*)
 .text.__NVIC_EnableIRQ
                0x00000000000010bc       0x3c ./main.o
 .text.__NVIC_SetPriority
                0x00000000000010f8       0x5c ./main.o
 .text._Z13Init_I2C_GPIOv
                0x0000000000001154       0x1c ./main.o
                0x0000000000001154                Init_I2C_GPIO()
 .text._Z8I2C_initv
                0x0000000000001170       0x24 ./main.o
                0x0000000000001170                I2C_init()
 .text._Z10I2C_read16h
                0x0000000000001194       0xd0 ./main.o
                0x0000000000001194                I2C_read16(unsigned char)
 .text._Z11I2C_write16hj
                0x0000000000001264       0x64 ./main.o
                0x0000000000001264                I2C_write16(unsigned char, unsigned int)
 .text._Z12I2C_setslavej
                0x00000000000012c8       0x24 ./main.o
                0x00000000000012c8                I2C_setslave(unsigned int)
 .text._Z12OPT3001_initv
                0x00000000000012ec       0x18 ./main.o
                0x00000000000012ec                OPT3001_init()
 .text._Z14OPT3001_getLuxv
                0x0000000000001304       0xd4 ./main.o
                0x0000000000001304                OPT3001_getLux()
 .text.main     0x00000000000013d8       0x1a ./main.o
                0x00000000000013d8                main
 *fill*         0x00000000000013f2        0x2 
 .text._Z5setupv
                0x00000000000013f4      0x104 ./main.o
                0x00000000000013f4                setup()
 .text._Z19TurnON_LIGHTHandlerv
                0x00000000000014f8       0x8c ./main.o
                0x00000000000014f8                TurnON_LIGHTHandler()
 .text._Z20TurnOFF_LIGHTHandlerv
                0x0000000000001584       0x70 ./main.o
                0x0000000000001584                TurnOFF_LIGHTHandler()
 .text._Z18CHECK_LIGHTHandlerv
                0x00000000000015f4       0x50 ./main.o
                0x00000000000015f4                CHECK_LIGHTHandler()
 .text._Z18BLINK_STARTHandlerv
                0x0000000000001644       0x30 ./main.o
                0x0000000000001644                BLINK_STARTHandler()
 .text._Z16WAIT_TIMEHandlerv
                0x0000000000001674       0x30 ./main.o
                0x0000000000001674                WAIT_TIMEHandler()
 .text._Z11CHECK_READYv
                0x00000000000016a4       0x64 ./main.o
                0x00000000000016a4                CHECK_READY()
 .text._Z13CHECK_COUNTERv
                0x0000000000001708       0x34 ./main.o
                0x0000000000001708                CHECK_COUNTER()
 .text._Z15DATA_ADCHandlerv
                0x000000000000173c      0x174 ./main.o
                0x000000000000173c                DATA_ADCHandler()
 .text.ADC14_IRQHandler
                0x00000000000018b0       0x48 ./main.o
                0x00000000000018b0                ADC14_IRQHandler
 .text.PORT3_IRQHandler
                0x00000000000018f8       0xa0 ./main.o
                0x00000000000018f8                PORT3_IRQHandler
 .text.T32_INT1_IRQHandler
                0x0000000000001998      0x12c ./main.o
                0x0000000000001998                T32_INT1_IRQHandler
 .text.T32_INT2_IRQHandler
                0x0000000000001ac4       0x88 ./main.o
                0x0000000000001ac4                T32_INT2_IRQHandler
 .text.SystemInit
                0x0000000000001b4c       0x80 ./system_msp432p401r.o
                0x0000000000001b4c                SystemInit
 .text.Reset_Handler
                0x0000000000001bcc       0x44 ./gcc/startup_msp432p401r_gcc.o
                0x0000000000001bcc                Reset_Handler
 .text.Default_Handler
                0x0000000000001c10        0x6 ./gcc/startup_msp432p401r_gcc.o
                0x0000000000001c10                CS_IRQHandler
                0x0000000000001c10                DebugMon_Handler
                0x0000000000001c10                AES256_IRQHandler
                0x0000000000001c10                HardFault_Handler
                0x0000000000001c10                SysTick_Handler
                0x0000000000001c10                PendSV_Handler
                0x0000000000001c10                NMI_Handler
                0x0000000000001c10                RTC_C_IRQHandler
                0x0000000000001c10                PORT1_IRQHandler
                0x0000000000001c10                FPU_IRQHandler
                0x0000000000001c10                PORT2_IRQHandler
                0x0000000000001c10                TA3_0_IRQHandler
                0x0000000000001c10                UsageFault_Handler
                0x0000000000001c10                DMA_INT3_IRQHandler
                0x0000000000001c10                TA2_0_IRQHandler
                0x0000000000001c10                DMA_INT1_IRQHandler
                0x0000000000001c10                WDT_A_IRQHandler
                0x0000000000001c10                TA2_N_IRQHandler
                0x0000000000001c10                TA1_0_IRQHandler
                0x0000000000001c10                PSS_IRQHandler
                0x0000000000001c10                DMA_INT2_IRQHandler
                0x0000000000001c10                EUSCIA3_IRQHandler
                0x0000000000001c10                DMA_INT0_IRQHandler
                0x0000000000001c10                PORT4_IRQHandler
                0x0000000000001c10                PORT5_IRQHandler
                0x0000000000001c10                EUSCIB0_IRQHandler
                0x0000000000001c10                Default_Handler
                0x0000000000001c10                T32_INTC_IRQHandler
                0x0000000000001c10                TA3_N_IRQHandler
                0x0000000000001c10                TA0_0_IRQHandler
                0x0000000000001c10                EUSCIA2_IRQHandler
                0x0000000000001c10                PORT6_IRQHandler
                0x0000000000001c10                MemManage_Handler
                0x0000000000001c10                SVC_Handler
                0x0000000000001c10                TA1_N_IRQHandler
                0x0000000000001c10                EUSCIA1_IRQHandler
                0x0000000000001c10                COMP_E1_IRQHandler
                0x0000000000001c10                EUSCIB2_IRQHandler
                0x0000000000001c10                FLCTL_IRQHandler
                0x0000000000001c10                EUSCIB3_IRQHandler
                0x0000000000001c10                DMA_ERR_IRQHandler
                0x0000000000001c10                EUSCIA0_IRQHandler
                0x0000000000001c10                BusFault_Handler
                0x0000000000001c10                PCM_IRQHandler
                0x0000000000001c10                TA0_N_IRQHandler
                0x0000000000001c10                COMP_E0_IRQHandler
                0x0000000000001c10                EUSCIB1_IRQHandler
 *fill*         0x0000000000001c16        0x2 
 .text.GPIO_setAsOutputPin
                0x0000000000001c18       0x74 /home/joschinc/ti/simplelink_msp432p4_sdk_1_50_00_12/source/ti/devices/msp432p4xx/driverlib/gcc/msp432p4xx_driverlib.a(gpio_MSP432P4XX.obj)
                0x0000000000001c18                GPIO_setAsOutputPin
 .text.GPIO_setAsPeripheralModuleFunctionOutputPin
                0x0000000000001c8c       0xec /home/joschinc/ti/simplelink_msp432p4_sdk_1_50_00_12/source/ti/devices/msp432p4xx/driverlib/gcc/msp432p4xx_driverlib.a(gpio_MSP432P4XX.obj)
                0x0000000000001c8c                GPIO_setAsPeripheralModuleFunctionOutputPin
 .text.GPIO_setOutputHighOnPin
                0x0000000000001d78       0x3c /home/joschinc/ti/simplelink_msp432p4_sdk_1_50_00_12/source/ti/devices/msp432p4xx/driverlib/gcc/msp432p4xx_driverlib.a(gpio_MSP432P4XX.obj)
                0x0000000000001d78                GPIO_setOutputHighOnPin
 .text.GPIO_setOutputLowOnPin
                0x0000000000001db4       0x40 /home/joschinc/ti/simplelink_msp432p4_sdk_1_50_00_12/source/ti/devices/msp432p4xx/driverlib/gcc/msp432p4xx_driverlib.a(gpio_MSP432P4XX.obj)
                0x0000000000001db4                GPIO_setOutputLowOnPin
 .text.GPIO_toggleOutputOnPin
                0x0000000000001df4       0x3c /home/joschinc/ti/simplelink_msp432p4_sdk_1_50_00_12/source/ti/devices/msp432p4xx/driverlib/gcc/msp432p4xx_driverlib.a(gpio_MSP432P4XX.obj)
                0x0000000000001df4                GPIO_toggleOutputOnPin
 .text.GPIO_setAsInputPinWithPullUpResistor
                0x0000000000001e30       0xa8 /home/joschinc/ti/simplelink_msp432p4_sdk_1_50_00_12/source/ti/devices/msp432p4xx/driverlib/gcc/msp432p4xx_driverlib.a(gpio_MSP432P4XX.obj)
                0x0000000000001e30                GPIO_setAsInputPinWithPullUpResistor
 .text.GPIO_enableInterrupt
                0x0000000000001ed8       0x3c /home/joschinc/ti/simplelink_msp432p4_sdk_1_50_00_12/source/ti/devices/msp432p4xx/driverlib/gcc/msp432p4xx_driverlib.a(gpio_MSP432P4XX.obj)
                0x0000000000001ed8                GPIO_enableInterrupt
 .text.GPIO_getInterruptStatus
                0x0000000000001f14       0x34 /home/joschinc/ti/simplelink_msp432p4_sdk_1_50_00_12/source/ti/devices/msp432p4xx/driverlib/gcc/msp432p4xx_driverlib.a(gpio_MSP432P4XX.obj)
                0x0000000000001f14                GPIO_getInterruptStatus
 .text.GPIO_clearInterruptFlag
                0x0000000000001f48       0x40 /home/joschinc/ti/simplelink_msp432p4_sdk_1_50_00_12/source/ti/devices/msp432p4xx/driverlib/gcc/msp432p4xx_driverlib.a(gpio_MSP432P4XX.obj)
                0x0000000000001f48                GPIO_clearInterruptFlag
 .text.GPIO_getEnabledInterruptStatus
                0x0000000000001f88       0x98 /home/joschinc/ti/simplelink_msp432p4_sdk_1_50_00_12/source/ti/devices/msp432p4xx/driverlib/gcc/msp432p4xx_driverlib.a(gpio_MSP432P4XX.obj)
                0x0000000000001f88                GPIO_getEnabledInterruptStatus
 .text.I2C_initMaster
                0x0000000000002020       0x82 /home/joschinc/ti/simplelink_msp432p4_sdk_1_50_00_12/source/ti/devices/msp432p4xx/driverlib/gcc/msp432p4xx_driverlib.a(i2c_MSP432P4XX.obj)
                0x0000000000002020                I2C_initMaster
 .text.I2C_enableModule
                0x00000000000020a2       0x20 /home/joschinc/ti/simplelink_msp432p4_sdk_1_50_00_12/source/ti/devices/msp432p4xx/driverlib/gcc/msp432p4xx_driverlib.a(i2c_MSP432P4XX.obj)
                0x00000000000020a2                I2C_enableModule
 .text.I2C_disableModule
                0x00000000000020c2       0x20 /home/joschinc/ti/simplelink_msp432p4_sdk_1_50_00_12/source/ti/devices/msp432p4xx/driverlib/gcc/msp432p4xx_driverlib.a(i2c_MSP432P4XX.obj)
                0x00000000000020c2                I2C_disableModule
 .text.I2C_setSlaveAddress
                0x00000000000020e2       0x1e /home/joschinc/ti/simplelink_msp432p4_sdk_1_50_00_12/source/ti/devices/msp432p4xx/driverlib/gcc/msp432p4xx_driverlib.a(i2c_MSP432P4XX.obj)
                0x00000000000020e2                I2C_setSlaveAddress
 .text.I2C_setMode
                0x0000000000002100       0x2e /home/joschinc/ti/simplelink_msp432p4_sdk_1_50_00_12/source/ti/devices/msp432p4xx/driverlib/gcc/msp432p4xx_driverlib.a(i2c_MSP432P4XX.obj)
                0x0000000000002100                I2C_setMode
 .text.I2C_isBusBusy
                0x000000000000212e       0x24 /home/joschinc/ti/simplelink_msp432p4_sdk_1_50_00_12/source/ti/devices/msp432p4xx/driverlib/gcc/msp432p4xx_driverlib.a(i2c_MSP432P4XX.obj)
                0x000000000000212e                I2C_isBusBusy
 .text.I2C_masterSendMultiByteStart
                0x0000000000002152       0x84 /home/joschinc/ti/simplelink_msp432p4_sdk_1_50_00_12/source/ti/devices/msp432p4xx/driverlib/gcc/msp432p4xx_driverlib.a(i2c_MSP432P4XX.obj)
                0x0000000000002152                I2C_masterSendMultiByteStart
 .text.I2C_masterSendMultiByteNext
                0x00000000000021d6       0x4a /home/joschinc/ti/simplelink_msp432p4_sdk_1_50_00_12/source/ti/devices/msp432p4xx/driverlib/gcc/msp432p4xx_driverlib.a(i2c_MSP432P4XX.obj)
                0x00000000000021d6                I2C_masterSendMultiByteNext
 .text.I2C_masterSendMultiByteFinish
                0x0000000000002220       0x9c /home/joschinc/ti/simplelink_msp432p4_sdk_1_50_00_12/source/ti/devices/msp432p4xx/driverlib/gcc/msp432p4xx_driverlib.a(i2c_MSP432P4XX.obj)
                0x0000000000002220                I2C_masterSendMultiByteFinish
 .text.I2C_masterSendMultiByteStop
                0x00000000000022bc       0x4c /home/joschinc/ti/simplelink_msp432p4_sdk_1_50_00_12/source/ti/devices/msp432p4xx/driverlib/gcc/msp432p4xx_driverlib.a(i2c_MSP432P4XX.obj)
                0x00000000000022bc                I2C_masterSendMultiByteStop
 .text.I2C_masterReceiveStart
                0x0000000000002308       0x2e /home/joschinc/ti/simplelink_msp432p4_sdk_1_50_00_12/source/ti/devices/msp432p4xx/driverlib/gcc/msp432p4xx_driverlib.a(i2c_MSP432P4XX.obj)
                0x0000000000002308                I2C_masterReceiveStart
 .text.I2C_masterReceiveMultiByteNext
                0x0000000000002336       0x1c /home/joschinc/ti/simplelink_msp432p4_sdk_1_50_00_12/source/ti/devices/msp432p4xx/driverlib/gcc/msp432p4xx_driverlib.a(i2c_MSP432P4XX.obj)
                0x0000000000002336                I2C_masterReceiveMultiByteNext
 .text.I2C_masterReceiveMultiByteFinish
                0x0000000000002352       0x52 /home/joschinc/ti/simplelink_msp432p4_sdk_1_50_00_12/source/ti/devices/msp432p4xx/driverlib/gcc/msp432p4xx_driverlib.a(i2c_MSP432P4XX.obj)
                0x0000000000002352                I2C_masterReceiveMultiByteFinish
 .text.I2C_clearInterruptFlag
                0x00000000000023a4       0x2c /home/joschinc/ti/simplelink_msp432p4_sdk_1_50_00_12/source/ti/devices/msp432p4xx/driverlib/gcc/msp432p4xx_driverlib.a(i2c_MSP432P4XX.obj)
                0x00000000000023a4                I2C_clearInterruptFlag
 .text.I2C_getInterruptStatus
                0x00000000000023d0       0x24 /home/joschinc/ti/simplelink_msp432p4_sdk_1_50_00_12/source/ti/devices/msp432p4xx/driverlib/gcc/msp432p4xx_driverlib.a(i2c_MSP432P4XX.obj)
                0x00000000000023d0                I2C_getInterruptStatus
 .text.Interrupt_enableMaster
                0x00000000000023f4       0x18 /home/joschinc/ti/simplelink_msp432p4_sdk_1_50_00_12/source/ti/devices/msp432p4xx/driverlib/gcc/msp432p4xx_driverlib.a(interrupt_MSP432P4XX.obj)
                0x00000000000023f4                Interrupt_enableMaster
 .text.Interrupt_enableInterrupt
                0x000000000000240c       0x94 /home/joschinc/ti/simplelink_msp432p4_sdk_1_50_00_12/source/ti/devices/msp432p4xx/driverlib/gcc/msp432p4xx_driverlib.a(interrupt_MSP432P4XX.obj)
                0x000000000000240c                Interrupt_enableInterrupt
 .text.SysCtl_enableSRAMBankRetention
                0x00000000000024a0       0x34 /home/joschinc/ti/simplelink_msp432p4_sdk_1_50_00_12/source/ti/devices/msp432p4xx/driverlib/gcc/msp432p4xx_driverlib.a(sysctl_MSP432P4XX.obj)
                0x00000000000024a0                SysCtl_enableSRAMBankRetention
 .text.WDT_A_holdTimer
                0x00000000000024d4       0x34 /home/joschinc/ti/simplelink_msp432p4_sdk_1_50_00_12/source/ti/devices/msp432p4xx/driverlib/gcc/msp432p4xx_driverlib.a(wdt_a_MSP432P4XX.obj)
                0x00000000000024d4                WDT_A_holdTimer
 .text.CPU_cpsie
                0x0000000000002508        0xe /home/joschinc/ti/simplelink_msp432p4_sdk_1_50_00_12/source/ti/devices/msp432p4xx/driverlib/gcc/msp432p4xx_driverlib.a(cpu_MSP432P4XX.obj)
                0x0000000000002508                CPU_cpsie
 .text.abort    0x0000000000002516        0xe /opt/ti/ccsv7/tools/compiler/gcc-arm-none-eabi-6-2017-q1-update/arm-none-eabi/lib/thumb/v7e-m/fpv4-sp/hard/libc_nano.a(lib_a-abort.o)
                0x0000000000002516                abort
 .text.exit     0x0000000000002524       0x28 /opt/ti/ccsv7/tools/compiler/gcc-arm-none-eabi-6-2017-q1-update/arm-none-eabi/lib/thumb/v7e-m/fpv4-sp/hard/libc_nano.a(lib_a-exit.o)
                0x0000000000002524                exit
 .text.__libc_init_array
                0x000000000000254c       0x48 /opt/ti/ccsv7/tools/compiler/gcc-arm-none-eabi-6-2017-q1-update/arm-none-eabi/lib/thumb/v7e-m/fpv4-sp/hard/libc_nano.a(lib_a-init.o)
                0x000000000000254c                __libc_init_array
 .text.memcpy   0x0000000000002594       0x16 /opt/ti/ccsv7/tools/compiler/gcc-arm-none-eabi-6-2017-q1-update/arm-none-eabi/lib/thumb/v7e-m/fpv4-sp/hard/libc_nano.a(lib_a-memcpy-stub.o)
                0x0000000000002594                memcpy
 .text.memset   0x00000000000025aa       0x10 /opt/ti/ccsv7/tools/compiler/gcc-arm-none-eabi-6-2017-q1-update/arm-none-eabi/lib/thumb/v7e-m/fpv4-sp/hard/libc_nano.a(lib_a-memset.o)
                0x00000000000025aa                memset
 .text._raise_r
                0x00000000000025ba       0x50 /opt/ti/ccsv7/tools/compiler/gcc-arm-none-eabi-6-2017-q1-update/arm-none-eabi/lib/thumb/v7e-m/fpv4-sp/hard/libc_nano.a(lib_a-signal.o)
                0x00000000000025ba                _raise_r
 *fill*         0x000000000000260a        0x2 
 .text.raise    0x000000000000260c       0x10 /opt/ti/ccsv7/tools/compiler/gcc-arm-none-eabi-6-2017-q1-update/arm-none-eabi/lib/thumb/v7e-m/fpv4-sp/hard/libc_nano.a(lib_a-signal.o)
                0x000000000000260c                raise
 .text._kill_r  0x000000000000261c       0x24 /opt/ti/ccsv7/tools/compiler/gcc-arm-none-eabi-6-2017-q1-update/arm-none-eabi/lib/thumb/v7e-m/fpv4-sp/hard/libc_nano.a(lib_a-signalr.o)
                0x000000000000261c                _kill_r
 .text._getpid_r
                0x0000000000002640        0x4 /opt/ti/ccsv7/tools/compiler/gcc-arm-none-eabi-6-2017-q1-update/arm-none-eabi/lib/thumb/v7e-m/fpv4-sp/hard/libc_nano.a(lib_a-signalr.o)
                0x0000000000002640                _getpid_r
 .text._getpid  0x0000000000002644       0x10 /opt/ti/ccsv7/tools/compiler/gcc-arm-none-eabi-6-2017-q1-update/arm-none-eabi/lib/thumb/v7e-m/fpv4-sp/hard/libnosys.a(getpid.o)
                0x0000000000002644                _getpid
 .text._kill    0x0000000000002654       0x10 /opt/ti/ccsv7/tools/compiler/gcc-arm-none-eabi-6-2017-q1-update/arm-none-eabi/lib/thumb/v7e-m/fpv4-sp/hard/libnosys.a(kill.o)
                0x0000000000002654                _kill
 .text._exit    0x0000000000002664        0x4 /opt/ti/ccsv7/tools/compiler/gcc-arm-none-eabi-6-2017-q1-update/arm-none-eabi/lib/thumb/v7e-m/fpv4-sp/hard/libnosys.a(_exit.o)
                0x0000000000002664                _exit
                0x0000000000002668                . = ALIGN (0x4)
 *(.ctors)
                0x0000000000002668                . = ALIGN (0x4)
 *(.dtors)
                0x0000000000002668                . = ALIGN (0x4)
                0x0000000000002668                __init_array_start = .
 *(.init_array*)
 .init_array    0x0000000000002668        0x4 /opt/ti/ccsv7/tools/compiler/gcc-arm-none-eabi-6-2017-q1-update/bin/../lib/gcc/arm-none-eabi/6.3.1/thumb/v7e-m/fpv4-sp/hard/crtbegin.o
                0x000000000000266c                __init_array_end = .
 *(.init)
 .init          0x000000000000266c        0x4 /opt/ti/ccsv7/tools/compiler/gcc-arm-none-eabi-6-2017-q1-update/bin/../lib/gcc/arm-none-eabi/6.3.1/thumb/v7e-m/fpv4-sp/hard/crti.o
                0x000000000000266c                _init
 .init          0x0000000000002670        0x8 /opt/ti/ccsv7/tools/compiler/gcc-arm-none-eabi-6-2017-q1-update/bin/../lib/gcc/arm-none-eabi/6.3.1/thumb/v7e-m/fpv4-sp/hard/crtn.o
 *(.fini*)
 .fini          0x0000000000002678        0x4 /opt/ti/ccsv7/tools/compiler/gcc-arm-none-eabi-6-2017-q1-update/bin/../lib/gcc/arm-none-eabi/6.3.1/thumb/v7e-m/fpv4-sp/hard/crti.o
                0x0000000000002678                _fini
 .fini_array    0x000000000000267c        0x4 /opt/ti/ccsv7/tools/compiler/gcc-arm-none-eabi-6-2017-q1-update/bin/../lib/gcc/arm-none-eabi/6.3.1/thumb/v7e-m/fpv4-sp/hard/crtbegin.o
 .fini          0x0000000000002680        0x8 /opt/ti/ccsv7/tools/compiler/gcc-arm-none-eabi-6-2017-q1-update/bin/../lib/gcc/arm-none-eabi/6.3.1/thumb/v7e-m/fpv4-sp/hard/crtn.o

.glue_7         0x0000000000002688        0x0
 .glue_7        0x0000000000002688        0x0 linker stubs

.glue_7t        0x0000000000002688        0x0
 .glue_7t       0x0000000000002688        0x0 linker stubs

.vfp11_veneer   0x0000000000002688        0x0
 .vfp11_veneer  0x0000000000002688        0x0 linker stubs

.v4_bx          0x0000000000002688        0x0
 .v4_bx         0x0000000000002688        0x0 linker stubs

.iplt           0x0000000000002688        0x0
 .iplt          0x0000000000002688        0x0 /opt/ti/ccsv7/tools/compiler/gcc-arm-none-eabi-6-2017-q1-update/bin/../lib/gcc/arm-none-eabi/6.3.1/thumb/v7e-m/fpv4-sp/hard/crtbegin.o

.rodata         0x0000000000002688       0x50
 *(.rodata)
 *(.rodata.*)
 .rodata._ZL9i2cConfig
                0x0000000000002688       0x14 ./main.o
 .rodata.GPIO_PORT_TO_BASE
                0x000000000000269c       0x30 /home/joschinc/ti/simplelink_msp432p4_sdk_1_50_00_12/source/ti/devices/msp432p4xx/driverlib/gcc/msp432p4xx_driverlib.a(gpio_MSP432P4XX.obj)
 .rodata.g_pulEnRegs
                0x00000000000026cc        0x8 /home/joschinc/ti/simplelink_msp432p4_sdk_1_50_00_12/source/ti/devices/msp432p4xx/driverlib/gcc/msp432p4xx_driverlib.a(interrupt_MSP432P4XX.obj)
 .rodata._global_impure_ptr
                0x00000000000026d4        0x4 /opt/ti/ccsv7/tools/compiler/gcc-arm-none-eabi-6-2017-q1-update/arm-none-eabi/lib/thumb/v7e-m/fpv4-sp/hard/libc_nano.a(lib_a-impure.o)
                0x00000000000026d4                _global_impure_ptr

.eh_frame       0x00000000000026d8        0x0
 .eh_frame      0x00000000000026d8        0x0 /opt/ti/ccsv7/tools/compiler/gcc-arm-none-eabi-6-2017-q1-update/bin/../lib/gcc/arm-none-eabi/6.3.1/thumb/v7e-m/fpv4-sp/hard/crtbegin.o

.ARM.exidx      0x00000000000026d8      0x120
                0x00000000000026d8                __exidx_start = .
 *(.ARM.exidx* .gnu.linkonce.armexidx.*)
 .ARM.exidx     0x00000000000026d8        0x8 /opt/ti/ccsv7/tools/compiler/gcc-arm-none-eabi-6-2017-q1-update/bin/../lib/gcc/arm-none-eabi/6.3.1/../../../../arm-none-eabi/lib/thumb/v7e-m/fpv4-sp/hard/crt0.o
 .ARM.exidx.text.__NVIC_EnableIRQ
                0x0000000000002790        0x0 ./main.o
                                          0x8 (size before relaxing)
 .ARM.exidx.text.__NVIC_SetPriority
                0x0000000000002790        0x0 ./main.o
                                          0x8 (size before relaxing)
 .ARM.exidx.text._Z13Init_I2C_GPIOv
                0x0000000000002790        0x8 ./main.o
 .ARM.exidx.text._Z8I2C_initv
                0x0000000000002798        0x0 ./main.o
                                          0x8 (size before relaxing)
 .ARM.exidx.text._Z10I2C_read16h
                0x0000000000002798        0x8 ./main.o
 .ARM.exidx.text._Z11I2C_write16hj
                0x00000000000027a0        0x8 ./main.o
 .ARM.exidx.text._Z12I2C_setslavej
                0x00000000000027a8        0x8 ./main.o
 .ARM.exidx.text._Z12OPT3001_initv
                0x00000000000027b0        0x8 ./main.o
 .ARM.exidx.text._Z14OPT3001_getLuxv
                0x00000000000027b8        0x8 ./main.o
 .ARM.exidx.text.main
                0x00000000000027c0        0x8 ./main.o
 .ARM.exidx.text._Z5setupv
                0x00000000000027c8        0x0 ./main.o
                                          0x8 (size before relaxing)
 .ARM.exidx.text._Z19TurnON_LIGHTHandlerv
                0x00000000000027c8        0x0 ./main.o
                                          0x8 (size before relaxing)
 .ARM.exidx.text._Z20TurnOFF_LIGHTHandlerv
                0x00000000000027c8        0x0 ./main.o
                                          0x8 (size before relaxing)
 .ARM.exidx.text._Z18CHECK_LIGHTHandlerv
                0x00000000000027c8        0x0 ./main.o
                                          0x8 (size before relaxing)
 .ARM.exidx.text._Z18BLINK_STARTHandlerv
                0x00000000000027c8        0x8 ./main.o
 .ARM.exidx.text._Z16WAIT_TIMEHandlerv
                0x00000000000027d0        0x0 ./main.o
                                          0x8 (size before relaxing)
 .ARM.exidx.text._Z11CHECK_READYv
                0x00000000000027d0        0x0 ./main.o
                                          0x8 (size before relaxing)
 .ARM.exidx.text._Z13CHECK_COUNTERv
                0x00000000000027d0        0x0 ./main.o
                                          0x8 (size before relaxing)
 .ARM.exidx.text._Z15DATA_ADCHandlerv
                0x00000000000027d0        0x8 ./main.o
 .ARM.exidx.text.ADC14_IRQHandler
                0x00000000000027d8        0x8 ./main.o
 .ARM.exidx.text.PORT3_IRQHandler
                0x00000000000027e0        0x8 ./main.o
 .ARM.exidx.text.T32_INT1_IRQHandler
                0x00000000000027e8        0x8 ./main.o
 .ARM.exidx.text.T32_INT2_IRQHandler
                0x00000000000027f0        0x8 ./main.o
 .ARM.exidx     0x00000000000026e0       0x78 /opt/ti/ccsv7/tools/compiler/gcc-arm-none-eabi-6-2017-q1-update/bin/../lib/gcc/arm-none-eabi/6.3.1/thumb/v7e-m/fpv4-sp/hard/libgcc.a(unwind-arm.o)
                                         0xd8 (size before relaxing)
 .ARM.exidx     0x0000000000002758       0x38 /opt/ti/ccsv7/tools/compiler/gcc-arm-none-eabi-6-2017-q1-update/bin/../lib/gcc/arm-none-eabi/6.3.1/thumb/v7e-m/fpv4-sp/hard/libgcc.a(pr-support.o)
                                         0x48 (size before relaxing)
                0x00000000000027f8                __exidx_end = .

.ARM.extab      0x00000000000027f8       0x60
 *(.ARM.extab* .gnu.linkonce.armextab.*)
 .ARM.extab     0x00000000000027f8        0x0 /opt/ti/ccsv7/tools/compiler/gcc-arm-none-eabi-6-2017-q1-update/bin/../lib/gcc/arm-none-eabi/6.3.1/../../../../arm-none-eabi/lib/thumb/v7e-m/fpv4-sp/hard/crt0.o
 .ARM.extab.text.__NVIC_EnableIRQ
                0x00000000000027f8        0x0 ./main.o
 .ARM.extab.text.__NVIC_SetPriority
                0x00000000000027f8        0x0 ./main.o
 .ARM.extab.text._Z13Init_I2C_GPIOv
                0x00000000000027f8        0x0 ./main.o
 .ARM.extab.text._Z8I2C_initv
                0x00000000000027f8        0x0 ./main.o
 .ARM.extab.text._Z10I2C_read16h
                0x00000000000027f8        0xc ./main.o
 .ARM.extab.text._Z11I2C_write16hj
                0x0000000000002804        0xc ./main.o
 .ARM.extab.text._Z12I2C_setslavej
                0x0000000000002810        0xc ./main.o
 .ARM.extab.text._Z12OPT3001_initv
                0x000000000000281c        0x0 ./main.o
 .ARM.extab.text._Z26OPT3001_readManufacturerIdv
                0x000000000000281c        0x0 ./main.o
 .ARM.extab.text._Z20OPT3001_readDeviceIdv
                0x000000000000281c        0x0 ./main.o
 .ARM.extab.text._Z21OPT3001_readConfigRegv
                0x000000000000281c        0x0 ./main.o
 .ARM.extab.text._Z23OPT3001_readLowLimitRegv
                0x000000000000281c        0x0 ./main.o
 .ARM.extab.text._Z24OPT3001_readHighLimitRegv
                0x000000000000281c        0x0 ./main.o
 .ARM.extab.text._Z14OPT3001_getLuxv
                0x000000000000281c        0xc ./main.o
 .ARM.extab.text.main
                0x0000000000002828        0x0 ./main.o
 .ARM.extab.text._Z5setupv
                0x0000000000002828        0x0 ./main.o
 .ARM.extab.text._Z19TurnON_LIGHTHandlerv
                0x0000000000002828        0x0 ./main.o
 .ARM.extab.text._Z20TurnOFF_LIGHTHandlerv
                0x0000000000002828        0x0 ./main.o
 .ARM.extab.text._Z18CHECK_LIGHTHandlerv
                0x0000000000002828        0x0 ./main.o
 .ARM.extab.text._Z18BLINK_STARTHandlerv
                0x0000000000002828        0x0 ./main.o
 .ARM.extab.text._Z16WAIT_TIMEHandlerv
                0x0000000000002828        0x0 ./main.o
 .ARM.extab.text._Z11CHECK_READYv
                0x0000000000002828        0x0 ./main.o
 .ARM.extab.text._Z13CHECK_COUNTERv
                0x0000000000002828        0x0 ./main.o
 .ARM.extab.text._Z15DATA_ADCHandlerv
                0x0000000000002828        0xc ./main.o
 .ARM.extab.text.ADC14_IRQHandler
                0x0000000000002834        0x0 ./main.o
 .ARM.extab.text.PORT3_IRQHandler
                0x0000000000002834        0xc ./main.o
 .ARM.extab.text.T32_INT1_IRQHandler
                0x0000000000002840        0x0 ./main.o
 .ARM.extab.text.T32_INT2_IRQHandler
                0x0000000000002840        0x0 ./main.o
 .ARM.extab     0x0000000000002840        0x0 /opt/ti/ccsv7/tools/compiler/gcc-arm-none-eabi-6-2017-q1-update/bin/../lib/gcc/arm-none-eabi/6.3.1/thumb/v7e-m/fpv4-sp/hard/libgcc.a(unwind-arm.o)
 .ARM.extab     0x0000000000002840       0x18 /opt/ti/ccsv7/tools/compiler/gcc-arm-none-eabi-6-2017-q1-update/bin/../lib/gcc/arm-none-eabi/6.3.1/thumb/v7e-m/fpv4-sp/hard/libgcc.a(pr-support.o)
                0x0000000000002858                __etext = .

.rel.dyn        0x0000000000002858        0x0
 .rel.iplt      0x0000000000002858        0x0 /opt/ti/ccsv7/tools/compiler/gcc-arm-none-eabi-6-2017-q1-update/bin/../lib/gcc/arm-none-eabi/6.3.1/thumb/v7e-m/fpv4-sp/hard/crtbegin.o

.data           0x0000000020000000       0x80 load address 0x0000000000002858
                0x0000000000002858                __data_load__ = LOADADDR (.data)
                0x0000000020000000                __data_start__ = .
 *(.data)
 .data          0x0000000020000000        0x0 /opt/ti/ccsv7/tools/compiler/gcc-arm-none-eabi-6-2017-q1-update/bin/../lib/gcc/arm-none-eabi/6.3.1/thumb/v7e-m/fpv4-sp/hard/crti.o
 .data          0x0000000020000000        0x4 /opt/ti/ccsv7/tools/compiler/gcc-arm-none-eabi-6-2017-q1-update/bin/../lib/gcc/arm-none-eabi/6.3.1/thumb/v7e-m/fpv4-sp/hard/crtbegin.o
                0x0000000020000000                __dso_handle
 .data          0x0000000020000004        0x0 /opt/ti/ccsv7/tools/compiler/gcc-arm-none-eabi-6-2017-q1-update/bin/../lib/gcc/arm-none-eabi/6.3.1/../../../../arm-none-eabi/lib/thumb/v7e-m/fpv4-sp/hard/crt0.o
 .data          0x0000000020000004        0x0 ./HAL_I2C.o
 .data          0x0000000020000004        0x0 ./HAL_OPT3001.o
 .data          0x0000000020000004        0x0 ./main.o
 .data          0x0000000020000004        0x0 ./system_msp432p401r.o
 .data          0x0000000020000004        0x0 ./gcc/startup_msp432p401r_gcc.o
 .data          0x0000000020000004        0x0 /home/joschinc/ti/simplelink_msp432p4_sdk_1_50_00_12/source/ti/devices/msp432p4xx/driverlib/gcc/msp432p4xx_driverlib.a(gpio_MSP432P4XX.obj)
 .data          0x0000000020000004        0x0 /home/joschinc/ti/simplelink_msp432p4_sdk_1_50_00_12/source/ti/devices/msp432p4xx/driverlib/gcc/msp432p4xx_driverlib.a(i2c_MSP432P4XX.obj)
 .data          0x0000000020000004        0x0 /home/joschinc/ti/simplelink_msp432p4_sdk_1_50_00_12/source/ti/devices/msp432p4xx/driverlib/gcc/msp432p4xx_driverlib.a(interrupt_MSP432P4XX.obj)
 .data          0x0000000020000004        0x0 /home/joschinc/ti/simplelink_msp432p4_sdk_1_50_00_12/source/ti/devices/msp432p4xx/driverlib/gcc/msp432p4xx_driverlib.a(sysctl_MSP432P4XX.obj)
 .data          0x0000000020000004        0x0 /home/joschinc/ti/simplelink_msp432p4_sdk_1_50_00_12/source/ti/devices/msp432p4xx/driverlib/gcc/msp432p4xx_driverlib.a(wdt_a_MSP432P4XX.obj)
 .data          0x0000000020000004        0x0 /home/joschinc/ti/simplelink_msp432p4_sdk_1_50_00_12/source/ti/devices/msp432p4xx/driverlib/gcc/msp432p4xx_driverlib.a(cpu_MSP432P4XX.obj)
 .data          0x0000000020000004        0x0 /home/joschinc/ti/simplelink_msp432p4_sdk_1_50_00_12/source/ti/devices/msp432p4xx/driverlib/gcc/msp432p4xx_driverlib.a(sysctl_a_MSP432P4XX.obj)
 .data          0x0000000020000004        0x0 /opt/ti/ccsv7/tools/compiler/gcc-arm-none-eabi-6-2017-q1-update/bin/../lib/gcc/arm-none-eabi/6.3.1/thumb/v7e-m/fpv4-sp/hard/libgcc.a(unwind-arm.o)
 .data          0x0000000020000004        0x0 /opt/ti/ccsv7/tools/compiler/gcc-arm-none-eabi-6-2017-q1-update/bin/../lib/gcc/arm-none-eabi/6.3.1/thumb/v7e-m/fpv4-sp/hard/libgcc.a(libunwind.o)
 .data          0x0000000020000004        0x0 /opt/ti/ccsv7/tools/compiler/gcc-arm-none-eabi-6-2017-q1-update/bin/../lib/gcc/arm-none-eabi/6.3.1/thumb/v7e-m/fpv4-sp/hard/libgcc.a(pr-support.o)
 .data          0x0000000020000004        0x0 /opt/ti/ccsv7/tools/compiler/gcc-arm-none-eabi-6-2017-q1-update/arm-none-eabi/lib/thumb/v7e-m/fpv4-sp/hard/libc_nano.a(lib_a-abort.o)
 .data          0x0000000020000004        0x0 /opt/ti/ccsv7/tools/compiler/gcc-arm-none-eabi-6-2017-q1-update/arm-none-eabi/lib/thumb/v7e-m/fpv4-sp/hard/libc_nano.a(lib_a-exit.o)
 .data          0x0000000020000004        0x0 /opt/ti/ccsv7/tools/compiler/gcc-arm-none-eabi-6-2017-q1-update/arm-none-eabi/lib/thumb/v7e-m/fpv4-sp/hard/libc_nano.a(lib_a-impure.o)
 .data          0x0000000020000004        0x0 /opt/ti/ccsv7/tools/compiler/gcc-arm-none-eabi-6-2017-q1-update/arm-none-eabi/lib/thumb/v7e-m/fpv4-sp/hard/libc_nano.a(lib_a-init.o)
 .data          0x0000000020000004        0x0 /opt/ti/ccsv7/tools/compiler/gcc-arm-none-eabi-6-2017-q1-update/arm-none-eabi/lib/thumb/v7e-m/fpv4-sp/hard/libc_nano.a(lib_a-memcpy-stub.o)
 .data          0x0000000020000004        0x0 /opt/ti/ccsv7/tools/compiler/gcc-arm-none-eabi-6-2017-q1-update/arm-none-eabi/lib/thumb/v7e-m/fpv4-sp/hard/libc_nano.a(lib_a-memset.o)
 .data          0x0000000020000004        0x0 /opt/ti/ccsv7/tools/compiler/gcc-arm-none-eabi-6-2017-q1-update/arm-none-eabi/lib/thumb/v7e-m/fpv4-sp/hard/libc_nano.a(lib_a-signal.o)
 .data          0x0000000020000004        0x0 /opt/ti/ccsv7/tools/compiler/gcc-arm-none-eabi-6-2017-q1-update/arm-none-eabi/lib/thumb/v7e-m/fpv4-sp/hard/libc_nano.a(lib_a-signalr.o)
 .data          0x0000000020000004        0x0 /opt/ti/ccsv7/tools/compiler/gcc-arm-none-eabi-6-2017-q1-update/arm-none-eabi/lib/thumb/v7e-m/fpv4-sp/hard/libc_nano.a(lib_a-nano-mallocr.o)
 .data          0x0000000020000004        0x0 /opt/ti/ccsv7/tools/compiler/gcc-arm-none-eabi-6-2017-q1-update/arm-none-eabi/lib/thumb/v7e-m/fpv4-sp/hard/libc_nano.a(lib_a-reent.o)
 .data          0x0000000020000004        0x0 /opt/ti/ccsv7/tools/compiler/gcc-arm-none-eabi-6-2017-q1-update/arm-none-eabi/lib/thumb/v7e-m/fpv4-sp/hard/libc_nano.a(lib_a-sbrkr.o)
 .data          0x0000000020000004        0x0 /opt/ti/ccsv7/tools/compiler/gcc-arm-none-eabi-6-2017-q1-update/arm-none-eabi/lib/thumb/v7e-m/fpv4-sp/hard/libc_nano.a(lib_a-mlock.o)
 .data          0x0000000020000004        0x0 /opt/ti/ccsv7/tools/compiler/gcc-arm-none-eabi-6-2017-q1-update/arm-none-eabi/lib/thumb/v7e-m/fpv4-sp/hard/libc_nano.a(lib_a-nano-freer.o)
 .data          0x0000000020000004        0x0 /opt/ti/ccsv7/tools/compiler/gcc-arm-none-eabi-6-2017-q1-update/arm-none-eabi/lib/thumb/v7e-m/fpv4-sp/hard/libnosys.a(getpid.o)
 .data          0x0000000020000004        0x0 /opt/ti/ccsv7/tools/compiler/gcc-arm-none-eabi-6-2017-q1-update/arm-none-eabi/lib/thumb/v7e-m/fpv4-sp/hard/libnosys.a(kill.o)
 .data          0x0000000020000004        0x0 /opt/ti/ccsv7/tools/compiler/gcc-arm-none-eabi-6-2017-q1-update/arm-none-eabi/lib/thumb/v7e-m/fpv4-sp/hard/libnosys.a(sbrk.o)
 .data          0x0000000020000004        0x0 /opt/ti/ccsv7/tools/compiler/gcc-arm-none-eabi-6-2017-q1-update/arm-none-eabi/lib/thumb/v7e-m/fpv4-sp/hard/libnosys.a(_exit.o)
 .data          0x0000000020000004        0x0 /opt/ti/ccsv7/tools/compiler/gcc-arm-none-eabi-6-2017-q1-update/bin/../lib/gcc/arm-none-eabi/6.3.1/thumb/v7e-m/fpv4-sp/hard/crtend.o
 .data          0x0000000020000004        0x0 /opt/ti/ccsv7/tools/compiler/gcc-arm-none-eabi-6-2017-q1-update/bin/../lib/gcc/arm-none-eabi/6.3.1/thumb/v7e-m/fpv4-sp/hard/crtn.o
 *(.data*)
 .data.lights   0x0000000020000004        0x1 ./main.o
                0x0000000020000004                lights
 .data.blink    0x0000000020000005        0x1 ./main.o
                0x0000000020000005                blink
 *fill*         0x0000000020000006        0x2 
 .data.blink_counter
                0x0000000020000008        0x4 ./main.o
                0x0000000020000008                blink_counter
 .data.day_night
                0x000000002000000c        0x1 ./main.o
                0x000000002000000c                day_night
 *fill*         0x000000002000000d        0x1 
 .data.lux_min  0x000000002000000e        0x2 ./main.o
                0x000000002000000e                lux_min
 .data.ADC14Result
                0x0000000020000010        0x2 ./main.o
                0x0000000020000010                ADC14Result
 *fill*         0x0000000020000012        0x2 
 .data.Noise_Level
                0x0000000020000014        0x4 ./main.o
                0x0000000020000014                Noise_Level
 .data.SystemCoreClock
                0x0000000020000018        0x4 ./system_msp432p401r.o
                0x0000000020000018                SystemCoreClock
 .data._impure_ptr
                0x000000002000001c        0x4 /opt/ti/ccsv7/tools/compiler/gcc-arm-none-eabi-6-2017-q1-update/arm-none-eabi/lib/thumb/v7e-m/fpv4-sp/hard/libc_nano.a(lib_a-impure.o)
                0x000000002000001c                _impure_ptr
 .data.impure_data
                0x0000000020000020       0x60 /opt/ti/ccsv7/tools/compiler/gcc-arm-none-eabi-6-2017-q1-update/arm-none-eabi/lib/thumb/v7e-m/fpv4-sp/hard/libc_nano.a(lib_a-impure.o)
                0x0000000020000080                . = ALIGN (0x4)
                0x0000000020000080                __data_end__ = .

.jcr            0x0000000020000080        0x0 load address 0x00000000000028d8
 .jcr           0x0000000020000080        0x0 /opt/ti/ccsv7/tools/compiler/gcc-arm-none-eabi-6-2017-q1-update/bin/../lib/gcc/arm-none-eabi/6.3.1/thumb/v7e-m/fpv4-sp/hard/crtbegin.o

.igot.plt       0x0000000020000080        0x0 load address 0x00000000000028d8
 .igot.plt      0x0000000020000080        0x0 /opt/ti/ccsv7/tools/compiler/gcc-arm-none-eabi-6-2017-q1-update/bin/../lib/gcc/arm-none-eabi/6.3.1/thumb/v7e-m/fpv4-sp/hard/crtbegin.o

.bss            0x0000000020000080       0x88
                0x0000000020000080                __bss_start__ = .
 *(.shbss)
 *(.bss)
 .bss           0x0000000020000080        0x0 /opt/ti/ccsv7/tools/compiler/gcc-arm-none-eabi-6-2017-q1-update/bin/../lib/gcc/arm-none-eabi/6.3.1/thumb/v7e-m/fpv4-sp/hard/crti.o
 .bss           0x0000000020000080       0x1c /opt/ti/ccsv7/tools/compiler/gcc-arm-none-eabi-6-2017-q1-update/bin/../lib/gcc/arm-none-eabi/6.3.1/thumb/v7e-m/fpv4-sp/hard/crtbegin.o
 .bss           0x000000002000009c        0x0 /opt/ti/ccsv7/tools/compiler/gcc-arm-none-eabi-6-2017-q1-update/bin/../lib/gcc/arm-none-eabi/6.3.1/../../../../arm-none-eabi/lib/thumb/v7e-m/fpv4-sp/hard/crt0.o
 .bss           0x000000002000009c        0x0 ./HAL_I2C.o
 .bss           0x000000002000009c        0x0 ./HAL_OPT3001.o
 .bss           0x000000002000009c        0x0 ./main.o
 .bss           0x000000002000009c        0x0 ./system_msp432p401r.o
 .bss           0x000000002000009c        0x0 ./gcc/startup_msp432p401r_gcc.o
 .bss           0x000000002000009c        0x0 /home/joschinc/ti/simplelink_msp432p4_sdk_1_50_00_12/source/ti/devices/msp432p4xx/driverlib/gcc/msp432p4xx_driverlib.a(gpio_MSP432P4XX.obj)
 .bss           0x000000002000009c        0x0 /home/joschinc/ti/simplelink_msp432p4_sdk_1_50_00_12/source/ti/devices/msp432p4xx/driverlib/gcc/msp432p4xx_driverlib.a(i2c_MSP432P4XX.obj)
 .bss           0x000000002000009c        0x0 /home/joschinc/ti/simplelink_msp432p4_sdk_1_50_00_12/source/ti/devices/msp432p4xx/driverlib/gcc/msp432p4xx_driverlib.a(interrupt_MSP432P4XX.obj)
 .bss           0x000000002000009c        0x0 /home/joschinc/ti/simplelink_msp432p4_sdk_1_50_00_12/source/ti/devices/msp432p4xx/driverlib/gcc/msp432p4xx_driverlib.a(sysctl_MSP432P4XX.obj)
 .bss           0x000000002000009c        0x0 /home/joschinc/ti/simplelink_msp432p4_sdk_1_50_00_12/source/ti/devices/msp432p4xx/driverlib/gcc/msp432p4xx_driverlib.a(wdt_a_MSP432P4XX.obj)
 .bss           0x000000002000009c        0x0 /home/joschinc/ti/simplelink_msp432p4_sdk_1_50_00_12/source/ti/devices/msp432p4xx/driverlib/gcc/msp432p4xx_driverlib.a(cpu_MSP432P4XX.obj)
 .bss           0x000000002000009c        0x0 /home/joschinc/ti/simplelink_msp432p4_sdk_1_50_00_12/source/ti/devices/msp432p4xx/driverlib/gcc/msp432p4xx_driverlib.a(sysctl_a_MSP432P4XX.obj)
 .bss           0x000000002000009c        0x0 /opt/ti/ccsv7/tools/compiler/gcc-arm-none-eabi-6-2017-q1-update/bin/../lib/gcc/arm-none-eabi/6.3.1/thumb/v7e-m/fpv4-sp/hard/libgcc.a(unwind-arm.o)
 .bss           0x000000002000009c        0x0 /opt/ti/ccsv7/tools/compiler/gcc-arm-none-eabi-6-2017-q1-update/bin/../lib/gcc/arm-none-eabi/6.3.1/thumb/v7e-m/fpv4-sp/hard/libgcc.a(libunwind.o)
 .bss           0x000000002000009c        0x0 /opt/ti/ccsv7/tools/compiler/gcc-arm-none-eabi-6-2017-q1-update/bin/../lib/gcc/arm-none-eabi/6.3.1/thumb/v7e-m/fpv4-sp/hard/libgcc.a(pr-support.o)
 .bss           0x000000002000009c        0x0 /opt/ti/ccsv7/tools/compiler/gcc-arm-none-eabi-6-2017-q1-update/arm-none-eabi/lib/thumb/v7e-m/fpv4-sp/hard/libc_nano.a(lib_a-abort.o)
 .bss           0x000000002000009c        0x0 /opt/ti/ccsv7/tools/compiler/gcc-arm-none-eabi-6-2017-q1-update/arm-none-eabi/lib/thumb/v7e-m/fpv4-sp/hard/libc_nano.a(lib_a-exit.o)
 .bss           0x000000002000009c        0x0 /opt/ti/ccsv7/tools/compiler/gcc-arm-none-eabi-6-2017-q1-update/arm-none-eabi/lib/thumb/v7e-m/fpv4-sp/hard/libc_nano.a(lib_a-impure.o)
 .bss           0x000000002000009c        0x0 /opt/ti/ccsv7/tools/compiler/gcc-arm-none-eabi-6-2017-q1-update/arm-none-eabi/lib/thumb/v7e-m/fpv4-sp/hard/libc_nano.a(lib_a-init.o)
 .bss           0x000000002000009c        0x0 /opt/ti/ccsv7/tools/compiler/gcc-arm-none-eabi-6-2017-q1-update/arm-none-eabi/lib/thumb/v7e-m/fpv4-sp/hard/libc_nano.a(lib_a-memcpy-stub.o)
 .bss           0x000000002000009c        0x0 /opt/ti/ccsv7/tools/compiler/gcc-arm-none-eabi-6-2017-q1-update/arm-none-eabi/lib/thumb/v7e-m/fpv4-sp/hard/libc_nano.a(lib_a-memset.o)
 .bss           0x000000002000009c        0x0 /opt/ti/ccsv7/tools/compiler/gcc-arm-none-eabi-6-2017-q1-update/arm-none-eabi/lib/thumb/v7e-m/fpv4-sp/hard/libc_nano.a(lib_a-signal.o)
 .bss           0x000000002000009c        0x0 /opt/ti/ccsv7/tools/compiler/gcc-arm-none-eabi-6-2017-q1-update/arm-none-eabi/lib/thumb/v7e-m/fpv4-sp/hard/libc_nano.a(lib_a-signalr.o)
 .bss           0x000000002000009c        0x0 /opt/ti/ccsv7/tools/compiler/gcc-arm-none-eabi-6-2017-q1-update/arm-none-eabi/lib/thumb/v7e-m/fpv4-sp/hard/libc_nano.a(lib_a-nano-mallocr.o)
 .bss           0x000000002000009c        0x0 /opt/ti/ccsv7/tools/compiler/gcc-arm-none-eabi-6-2017-q1-update/arm-none-eabi/lib/thumb/v7e-m/fpv4-sp/hard/libc_nano.a(lib_a-reent.o)
 .bss           0x000000002000009c        0x0 /opt/ti/ccsv7/tools/compiler/gcc-arm-none-eabi-6-2017-q1-update/arm-none-eabi/lib/thumb/v7e-m/fpv4-sp/hard/libc_nano.a(lib_a-sbrkr.o)
 .bss           0x000000002000009c        0x0 /opt/ti/ccsv7/tools/compiler/gcc-arm-none-eabi-6-2017-q1-update/arm-none-eabi/lib/thumb/v7e-m/fpv4-sp/hard/libc_nano.a(lib_a-mlock.o)
 .bss           0x000000002000009c        0x0 /opt/ti/ccsv7/tools/compiler/gcc-arm-none-eabi-6-2017-q1-update/arm-none-eabi/lib/thumb/v7e-m/fpv4-sp/hard/libc_nano.a(lib_a-nano-freer.o)
 .bss           0x000000002000009c        0x0 /opt/ti/ccsv7/tools/compiler/gcc-arm-none-eabi-6-2017-q1-update/arm-none-eabi/lib/thumb/v7e-m/fpv4-sp/hard/libnosys.a(getpid.o)
 .bss           0x000000002000009c        0x0 /opt/ti/ccsv7/tools/compiler/gcc-arm-none-eabi-6-2017-q1-update/arm-none-eabi/lib/thumb/v7e-m/fpv4-sp/hard/libnosys.a(kill.o)
 .bss           0x000000002000009c        0x0 /opt/ti/ccsv7/tools/compiler/gcc-arm-none-eabi-6-2017-q1-update/arm-none-eabi/lib/thumb/v7e-m/fpv4-sp/hard/libnosys.a(sbrk.o)
 .bss           0x000000002000009c        0x0 /opt/ti/ccsv7/tools/compiler/gcc-arm-none-eabi-6-2017-q1-update/arm-none-eabi/lib/thumb/v7e-m/fpv4-sp/hard/libnosys.a(_exit.o)
 .bss           0x000000002000009c        0x0 /opt/ti/ccsv7/tools/compiler/gcc-arm-none-eabi-6-2017-q1-update/bin/../lib/gcc/arm-none-eabi/6.3.1/thumb/v7e-m/fpv4-sp/hard/crtend.o
 .bss           0x000000002000009c        0x0 /opt/ti/ccsv7/tools/compiler/gcc-arm-none-eabi-6-2017-q1-update/bin/../lib/gcc/arm-none-eabi/6.3.1/thumb/v7e-m/fpv4-sp/hard/crtn.o
 *(.bss.*)
 .bss.debug     0x000000002000009c        0x1 ./main.o
                0x000000002000009c                debug
 .bss.sysinitial_ready
                0x000000002000009d        0x1 ./main.o
                0x000000002000009d                sysinitial_ready
 .bss.syscounter_ready
                0x000000002000009e        0x1 ./main.o
                0x000000002000009e                syscounter_ready
 .bss.L_State   0x000000002000009f        0x1 ./main.o
                0x000000002000009f                L_State
 .bss.lux       0x00000000200000a0        0x4 ./main.o
                0x00000000200000a0                lux
 .bss.newdata   0x00000000200000a4        0x1 ./main.o
                0x00000000200000a4                newdata
 *fill*         0x00000000200000a5        0x3 
 .bss.data_counter
                0x00000000200000a8        0x4 ./main.o
                0x00000000200000a8                data_counter
 .bss.samples   0x00000000200000ac       0x50 ./main.o
                0x00000000200000ac                samples
 .bss.average5sec
                0x00000000200000fc        0x4 ./main.o
                0x00000000200000fc                average5sec
 .bss.averagelastsec
                0x0000000020000100        0x4 ./main.o
                0x0000000020000100                averagelastsec
 *(COMMON)
 COMMON         0x0000000020000104        0x4 /opt/ti/ccsv7/tools/compiler/gcc-arm-none-eabi-6-2017-q1-update/arm-none-eabi/lib/thumb/v7e-m/fpv4-sp/hard/libc_nano.a(lib_a-reent.o)
                0x0000000020000104                errno
                0x0000000020000108                . = ALIGN (0x4)
                0x0000000020000108                __bss_end__ = .

.heap           0x0000000020000108        0x0
                0x0000000020000108                __heap_start__ = .
                0x0000000020000108                end = __heap_start__
                0x0000000020000108                _end = end
                0x0000000020000108                __end = end
 *(.heap)
                0x0000000020000108                __heap_end__ = .
                0x0000000020000108                __HeapLimit = __heap_end__

.stack          0x0000000020000108        0x0
                0x0000000020000108                _stack = .
 *(.stack)
                0x0000000020010000                __StackTop = (ORIGIN (REGION_STACK) + LENGTH (REGION_STACK))
                0x0000000020010000                PROVIDE (__stack, __StackTop)
START GROUP
LOAD /home/joschinc/ti/simplelink_msp432p4_sdk_1_50_00_12/source/ti/display/lib/display.am4fg
LOAD /home/joschinc/ti/simplelink_msp432p4_sdk_1_50_00_12/source/ti/drivers/lib/drivers_msp432p401x.am4fg
LOAD /home/joschinc/ti/simplelink_msp432p4_sdk_1_50_00_12/source/third_party/fatfs/lib/fatfs.am4fg
LOAD /home/joschinc/ti/simplelink_msp432p4_sdk_1_50_00_12/source/ti/devices/msp432p4xx/driverlib/gcc/msp432p4xx_driverlib.a
LOAD /opt/ti/ccsv7/tools/compiler/gcc-arm-none-eabi-6-2017-q1-update/bin/../lib/gcc/arm-none-eabi/6.3.1/thumb/v7e-m/fpv4-sp/hard/libgcc.a
LOAD /opt/ti/ccsv7/tools/compiler/gcc-arm-none-eabi-6-2017-q1-update/arm-none-eabi/lib/thumb/v7e-m/fpv4-sp/hard/libm.a
LOAD /opt/ti/ccsv7/tools/compiler/gcc-arm-none-eabi-6-2017-q1-update/arm-none-eabi/lib/thumb/v7e-m/fpv4-sp/hard/libnosys.a
LOAD /opt/ti/ccsv7/tools/compiler/gcc-arm-none-eabi-6-2017-q1-update/arm-none-eabi/lib/thumb/v7e-m/fpv4-sp/hard/libc_nano.a
END GROUP
START GROUP
LOAD /opt/ti/ccsv7/tools/compiler/gcc-arm-none-eabi-6-2017-q1-update/bin/../lib/gcc/arm-none-eabi/6.3.1/thumb/v7e-m/fpv4-sp/hard/libgcc.a
LOAD /opt/ti/ccsv7/tools/compiler/gcc-arm-none-eabi-6-2017-q1-update/arm-none-eabi/lib/thumb/v7e-m/fpv4-sp/hard/libg_nano.a
LOAD /opt/ti/ccsv7/tools/compiler/gcc-arm-none-eabi-6-2017-q1-update/arm-none-eabi/lib/thumb/v7e-m/fpv4-sp/hard/libc_nano.a
END GROUP
START GROUP
LOAD /opt/ti/ccsv7/tools/compiler/gcc-arm-none-eabi-6-2017-q1-update/bin/../lib/gcc/arm-none-eabi/6.3.1/thumb/v7e-m/fpv4-sp/hard/libgcc.a
LOAD /opt/ti/ccsv7/tools/compiler/gcc-arm-none-eabi-6-2017-q1-update/arm-none-eabi/lib/thumb/v7e-m/fpv4-sp/hard/libc_nano.a
END GROUP
LOAD /opt/ti/ccsv7/tools/compiler/gcc-arm-none-eabi-6-2017-q1-update/bin/../lib/gcc/arm-none-eabi/6.3.1/thumb/v7e-m/fpv4-sp/hard/crtend.o
LOAD /opt/ti/ccsv7/tools/compiler/gcc-arm-none-eabi-6-2017-q1-update/bin/../lib/gcc/arm-none-eabi/6.3.1/thumb/v7e-m/fpv4-sp/hard/crtn.o
OUTPUT(Labo1.out elf32-littlearm)

.ARM.attributes
                0x0000000000000000       0x30
 .ARM.attributes
                0x0000000000000000       0x22 /opt/ti/ccsv7/tools/compiler/gcc-arm-none-eabi-6-2017-q1-update/bin/../lib/gcc/arm-none-eabi/6.3.1/thumb/v7e-m/fpv4-sp/hard/crti.o
 .ARM.attributes
                0x0000000000000022       0x34 /opt/ti/ccsv7/tools/compiler/gcc-arm-none-eabi-6-2017-q1-update/bin/../lib/gcc/arm-none-eabi/6.3.1/thumb/v7e-m/fpv4-sp/hard/crtbegin.o
 .ARM.attributes
                0x0000000000000056       0x20 /opt/ti/ccsv7/tools/compiler/gcc-arm-none-eabi-6-2017-q1-update/bin/../lib/gcc/arm-none-eabi/6.3.1/../../../../arm-none-eabi/lib/thumb/v7e-m/fpv4-sp/hard/crt0.o
 .ARM.attributes
                0x0000000000000076       0x39 ./HAL_I2C.o
 .ARM.attributes
                0x00000000000000af       0x39 ./HAL_OPT3001.o
 .ARM.attributes
                0x00000000000000e8       0x39 ./main.o
 .ARM.attributes
                0x0000000000000121       0x39 ./system_msp432p401r.o
 .ARM.attributes
                0x000000000000015a       0x39 ./gcc/startup_msp432p401r_gcc.o
 .ARM.attributes
                0x0000000000000193       0x39 /home/joschinc/ti/simplelink_msp432p4_sdk_1_50_00_12/source/ti/devices/msp432p4xx/driverlib/gcc/msp432p4xx_driverlib.a(gpio_MSP432P4XX.obj)
 .ARM.attributes
                0x00000000000001cc       0x39 /home/joschinc/ti/simplelink_msp432p4_sdk_1_50_00_12/source/ti/devices/msp432p4xx/driverlib/gcc/msp432p4xx_driverlib.a(i2c_MSP432P4XX.obj)
 .ARM.attributes
                0x0000000000000205       0x39 /home/joschinc/ti/simplelink_msp432p4_sdk_1_50_00_12/source/ti/devices/msp432p4xx/driverlib/gcc/msp432p4xx_driverlib.a(interrupt_MSP432P4XX.obj)
 .ARM.attributes
                0x000000000000023e       0x39 /home/joschinc/ti/simplelink_msp432p4_sdk_1_50_00_12/source/ti/devices/msp432p4xx/driverlib/gcc/msp432p4xx_driverlib.a(sysctl_MSP432P4XX.obj)
 .ARM.attributes
                0x0000000000000277       0x39 /home/joschinc/ti/simplelink_msp432p4_sdk_1_50_00_12/source/ti/devices/msp432p4xx/driverlib/gcc/msp432p4xx_driverlib.a(wdt_a_MSP432P4XX.obj)
 .ARM.attributes
                0x00000000000002b0       0x39 /home/joschinc/ti/simplelink_msp432p4_sdk_1_50_00_12/source/ti/devices/msp432p4xx/driverlib/gcc/msp432p4xx_driverlib.a(cpu_MSP432P4XX.obj)
 .ARM.attributes
                0x00000000000002e9       0x39 /home/joschinc/ti/simplelink_msp432p4_sdk_1_50_00_12/source/ti/devices/msp432p4xx/driverlib/gcc/msp432p4xx_driverlib.a(sysctl_a_MSP432P4XX.obj)
 .ARM.attributes
                0x0000000000000322       0x34 /opt/ti/ccsv7/tools/compiler/gcc-arm-none-eabi-6-2017-q1-update/bin/../lib/gcc/arm-none-eabi/6.3.1/thumb/v7e-m/fpv4-sp/hard/libgcc.a(unwind-arm.o)
 .ARM.attributes
                0x0000000000000356       0x22 /opt/ti/ccsv7/tools/compiler/gcc-arm-none-eabi-6-2017-q1-update/bin/../lib/gcc/arm-none-eabi/6.3.1/thumb/v7e-m/fpv4-sp/hard/libgcc.a(libunwind.o)
 .ARM.attributes
                0x0000000000000378       0x34 /opt/ti/ccsv7/tools/compiler/gcc-arm-none-eabi-6-2017-q1-update/bin/../lib/gcc/arm-none-eabi/6.3.1/thumb/v7e-m/fpv4-sp/hard/libgcc.a(pr-support.o)
 .ARM.attributes
                0x00000000000003ac       0x34 /opt/ti/ccsv7/tools/compiler/gcc-arm-none-eabi-6-2017-q1-update/arm-none-eabi/lib/thumb/v7e-m/fpv4-sp/hard/libc_nano.a(lib_a-abort.o)
 .ARM.attributes
                0x00000000000003e0       0x34 /opt/ti/ccsv7/tools/compiler/gcc-arm-none-eabi-6-2017-q1-update/arm-none-eabi/lib/thumb/v7e-m/fpv4-sp/hard/libc_nano.a(lib_a-exit.o)
 .ARM.attributes
                0x0000000000000414       0x34 /opt/ti/ccsv7/tools/compiler/gcc-arm-none-eabi-6-2017-q1-update/arm-none-eabi/lib/thumb/v7e-m/fpv4-sp/hard/libc_nano.a(lib_a-impure.o)
 .ARM.attributes
                0x0000000000000448       0x34 /opt/ti/ccsv7/tools/compiler/gcc-arm-none-eabi-6-2017-q1-update/arm-none-eabi/lib/thumb/v7e-m/fpv4-sp/hard/libc_nano.a(lib_a-init.o)
 .ARM.attributes
                0x000000000000047c       0x34 /opt/ti/ccsv7/tools/compiler/gcc-arm-none-eabi-6-2017-q1-update/arm-none-eabi/lib/thumb/v7e-m/fpv4-sp/hard/libc_nano.a(lib_a-memcpy-stub.o)
 .ARM.attributes
                0x00000000000004b0       0x34 /opt/ti/ccsv7/tools/compiler/gcc-arm-none-eabi-6-2017-q1-update/arm-none-eabi/lib/thumb/v7e-m/fpv4-sp/hard/libc_nano.a(lib_a-memset.o)
 .ARM.attributes
                0x00000000000004e4       0x34 /opt/ti/ccsv7/tools/compiler/gcc-arm-none-eabi-6-2017-q1-update/arm-none-eabi/lib/thumb/v7e-m/fpv4-sp/hard/libc_nano.a(lib_a-signal.o)
 .ARM.attributes
                0x0000000000000518       0x34 /opt/ti/ccsv7/tools/compiler/gcc-arm-none-eabi-6-2017-q1-update/arm-none-eabi/lib/thumb/v7e-m/fpv4-sp/hard/libc_nano.a(lib_a-signalr.o)
 .ARM.attributes
                0x000000000000054c       0x34 /opt/ti/ccsv7/tools/compiler/gcc-arm-none-eabi-6-2017-q1-update/arm-none-eabi/lib/thumb/v7e-m/fpv4-sp/hard/libc_nano.a(lib_a-nano-mallocr.o)
 .ARM.attributes
                0x0000000000000580       0x34 /opt/ti/ccsv7/tools/compiler/gcc-arm-none-eabi-6-2017-q1-update/arm-none-eabi/lib/thumb/v7e-m/fpv4-sp/hard/libc_nano.a(lib_a-reent.o)
 .ARM.attributes
                0x00000000000005b4       0x34 /opt/ti/ccsv7/tools/compiler/gcc-arm-none-eabi-6-2017-q1-update/arm-none-eabi/lib/thumb/v7e-m/fpv4-sp/hard/libc_nano.a(lib_a-sbrkr.o)
 .ARM.attributes
                0x00000000000005e8       0x34 /opt/ti/ccsv7/tools/compiler/gcc-arm-none-eabi-6-2017-q1-update/arm-none-eabi/lib/thumb/v7e-m/fpv4-sp/hard/libc_nano.a(lib_a-mlock.o)
 .ARM.attributes
                0x000000000000061c       0x34 /opt/ti/ccsv7/tools/compiler/gcc-arm-none-eabi-6-2017-q1-update/arm-none-eabi/lib/thumb/v7e-m/fpv4-sp/hard/libc_nano.a(lib_a-nano-freer.o)
 .ARM.attributes
                0x0000000000000650       0x34 /opt/ti/ccsv7/tools/compiler/gcc-arm-none-eabi-6-2017-q1-update/arm-none-eabi/lib/thumb/v7e-m/fpv4-sp/hard/libnosys.a(getpid.o)
 .ARM.attributes
                0x0000000000000684       0x34 /opt/ti/ccsv7/tools/compiler/gcc-arm-none-eabi-6-2017-q1-update/arm-none-eabi/lib/thumb/v7e-m/fpv4-sp/hard/libnosys.a(kill.o)
 .ARM.attributes
                0x00000000000006b8       0x34 /opt/ti/ccsv7/tools/compiler/gcc-arm-none-eabi-6-2017-q1-update/arm-none-eabi/lib/thumb/v7e-m/fpv4-sp/hard/libnosys.a(sbrk.o)
 .ARM.attributes
                0x00000000000006ec       0x34 /opt/ti/ccsv7/tools/compiler/gcc-arm-none-eabi-6-2017-q1-update/arm-none-eabi/lib/thumb/v7e-m/fpv4-sp/hard/libnosys.a(_exit.o)
 .ARM.attributes
                0x0000000000000720       0x34 /opt/ti/ccsv7/tools/compiler/gcc-arm-none-eabi-6-2017-q1-update/bin/../lib/gcc/arm-none-eabi/6.3.1/thumb/v7e-m/fpv4-sp/hard/crtend.o
 .ARM.attributes
                0x0000000000000754       0x22 /opt/ti/ccsv7/tools/compiler/gcc-arm-none-eabi-6-2017-q1-update/bin/../lib/gcc/arm-none-eabi/6.3.1/thumb/v7e-m/fpv4-sp/hard/crtn.o

.comment        0x0000000000000000       0x7f
 .comment       0x0000000000000000       0x7f ./HAL_I2C.o
                                         0x80 (size before relaxing)
 .comment       0x000000000000007f       0x80 ./HAL_OPT3001.o
 .comment       0x000000000000007f       0x80 ./main.o
 .comment       0x000000000000007f       0x80 ./system_msp432p401r.o
 .comment       0x000000000000007f       0x80 ./gcc/startup_msp432p401r_gcc.o
 .comment       0x000000000000007f       0x80 /home/joschinc/ti/simplelink_msp432p4_sdk_1_50_00_12/source/ti/devices/msp432p4xx/driverlib/gcc/msp432p4xx_driverlib.a(gpio_MSP432P4XX.obj)
 .comment       0x000000000000007f       0x80 /home/joschinc/ti/simplelink_msp432p4_sdk_1_50_00_12/source/ti/devices/msp432p4xx/driverlib/gcc/msp432p4xx_driverlib.a(i2c_MSP432P4XX.obj)
 .comment       0x000000000000007f       0x80 /home/joschinc/ti/simplelink_msp432p4_sdk_1_50_00_12/source/ti/devices/msp432p4xx/driverlib/gcc/msp432p4xx_driverlib.a(interrupt_MSP432P4XX.obj)
 .comment       0x000000000000007f       0x80 /home/joschinc/ti/simplelink_msp432p4_sdk_1_50_00_12/source/ti/devices/msp432p4xx/driverlib/gcc/msp432p4xx_driverlib.a(sysctl_MSP432P4XX.obj)
 .comment       0x000000000000007f       0x80 /home/joschinc/ti/simplelink_msp432p4_sdk_1_50_00_12/source/ti/devices/msp432p4xx/driverlib/gcc/msp432p4xx_driverlib.a(wdt_a_MSP432P4XX.obj)
 .comment       0x000000000000007f       0x80 /home/joschinc/ti/simplelink_msp432p4_sdk_1_50_00_12/source/ti/devices/msp432p4xx/driverlib/gcc/msp432p4xx_driverlib.a(cpu_MSP432P4XX.obj)
 .comment       0x000000000000007f       0x80 /home/joschinc/ti/simplelink_msp432p4_sdk_1_50_00_12/source/ti/devices/msp432p4xx/driverlib/gcc/msp432p4xx_driverlib.a(sysctl_a_MSP432P4XX.obj)

.debug_info     0x0000000000000000     0x4efe
 .debug_info    0x0000000000000000      0x228 ./HAL_I2C.o
 .debug_info    0x0000000000000228      0x1b7 ./HAL_OPT3001.o
 .debug_info    0x00000000000003df     0x1262 ./main.o
 .debug_info    0x0000000000001641      0xd1b ./system_msp432p401r.o
 .debug_info    0x000000000000235c      0x149 ./gcc/startup_msp432p401r_gcc.o
 .debug_info    0x00000000000024a5      0xa54 /home/joschinc/ti/simplelink_msp432p4_sdk_1_50_00_12/source/ti/devices/msp432p4xx/driverlib/gcc/msp432p4xx_driverlib.a(gpio_MSP432P4XX.obj)
 .debug_info    0x0000000000002ef9      0xb21 /home/joschinc/ti/simplelink_msp432p4_sdk_1_50_00_12/source/ti/devices/msp432p4xx/driverlib/gcc/msp432p4xx_driverlib.a(i2c_MSP432P4XX.obj)
 .debug_info    0x0000000000003a1a      0x67f /home/joschinc/ti/simplelink_msp432p4_sdk_1_50_00_12/source/ti/devices/msp432p4xx/driverlib/gcc/msp432p4xx_driverlib.a(interrupt_MSP432P4XX.obj)
 .debug_info    0x0000000000004099      0x45b /home/joschinc/ti/simplelink_msp432p4_sdk_1_50_00_12/source/ti/devices/msp432p4xx/driverlib/gcc/msp432p4xx_driverlib.a(sysctl_MSP432P4XX.obj)
 .debug_info    0x00000000000044f4      0x287 /home/joschinc/ti/simplelink_msp432p4_sdk_1_50_00_12/source/ti/devices/msp432p4xx/driverlib/gcc/msp432p4xx_driverlib.a(wdt_a_MSP432P4XX.obj)
 .debug_info    0x000000000000477b      0x18c /home/joschinc/ti/simplelink_msp432p4_sdk_1_50_00_12/source/ti/devices/msp432p4xx/driverlib/gcc/msp432p4xx_driverlib.a(cpu_MSP432P4XX.obj)
 .debug_info    0x0000000000004907      0x5f7 /home/joschinc/ti/simplelink_msp432p4_sdk_1_50_00_12/source/ti/devices/msp432p4xx/driverlib/gcc/msp432p4xx_driverlib.a(sysctl_a_MSP432P4XX.obj)

.debug_abbrev   0x0000000000000000     0x11ee
 .debug_abbrev  0x0000000000000000      0x106 ./HAL_I2C.o
 .debug_abbrev  0x0000000000000106       0xc3 ./HAL_OPT3001.o
 .debug_abbrev  0x00000000000001c9      0x489 ./main.o
 .debug_abbrev  0x0000000000000652      0x115 ./system_msp432p401r.o
 .debug_abbrev  0x0000000000000767       0xbd ./gcc/startup_msp432p401r_gcc.o
 .debug_abbrev  0x0000000000000824      0x1a9 /home/joschinc/ti/simplelink_msp432p4_sdk_1_50_00_12/source/ti/devices/msp432p4xx/driverlib/gcc/msp432p4xx_driverlib.a(gpio_MSP432P4XX.obj)
 .debug_abbrev  0x00000000000009cd      0x179 /home/joschinc/ti/simplelink_msp432p4_sdk_1_50_00_12/source/ti/devices/msp432p4xx/driverlib/gcc/msp432p4xx_driverlib.a(i2c_MSP432P4XX.obj)
 .debug_abbrev  0x0000000000000b46      0x1b3 /home/joschinc/ti/simplelink_msp432p4_sdk_1_50_00_12/source/ti/devices/msp432p4xx/driverlib/gcc/msp432p4xx_driverlib.a(interrupt_MSP432P4XX.obj)
 .debug_abbrev  0x0000000000000cf9      0x16f /home/joschinc/ti/simplelink_msp432p4_sdk_1_50_00_12/source/ti/devices/msp432p4xx/driverlib/gcc/msp432p4xx_driverlib.a(sysctl_MSP432P4XX.obj)
 .debug_abbrev  0x0000000000000e68      0x119 /home/joschinc/ti/simplelink_msp432p4_sdk_1_50_00_12/source/ti/devices/msp432p4xx/driverlib/gcc/msp432p4xx_driverlib.a(wdt_a_MSP432P4XX.obj)
 .debug_abbrev  0x0000000000000f81      0x102 /home/joschinc/ti/simplelink_msp432p4_sdk_1_50_00_12/source/ti/devices/msp432p4xx/driverlib/gcc/msp432p4xx_driverlib.a(cpu_MSP432P4XX.obj)
 .debug_abbrev  0x0000000000001083      0x16b /home/joschinc/ti/simplelink_msp432p4_sdk_1_50_00_12/source/ti/devices/msp432p4xx/driverlib/gcc/msp432p4xx_driverlib.a(sysctl_a_MSP432P4XX.obj)

.debug_aranges  0x0000000000000000      0x6b0
 .debug_aranges
                0x0000000000000000       0x40 ./HAL_I2C.o
 .debug_aranges
                0x0000000000000040       0x50 ./HAL_OPT3001.o
 .debug_aranges
                0x0000000000000090       0xf8 ./main.o
 .debug_aranges
                0x0000000000000188       0x28 ./system_msp432p401r.o
 .debug_aranges
                0x00000000000001b0       0x28 ./gcc/startup_msp432p401r_gcc.o
 .debug_aranges
                0x00000000000001d8       0xb8 /home/joschinc/ti/simplelink_msp432p4_sdk_1_50_00_12/source/ti/devices/msp432p4xx/driverlib/gcc/msp432p4xx_driverlib.a(gpio_MSP432P4XX.obj)
 .debug_aranges
                0x0000000000000290      0x168 /home/joschinc/ti/simplelink_msp432p4_sdk_1_50_00_12/source/ti/devices/msp432p4xx/driverlib/gcc/msp432p4xx_driverlib.a(i2c_MSP432P4XX.obj)
 .debug_aranges
                0x00000000000003f8       0xb8 /home/joschinc/ti/simplelink_msp432p4_sdk_1_50_00_12/source/ti/devices/msp432p4xx/driverlib/gcc/msp432p4xx_driverlib.a(interrupt_MSP432P4XX.obj)
 .debug_aranges
                0x00000000000004b0       0xa8 /home/joschinc/ti/simplelink_msp432p4_sdk_1_50_00_12/source/ti/devices/msp432p4xx/driverlib/gcc/msp432p4xx_driverlib.a(sysctl_MSP432P4XX.obj)
 .debug_aranges
                0x0000000000000558       0x60 /home/joschinc/ti/simplelink_msp432p4_sdk_1_50_00_12/source/ti/devices/msp432p4xx/driverlib/gcc/msp432p4xx_driverlib.a(wdt_a_MSP432P4XX.obj)
 .debug_aranges
                0x00000000000005b8       0x48 /home/joschinc/ti/simplelink_msp432p4_sdk_1_50_00_12/source/ti/devices/msp432p4xx/driverlib/gcc/msp432p4xx_driverlib.a(cpu_MSP432P4XX.obj)
 .debug_aranges
                0x0000000000000600       0xb0 /home/joschinc/ti/simplelink_msp432p4_sdk_1_50_00_12/source/ti/devices/msp432p4xx/driverlib/gcc/msp432p4xx_driverlib.a(sysctl_a_MSP432P4XX.obj)

.debug_ranges   0x0000000000000000      0x5f0
 .debug_ranges  0x0000000000000000       0x30 ./HAL_I2C.o
 .debug_ranges  0x0000000000000030       0x40 ./HAL_OPT3001.o
 .debug_ranges  0x0000000000000070       0xe8 ./main.o
 .debug_ranges  0x0000000000000158       0x18 ./system_msp432p401r.o
 .debug_ranges  0x0000000000000170       0x18 ./gcc/startup_msp432p401r_gcc.o
 .debug_ranges  0x0000000000000188       0xa8 /home/joschinc/ti/simplelink_msp432p4_sdk_1_50_00_12/source/ti/devices/msp432p4xx/driverlib/gcc/msp432p4xx_driverlib.a(gpio_MSP432P4XX.obj)
 .debug_ranges  0x0000000000000230      0x158 /home/joschinc/ti/simplelink_msp432p4_sdk_1_50_00_12/source/ti/devices/msp432p4xx/driverlib/gcc/msp432p4xx_driverlib.a(i2c_MSP432P4XX.obj)
 .debug_ranges  0x0000000000000388       0xa8 /home/joschinc/ti/simplelink_msp432p4_sdk_1_50_00_12/source/ti/devices/msp432p4xx/driverlib/gcc/msp432p4xx_driverlib.a(interrupt_MSP432P4XX.obj)
 .debug_ranges  0x0000000000000430       0x98 /home/joschinc/ti/simplelink_msp432p4_sdk_1_50_00_12/source/ti/devices/msp432p4xx/driverlib/gcc/msp432p4xx_driverlib.a(sysctl_MSP432P4XX.obj)
 .debug_ranges  0x00000000000004c8       0x50 /home/joschinc/ti/simplelink_msp432p4_sdk_1_50_00_12/source/ti/devices/msp432p4xx/driverlib/gcc/msp432p4xx_driverlib.a(wdt_a_MSP432P4XX.obj)
 .debug_ranges  0x0000000000000518       0x38 /home/joschinc/ti/simplelink_msp432p4_sdk_1_50_00_12/source/ti/devices/msp432p4xx/driverlib/gcc/msp432p4xx_driverlib.a(cpu_MSP432P4XX.obj)
 .debug_ranges  0x0000000000000550       0xa0 /home/joschinc/ti/simplelink_msp432p4_sdk_1_50_00_12/source/ti/devices/msp432p4xx/driverlib/gcc/msp432p4xx_driverlib.a(sysctl_a_MSP432P4XX.obj)

.debug_line     0x0000000000000000     0x2ae5
 .debug_line    0x0000000000000000      0x322 ./HAL_I2C.o
 .debug_line    0x0000000000000322      0x27b ./HAL_OPT3001.o
 .debug_line    0x000000000000059d      0x910 ./main.o
 .debug_line    0x0000000000000ead      0x285 ./system_msp432p401r.o
 .debug_line    0x0000000000001132      0x142 ./gcc/startup_msp432p401r_gcc.o
 .debug_line    0x0000000000001274      0x386 /home/joschinc/ti/simplelink_msp432p4_sdk_1_50_00_12/source/ti/devices/msp432p4xx/driverlib/gcc/msp432p4xx_driverlib.a(gpio_MSP432P4XX.obj)
 .debug_line    0x00000000000015fa      0x5c0 /home/joschinc/ti/simplelink_msp432p4_sdk_1_50_00_12/source/ti/devices/msp432p4xx/driverlib/gcc/msp432p4xx_driverlib.a(i2c_MSP432P4XX.obj)
 .debug_line    0x0000000000001bba      0x392 /home/joschinc/ti/simplelink_msp432p4_sdk_1_50_00_12/source/ti/devices/msp432p4xx/driverlib/gcc/msp432p4xx_driverlib.a(interrupt_MSP432P4XX.obj)
 .debug_line    0x0000000000001f4c      0x36b /home/joschinc/ti/simplelink_msp432p4_sdk_1_50_00_12/source/ti/devices/msp432p4xx/driverlib/gcc/msp432p4xx_driverlib.a(sysctl_MSP432P4XX.obj)
 .debug_line    0x00000000000022b7      0x27a /home/joschinc/ti/simplelink_msp432p4_sdk_1_50_00_12/source/ti/devices/msp432p4xx/driverlib/gcc/msp432p4xx_driverlib.a(wdt_a_MSP432P4XX.obj)
 .debug_line    0x0000000000002531      0x1e5 /home/joschinc/ti/simplelink_msp432p4_sdk_1_50_00_12/source/ti/devices/msp432p4xx/driverlib/gcc/msp432p4xx_driverlib.a(cpu_MSP432P4XX.obj)
 .debug_line    0x0000000000002716      0x3cf /home/joschinc/ti/simplelink_msp432p4_sdk_1_50_00_12/source/ti/devices/msp432p4xx/driverlib/gcc/msp432p4xx_driverlib.a(sysctl_a_MSP432P4XX.obj)

.debug_str      0x0000000000000000     0x2fe7
 .debug_str     0x0000000000000000      0x267 ./HAL_I2C.o
                                        0x2d4 (size before relaxing)
 .debug_str     0x0000000000000267       0xb4 ./HAL_OPT3001.o
                                        0x2a2 (size before relaxing)
 .debug_str     0x000000000000031b      0xda3 ./main.o
                                       0x10e7 (size before relaxing)
 .debug_str     0x00000000000010be      0x7cc ./system_msp432p401r.o
                                        0xac6 (size before relaxing)
 .debug_str     0x000000000000188a       0x9e ./gcc/startup_msp432p401r_gcc.o
                                        0x237 (size before relaxing)
 .debug_str     0x0000000000001928      0x4b2 /home/joschinc/ti/simplelink_msp432p4_sdk_1_50_00_12/source/ti/devices/msp432p4xx/driverlib/gcc/msp432p4xx_driverlib.a(gpio_MSP432P4XX.obj)
                                        0x633 (size before relaxing)
 .debug_str     0x0000000000001dda      0x5ab /home/joschinc/ti/simplelink_msp432p4_sdk_1_50_00_12/source/ti/devices/msp432p4xx/driverlib/gcc/msp432p4xx_driverlib.a(i2c_MSP432P4XX.obj)
                                        0x81a (size before relaxing)
 .debug_str     0x0000000000002385      0x362 /home/joschinc/ti/simplelink_msp432p4_sdk_1_50_00_12/source/ti/devices/msp432p4xx/driverlib/gcc/msp432p4xx_driverlib.a(interrupt_MSP432P4XX.obj)
                                        0x58b (size before relaxing)
 .debug_str     0x00000000000026e7      0x2e2 /home/joschinc/ti/simplelink_msp432p4_sdk_1_50_00_12/source/ti/devices/msp432p4xx/driverlib/gcc/msp432p4xx_driverlib.a(sysctl_MSP432P4XX.obj)
                                        0x561 (size before relaxing)
 .debug_str     0x00000000000029c9      0x180 /home/joschinc/ti/simplelink_msp432p4_sdk_1_50_00_12/source/ti/devices/msp432p4xx/driverlib/gcc/msp432p4xx_driverlib.a(wdt_a_MSP432P4XX.obj)
                                        0x377 (size before relaxing)
 .debug_str     0x0000000000002b49       0xdc /home/joschinc/ti/simplelink_msp432p4_sdk_1_50_00_12/source/ti/devices/msp432p4xx/driverlib/gcc/msp432p4xx_driverlib.a(cpu_MSP432P4XX.obj)
                                        0x276 (size before relaxing)
 .debug_str     0x0000000000002c25      0x3c2 /home/joschinc/ti/simplelink_msp432p4_sdk_1_50_00_12/source/ti/devices/msp432p4xx/driverlib/gcc/msp432p4xx_driverlib.a(sysctl_a_MSP432P4XX.obj)
                                        0x6a3 (size before relaxing)

.debug_frame    0x0000000000000000     0x20f0
 .debug_frame   0x0000000000000000       0xb4 ./HAL_I2C.o
 .debug_frame   0x00000000000000b4       0xdc ./HAL_OPT3001.o
 .debug_frame   0x0000000000000190      0x37c ./main.o
 .debug_frame   0x000000000000050c       0x58 ./system_msp432p401r.o
 .debug_frame   0x0000000000000564       0x4c ./gcc/startup_msp432p401r_gcc.o
 .debug_frame   0x00000000000005b0      0x324 /home/joschinc/ti/simplelink_msp432p4_sdk_1_50_00_12/source/ti/devices/msp432p4xx/driverlib/gcc/msp432p4xx_driverlib.a(gpio_MSP432P4XX.obj)
 .debug_frame   0x00000000000008d4      0x694 /home/joschinc/ti/simplelink_msp432p4_sdk_1_50_00_12/source/ti/devices/msp432p4xx/driverlib/gcc/msp432p4xx_driverlib.a(i2c_MSP432P4XX.obj)
 .debug_frame   0x0000000000000f68      0x2e0 /home/joschinc/ti/simplelink_msp432p4_sdk_1_50_00_12/source/ti/devices/msp432p4xx/driverlib/gcc/msp432p4xx_driverlib.a(interrupt_MSP432P4XX.obj)
 .debug_frame   0x0000000000001248      0x2b0 /home/joschinc/ti/simplelink_msp432p4_sdk_1_50_00_12/source/ti/devices/msp432p4xx/driverlib/gcc/msp432p4xx_driverlib.a(sysctl_MSP432P4XX.obj)
 .debug_frame   0x00000000000014f8      0x160 /home/joschinc/ti/simplelink_msp432p4_sdk_1_50_00_12/source/ti/devices/msp432p4xx/driverlib/gcc/msp432p4xx_driverlib.a(wdt_a_MSP432P4XX.obj)
 .debug_frame   0x0000000000001658       0x70 /home/joschinc/ti/simplelink_msp432p4_sdk_1_50_00_12/source/ti/devices/msp432p4xx/driverlib/gcc/msp432p4xx_driverlib.a(cpu_MSP432P4XX.obj)
 .debug_frame   0x00000000000016c8      0x2c8 /home/joschinc/ti/simplelink_msp432p4_sdk_1_50_00_12/source/ti/devices/msp432p4xx/driverlib/gcc/msp432p4xx_driverlib.a(sysctl_a_MSP432P4XX.obj)
 .debug_frame   0x0000000000001990      0x2f4 /opt/ti/ccsv7/tools/compiler/gcc-arm-none-eabi-6-2017-q1-update/bin/../lib/gcc/arm-none-eabi/6.3.1/thumb/v7e-m/fpv4-sp/hard/libgcc.a(unwind-arm.o)
 .debug_frame   0x0000000000001c84      0x104 /opt/ti/ccsv7/tools/compiler/gcc-arm-none-eabi-6-2017-q1-update/bin/../lib/gcc/arm-none-eabi/6.3.1/thumb/v7e-m/fpv4-sp/hard/libgcc.a(pr-support.o)
 .debug_frame   0x0000000000001d88       0x28 /opt/ti/ccsv7/tools/compiler/gcc-arm-none-eabi-6-2017-q1-update/arm-none-eabi/lib/thumb/v7e-m/fpv4-sp/hard/libc_nano.a(lib_a-abort.o)
 .debug_frame   0x0000000000001db0       0x28 /opt/ti/ccsv7/tools/compiler/gcc-arm-none-eabi-6-2017-q1-update/arm-none-eabi/lib/thumb/v7e-m/fpv4-sp/hard/libc_nano.a(lib_a-exit.o)
 .debug_frame   0x0000000000001dd8       0x2c /opt/ti/ccsv7/tools/compiler/gcc-arm-none-eabi-6-2017-q1-update/arm-none-eabi/lib/thumb/v7e-m/fpv4-sp/hard/libc_nano.a(lib_a-init.o)
 .debug_frame   0x0000000000001e04       0x28 /opt/ti/ccsv7/tools/compiler/gcc-arm-none-eabi-6-2017-q1-update/arm-none-eabi/lib/thumb/v7e-m/fpv4-sp/hard/libc_nano.a(lib_a-memcpy-stub.o)
 .debug_frame   0x0000000000001e2c       0x20 /opt/ti/ccsv7/tools/compiler/gcc-arm-none-eabi-6-2017-q1-update/arm-none-eabi/lib/thumb/v7e-m/fpv4-sp/hard/libc_nano.a(lib_a-memset.o)
 .debug_frame   0x0000000000001e4c       0xcc /opt/ti/ccsv7/tools/compiler/gcc-arm-none-eabi-6-2017-q1-update/arm-none-eabi/lib/thumb/v7e-m/fpv4-sp/hard/libc_nano.a(lib_a-signal.o)
 .debug_frame   0x0000000000001f18       0x3c /opt/ti/ccsv7/tools/compiler/gcc-arm-none-eabi-6-2017-q1-update/arm-none-eabi/lib/thumb/v7e-m/fpv4-sp/hard/libc_nano.a(lib_a-signalr.o)
 .debug_frame   0x0000000000001f54       0x2c /opt/ti/ccsv7/tools/compiler/gcc-arm-none-eabi-6-2017-q1-update/arm-none-eabi/lib/thumb/v7e-m/fpv4-sp/hard/libc_nano.a(lib_a-nano-mallocr.o)
 .debug_frame   0x0000000000001f80       0x5c /opt/ti/ccsv7/tools/compiler/gcc-arm-none-eabi-6-2017-q1-update/arm-none-eabi/lib/thumb/v7e-m/fpv4-sp/hard/libc_nano.a(lib_a-reent.o)
 .debug_frame   0x0000000000001fdc       0x2c /opt/ti/ccsv7/tools/compiler/gcc-arm-none-eabi-6-2017-q1-update/arm-none-eabi/lib/thumb/v7e-m/fpv4-sp/hard/libc_nano.a(lib_a-sbrkr.o)
 .debug_frame   0x0000000000002008       0x30 /opt/ti/ccsv7/tools/compiler/gcc-arm-none-eabi-6-2017-q1-update/arm-none-eabi/lib/thumb/v7e-m/fpv4-sp/hard/libc_nano.a(lib_a-mlock.o)
 .debug_frame   0x0000000000002038       0x38 /opt/ti/ccsv7/tools/compiler/gcc-arm-none-eabi-6-2017-q1-update/arm-none-eabi/lib/thumb/v7e-m/fpv4-sp/hard/libc_nano.a(lib_a-nano-freer.o)
 .debug_frame   0x0000000000002070       0x20 /opt/ti/ccsv7/tools/compiler/gcc-arm-none-eabi-6-2017-q1-update/arm-none-eabi/lib/thumb/v7e-m/fpv4-sp/hard/libnosys.a(getpid.o)
 .debug_frame   0x0000000000002090       0x20 /opt/ti/ccsv7/tools/compiler/gcc-arm-none-eabi-6-2017-q1-update/arm-none-eabi/lib/thumb/v7e-m/fpv4-sp/hard/libnosys.a(kill.o)
 .debug_frame   0x00000000000020b0       0x20 /opt/ti/ccsv7/tools/compiler/gcc-arm-none-eabi-6-2017-q1-update/arm-none-eabi/lib/thumb/v7e-m/fpv4-sp/hard/libnosys.a(sbrk.o)
 .debug_frame   0x00000000000020d0       0x20 /opt/ti/ccsv7/tools/compiler/gcc-arm-none-eabi-6-2017-q1-update/arm-none-eabi/lib/thumb/v7e-m/fpv4-sp/hard/libnosys.a(_exit.o)

.stab           0x0000000000000000       0x3c
 .stab          0x0000000000000000       0x24 /opt/ti/ccsv7/tools/compiler/gcc-arm-none-eabi-6-2017-q1-update/arm-none-eabi/lib/thumb/v7e-m/fpv4-sp/hard/libnosys.a(getpid.o)
 .stab          0x0000000000000024       0x18 /opt/ti/ccsv7/tools/compiler/gcc-arm-none-eabi-6-2017-q1-update/arm-none-eabi/lib/thumb/v7e-m/fpv4-sp/hard/libnosys.a(kill.o)
                                         0x24 (size before relaxing)

.stabstr        0x0000000000000000       0x76
 .stabstr       0x0000000000000000       0x76 /opt/ti/ccsv7/tools/compiler/gcc-arm-none-eabi-6-2017-q1-update/arm-none-eabi/lib/thumb/v7e-m/fpv4-sp/hard/libnosys.a(getpid.o)
