<?xml version="1.0"?>
<link_info>
   <banner>TI ARM Linker PC v16.9.4.LTS</banner>
   <copyright>Copyright (c) 1996-2017 Texas Instruments Incorporated</copyright>
   <link_time>0x59de7be4</link_time>
   <link_errors>0x0</link_errors>
   <output_file>empty_MSP_EXP432P401R_nortos_ccs.out</output_file>
   <entry_point>
      <name>_c_int00</name>
      <address>0x981</address>
   </entry_point>
   <input_file_list>
      <input_file id="fl-2">
         <path>.\</path>
         <kind>object</kind>
         <file>LED.obj</file>
         <name>LED.obj</name>
      </input_file>
      <input_file id="fl-3">
         <path>.\</path>
         <kind>object</kind>
         <file>Scheduler.obj</file>
         <name>Scheduler.obj</name>
      </input_file>
      <input_file id="fl-4">
         <path>.\</path>
         <kind>object</kind>
         <file>Task.obj</file>
         <name>Task.obj</name>
      </input_file>
      <input_file id="fl-5">
         <path>.\</path>
         <kind>object</kind>
         <file>main.obj</file>
         <name>main.obj</name>
      </input_file>
      <input_file id="fl-6">
         <path>.\</path>
         <kind>object</kind>
         <file>system_msp432p401r.obj</file>
         <name>system_msp432p401r.obj</name>
      </input_file>
      <input_file id="fl-7">
         <path>.\LcdDriver\</path>
         <kind>object</kind>
         <file>Template_Driver.obj</file>
         <name>Template_Driver.obj</name>
      </input_file>
      <input_file id="fl-8">
         <path>.\ccs\</path>
         <kind>object</kind>
         <file>startup_msp432p401r_ccs.obj</file>
         <name>startup_msp432p401r_ccs.obj</name>
      </input_file>
      <input_file id="fl-9">
         <path>.\fonts\</path>
         <kind>object</kind>
         <file>fontcm12.obj</file>
         <name>fontcm12.obj</name>
      </input_file>
      <input_file id="fl-a">
         <path>.\fonts\</path>
         <kind>object</kind>
         <file>fontcm12b.obj</file>
         <name>fontcm12b.obj</name>
      </input_file>
      <input_file id="fl-b">
         <path>.\fonts\</path>
         <kind>object</kind>
         <file>fontcm12i.obj</file>
         <name>fontcm12i.obj</name>
      </input_file>
      <input_file id="fl-c">
         <path>.\fonts\</path>
         <kind>object</kind>
         <file>fontcm14.obj</file>
         <name>fontcm14.obj</name>
      </input_file>
      <input_file id="fl-d">
         <path>.\fonts\</path>
         <kind>object</kind>
         <file>fontcm14b.obj</file>
         <name>fontcm14b.obj</name>
      </input_file>
      <input_file id="fl-e">
         <path>.\fonts\</path>
         <kind>object</kind>
         <file>fontcm14i.obj</file>
         <name>fontcm14i.obj</name>
      </input_file>
      <input_file id="fl-f">
         <path>.\fonts\</path>
         <kind>object</kind>
         <file>fontcm16.obj</file>
         <name>fontcm16.obj</name>
      </input_file>
      <input_file id="fl-10">
         <path>.\fonts\</path>
         <kind>object</kind>
         <file>fontcm16b.obj</file>
         <name>fontcm16b.obj</name>
      </input_file>
      <input_file id="fl-11">
         <path>.\fonts\</path>
         <kind>object</kind>
         <file>fontcm16i.obj</file>
         <name>fontcm16i.obj</name>
      </input_file>
      <input_file id="fl-12">
         <path>.\fonts\</path>
         <kind>object</kind>
         <file>fontcm18.obj</file>
         <name>fontcm18.obj</name>
      </input_file>
      <input_file id="fl-13">
         <path>.\fonts\</path>
         <kind>object</kind>
         <file>fontcm18b.obj</file>
         <name>fontcm18b.obj</name>
      </input_file>
      <input_file id="fl-14">
         <path>.\fonts\</path>
         <kind>object</kind>
         <file>fontcm18i.obj</file>
         <name>fontcm18i.obj</name>
      </input_file>
      <input_file id="fl-15">
         <path>.\fonts\</path>
         <kind>object</kind>
         <file>fontcm20.obj</file>
         <name>fontcm20.obj</name>
      </input_file>
      <input_file id="fl-16">
         <path>.\fonts\</path>
         <kind>object</kind>
         <file>fontcm20b.obj</file>
         <name>fontcm20b.obj</name>
      </input_file>
      <input_file id="fl-17">
         <path>.\fonts\</path>
         <kind>object</kind>
         <file>fontcm20i.obj</file>
         <name>fontcm20i.obj</name>
      </input_file>
      <input_file id="fl-18">
         <path>.\fonts\</path>
         <kind>object</kind>
         <file>fontcm22.obj</file>
         <name>fontcm22.obj</name>
      </input_file>
      <input_file id="fl-19">
         <path>.\fonts\</path>
         <kind>object</kind>
         <file>fontcm22b.obj</file>
         <name>fontcm22b.obj</name>
      </input_file>
      <input_file id="fl-1a">
         <path>.\fonts\</path>
         <kind>object</kind>
         <file>fontcm22i.obj</file>
         <name>fontcm22i.obj</name>
      </input_file>
      <input_file id="fl-1b">
         <path>.\fonts\</path>
         <kind>object</kind>
         <file>fontcm24.obj</file>
         <name>fontcm24.obj</name>
      </input_file>
      <input_file id="fl-1c">
         <path>.\fonts\</path>
         <kind>object</kind>
         <file>fontcm24b.obj</file>
         <name>fontcm24b.obj</name>
      </input_file>
      <input_file id="fl-1d">
         <path>.\fonts\</path>
         <kind>object</kind>
         <file>fontcm24i.obj</file>
         <name>fontcm24i.obj</name>
      </input_file>
      <input_file id="fl-1e">
         <path>.\fonts\</path>
         <kind>object</kind>
         <file>fontcm26.obj</file>
         <name>fontcm26.obj</name>
      </input_file>
      <input_file id="fl-1f">
         <path>.\fonts\</path>
         <kind>object</kind>
         <file>fontcm26b.obj</file>
         <name>fontcm26b.obj</name>
      </input_file>
      <input_file id="fl-20">
         <path>.\fonts\</path>
         <kind>object</kind>
         <file>fontcm26i.obj</file>
         <name>fontcm26i.obj</name>
      </input_file>
      <input_file id="fl-21">
         <path>.\fonts\</path>
         <kind>object</kind>
         <file>fontcm28.obj</file>
         <name>fontcm28.obj</name>
      </input_file>
      <input_file id="fl-22">
         <path>.\fonts\</path>
         <kind>object</kind>
         <file>fontcm28b.obj</file>
         <name>fontcm28b.obj</name>
      </input_file>
      <input_file id="fl-23">
         <path>.\fonts\</path>
         <kind>object</kind>
         <file>fontcm28i.obj</file>
         <name>fontcm28i.obj</name>
      </input_file>
      <input_file id="fl-24">
         <path>.\fonts\</path>
         <kind>object</kind>
         <file>fontcm30.obj</file>
         <name>fontcm30.obj</name>
      </input_file>
      <input_file id="fl-25">
         <path>.\fonts\</path>
         <kind>object</kind>
         <file>fontcm30b.obj</file>
         <name>fontcm30b.obj</name>
      </input_file>
      <input_file id="fl-26">
         <path>.\fonts\</path>
         <kind>object</kind>
         <file>fontcm30i.obj</file>
         <name>fontcm30i.obj</name>
      </input_file>
      <input_file id="fl-27">
         <path>.\fonts\</path>
         <kind>object</kind>
         <file>fontcm32.obj</file>
         <name>fontcm32.obj</name>
      </input_file>
      <input_file id="fl-28">
         <path>.\fonts\</path>
         <kind>object</kind>
         <file>fontcm32b.obj</file>
         <name>fontcm32b.obj</name>
      </input_file>
      <input_file id="fl-29">
         <path>.\fonts\</path>
         <kind>object</kind>
         <file>fontcm32i.obj</file>
         <name>fontcm32i.obj</name>
      </input_file>
      <input_file id="fl-2a">
         <path>.\fonts\</path>
         <kind>object</kind>
         <file>fontcm34.obj</file>
         <name>fontcm34.obj</name>
      </input_file>
      <input_file id="fl-2b">
         <path>.\fonts\</path>
         <kind>object</kind>
         <file>fontcm34b.obj</file>
         <name>fontcm34b.obj</name>
      </input_file>
      <input_file id="fl-2c">
         <path>.\fonts\</path>
         <kind>object</kind>
         <file>fontcm34i.obj</file>
         <name>fontcm34i.obj</name>
      </input_file>
      <input_file id="fl-2d">
         <path>.\fonts\</path>
         <kind>object</kind>
         <file>fontcm36.obj</file>
         <name>fontcm36.obj</name>
      </input_file>
      <input_file id="fl-2e">
         <path>.\fonts\</path>
         <kind>object</kind>
         <file>fontcm36b.obj</file>
         <name>fontcm36b.obj</name>
      </input_file>
      <input_file id="fl-2f">
         <path>.\fonts\</path>
         <kind>object</kind>
         <file>fontcm36i.obj</file>
         <name>fontcm36i.obj</name>
      </input_file>
      <input_file id="fl-30">
         <path>.\fonts\</path>
         <kind>object</kind>
         <file>fontcm38.obj</file>
         <name>fontcm38.obj</name>
      </input_file>
      <input_file id="fl-31">
         <path>.\fonts\</path>
         <kind>object</kind>
         <file>fontcm38b.obj</file>
         <name>fontcm38b.obj</name>
      </input_file>
      <input_file id="fl-32">
         <path>.\fonts\</path>
         <kind>object</kind>
         <file>fontcm38i.obj</file>
         <name>fontcm38i.obj</name>
      </input_file>
      <input_file id="fl-33">
         <path>.\fonts\</path>
         <kind>object</kind>
         <file>fontcm40.obj</file>
         <name>fontcm40.obj</name>
      </input_file>
      <input_file id="fl-34">
         <path>.\fonts\</path>
         <kind>object</kind>
         <file>fontcm40b.obj</file>
         <name>fontcm40b.obj</name>
      </input_file>
      <input_file id="fl-35">
         <path>.\fonts\</path>
         <kind>object</kind>
         <file>fontcm40i.obj</file>
         <name>fontcm40i.obj</name>
      </input_file>
      <input_file id="fl-36">
         <path>.\fonts\</path>
         <kind>object</kind>
         <file>fontcm42.obj</file>
         <name>fontcm42.obj</name>
      </input_file>
      <input_file id="fl-37">
         <path>.\fonts\</path>
         <kind>object</kind>
         <file>fontcm42b.obj</file>
         <name>fontcm42b.obj</name>
      </input_file>
      <input_file id="fl-38">
         <path>.\fonts\</path>
         <kind>object</kind>
         <file>fontcm42i.obj</file>
         <name>fontcm42i.obj</name>
      </input_file>
      <input_file id="fl-39">
         <path>.\fonts\</path>
         <kind>object</kind>
         <file>fontcm44.obj</file>
         <name>fontcm44.obj</name>
      </input_file>
      <input_file id="fl-3a">
         <path>.\fonts\</path>
         <kind>object</kind>
         <file>fontcm44b.obj</file>
         <name>fontcm44b.obj</name>
      </input_file>
      <input_file id="fl-3b">
         <path>.\fonts\</path>
         <kind>object</kind>
         <file>fontcm44i.obj</file>
         <name>fontcm44i.obj</name>
      </input_file>
      <input_file id="fl-3c">
         <path>.\fonts\</path>
         <kind>object</kind>
         <file>fontcm46.obj</file>
         <name>fontcm46.obj</name>
      </input_file>
      <input_file id="fl-3d">
         <path>.\fonts\</path>
         <kind>object</kind>
         <file>fontcm46b.obj</file>
         <name>fontcm46b.obj</name>
      </input_file>
      <input_file id="fl-3e">
         <path>.\fonts\</path>
         <kind>object</kind>
         <file>fontcm46i.obj</file>
         <name>fontcm46i.obj</name>
      </input_file>
      <input_file id="fl-3f">
         <path>.\fonts\</path>
         <kind>object</kind>
         <file>fontcm48.obj</file>
         <name>fontcm48.obj</name>
      </input_file>
      <input_file id="fl-40">
         <path>.\fonts\</path>
         <kind>object</kind>
         <file>fontcm48b.obj</file>
         <name>fontcm48b.obj</name>
      </input_file>
      <input_file id="fl-41">
         <path>.\fonts\</path>
         <kind>object</kind>
         <file>fontcm48i.obj</file>
         <name>fontcm48i.obj</name>
      </input_file>
      <input_file id="fl-42">
         <path>.\fonts\</path>
         <kind>object</kind>
         <file>fontcmsc12.obj</file>
         <name>fontcmsc12.obj</name>
      </input_file>
      <input_file id="fl-43">
         <path>.\fonts\</path>
         <kind>object</kind>
         <file>fontcmsc14.obj</file>
         <name>fontcmsc14.obj</name>
      </input_file>
      <input_file id="fl-44">
         <path>.\fonts\</path>
         <kind>object</kind>
         <file>fontcmsc16.obj</file>
         <name>fontcmsc16.obj</name>
      </input_file>
      <input_file id="fl-45">
         <path>.\fonts\</path>
         <kind>object</kind>
         <file>fontcmsc18.obj</file>
         <name>fontcmsc18.obj</name>
      </input_file>
      <input_file id="fl-46">
         <path>.\fonts\</path>
         <kind>object</kind>
         <file>fontcmsc20.obj</file>
         <name>fontcmsc20.obj</name>
      </input_file>
      <input_file id="fl-47">
         <path>.\fonts\</path>
         <kind>object</kind>
         <file>fontcmsc22.obj</file>
         <name>fontcmsc22.obj</name>
      </input_file>
      <input_file id="fl-48">
         <path>.\fonts\</path>
         <kind>object</kind>
         <file>fontcmsc24.obj</file>
         <name>fontcmsc24.obj</name>
      </input_file>
      <input_file id="fl-49">
         <path>.\fonts\</path>
         <kind>object</kind>
         <file>fontcmsc26.obj</file>
         <name>fontcmsc26.obj</name>
      </input_file>
      <input_file id="fl-4a">
         <path>.\fonts\</path>
         <kind>object</kind>
         <file>fontcmsc28.obj</file>
         <name>fontcmsc28.obj</name>
      </input_file>
      <input_file id="fl-4b">
         <path>.\fonts\</path>
         <kind>object</kind>
         <file>fontcmsc30.obj</file>
         <name>fontcmsc30.obj</name>
      </input_file>
      <input_file id="fl-4c">
         <path>.\fonts\</path>
         <kind>object</kind>
         <file>fontcmsc32.obj</file>
         <name>fontcmsc32.obj</name>
      </input_file>
      <input_file id="fl-4d">
         <path>.\fonts\</path>
         <kind>object</kind>
         <file>fontcmsc34.obj</file>
         <name>fontcmsc34.obj</name>
      </input_file>
      <input_file id="fl-4e">
         <path>.\fonts\</path>
         <kind>object</kind>
         <file>fontcmsc36.obj</file>
         <name>fontcmsc36.obj</name>
      </input_file>
      <input_file id="fl-4f">
         <path>.\fonts\</path>
         <kind>object</kind>
         <file>fontcmsc38.obj</file>
         <name>fontcmsc38.obj</name>
      </input_file>
      <input_file id="fl-50">
         <path>.\fonts\</path>
         <kind>object</kind>
         <file>fontcmsc40.obj</file>
         <name>fontcmsc40.obj</name>
      </input_file>
      <input_file id="fl-51">
         <path>.\fonts\</path>
         <kind>object</kind>
         <file>fontcmsc42.obj</file>
         <name>fontcmsc42.obj</name>
      </input_file>
      <input_file id="fl-52">
         <path>.\fonts\</path>
         <kind>object</kind>
         <file>fontcmsc44.obj</file>
         <name>fontcmsc44.obj</name>
      </input_file>
      <input_file id="fl-53">
         <path>.\fonts\</path>
         <kind>object</kind>
         <file>fontcmsc46.obj</file>
         <name>fontcmsc46.obj</name>
      </input_file>
      <input_file id="fl-54">
         <path>.\fonts\</path>
         <kind>object</kind>
         <file>fontcmsc48.obj</file>
         <name>fontcmsc48.obj</name>
      </input_file>
      <input_file id="fl-55">
         <path>.\fonts\</path>
         <kind>object</kind>
         <file>fontcmss12.obj</file>
         <name>fontcmss12.obj</name>
      </input_file>
      <input_file id="fl-56">
         <path>.\fonts\</path>
         <kind>object</kind>
         <file>fontcmss12b.obj</file>
         <name>fontcmss12b.obj</name>
      </input_file>
      <input_file id="fl-57">
         <path>.\fonts\</path>
         <kind>object</kind>
         <file>fontcmss12i.obj</file>
         <name>fontcmss12i.obj</name>
      </input_file>
      <input_file id="fl-58">
         <path>.\fonts\</path>
         <kind>object</kind>
         <file>fontcmss14.obj</file>
         <name>fontcmss14.obj</name>
      </input_file>
      <input_file id="fl-59">
         <path>.\fonts\</path>
         <kind>object</kind>
         <file>fontcmss14b.obj</file>
         <name>fontcmss14b.obj</name>
      </input_file>
      <input_file id="fl-5a">
         <path>.\fonts\</path>
         <kind>object</kind>
         <file>fontcmss14i.obj</file>
         <name>fontcmss14i.obj</name>
      </input_file>
      <input_file id="fl-5b">
         <path>.\fonts\</path>
         <kind>object</kind>
         <file>fontcmss16.obj</file>
         <name>fontcmss16.obj</name>
      </input_file>
      <input_file id="fl-5c">
         <path>.\fonts\</path>
         <kind>object</kind>
         <file>fontcmss16b.obj</file>
         <name>fontcmss16b.obj</name>
      </input_file>
      <input_file id="fl-5d">
         <path>.\fonts\</path>
         <kind>object</kind>
         <file>fontcmss16i.obj</file>
         <name>fontcmss16i.obj</name>
      </input_file>
      <input_file id="fl-5e">
         <path>.\fonts\</path>
         <kind>object</kind>
         <file>fontcmss18.obj</file>
         <name>fontcmss18.obj</name>
      </input_file>
      <input_file id="fl-5f">
         <path>.\fonts\</path>
         <kind>object</kind>
         <file>fontcmss18b.obj</file>
         <name>fontcmss18b.obj</name>
      </input_file>
      <input_file id="fl-60">
         <path>.\fonts\</path>
         <kind>object</kind>
         <file>fontcmss18i.obj</file>
         <name>fontcmss18i.obj</name>
      </input_file>
      <input_file id="fl-61">
         <path>.\fonts\</path>
         <kind>object</kind>
         <file>fontcmss20.obj</file>
         <name>fontcmss20.obj</name>
      </input_file>
      <input_file id="fl-62">
         <path>.\fonts\</path>
         <kind>object</kind>
         <file>fontcmss20b.obj</file>
         <name>fontcmss20b.obj</name>
      </input_file>
      <input_file id="fl-63">
         <path>.\fonts\</path>
         <kind>object</kind>
         <file>fontcmss20i.obj</file>
         <name>fontcmss20i.obj</name>
      </input_file>
      <input_file id="fl-64">
         <path>.\fonts\</path>
         <kind>object</kind>
         <file>fontcmss22.obj</file>
         <name>fontcmss22.obj</name>
      </input_file>
      <input_file id="fl-65">
         <path>.\fonts\</path>
         <kind>object</kind>
         <file>fontcmss22b.obj</file>
         <name>fontcmss22b.obj</name>
      </input_file>
      <input_file id="fl-66">
         <path>.\fonts\</path>
         <kind>object</kind>
         <file>fontcmss22i.obj</file>
         <name>fontcmss22i.obj</name>
      </input_file>
      <input_file id="fl-67">
         <path>.\fonts\</path>
         <kind>object</kind>
         <file>fontcmss24.obj</file>
         <name>fontcmss24.obj</name>
      </input_file>
      <input_file id="fl-68">
         <path>.\fonts\</path>
         <kind>object</kind>
         <file>fontcmss24b.obj</file>
         <name>fontcmss24b.obj</name>
      </input_file>
      <input_file id="fl-69">
         <path>.\fonts\</path>
         <kind>object</kind>
         <file>fontcmss24i.obj</file>
         <name>fontcmss24i.obj</name>
      </input_file>
      <input_file id="fl-6a">
         <path>.\fonts\</path>
         <kind>object</kind>
         <file>fontcmss26.obj</file>
         <name>fontcmss26.obj</name>
      </input_file>
      <input_file id="fl-6b">
         <path>.\fonts\</path>
         <kind>object</kind>
         <file>fontcmss26b.obj</file>
         <name>fontcmss26b.obj</name>
      </input_file>
      <input_file id="fl-6c">
         <path>.\fonts\</path>
         <kind>object</kind>
         <file>fontcmss26i.obj</file>
         <name>fontcmss26i.obj</name>
      </input_file>
      <input_file id="fl-6d">
         <path>.\fonts\</path>
         <kind>object</kind>
         <file>fontcmss28.obj</file>
         <name>fontcmss28.obj</name>
      </input_file>
      <input_file id="fl-6e">
         <path>.\fonts\</path>
         <kind>object</kind>
         <file>fontcmss28b.obj</file>
         <name>fontcmss28b.obj</name>
      </input_file>
      <input_file id="fl-6f">
         <path>.\fonts\</path>
         <kind>object</kind>
         <file>fontcmss28i.obj</file>
         <name>fontcmss28i.obj</name>
      </input_file>
      <input_file id="fl-70">
         <path>.\fonts\</path>
         <kind>object</kind>
         <file>fontcmss30.obj</file>
         <name>fontcmss30.obj</name>
      </input_file>
      <input_file id="fl-71">
         <path>.\fonts\</path>
         <kind>object</kind>
         <file>fontcmss30b.obj</file>
         <name>fontcmss30b.obj</name>
      </input_file>
      <input_file id="fl-72">
         <path>.\fonts\</path>
         <kind>object</kind>
         <file>fontcmss30i.obj</file>
         <name>fontcmss30i.obj</name>
      </input_file>
      <input_file id="fl-73">
         <path>.\fonts\</path>
         <kind>object</kind>
         <file>fontcmss32.obj</file>
         <name>fontcmss32.obj</name>
      </input_file>
      <input_file id="fl-74">
         <path>.\fonts\</path>
         <kind>object</kind>
         <file>fontcmss32b.obj</file>
         <name>fontcmss32b.obj</name>
      </input_file>
      <input_file id="fl-75">
         <path>.\fonts\</path>
         <kind>object</kind>
         <file>fontcmss32i.obj</file>
         <name>fontcmss32i.obj</name>
      </input_file>
      <input_file id="fl-76">
         <path>.\fonts\</path>
         <kind>object</kind>
         <file>fontcmss34.obj</file>
         <name>fontcmss34.obj</name>
      </input_file>
      <input_file id="fl-77">
         <path>.\fonts\</path>
         <kind>object</kind>
         <file>fontcmss34b.obj</file>
         <name>fontcmss34b.obj</name>
      </input_file>
      <input_file id="fl-78">
         <path>.\fonts\</path>
         <kind>object</kind>
         <file>fontcmss34i.obj</file>
         <name>fontcmss34i.obj</name>
      </input_file>
      <input_file id="fl-79">
         <path>.\fonts\</path>
         <kind>object</kind>
         <file>fontcmss36.obj</file>
         <name>fontcmss36.obj</name>
      </input_file>
      <input_file id="fl-7a">
         <path>.\fonts\</path>
         <kind>object</kind>
         <file>fontcmss36b.obj</file>
         <name>fontcmss36b.obj</name>
      </input_file>
      <input_file id="fl-7b">
         <path>.\fonts\</path>
         <kind>object</kind>
         <file>fontcmss36i.obj</file>
         <name>fontcmss36i.obj</name>
      </input_file>
      <input_file id="fl-7c">
         <path>.\fonts\</path>
         <kind>object</kind>
         <file>fontcmss38.obj</file>
         <name>fontcmss38.obj</name>
      </input_file>
      <input_file id="fl-7d">
         <path>.\fonts\</path>
         <kind>object</kind>
         <file>fontcmss38b.obj</file>
         <name>fontcmss38b.obj</name>
      </input_file>
      <input_file id="fl-7e">
         <path>.\fonts\</path>
         <kind>object</kind>
         <file>fontcmss38i.obj</file>
         <name>fontcmss38i.obj</name>
      </input_file>
      <input_file id="fl-7f">
         <path>.\fonts\</path>
         <kind>object</kind>
         <file>fontcmss40.obj</file>
         <name>fontcmss40.obj</name>
      </input_file>
      <input_file id="fl-80">
         <path>.\fonts\</path>
         <kind>object</kind>
         <file>fontcmss40b.obj</file>
         <name>fontcmss40b.obj</name>
      </input_file>
      <input_file id="fl-81">
         <path>.\fonts\</path>
         <kind>object</kind>
         <file>fontcmss40i.obj</file>
         <name>fontcmss40i.obj</name>
      </input_file>
      <input_file id="fl-82">
         <path>.\fonts\</path>
         <kind>object</kind>
         <file>fontcmss42.obj</file>
         <name>fontcmss42.obj</name>
      </input_file>
      <input_file id="fl-83">
         <path>.\fonts\</path>
         <kind>object</kind>
         <file>fontcmss42b.obj</file>
         <name>fontcmss42b.obj</name>
      </input_file>
      <input_file id="fl-84">
         <path>.\fonts\</path>
         <kind>object</kind>
         <file>fontcmss42i.obj</file>
         <name>fontcmss42i.obj</name>
      </input_file>
      <input_file id="fl-85">
         <path>.\fonts\</path>
         <kind>object</kind>
         <file>fontcmss44.obj</file>
         <name>fontcmss44.obj</name>
      </input_file>
      <input_file id="fl-86">
         <path>.\fonts\</path>
         <kind>object</kind>
         <file>fontcmss44b.obj</file>
         <name>fontcmss44b.obj</name>
      </input_file>
      <input_file id="fl-87">
         <path>.\fonts\</path>
         <kind>object</kind>
         <file>fontcmss44i.obj</file>
         <name>fontcmss44i.obj</name>
      </input_file>
      <input_file id="fl-88">
         <path>.\fonts\</path>
         <kind>object</kind>
         <file>fontcmss46.obj</file>
         <name>fontcmss46.obj</name>
      </input_file>
      <input_file id="fl-89">
         <path>.\fonts\</path>
         <kind>object</kind>
         <file>fontcmss46b.obj</file>
         <name>fontcmss46b.obj</name>
      </input_file>
      <input_file id="fl-8a">
         <path>.\fonts\</path>
         <kind>object</kind>
         <file>fontcmss46i.obj</file>
         <name>fontcmss46i.obj</name>
      </input_file>
      <input_file id="fl-8b">
         <path>.\fonts\</path>
         <kind>object</kind>
         <file>fontcmss48.obj</file>
         <name>fontcmss48.obj</name>
      </input_file>
      <input_file id="fl-8c">
         <path>.\fonts\</path>
         <kind>object</kind>
         <file>fontcmss48b.obj</file>
         <name>fontcmss48b.obj</name>
      </input_file>
      <input_file id="fl-8d">
         <path>.\fonts\</path>
         <kind>object</kind>
         <file>fontcmss48i.obj</file>
         <name>fontcmss48i.obj</name>
      </input_file>
      <input_file id="fl-8e">
         <path>.\fonts\</path>
         <kind>object</kind>
         <file>fontcmtt12.obj</file>
         <name>fontcmtt12.obj</name>
      </input_file>
      <input_file id="fl-8f">
         <path>.\fonts\</path>
         <kind>object</kind>
         <file>fontcmtt14.obj</file>
         <name>fontcmtt14.obj</name>
      </input_file>
      <input_file id="fl-90">
         <path>.\fonts\</path>
         <kind>object</kind>
         <file>fontcmtt16.obj</file>
         <name>fontcmtt16.obj</name>
      </input_file>
      <input_file id="fl-91">
         <path>.\fonts\</path>
         <kind>object</kind>
         <file>fontcmtt18.obj</file>
         <name>fontcmtt18.obj</name>
      </input_file>
      <input_file id="fl-92">
         <path>.\fonts\</path>
         <kind>object</kind>
         <file>fontcmtt20.obj</file>
         <name>fontcmtt20.obj</name>
      </input_file>
      <input_file id="fl-93">
         <path>.\fonts\</path>
         <kind>object</kind>
         <file>fontcmtt22.obj</file>
         <name>fontcmtt22.obj</name>
      </input_file>
      <input_file id="fl-94">
         <path>.\fonts\</path>
         <kind>object</kind>
         <file>fontcmtt24.obj</file>
         <name>fontcmtt24.obj</name>
      </input_file>
      <input_file id="fl-95">
         <path>.\fonts\</path>
         <kind>object</kind>
         <file>fontcmtt26.obj</file>
         <name>fontcmtt26.obj</name>
      </input_file>
      <input_file id="fl-96">
         <path>.\fonts\</path>
         <kind>object</kind>
         <file>fontcmtt28.obj</file>
         <name>fontcmtt28.obj</name>
      </input_file>
      <input_file id="fl-97">
         <path>.\fonts\</path>
         <kind>object</kind>
         <file>fontcmtt30.obj</file>
         <name>fontcmtt30.obj</name>
      </input_file>
      <input_file id="fl-98">
         <path>.\fonts\</path>
         <kind>object</kind>
         <file>fontcmtt32.obj</file>
         <name>fontcmtt32.obj</name>
      </input_file>
      <input_file id="fl-99">
         <path>.\fonts\</path>
         <kind>object</kind>
         <file>fontcmtt34.obj</file>
         <name>fontcmtt34.obj</name>
      </input_file>
      <input_file id="fl-9a">
         <path>.\fonts\</path>
         <kind>object</kind>
         <file>fontcmtt36.obj</file>
         <name>fontcmtt36.obj</name>
      </input_file>
      <input_file id="fl-9b">
         <path>.\fonts\</path>
         <kind>object</kind>
         <file>fontcmtt38.obj</file>
         <name>fontcmtt38.obj</name>
      </input_file>
      <input_file id="fl-9c">
         <path>.\fonts\</path>
         <kind>object</kind>
         <file>fontcmtt40.obj</file>
         <name>fontcmtt40.obj</name>
      </input_file>
      <input_file id="fl-9d">
         <path>.\fonts\</path>
         <kind>object</kind>
         <file>fontcmtt42.obj</file>
         <name>fontcmtt42.obj</name>
      </input_file>
      <input_file id="fl-9e">
         <path>.\fonts\</path>
         <kind>object</kind>
         <file>fontcmtt44.obj</file>
         <name>fontcmtt44.obj</name>
      </input_file>
      <input_file id="fl-9f">
         <path>.\fonts\</path>
         <kind>object</kind>
         <file>fontcmtt46.obj</file>
         <name>fontcmtt46.obj</name>
      </input_file>
      <input_file id="fl-a0">
         <path>.\fonts\</path>
         <kind>object</kind>
         <file>fontcmtt48.obj</file>
         <name>fontcmtt48.obj</name>
      </input_file>
      <input_file id="fl-a1">
         <path>.\fonts\</path>
         <kind>object</kind>
         <file>fontfixed6x8.obj</file>
         <name>fontfixed6x8.obj</name>
      </input_file>
      <input_file id="fl-aa">
         <kind>object</kind>
         <file>&lt;internal&gt;</file>
         <name>&lt;internal&gt;</name>
      </input_file>
      <input_file id="fl-160">
         <path>C:\ti\ccsv7\tools\compiler\ti-cgt-arm_16.9.4.LTS\lib\</path>
         <kind>archive</kind>
         <file>rtsv7M4_T_le_v4SPD16_eabi.lib</file>
         <name>boot.obj</name>
      </input_file>
      <input_file id="fl-161">
         <path>C:\ti\ccsv7\tools\compiler\ti-cgt-arm_16.9.4.LTS\lib\</path>
         <kind>archive</kind>
         <file>rtsv7M4_T_le_v4SPD16_eabi.lib</file>
         <name>copy_decompress_lzss.obj</name>
      </input_file>
      <input_file id="fl-162">
         <path>C:\ti\ccsv7\tools\compiler\ti-cgt-arm_16.9.4.LTS\lib\</path>
         <kind>archive</kind>
         <file>rtsv7M4_T_le_v4SPD16_eabi.lib</file>
         <name>copy_decompress_none.obj</name>
      </input_file>
      <input_file id="fl-163">
         <path>C:\ti\ccsv7\tools\compiler\ti-cgt-arm_16.9.4.LTS\lib\</path>
         <kind>archive</kind>
         <file>rtsv7M4_T_le_v4SPD16_eabi.lib</file>
         <name>copy_zero_init.obj</name>
      </input_file>
      <input_file id="fl-164">
         <path>C:\ti\ccsv7\tools\compiler\ti-cgt-arm_16.9.4.LTS\lib\</path>
         <kind>archive</kind>
         <file>rtsv7M4_T_le_v4SPD16_eabi.lib</file>
         <name>exit.obj</name>
      </input_file>
      <input_file id="fl-165">
         <path>C:\ti\ccsv7\tools\compiler\ti-cgt-arm_16.9.4.LTS\lib\</path>
         <kind>archive</kind>
         <file>rtsv7M4_T_le_v4SPD16_eabi.lib</file>
         <name>memcpy_t2.obj</name>
      </input_file>
      <input_file id="fl-166">
         <path>C:\ti\ccsv7\tools\compiler\ti-cgt-arm_16.9.4.LTS\lib\</path>
         <kind>archive</kind>
         <file>rtsv7M4_T_le_v4SPD16_eabi.lib</file>
         <name>memset_t2.obj</name>
      </input_file>
      <input_file id="fl-167">
         <path>C:\ti\ccsv7\tools\compiler\ti-cgt-arm_16.9.4.LTS\lib\</path>
         <kind>archive</kind>
         <file>rtsv7M4_T_le_v4SPD16_eabi.lib</file>
         <name>mpu_init.obj</name>
      </input_file>
      <input_file id="fl-168">
         <path>C:\ti\ccsv7\tools\compiler\ti-cgt-arm_16.9.4.LTS\lib\</path>
         <kind>archive</kind>
         <file>rtsv7M4_T_le_v4SPD16_eabi.lib</file>
         <name>pre_init.obj</name>
      </input_file>
      <input_file id="fl-169">
         <path>C:\ti\ccsv7\tools\compiler\ti-cgt-arm_16.9.4.LTS\lib\</path>
         <kind>archive</kind>
         <file>rtsv7M4_T_le_v4SPD16_eabi.lib</file>
         <name>stkdepth_vars.obj</name>
      </input_file>
      <input_file id="fl-16a">
         <path>C:\ti\ccsv7\tools\compiler\ti-cgt-arm_16.9.4.LTS\lib\</path>
         <kind>archive</kind>
         <file>rtsv7M4_T_le_v4SPD16_eabi.lib</file>
         <name>typeinfo_.obj</name>
      </input_file>
      <input_file id="fl-16b">
         <path>C:\ti\ccsv7\tools\compiler\ti-cgt-arm_16.9.4.LTS\lib\</path>
         <kind>archive</kind>
         <file>rtsv7M4_T_le_v4SPD16_eabi.lib</file>
         <name>_lock.obj</name>
      </input_file>
      <input_file id="fl-16c">
         <path>C:\ti\ccsv7\tools\compiler\ti-cgt-arm_16.9.4.LTS\lib\</path>
         <kind>archive</kind>
         <file>rtsv7M4_T_le_v4SPD16_eabi.lib</file>
         <name>args_main.obj</name>
      </input_file>
      <input_file id="fl-16d">
         <path>C:\ti\ccsv7\tools\compiler\ti-cgt-arm_16.9.4.LTS\lib\</path>
         <kind>archive</kind>
         <file>rtsv7M4_T_le_v4SPD16_eabi.lib</file>
         <name>autoinit.obj</name>
      </input_file>
      <input_file id="fl-16e">
         <path>C:\ti\ccsv7\tools\compiler\ti-cgt-arm_16.9.4.LTS\lib\</path>
         <kind>archive</kind>
         <file>rtsv7M4_T_le_v4SPD16_eabi.lib</file>
         <name>cpy_tbl.obj</name>
      </input_file>
      <input_file id="fl-16f">
         <path>C:\ti\ccsv7\tools\compiler\ti-cgt-arm_16.9.4.LTS\lib\</path>
         <kind>archive</kind>
         <file>rtsv7M4_T_le_v4SPD16_eabi.lib</file>
         <name>delete.obj</name>
      </input_file>
      <input_file id="fl-170">
         <path>C:\ti\ccsv7\tools\compiler\ti-cgt-arm_16.9.4.LTS\lib\</path>
         <kind>archive</kind>
         <file>rtsv7M4_T_le_v4SPD16_eabi.lib</file>
         <name>memory.obj</name>
      </input_file>
      <input_file id="fl-171">
         <path>C:\ti\ccsv7\tools\compiler\ti-cgt-arm_16.9.4.LTS\lib\</path>
         <kind>archive</kind>
         <file>rtsv7M4_T_le_v4SPD16_eabi.lib</file>
         <name>startup.obj</name>
      </input_file>
   </input_file_list>
   <object_component_list>
      <object_component id="oc-2d">
         <name>.intvecs:retain</name>
         <load_address>0x0</load_address>
         <run_address>0x0</run_address>
         <size>0xe4</size>
         <input_file_ref idref="fl-8"/>
      </object_component>
      <object_component id="oc-25e">
         <name>.text</name>
         <load_address>0xe4</load_address>
         <run_address>0xe4</run_address>
         <size>0x3d0</size>
         <input_file_ref idref="fl-170"/>
      </object_component>
      <object_component id="oc-11e">
         <name>.text:_ZN9Scheduler3runEv</name>
         <load_address>0x4b4</load_address>
         <run_address>0x4b4</run_address>
         <size>0xbe</size>
         <input_file_ref idref="fl-3"/>
      </object_component>
      <object_component id="oc-85">
         <name>.text:Default_Handler</name>
         <load_address>0x572</load_address>
         <run_address>0x572</run_address>
         <size>0x2</size>
         <input_file_ref idref="fl-8"/>
      </object_component>
      <object_component id="oc-223">
         <name>.text</name>
         <load_address>0x574</load_address>
         <run_address>0x574</run_address>
         <size>0xbc</size>
         <input_file_ref idref="fl-16a"/>
      </object_component>
      <object_component id="oc-3f">
         <name>.text</name>
         <load_address>0x630</load_address>
         <run_address>0x630</run_address>
         <size>0x9c</size>
         <input_file_ref idref="fl-165"/>
      </object_component>
      <object_component id="oc-112">
         <name>.text:_ZN9Scheduler6attachEP4Tasky</name>
         <load_address>0x6cc</load_address>
         <run_address>0x6cc</run_address>
         <size>0x80</size>
         <input_file_ref idref="fl-3"/>
      </object_component>
      <object_component id="oc-4b">
         <name>.text</name>
         <load_address>0x74c</load_address>
         <run_address>0x74c</run_address>
         <size>0x7a</size>
         <input_file_ref idref="fl-166"/>
      </object_component>
      <object_component id="oc-57">
         <name>.text</name>
         <load_address>0x7c6</load_address>
         <run_address>0x7c6</run_address>
         <size>0x2</size>
         <input_file_ref idref="fl-167"/>
      </object_component>
      <object_component id="oc-db">
         <name>.text:SystemInit</name>
         <load_address>0x7c8</load_address>
         <run_address>0x7c8</run_address>
         <size>0x78</size>
         <input_file_ref idref="fl-6"/>
      </object_component>
      <object_component id="oc-63">
         <name>.text</name>
         <load_address>0x840</load_address>
         <run_address>0x840</run_address>
         <size>0x70</size>
         <input_file_ref idref="fl-16d"/>
      </object_component>
      <object_component id="oc-14">
         <name>.text:decompress:lzss</name>
         <load_address>0x8b0</load_address>
         <run_address>0x8b0</run_address>
         <size>0x68</size>
         <input_file_ref idref="fl-161"/>
      </object_component>
      <object_component id="oc-be">
         <name>.text:main</name>
         <load_address>0x918</load_address>
         <run_address>0x918</run_address>
         <size>0x68</size>
         <input_file_ref idref="fl-5"/>
      </object_component>
      <object_component id="oc-26">
         <name>.text</name>
         <load_address>0x980</load_address>
         <run_address>0x980</run_address>
         <size>0x54</size>
         <input_file_ref idref="fl-160"/>
      </object_component>
      <object_component id="oc-6f">
         <name>.text</name>
         <load_address>0x9d4</load_address>
         <run_address>0x9d4</run_address>
         <size>0x54</size>
         <input_file_ref idref="fl-164"/>
      </object_component>
      <object_component id="oc-118">
         <name>.text:_ZN9Scheduler5setupEv</name>
         <load_address>0xa28</load_address>
         <run_address>0xa28</run_address>
         <size>0x4c</size>
         <input_file_ref idref="fl-3"/>
      </object_component>
      <object_component id="oc-b0">
         <name>.text</name>
         <load_address>0xa74</load_address>
         <run_address>0xa74</run_address>
         <size>0x4c</size>
         <input_file_ref idref="fl-16e"/>
      </object_component>
      <object_component id="oc-177">
         <name>.text:_Z18__NVIC_SetPriority4IRQnj</name>
         <load_address>0xac0</load_address>
         <run_address>0xac0</run_address>
         <size>0x48</size>
         <input_file_ref idref="fl-5"/>
      </object_component>
      <object_component id="oc-10c">
         <name>.text:_Z5Setupv</name>
         <load_address>0xb08</load_address>
         <run_address>0xb08</run_address>
         <size>0x44</size>
         <input_file_ref idref="fl-5"/>
      </object_component>
      <object_component id="oc-d1">
         <name>.text:_ZN9SchedulerC1Ev</name>
         <load_address>0xb4c</load_address>
         <run_address>0xb4c</run_address>
         <size>0x3a</size>
         <input_file_ref idref="fl-3"/>
      </object_component>
      <object_component id="oc-b6">
         <name>.text</name>
         <load_address>0xb86</load_address>
         <run_address>0xb86</run_address>
         <size>0x2</size>
         <input_file_ref idref="fl-171"/>
      </object_component>
      <object_component id="oc-8b">
         <name>.text:T32_INT1_IRQHandler</name>
         <load_address>0xb88</load_address>
         <run_address>0xb88</run_address>
         <size>0x34</size>
         <input_file_ref idref="fl-5"/>
      </object_component>
      <object_component id="oc-17d">
         <name>.text:_Z16__NVIC_EnableIRQ4IRQn</name>
         <load_address>0xbbc</load_address>
         <run_address>0xbbc</run_address>
         <size>0x30</size>
         <input_file_ref idref="fl-5"/>
      </object_component>
      <object_component id="oc-169">
         <name>.text:_ZN4TaskC1Ev</name>
         <load_address>0xbec</load_address>
         <run_address>0xbec</run_address>
         <size>0x30</size>
         <input_file_ref idref="fl-4"/>
      </object_component>
      <object_component id="oc-1e8">
         <name>.text:_ZN3LED5setupEv</name>
         <load_address>0xc1c</load_address>
         <run_address>0xc1c</run_address>
         <size>0x2c</size>
         <input_file_ref idref="fl-2"/>
      </object_component>
      <object_component id="oc-106">
         <name>.text:_ZN3LEDC1Et</name>
         <load_address>0xc48</load_address>
         <run_address>0xc48</run_address>
         <size>0x24</size>
         <input_file_ref idref="fl-2"/>
      </object_component>
      <object_component id="oc-1e2">
         <name>.text:_ZN3LED3runEv</name>
         <load_address>0xc6c</load_address>
         <run_address>0xc6c</run_address>
         <size>0x1c</size>
         <input_file_ref idref="fl-2"/>
      </object_component>
      <object_component id="oc-69">
         <name>.text</name>
         <load_address>0xc88</load_address>
         <run_address>0xc88</run_address>
         <size>0x18</size>
         <input_file_ref idref="fl-16c"/>
      </object_component>
      <object_component id="oc-133">
         <name>.text</name>
         <load_address>0xca0</load_address>
         <run_address>0xca0</run_address>
         <size>0x14</size>
         <input_file_ref idref="fl-16b"/>
      </object_component>
      <object_component id="oc-79">
         <name>.text:__sti___8_main_cpp_937618a8</name>
         <load_address>0xcb4</load_address>
         <run_address>0xcb4</run_address>
         <size>0x10</size>
         <input_file_ref idref="fl-5"/>
      </object_component>
      <object_component id="oc-1a">
         <name>.text:decompress:none</name>
         <load_address>0xcc4</load_address>
         <run_address>0xcc4</run_address>
         <size>0xe</size>
         <input_file_ref idref="fl-162"/>
      </object_component>
      <object_component id="oc-7f">
         <name>.text:Reset_Handler</name>
         <load_address>0xcd2</load_address>
         <run_address>0xcd2</run_address>
         <size>0xc</size>
         <input_file_ref idref="fl-8"/>
      </object_component>
      <object_component id="oc-1f8">
         <name>.text:_ZN4Task3runEv</name>
         <load_address>0xcde</load_address>
         <run_address>0xcde</run_address>
         <size>0xc</size>
         <input_file_ref idref="fl-4"/>
      </object_component>
      <object_component id="oc-1ff">
         <name>.text:_ZN4Task5setupEv</name>
         <load_address>0xcea</load_address>
         <run_address>0xcea</run_address>
         <size>0xc</size>
         <input_file_ref idref="fl-4"/>
      </object_component>
      <object_component id="oc-186">
         <name>.text:_ZN9Scheduler21CalculateNextScheduleEv</name>
         <load_address>0xcf6</load_address>
         <run_address>0xcf6</run_address>
         <size>0xc</size>
         <input_file_ref idref="fl-3"/>
      </object_component>
      <object_component id="oc-20">
         <name>.text:decompress:ZI</name>
         <load_address>0xd02</load_address>
         <run_address>0xd02</run_address>
         <size>0xc</size>
         <input_file_ref idref="fl-163"/>
      </object_component>
      <object_component id="oc-236">
         <name>.text</name>
         <load_address>0xd0e</load_address>
         <run_address>0xd0e</run_address>
         <size>0x8</size>
         <input_file_ref idref="fl-16f"/>
      </object_component>
      <object_component id="oc-5d">
         <name>.text</name>
         <load_address>0xd16</load_address>
         <run_address>0xd16</run_address>
         <size>0x4</size>
         <input_file_ref idref="fl-168"/>
      </object_component>
      <object_component id="oc-2a5">
         <name>.const:.typeinfo:_ZTSN10__cxxabiv123__fundamental_type_infoE</name>
         <load_address>0xd1c</load_address>
         <run_address>0xd1c</run_address>
         <size>0x28</size>
         <input_file_ref idref="fl-16a"/>
      </object_component>
      <object_component id="oc-231">
         <name>.const:.typeinfo:_ZTSN10__cxxabiv120__si_class_type_infoE</name>
         <load_address>0xd44</load_address>
         <run_address>0xd44</run_address>
         <size>0x25</size>
         <input_file_ref idref="fl-16a"/>
      </object_component>
      <object_component id="oc-291">
         <name>.const:.typeinfo:_ZTSN10__cxxabiv119__pointer_type_infoE</name>
         <load_address>0xd69</load_address>
         <run_address>0xd69</run_address>
         <size>0x24</size>
         <input_file_ref idref="fl-16a"/>
      </object_component>
      <object_component id="oc-254">
         <name>.const:.typeinfo:_ZTSN10__cxxabiv117__class_type_infoE</name>
         <load_address>0xd8d</load_address>
         <run_address>0xd8d</run_address>
         <size>0x22</size>
         <input_file_ref idref="fl-16a"/>
      </object_component>
      <object_component id="oc-2a0">
         <name>.const:.typeinfo:_ZTSN10__cxxabiv117__pbase_type_infoE</name>
         <load_address>0xdaf</load_address>
         <run_address>0xdaf</run_address>
         <size>0x22</size>
         <input_file_ref idref="fl-16a"/>
      </object_component>
      <object_component id="oc-28a">
         <name>.const:.typeinfo:_ZTSe</name>
         <load_address>0xdd1</load_address>
         <run_address>0xdd1</run_address>
         <size>0x2</size>
         <input_file_ref idref="fl-16a"/>
      </object_component>
      <object_component id="oc-23d">
         <name>.const:.typeinfo:_ZTIPKe</name>
         <load_address>0xdd4</load_address>
         <run_address>0xdd4</run_address>
         <size>0x10</size>
         <input_file_ref idref="fl-16a"/>
      </object_component>
      <object_component id="oc-16f">
         <name>.const:_ZTV3LED</name>
         <load_address>0xde4</load_address>
         <run_address>0xde4</run_address>
         <size>0x10</size>
         <input_file_ref idref="fl-2"/>
      </object_component>
      <object_component id="oc-1d5">
         <name>.const:_ZTV4Task</name>
         <load_address>0xdf4</load_address>
         <run_address>0xdf4</run_address>
         <size>0x10</size>
         <input_file_ref idref="fl-4"/>
      </object_component>
      <object_component id="oc-214">
         <name>.const:_ZTVN10__cxxabiv117__class_type_infoE</name>
         <load_address>0xe04</load_address>
         <run_address>0xe04</run_address>
         <size>0x10</size>
         <input_file_ref idref="fl-16a"/>
      </object_component>
      <object_component id="oc-266">
         <name>.const:_ZTVN10__cxxabiv119__pointer_type_infoE</name>
         <load_address>0xe14</load_address>
         <run_address>0xe14</run_address>
         <size>0x10</size>
         <input_file_ref idref="fl-16a"/>
      </object_component>
      <object_component id="oc-208">
         <name>.const:_ZTVN10__cxxabiv120__si_class_type_infoE</name>
         <load_address>0xe24</load_address>
         <run_address>0xe24</run_address>
         <size>0x10</size>
         <input_file_ref idref="fl-16a"/>
      </object_component>
      <object_component id="oc-285">
         <name>.const:_ZTVN10__cxxabiv123__fundamental_type_infoE</name>
         <load_address>0xe34</load_address>
         <run_address>0xe34</run_address>
         <size>0x10</size>
         <input_file_ref idref="fl-16a"/>
      </object_component>
      <object_component id="oc-275">
         <name>.const:.typeinfo:_ZTSSt9type_info</name>
         <load_address>0xe44</load_address>
         <run_address>0xe44</run_address>
         <size>0xd</size>
         <input_file_ref idref="fl-16a"/>
      </object_component>
      <object_component id="oc-1dd">
         <name>.const:.typeinfo:_ZTI3LED</name>
         <load_address>0xe54</load_address>
         <run_address>0xe54</run_address>
         <size>0xc</size>
         <input_file_ref idref="fl-2"/>
      </object_component>
      <object_component id="oc-22c">
         <name>.const:.typeinfo:_ZTIN10__cxxabiv117__class_type_infoE</name>
         <load_address>0xe60</load_address>
         <run_address>0xe60</run_address>
         <size>0xc</size>
         <input_file_ref idref="fl-16a"/>
      </object_component>
      <object_component id="oc-296">
         <name>.const:.typeinfo:_ZTIN10__cxxabiv117__pbase_type_infoE</name>
         <load_address>0xe6c</load_address>
         <run_address>0xe6c</run_address>
         <size>0xc</size>
         <input_file_ref idref="fl-16a"/>
      </object_component>
      <object_component id="oc-280">
         <name>.const:.typeinfo:_ZTIN10__cxxabiv119__pointer_type_infoE</name>
         <load_address>0xe78</load_address>
         <run_address>0xe78</run_address>
         <size>0xc</size>
         <input_file_ref idref="fl-16a"/>
      </object_component>
      <object_component id="oc-21e">
         <name>.const:.typeinfo:_ZTIN10__cxxabiv120__si_class_type_infoE</name>
         <load_address>0xe84</load_address>
         <run_address>0xe84</run_address>
         <size>0xc</size>
         <input_file_ref idref="fl-16a"/>
      </object_component>
      <object_component id="oc-29b">
         <name>.const:.typeinfo:_ZTIN10__cxxabiv123__fundamental_type_infoE</name>
         <load_address>0xe90</load_address>
         <run_address>0xe90</run_address>
         <size>0xc</size>
         <input_file_ref idref="fl-16a"/>
      </object_component>
      <object_component id="oc-1f3">
         <name>.const:.typeinfo:_ZTI4Task</name>
         <load_address>0xe9c</load_address>
         <run_address>0xe9c</run_address>
         <size>0x8</size>
         <input_file_ref idref="fl-2"/>
      </object_component>
      <object_component id="oc-259">
         <name>.const:.typeinfo:_ZTISt9type_info</name>
         <load_address>0xea4</load_address>
         <run_address>0xea4</run_address>
         <size>0x8</size>
         <input_file_ref idref="fl-16a"/>
      </object_component>
      <object_component id="oc-270">
         <name>.const:.typeinfo:_ZTIe</name>
         <load_address>0xeac</load_address>
         <run_address>0xeac</run_address>
         <size>0x8</size>
         <input_file_ref idref="fl-16a"/>
      </object_component>
      <object_component id="oc-219">
         <name>.const:.typeinfo:_ZTS4Task</name>
         <load_address>0xeb4</load_address>
         <run_address>0xeb4</run_address>
         <size>0x6</size>
         <input_file_ref idref="fl-2"/>
      </object_component>
      <object_component id="oc-20d">
         <name>.const:.typeinfo:_ZTS3LED</name>
         <load_address>0xeba</load_address>
         <run_address>0xeba</run_address>
         <size>0x5</size>
         <input_file_ref idref="fl-2"/>
      </object_component>
      <object_component id="oc-26b">
         <name>.const:.typeinfo:_ZTSPKe</name>
         <load_address>0xebf</load_address>
         <run_address>0xebf</run_address>
         <size>0x4</size>
         <input_file_ref idref="fl-16a"/>
      </object_component>
      <object_component id="oc-2d1">
         <name>.cinit..data.load</name>
         <load_address>0xec8</load_address>
         <run_address>0xec8</run_address>
         <size>0x1d</size>
      </object_component>
      <object_component id="oc-2cf">
         <name>__TI_handler_table</name>
         <load_address>0xee8</load_address>
         <run_address>0xee8</run_address>
         <size>0xc</size>
      </object_component>
      <object_component id="oc-2d2">
         <name>.cinit..bss.load</name>
         <load_address>0xef8</load_address>
         <run_address>0xef8</run_address>
         <size>0x8</size>
      </object_component>
      <object_component id="oc-2d0">
         <name>__TI_cinit_table</name>
         <load_address>0xf00</load_address>
         <run_address>0xf00</run_address>
         <size>0x10</size>
      </object_component>
      <object_component id="oc-2c">
         <name>.init_array</name>
         <load_address>0xec4</load_address>
         <run_address>0xec4</run_address>
         <size>0x4</size>
         <input_file_ref idref="fl-5"/>
      </object_component>
      <object_component id="oc-2d3">
         <name>SHT$$INIT_ARRAY$$Limit</name>
         <load_address>0xec8</load_address>
         <run_address>0xec8</run_address>
         <size>0x0</size>
      </object_component>
      <object_component id="oc-2ac">
         <name>.binit</name>
         <load_address>0x0</load_address>
         <run_address>0x0</run_address>
         <size>0x0</size>
      </object_component>
      <object_component id="oc-e3">
         <name>.data</name>
         <load_address>0x200047f0</load_address>
         <run_address>0x200047f0</run_address>
         <size>0x9</size>
         <input_file_ref idref="fl-5"/>
      </object_component>
      <object_component id="oc-c6">
         <name>.data:$O1$$</name>
         <load_address>0x200047d8</load_address>
         <run_address>0x200047d8</run_address>
         <size>0xc</size>
         <input_file_ref idref="fl-164"/>
      </object_component>
      <object_component id="oc-75">
         <name>.data</name>
         <load_address>0x20004804</load_address>
         <run_address>0x20004804</run_address>
         <size>0x4</size>
         <input_file_ref idref="fl-169"/>
      </object_component>
      <object_component id="oc-c9">
         <name>.data:$O1$$</name>
         <load_address>0x200047fc</load_address>
         <run_address>0x200047fc</run_address>
         <size>0x8</size>
         <input_file_ref idref="fl-16b"/>
      </object_component>
      <object_component id="oc-27a">
         <name>.data:$O1$$</name>
         <load_address>0x200047e4</load_address>
         <run_address>0x200047e4</run_address>
         <size>0xc</size>
         <input_file_ref idref="fl-170"/>
      </object_component>
      <object_component id="oc-d7">
         <name>.bss:g_MainScheduler</name>
         <uninitialized>true</uninitialized>
         <run_address>0x20000000</run_address>
         <size>0x3fd0</size>
         <input_file_ref idref="fl-5"/>
      </object_component>
      <object_component id="oc-23c">
         <name>.common:_ZSt16__dummy_typeinfo</name>
         <uninitialized>true</uninitialized>
         <run_address>0x20003fd0</run_address>
         <size>0x4</size>
      </object_component>
      <object_component id="oc-31">
         <name>.sysmem</name>
         <uninitialized>true</uninitialized>
         <run_address>0x20003fd8</run_address>
         <size>0x8</size>
         <input_file_ref idref="fl-170"/>
      </object_component>
      <object_component id="oc-2d5">
         <name>.sysmem</name>
         <uninitialized>true</uninitialized>
         <run_address>0x20003fd8</run_address>
         <size>0x0</size>
      </object_component>
      <object_component id="oc-30">
         <name>.stack</name>
         <uninitialized>true</uninitialized>
         <run_address>0x2000fe00</run_address>
         <size>0x0</size>
         <input_file_ref idref="fl-160"/>
      </object_component>
      <object_component id="oc-2d4">
         <name>.stack</name>
         <uninitialized>true</uninitialized>
         <run_address>0x2000fe00</run_address>
         <size>0x0</size>
      </object_component>
      <object_component id="oc-175">
         <name>.debug_info</name>
         <load_address>0x0</load_address>
         <run_address>0x0</run_address>
         <size>0x16b8</size>
         <input_file_ref idref="fl-2"/>
      </object_component>
      <object_component id="oc-170">
         <name>.debug_info</name>
         <load_address>0x16b8</load_address>
         <run_address>0x16b8</run_address>
         <size>0xf5</size>
         <input_file_ref idref="fl-2"/>
      </object_component>
      <object_component id="oc-1de">
         <name>.debug_info</name>
         <load_address>0x17ad</load_address>
         <run_address>0x17ad</run_address>
         <size>0xe7</size>
         <input_file_ref idref="fl-2"/>
      </object_component>
      <object_component id="oc-1f4">
         <name>.debug_info</name>
         <load_address>0x1894</load_address>
         <run_address>0x1894</run_address>
         <size>0xe9</size>
         <input_file_ref idref="fl-2"/>
      </object_component>
      <object_component id="oc-21a">
         <name>.debug_info</name>
         <load_address>0x197d</load_address>
         <run_address>0x197d</run_address>
         <size>0xee</size>
         <input_file_ref idref="fl-2"/>
      </object_component>
      <object_component id="oc-20e">
         <name>.debug_info</name>
         <load_address>0x1a6b</load_address>
         <run_address>0x1a6b</run_address>
         <size>0xec</size>
         <input_file_ref idref="fl-2"/>
      </object_component>
      <object_component id="oc-107">
         <name>.debug_info</name>
         <load_address>0x1b57</load_address>
         <run_address>0x1b57</run_address>
         <size>0x16d</size>
         <input_file_ref idref="fl-2"/>
      </object_component>
      <object_component id="oc-1e3">
         <name>.debug_info</name>
         <load_address>0x1cc4</load_address>
         <run_address>0x1cc4</run_address>
         <size>0x131</size>
         <input_file_ref idref="fl-2"/>
      </object_component>
      <object_component id="oc-1e9">
         <name>.debug_info</name>
         <load_address>0x1df5</load_address>
         <run_address>0x1df5</run_address>
         <size>0x135</size>
         <input_file_ref idref="fl-2"/>
      </object_component>
      <object_component id="oc-192">
         <name>.debug_info</name>
         <load_address>0x1f2a</load_address>
         <run_address>0x1f2a</run_address>
         <size>0x1268</size>
         <input_file_ref idref="fl-2"/>
      </object_component>
      <object_component id="oc-197">
         <name>.debug_info</name>
         <load_address>0x3192</load_address>
         <run_address>0x3192</run_address>
         <size>0x3f8f</size>
         <input_file_ref idref="fl-2"/>
      </object_component>
      <object_component id="oc-125">
         <name>.debug_info</name>
         <load_address>0x7121</load_address>
         <run_address>0x7121</run_address>
         <size>0xf6</size>
         <input_file_ref idref="fl-2"/>
      </object_component>
      <object_component id="oc-19c">
         <name>.debug_info</name>
         <load_address>0x7217</load_address>
         <run_address>0x7217</run_address>
         <size>0x5a</size>
         <input_file_ref idref="fl-2"/>
      </object_component>
      <object_component id="oc-151">
         <name>.debug_info</name>
         <load_address>0x7271</load_address>
         <run_address>0x7271</run_address>
         <size>0x17d</size>
         <input_file_ref idref="fl-2"/>
      </object_component>
      <object_component id="oc-147">
         <name>.debug_info</name>
         <load_address>0x73ee</load_address>
         <run_address>0x73ee</run_address>
         <size>0x8b</size>
         <input_file_ref idref="fl-2"/>
      </object_component>
      <object_component id="oc-156">
         <name>.debug_info</name>
         <load_address>0x7479</load_address>
         <run_address>0x7479</run_address>
         <size>0x18b</size>
         <input_file_ref idref="fl-2"/>
      </object_component>
      <object_component id="oc-145">
         <name>.debug_info</name>
         <load_address>0x7604</load_address>
         <run_address>0x7604</run_address>
         <size>0x1243</size>
         <input_file_ref idref="fl-3"/>
      </object_component>
      <object_component id="oc-d2">
         <name>.debug_info</name>
         <load_address>0x8847</load_address>
         <run_address>0x8847</run_address>
         <size>0x16f</size>
         <input_file_ref idref="fl-3"/>
      </object_component>
      <object_component id="oc-113">
         <name>.debug_info</name>
         <load_address>0x89b6</load_address>
         <run_address>0x89b6</run_address>
         <size>0x237</size>
         <input_file_ref idref="fl-3"/>
      </object_component>
      <object_component id="oc-11f">
         <name>.debug_info</name>
         <load_address>0x8bed</load_address>
         <run_address>0x8bed</run_address>
         <size>0x1eb</size>
         <input_file_ref idref="fl-3"/>
      </object_component>
      <object_component id="oc-119">
         <name>.debug_info</name>
         <load_address>0x8dd8</load_address>
         <run_address>0x8dd8</run_address>
         <size>0x1c2</size>
         <input_file_ref idref="fl-3"/>
      </object_component>
      <object_component id="oc-188">
         <name>.debug_info</name>
         <load_address>0x8f9a</load_address>
         <run_address>0x8f9a</run_address>
         <size>0x16e</size>
         <input_file_ref idref="fl-3"/>
      </object_component>
      <object_component id="oc-140">
         <name>.debug_info</name>
         <load_address>0x9108</load_address>
         <run_address>0x9108</run_address>
         <size>0x1a7</size>
         <input_file_ref idref="fl-3"/>
      </object_component>
      <object_component id="oc-1a1">
         <name>.debug_info</name>
         <load_address>0x92af</load_address>
         <run_address>0x92af</run_address>
         <size>0x175</size>
         <input_file_ref idref="fl-3"/>
      </object_component>
      <object_component id="oc-1db">
         <name>.debug_info</name>
         <load_address>0x9424</load_address>
         <run_address>0x9424</run_address>
         <size>0x15c6</size>
         <input_file_ref idref="fl-4"/>
      </object_component>
      <object_component id="oc-1d6">
         <name>.debug_info</name>
         <load_address>0xa9ea</load_address>
         <run_address>0xa9ea</run_address>
         <size>0xf8</size>
         <input_file_ref idref="fl-4"/>
      </object_component>
      <object_component id="oc-1fa">
         <name>.debug_info</name>
         <load_address>0xaae2</load_address>
         <run_address>0xaae2</run_address>
         <size>0x135</size>
         <input_file_ref idref="fl-4"/>
      </object_component>
      <object_component id="oc-200">
         <name>.debug_info</name>
         <load_address>0xac17</load_address>
         <run_address>0xac17</run_address>
         <size>0x139</size>
         <input_file_ref idref="fl-4"/>
      </object_component>
      <object_component id="oc-16a">
         <name>.debug_info</name>
         <load_address>0xad50</load_address>
         <run_address>0xad50</run_address>
         <size>0x134</size>
         <input_file_ref idref="fl-4"/>
      </object_component>
      <object_component id="oc-15b">
         <name>.debug_info</name>
         <load_address>0xae84</load_address>
         <run_address>0xae84</run_address>
         <size>0x17d8</size>
         <input_file_ref idref="fl-5"/>
      </object_component>
      <object_component id="oc-e4">
         <name>.debug_info</name>
         <load_address>0xc65c</load_address>
         <run_address>0xc65c</run_address>
         <size>0x12b</size>
         <input_file_ref idref="fl-5"/>
      </object_component>
      <object_component id="oc-d8">
         <name>.debug_info</name>
         <load_address>0xc787</load_address>
         <run_address>0xc787</run_address>
         <size>0xee</size>
         <input_file_ref idref="fl-5"/>
      </object_component>
      <object_component id="oc-17f">
         <name>.debug_info</name>
         <load_address>0xc875</load_address>
         <run_address>0xc875</run_address>
         <size>0x1de</size>
         <input_file_ref idref="fl-5"/>
      </object_component>
      <object_component id="oc-179">
         <name>.debug_info</name>
         <load_address>0xca53</load_address>
         <run_address>0xca53</run_address>
         <size>0x216</size>
         <input_file_ref idref="fl-5"/>
      </object_component>
      <object_component id="oc-c0">
         <name>.debug_info</name>
         <load_address>0xcc69</load_address>
         <run_address>0xcc69</run_address>
         <size>0x1e2</size>
         <input_file_ref idref="fl-5"/>
      </object_component>
      <object_component id="oc-10e">
         <name>.debug_info</name>
         <load_address>0xce4b</load_address>
         <run_address>0xce4b</run_address>
         <size>0x14f</size>
         <input_file_ref idref="fl-5"/>
      </object_component>
      <object_component id="oc-8d">
         <name>.debug_info</name>
         <load_address>0xcf9a</load_address>
         <run_address>0xcf9a</run_address>
         <size>0x124</size>
         <input_file_ref idref="fl-5"/>
      </object_component>
      <object_component id="oc-7b">
         <name>.debug_info</name>
         <load_address>0xd0be</load_address>
         <run_address>0xd0be</run_address>
         <size>0x12d</size>
         <input_file_ref idref="fl-5"/>
      </object_component>
      <object_component id="oc-1a8">
         <name>.debug_info</name>
         <load_address>0xd1eb</load_address>
         <run_address>0xd1eb</run_address>
         <size>0x4e8</size>
         <input_file_ref idref="fl-5"/>
      </object_component>
      <object_component id="oc-1ad">
         <name>.debug_info</name>
         <load_address>0xd6d3</load_address>
         <run_address>0xd6d3</run_address>
         <size>0x1ef</size>
         <input_file_ref idref="fl-5"/>
      </object_component>
      <object_component id="oc-1b2">
         <name>.debug_info</name>
         <load_address>0xd8c2</load_address>
         <run_address>0xd8c2</run_address>
         <size>0xb7</size>
         <input_file_ref idref="fl-5"/>
      </object_component>
      <object_component id="oc-1b7">
         <name>.debug_info</name>
         <load_address>0xd979</load_address>
         <run_address>0xd979</run_address>
         <size>0xa3</size>
         <input_file_ref idref="fl-5"/>
      </object_component>
      <object_component id="oc-1bc">
         <name>.debug_info</name>
         <load_address>0xda1c</load_address>
         <run_address>0xda1c</run_address>
         <size>0xdf</size>
         <input_file_ref idref="fl-5"/>
      </object_component>
      <object_component id="oc-1c1">
         <name>.debug_info</name>
         <load_address>0xdafb</load_address>
         <run_address>0xdafb</run_address>
         <size>0x3d7</size>
         <input_file_ref idref="fl-5"/>
      </object_component>
      <object_component id="oc-1c6">
         <name>.debug_info</name>
         <load_address>0xded2</load_address>
         <run_address>0xded2</run_address>
         <size>0x163</size>
         <input_file_ref idref="fl-5"/>
      </object_component>
      <object_component id="oc-1cb">
         <name>.debug_info</name>
         <load_address>0xe035</load_address>
         <run_address>0xe035</run_address>
         <size>0x107</size>
         <input_file_ref idref="fl-5"/>
      </object_component>
      <object_component id="oc-1d0">
         <name>.debug_info</name>
         <load_address>0xe13c</load_address>
         <run_address>0xe13c</run_address>
         <size>0xb7</size>
         <input_file_ref idref="fl-5"/>
      </object_component>
      <object_component id="oc-dd">
         <name>.debug_info</name>
         <load_address>0xe1f3</load_address>
         <run_address>0xe1f3</run_address>
         <size>0x139</size>
         <input_file_ref idref="fl-6"/>
      </object_component>
      <object_component id="oc-3a">
         <name>.debug_info</name>
         <load_address>0xe32c</load_address>
         <run_address>0xe32c</run_address>
         <size>0x84</size>
         <input_file_ref idref="fl-6"/>
      </object_component>
      <object_component id="oc-93">
         <name>.debug_info</name>
         <load_address>0xe3b0</load_address>
         <run_address>0xe3b0</run_address>
         <size>0x2c7</size>
         <input_file_ref idref="fl-8"/>
      </object_component>
      <object_component id="oc-2e">
         <name>.debug_info</name>
         <load_address>0xe677</load_address>
         <run_address>0xe677</run_address>
         <size>0x105</size>
         <input_file_ref idref="fl-8"/>
      </object_component>
      <object_component id="oc-82">
         <name>.debug_info</name>
         <load_address>0xe77c</load_address>
         <run_address>0xe77c</run_address>
         <size>0x168</size>
         <input_file_ref idref="fl-8"/>
      </object_component>
      <object_component id="oc-88">
         <name>.debug_info</name>
         <load_address>0xe8e4</load_address>
         <run_address>0xe8e4</run_address>
         <size>0x150</size>
         <input_file_ref idref="fl-8"/>
      </object_component>
      <object_component id="oc-27">
         <name>.debug_info</name>
         <load_address>0xea34</load_address>
         <run_address>0xea34</run_address>
         <size>0x160</size>
         <input_file_ref idref="fl-160"/>
      </object_component>
      <object_component id="oc-9d">
         <name>.debug_info</name>
         <load_address>0xeb94</load_address>
         <run_address>0xeb94</run_address>
         <size>0x293</size>
         <input_file_ref idref="fl-161"/>
      </object_component>
      <object_component id="oc-17">
         <name>.debug_info</name>
         <load_address>0xee27</load_address>
         <run_address>0xee27</run_address>
         <size>0x245</size>
         <input_file_ref idref="fl-161"/>
      </object_component>
      <object_component id="oc-35">
         <name>.debug_info</name>
         <load_address>0xf06c</load_address>
         <run_address>0xf06c</run_address>
         <size>0x60</size>
         <input_file_ref idref="fl-161"/>
      </object_component>
      <object_component id="oc-98">
         <name>.debug_info</name>
         <load_address>0xf0cc</load_address>
         <run_address>0xf0cc</run_address>
         <size>0x46</size>
         <input_file_ref idref="fl-161"/>
      </object_component>
      <object_component id="oc-4a">
         <name>.debug_info</name>
         <load_address>0xf112</load_address>
         <run_address>0xf112</run_address>
         <size>0x2da</size>
         <input_file_ref idref="fl-162"/>
      </object_component>
      <object_component id="oc-1e">
         <name>.debug_info</name>
         <load_address>0xf3ec</load_address>
         <run_address>0xf3ec</run_address>
         <size>0x1df</size>
         <input_file_ref idref="fl-162"/>
      </object_component>
      <object_component id="oc-45">
         <name>.debug_info</name>
         <load_address>0xf5cb</load_address>
         <run_address>0xf5cb</run_address>
         <size>0x46</size>
         <input_file_ref idref="fl-162"/>
      </object_component>
      <object_component id="oc-9f">
         <name>.debug_info</name>
         <load_address>0xf611</load_address>
         <run_address>0xf611</run_address>
         <size>0x2c</size>
         <input_file_ref idref="fl-162"/>
      </object_component>
      <object_component id="oc-56">
         <name>.debug_info</name>
         <load_address>0xf63d</load_address>
         <run_address>0xf63d</run_address>
         <size>0x2c9</size>
         <input_file_ref idref="fl-163"/>
      </object_component>
      <object_component id="oc-23">
         <name>.debug_info</name>
         <load_address>0xf906</load_address>
         <run_address>0xf906</run_address>
         <size>0x1aa</size>
         <input_file_ref idref="fl-163"/>
      </object_component>
      <object_component id="oc-51">
         <name>.debug_info</name>
         <load_address>0xfab0</load_address>
         <run_address>0xfab0</run_address>
         <size>0x46</size>
         <input_file_ref idref="fl-163"/>
      </object_component>
      <object_component id="oc-a7">
         <name>.debug_info</name>
         <load_address>0xfaf6</load_address>
         <run_address>0xfaf6</run_address>
         <size>0x2c</size>
         <input_file_ref idref="fl-163"/>
      </object_component>
      <object_component id="oc-cd">
         <name>.debug_info</name>
         <load_address>0xfb22</load_address>
         <run_address>0xfb22</run_address>
         <size>0x3ce</size>
         <input_file_ref idref="fl-164"/>
      </object_component>
      <object_component id="oc-c7">
         <name>.debug_info</name>
         <load_address>0xfef0</load_address>
         <run_address>0xfef0</run_address>
         <size>0x185</size>
         <input_file_ref idref="fl-164"/>
      </object_component>
      <object_component id="oc-70">
         <name>.debug_info</name>
         <load_address>0x10075</load_address>
         <run_address>0x10075</run_address>
         <size>0x214</size>
         <input_file_ref idref="fl-164"/>
      </object_component>
      <object_component id="oc-40">
         <name>.debug_info</name>
         <load_address>0x10289</load_address>
         <run_address>0x10289</run_address>
         <size>0x111</size>
         <input_file_ref idref="fl-165"/>
      </object_component>
      <object_component id="oc-4d">
         <name>.debug_info</name>
         <load_address>0x1039a</load_address>
         <run_address>0x1039a</run_address>
         <size>0x13f</size>
         <input_file_ref idref="fl-166"/>
      </object_component>
      <object_component id="oc-58">
         <name>.debug_info</name>
         <load_address>0x104d9</load_address>
         <run_address>0x104d9</run_address>
         <size>0x138</size>
         <input_file_ref idref="fl-167"/>
      </object_component>
      <object_component id="oc-5e">
         <name>.debug_info</name>
         <load_address>0x10611</load_address>
         <run_address>0x10611</run_address>
         <size>0x148</size>
         <input_file_ref idref="fl-168"/>
      </object_component>
      <object_component id="oc-76">
         <name>.debug_info</name>
         <load_address>0x10759</load_address>
         <run_address>0x10759</run_address>
         <size>0x109</size>
         <input_file_ref idref="fl-169"/>
      </object_component>
      <object_component id="oc-229">
         <name>.debug_info</name>
         <load_address>0x10862</load_address>
         <run_address>0x10862</run_address>
         <size>0x817</size>
         <input_file_ref idref="fl-16a"/>
      </object_component>
      <object_component id="oc-215">
         <name>.debug_info</name>
         <load_address>0x11079</load_address>
         <run_address>0x11079</run_address>
         <size>0x14d</size>
         <input_file_ref idref="fl-16a"/>
      </object_component>
      <object_component id="oc-286">
         <name>.debug_info</name>
         <load_address>0x111c6</load_address>
         <run_address>0x111c6</run_address>
         <size>0x159</size>
         <input_file_ref idref="fl-16a"/>
      </object_component>
      <object_component id="oc-267">
         <name>.debug_info</name>
         <load_address>0x1131f</load_address>
         <run_address>0x1131f</run_address>
         <size>0x151</size>
         <input_file_ref idref="fl-16a"/>
      </object_component>
      <object_component id="oc-271">
         <name>.debug_info</name>
         <load_address>0x11470</load_address>
         <run_address>0x11470</run_address>
         <size>0x10d</size>
         <input_file_ref idref="fl-16a"/>
      </object_component>
      <object_component id="oc-28b">
         <name>.debug_info</name>
         <load_address>0x1157d</load_address>
         <run_address>0x1157d</run_address>
         <size>0x112</size>
         <input_file_ref idref="fl-16a"/>
      </object_component>
      <object_component id="oc-23e">
         <name>.debug_info</name>
         <load_address>0x1168f</load_address>
         <run_address>0x1168f</run_address>
         <size>0x117</size>
         <input_file_ref idref="fl-16a"/>
      </object_component>
      <object_component id="oc-26c">
         <name>.debug_info</name>
         <load_address>0x117a6</load_address>
         <run_address>0x117a6</run_address>
         <size>0x11c</size>
         <input_file_ref idref="fl-16a"/>
      </object_component>
      <object_component id="oc-209">
         <name>.debug_info</name>
         <load_address>0x118c2</load_address>
         <run_address>0x118c2</run_address>
         <size>0x153</size>
         <input_file_ref idref="fl-16a"/>
      </object_component>
      <object_component id="oc-25a">
         <name>.debug_info</name>
         <load_address>0x11a15</load_address>
         <run_address>0x11a15</run_address>
         <size>0x11b</size>
         <input_file_ref idref="fl-16a"/>
      </object_component>
      <object_component id="oc-29c">
         <name>.debug_info</name>
         <load_address>0x11b30</load_address>
         <run_address>0x11b30</run_address>
         <size>0x14b</size>
         <input_file_ref idref="fl-16a"/>
      </object_component>
      <object_component id="oc-22d">
         <name>.debug_info</name>
         <load_address>0x11c7b</load_address>
         <run_address>0x11c7b</run_address>
         <size>0x13f</size>
         <input_file_ref idref="fl-16a"/>
      </object_component>
      <object_component id="oc-21f">
         <name>.debug_info</name>
         <load_address>0x11dba</load_address>
         <run_address>0x11dba</run_address>
         <size>0x145</size>
         <input_file_ref idref="fl-16a"/>
      </object_component>
      <object_component id="oc-297">
         <name>.debug_info</name>
[...]
      </symbol>
      <symbol id="sm-32f">
         <name>__mpu_init</name>
         <value>0x7c7</value>
         <object_component_ref idref="oc-57"/>
      </symbol>
      <symbol id="sm-339">
         <name>_system_pre_init</name>
         <value>0xd17</value>
         <object_component_ref idref="oc-5d"/>
      </symbol>
      <symbol id="sm-341">
         <name>main_func_sp</name>
         <value>0x20004804</value>
         <object_component_ref idref="oc-75"/>
      </symbol>
      <symbol id="sm-401">
         <name>_ZSt16__dummy_typeinfo</name>
         <value>0x20003fd0</value>
      </symbol>
      <symbol id="sm-402">
         <name>_ZN10__cxxabiv120__function_type_infoD1Ev</name>
         <value>0x5ed</value>
         <object_component_ref idref="oc-223"/>
      </symbol>
      <symbol id="sm-403">
         <name>_ZTIN10__cxxabiv119__pointer_type_infoE</name>
         <value>0xe78</value>
         <object_component_ref idref="oc-280"/>
      </symbol>
      <symbol id="sm-404">
         <name>_ZTSSt9type_info</name>
         <value>0xe44</value>
         <object_component_ref idref="oc-275"/>
      </symbol>
      <symbol id="sm-405">
         <name>_ZN10__cxxabiv123__fundamental_type_infoD2Ev</name>
         <value>0x5cf</value>
         <object_component_ref idref="oc-223"/>
      </symbol>
      <symbol id="sm-406">
         <name>_ZN10__cxxabiv117__class_type_infoD1Ev</name>
         <value>0x60b</value>
         <object_component_ref idref="oc-223"/>
      </symbol>
      <symbol id="sm-407">
         <name>_ZN10__cxxabiv129__pointer_to_member_type_infoD2Ev</name>
         <value>0x5c5</value>
         <object_component_ref idref="oc-223"/>
      </symbol>
      <symbol id="sm-408">
         <name>_ZN10__cxxabiv116__enum_type_infoD1Ev</name>
         <value>0x61f</value>
         <object_component_ref idref="oc-223"/>
      </symbol>
      <symbol id="sm-409">
         <name>_ZN10__cxxabiv121__vmi_class_type_infoD1Ev</name>
         <value>0x5d9</value>
         <object_component_ref idref="oc-223"/>
      </symbol>
      <symbol id="sm-40a">
         <name>_ZTSN10__cxxabiv123__fundamental_type_infoE</name>
         <value>0xd1c</value>
         <object_component_ref idref="oc-2a5"/>
      </symbol>
      <symbol id="sm-40b">
         <name>_ZN10__cxxabiv117__pbase_type_infoD1Ev</name>
         <value>0x601</value>
         <object_component_ref idref="oc-223"/>
      </symbol>
      <symbol id="sm-40c">
         <name>_ZTVN10__cxxabiv123__fundamental_type_infoE</name>
         <value>0xe34</value>
         <object_component_ref idref="oc-285"/>
      </symbol>
      <symbol id="sm-40d">
         <name>_ZTSN10__cxxabiv120__si_class_type_infoE</name>
         <value>0xd44</value>
         <object_component_ref idref="oc-231"/>
      </symbol>
      <symbol id="sm-40e">
         <name>_ZN10__cxxabiv117__array_type_infoD1Ev</name>
         <value>0x615</value>
         <object_component_ref idref="oc-223"/>
      </symbol>
      <symbol id="sm-40f">
         <name>_ZTVN10__cxxabiv119__pointer_type_infoE</name>
         <value>0xe14</value>
         <object_component_ref idref="oc-266"/>
      </symbol>
      <symbol id="sm-410">
         <name>_ZTSPKe</name>
         <value>0xebf</value>
         <object_component_ref idref="oc-26b"/>
      </symbol>
      <symbol id="sm-411">
         <name>_ZNKSt9type_infoneERKS_</name>
         <value>0x58b</value>
         <object_component_ref idref="oc-223"/>
      </symbol>
      <symbol id="sm-412">
         <name>_ZN10__cxxabiv119__pointer_type_infoD1Ev</name>
         <value>0x5f7</value>
         <object_component_ref idref="oc-223"/>
      </symbol>
      <symbol id="sm-413">
         <name>_ZNSt9type_infoD2Ev</name>
         <value>0x57d</value>
         <object_component_ref idref="oc-223"/>
      </symbol>
      <symbol id="sm-414">
         <name>_ZNKSt9type_info6beforeERKS_</name>
         <value>0x5b7</value>
         <object_component_ref idref="oc-223"/>
      </symbol>
      <symbol id="sm-415">
         <name>_ZN10__cxxabiv123__fundamental_type_infoD1Ev</name>
         <value>0x5cf</value>
         <object_component_ref idref="oc-223"/>
      </symbol>
      <symbol id="sm-416">
         <name>_ZTSN10__cxxabiv119__pointer_type_infoE</name>
         <value>0xd69</value>
         <object_component_ref idref="oc-291"/>
      </symbol>
      <symbol id="sm-417">
         <name>_ZN10__cxxabiv121__vmi_class_type_infoD2Ev</name>
         <value>0x5d9</value>
         <object_component_ref idref="oc-223"/>
      </symbol>
      <symbol id="sm-418">
         <name>_ZTSN10__cxxabiv117__class_type_infoE</name>
         <value>0xd8d</value>
         <object_component_ref idref="oc-254"/>
      </symbol>
      <symbol id="sm-419">
         <name>_ZN10__cxxabiv120__function_type_infoD2Ev</name>
         <value>0x5ed</value>
         <object_component_ref idref="oc-223"/>
      </symbol>
      <symbol id="sm-41a">
         <name>_ZN10__cxxabiv117__class_type_infoD2Ev</name>
         <value>0x60b</value>
         <object_component_ref idref="oc-223"/>
      </symbol>
      <symbol id="sm-41b">
         <name>_ZN10__cxxabiv116__enum_type_infoD2Ev</name>
         <value>0x61f</value>
         <object_component_ref idref="oc-223"/>
      </symbol>
      <symbol id="sm-41c">
         <name>_ZN10__cxxabiv119__pointer_type_infoD2Ev</name>
         <value>0x5f7</value>
         <object_component_ref idref="oc-223"/>
      </symbol>
      <symbol id="sm-41d">
         <name>_ZN10__cxxabiv120__si_class_type_infoD2Ev</name>
         <value>0x5e3</value>
         <object_component_ref idref="oc-223"/>
      </symbol>
      <symbol id="sm-41e">
         <name>_ZN10__cxxabiv117__pbase_type_infoD2Ev</name>
         <value>0x601</value>
         <object_component_ref idref="oc-223"/>
      </symbol>
      <symbol id="sm-41f">
         <name>_ZTVN10__cxxabiv117__class_type_infoE</name>
         <value>0xe04</value>
         <object_component_ref idref="oc-214"/>
      </symbol>
      <symbol id="sm-420">
         <name>_ZN10__cxxabiv117__array_type_infoD2Ev</name>
         <value>0x615</value>
         <object_component_ref idref="oc-223"/>
      </symbol>
      <symbol id="sm-421">
         <name>_ZNSt9type_infoD1Ev</name>
         <value>0x57d</value>
         <object_component_ref idref="oc-223"/>
      </symbol>
      <symbol id="sm-422">
         <name>_ZTIN10__cxxabiv123__fundamental_type_infoE</name>
         <value>0xe90</value>
         <object_component_ref idref="oc-29b"/>
      </symbol>
      <symbol id="sm-423">
         <name>_ZTISt9type_info</name>
         <value>0xea4</value>
         <object_component_ref idref="oc-259"/>
      </symbol>
      <symbol id="sm-424">
         <name>_ZN10__cxxabiv123__fundamental_type_infoD0Ev</name>
         <value>0x5d1</value>
         <object_component_ref idref="oc-223"/>
      </symbol>
      <symbol id="sm-425">
         <name>_ZTIN10__cxxabiv117__pbase_type_infoE</name>
         <value>0xe6c</value>
         <object_component_ref idref="oc-296"/>
      </symbol>
      <symbol id="sm-426">
         <name>_ZTSe</name>
         <value>0xdd1</value>
         <object_component_ref idref="oc-28a"/>
      </symbol>
      <symbol id="sm-427">
         <name>_ZNKSt9type_info4nameEv</name>
         <value>0x587</value>
         <object_component_ref idref="oc-223"/>
      </symbol>
      <symbol id="sm-428">
         <name>_ZTIN10__cxxabiv117__class_type_infoE</name>
         <value>0xe60</value>
         <object_component_ref idref="oc-22c"/>
      </symbol>
      <symbol id="sm-429">
         <name>_ZN10__cxxabiv129__pointer_to_member_type_infoD0Ev</name>
         <value>0x5c7</value>
         <object_component_ref idref="oc-223"/>
      </symbol>
      <symbol id="sm-42a">
         <name>_ZN10__cxxabiv120__si_class_type_infoD1Ev</name>
         <value>0x5e3</value>
         <object_component_ref idref="oc-223"/>
      </symbol>
      <symbol id="sm-42b">
         <name>_ZTIN10__cxxabiv120__si_class_type_infoE</name>
         <value>0xe84</value>
         <object_component_ref idref="oc-21e"/>
      </symbol>
      <symbol id="sm-42c">
         <name>_ZNSt9type_infoD0Ev</name>
         <value>0x57f</value>
         <object_component_ref idref="oc-223"/>
      </symbol>
      <symbol id="sm-42d">
         <name>_ZN10__cxxabiv120__function_type_infoD0Ev</name>
         <value>0x5ef</value>
         <object_component_ref idref="oc-223"/>
      </symbol>
      <symbol id="sm-42e">
         <name>_ZN10__cxxabiv117__class_type_infoD0Ev</name>
         <value>0x60d</value>
         <object_component_ref idref="oc-223"/>
      </symbol>
      <symbol id="sm-42f">
         <name>_ZTSN10__cxxabiv117__pbase_type_infoE</name>
         <value>0xdaf</value>
         <object_component_ref idref="oc-2a0"/>
      </symbol>
      <symbol id="sm-430">
         <name>_ZN10__cxxabiv116__enum_type_infoD0Ev</name>
         <value>0x621</value>
         <object_component_ref idref="oc-223"/>
      </symbol>
      <symbol id="sm-431">
         <name>_ZTIe</name>
         <value>0xeac</value>
         <object_component_ref idref="oc-270"/>
      </symbol>
      <symbol id="sm-432">
         <name>_ZN10__cxxabiv121__vmi_class_type_infoD0Ev</name>
         <value>0x5db</value>
         <object_component_ref idref="oc-223"/>
      </symbol>
      <symbol id="sm-433">
         <name>_ZTVN10__cxxabiv120__si_class_type_infoE</name>
         <value>0xe24</value>
         <object_component_ref idref="oc-208"/>
      </symbol>
      <symbol id="sm-434">
         <name>_ZN10__cxxabiv117__pbase_type_infoD0Ev</name>
         <value>0x603</value>
         <object_component_ref idref="oc-223"/>
      </symbol>
      <symbol id="sm-435">
         <name>_ZN10__cxxabiv117__array_type_infoD0Ev</name>
         <value>0x617</value>
         <object_component_ref idref="oc-223"/>
      </symbol>
      <symbol id="sm-436">
         <name>_ZSt21__gen_dummy_typeinfosv</name>
         <value>0x575</value>
         <object_component_ref idref="oc-223"/>
      </symbol>
      <symbol id="sm-437">
         <name>_ZN10__cxxabiv129__pointer_to_member_type_infoD1Ev</name>
         <value>0x5c5</value>
         <object_component_ref idref="oc-223"/>
      </symbol>
      <symbol id="sm-438">
         <name>_ZN10__cxxabiv119__pointer_type_infoD0Ev</name>
         <value>0x5f9</value>
         <object_component_ref idref="oc-223"/>
      </symbol>
      <symbol id="sm-439">
         <name>_ZN10__cxxabiv120__si_class_type_infoD0Ev</name>
         <value>0x5e5</value>
         <object_component_ref idref="oc-223"/>
      </symbol>
      <symbol id="sm-43a">
         <name>_ZTIPKe</name>
         <value>0xdd4</value>
         <object_component_ref idref="oc-23d"/>
      </symbol>
      <symbol id="sm-43b">
         <name>_ZNKSt9type_infoeqERKS_</name>
         <value>0x5a1</value>
         <object_component_ref idref="oc-223"/>
      </symbol>
      <symbol id="sm-454">
         <name>_nop</name>
         <value>0xcaf</value>
         <object_component_ref idref="oc-133"/>
      </symbol>
      <symbol id="sm-455">
         <name>_lock</name>
         <value>0x200047fc</value>
         <object_component_ref idref="oc-c9"/>
      </symbol>
      <symbol id="sm-456">
         <name>_unlock</name>
         <value>0x20004800</value>
         <object_component_ref idref="oc-c9"/>
      </symbol>
      <symbol id="sm-457">
         <name>_register_lock</name>
         <value>0xca7</value>
         <object_component_ref idref="oc-133"/>
      </symbol>
      <symbol id="sm-458">
         <name>_register_unlock</name>
         <value>0xca1</value>
         <object_component_ref idref="oc-133"/>
      </symbol>
      <symbol id="sm-46c">
         <name>_args_main</name>
         <value>0xc89</value>
         <object_component_ref idref="oc-69"/>
      </symbol>
      <symbol id="sm-496">
         <name>__TI_auto_init</name>
         <value>0x841</value>
         <object_component_ref idref="oc-63"/>
      </symbol>
      <symbol id="sm-4b0">
         <name>copy_in</name>
         <value>0xa75</value>
         <object_component_ref idref="oc-b0"/>
      </symbol>
      <symbol id="sm-4be">
         <name>_ZdlPv</name>
         <value>0xd0f</value>
         <object_component_ref idref="oc-236"/>
      </symbol>
      <symbol id="sm-532">
         <name>_sys_memory</name>
         <value>0x20003fd8</value>
         <object_component_ref idref="oc-31"/>
      </symbol>
      <symbol id="sm-533">
         <name>free</name>
         <value>0x1cf</value>
         <object_component_ref idref="oc-25e"/>
      </symbol>
      <symbol id="sm-534">
         <name>realloc</name>
         <value>0x291</value>
         <object_component_ref idref="oc-25e"/>
      </symbol>
      <symbol id="sm-535">
         <name>memalign</name>
         <value>0x399</value>
         <object_component_ref idref="oc-25e"/>
      </symbol>
      <symbol id="sm-536">
         <name>calloc</name>
         <value>0x485</value>
         <object_component_ref idref="oc-25e"/>
      </symbol>
      <symbol id="sm-537">
         <name>malloc</name>
         <value>0x165</value>
         <object_component_ref idref="oc-25e"/>
      </symbol>
      <symbol id="sm-538">
         <name>minit</name>
         <value>0xe5</value>
         <object_component_ref idref="oc-25e"/>
      </symbol>
      <symbol id="sm-542">
         <name>_system_post_cinit</name>
         <value>0xb87</value>
         <object_component_ref idref="oc-b6"/>
      </symbol>
      <symbol id="sm-543">
         <name>__TI_static_base__</name>
         <value>0x0</value>
      </symbol>
      <symbol id="sm-546">
         <name>NMI_Handler</name>
         <value>0x573</value>
      </symbol>
      <symbol id="sm-547">
         <name>HardFault_Handler</name>
         <value>0x573</value>
      </symbol>
      <symbol id="sm-548">
         <name>MemManage_Handler</name>
         <value>0x573</value>
      </symbol>
      <symbol id="sm-549">
         <name>BusFault_Handler</name>
         <value>0x573</value>
      </symbol>
      <symbol id="sm-54a">
         <name>UsageFault_Handler</name>
         <value>0x573</value>
      </symbol>
      <symbol id="sm-54b">
         <name>SVC_Handler</name>
         <value>0x573</value>
      </symbol>
      <symbol id="sm-54c">
         <name>DebugMon_Handler</name>
         <value>0x573</value>
      </symbol>
      <symbol id="sm-54d">
         <name>PendSV_Handler</name>
         <value>0x573</value>
      </symbol>
      <symbol id="sm-54e">
         <name>SysTick_Handler</name>
         <value>0x573</value>
      </symbol>
      <symbol id="sm-54f">
         <name>PSS_IRQHandler</name>
         <value>0x573</value>
      </symbol>
      <symbol id="sm-550">
         <name>CS_IRQHandler</name>
         <value>0x573</value>
      </symbol>
      <symbol id="sm-551">
         <name>PCM_IRQHandler</name>
         <value>0x573</value>
      </symbol>
      <symbol id="sm-552">
         <name>WDT_A_IRQHandler</name>
         <value>0x573</value>
      </symbol>
      <symbol id="sm-553">
         <name>FPU_IRQHandler</name>
         <value>0x573</value>
      </symbol>
      <symbol id="sm-554">
         <name>FLCTL_IRQHandler</name>
         <value>0x573</value>
      </symbol>
      <symbol id="sm-555">
         <name>COMP_E0_IRQHandler</name>
         <value>0x573</value>
      </symbol>
      <symbol id="sm-556">
         <name>COMP_E1_IRQHandler</name>
         <value>0x573</value>
      </symbol>
      <symbol id="sm-557">
         <name>TA0_0_IRQHandler</name>
         <value>0x573</value>
      </symbol>
      <symbol id="sm-558">
         <name>TA0_N_IRQHandler</name>
         <value>0x573</value>
      </symbol>
      <symbol id="sm-559">
         <name>TA1_0_IRQHandler</name>
         <value>0x573</value>
      </symbol>
      <symbol id="sm-55a">
         <name>TA1_N_IRQHandler</name>
         <value>0x573</value>
      </symbol>
      <symbol id="sm-55b">
         <name>TA2_0_IRQHandler</name>
         <value>0x573</value>
      </symbol>
      <symbol id="sm-55c">
         <name>TA2_N_IRQHandler</name>
         <value>0x573</value>
      </symbol>
      <symbol id="sm-55d">
         <name>TA3_0_IRQHandler</name>
         <value>0x573</value>
      </symbol>
      <symbol id="sm-55e">
         <name>TA3_N_IRQHandler</name>
         <value>0x573</value>
      </symbol>
      <symbol id="sm-55f">
         <name>EUSCIA0_IRQHandler</name>
         <value>0x573</value>
      </symbol>
      <symbol id="sm-560">
         <name>EUSCIA1_IRQHandler</name>
         <value>0x573</value>
      </symbol>
      <symbol id="sm-561">
         <name>EUSCIA2_IRQHandler</name>
         <value>0x573</value>
      </symbol>
      <symbol id="sm-562">
         <name>EUSCIA3_IRQHandler</name>
         <value>0x573</value>
      </symbol>
      <symbol id="sm-563">
         <name>EUSCIB0_IRQHandler</name>
         <value>0x573</value>
      </symbol>
      <symbol id="sm-564">
         <name>EUSCIB1_IRQHandler</name>
         <value>0x573</value>
      </symbol>
      <symbol id="sm-565">
         <name>EUSCIB2_IRQHandler</name>
         <value>0x573</value>
      </symbol>
      <symbol id="sm-566">
         <name>EUSCIB3_IRQHandler</name>
         <value>0x573</value>
      </symbol>
      <symbol id="sm-567">
         <name>ADC14_IRQHandler</name>
         <value>0x573</value>
      </symbol>
      <symbol id="sm-568">
         <name>T32_INT1_IRQHandler</name>
         <value>0xb89</value>
      </symbol>
      <symbol id="sm-569">
         <name>T32_INT2_IRQHandler</name>
         <value>0x573</value>
      </symbol>
      <symbol id="sm-56a">
         <name>T32_INTC_IRQHandler</name>
         <value>0x573</value>
      </symbol>
      <symbol id="sm-56b">
         <name>AES256_IRQHandler</name>
         <value>0x573</value>
      </symbol>
      <symbol id="sm-56c">
         <name>RTC_C_IRQHandler</name>
         <value>0x573</value>
      </symbol>
      <symbol id="sm-56d">
         <name>DMA_ERR_IRQHandler</name>
         <value>0x573</value>
      </symbol>
      <symbol id="sm-56e">
         <name>DMA_INT3_IRQHandler</name>
         <value>0x573</value>
      </symbol>
      <symbol id="sm-56f">
         <name>DMA_INT2_IRQHandler</name>
         <value>0x573</value>
      </symbol>
      <symbol id="sm-570">
         <name>DMA_INT1_IRQHandler</name>
         <value>0x573</value>
      </symbol>
      <symbol id="sm-571">
         <name>DMA_INT0_IRQHandler</name>
         <value>0x573</value>
      </symbol>
      <symbol id="sm-572">
         <name>PORT1_IRQHandler</name>
         <value>0x573</value>
      </symbol>
      <symbol id="sm-573">
         <name>PORT2_IRQHandler</name>
         <value>0x573</value>
      </symbol>
      <symbol id="sm-574">
         <name>PORT3_IRQHandler</name>
         <value>0x573</value>
      </symbol>
      <symbol id="sm-575">
         <name>PORT4_IRQHandler</name>
         <value>0x573</value>
      </symbol>
      <symbol id="sm-576">
         <name>PORT5_IRQHandler</name>
         <value>0x573</value>
      </symbol>
      <symbol id="sm-577">
         <name>PORT6_IRQHandler</name>
         <value>0x573</value>
      </symbol>
   </symbol_table>
   <title>Link successful</title>
</link_info>
