<?xml version="1.0"?>
<link_info>
   <banner>TI ARM Linker PC v16.9.4.LTS</banner>
   <copyright>Copyright (c) 1996-2017 Texas Instruments Incorporated</copyright>
   <link_time>0x5a2ebf90</link_time>
   <link_errors>0x0</link_errors>
   <output_file>LaboFinal.out</output_file>
   <entry_point>
      <name>_c_int00</name>
      <address>0x129d</address>
   </entry_point>
   <input_file_list>
      <input_file id="fl-2">
         <path>.\</path>
         <kind>object</kind>
         <file>Mic.obj</file>
         <name>Mic.obj</name>
      </input_file>
      <input_file id="fl-3">
         <path>.\</path>
         <kind>object</kind>
         <file>Screen.obj</file>
         <name>Screen.obj</name>
      </input_file>
      <input_file id="fl-4">
         <path>.\</path>
         <kind>object</kind>
         <file>main.obj</file>
         <name>main.obj</name>
      </input_file>
      <input_file id="fl-5">
         <path>.\</path>
         <kind>object</kind>
         <file>system_msp432p401r.obj</file>
         <name>system_msp432p401r.obj</name>
      </input_file>
      <input_file id="fl-6">
         <path>.\LcdDriver\</path>
         <kind>object</kind>
         <file>Crystalfontz128x128_ST7735.obj</file>
         <name>Crystalfontz128x128_ST7735.obj</name>
      </input_file>
      <input_file id="fl-7">
         <path>.\LcdDriver\</path>
         <kind>object</kind>
         <file>HAL_MSP_EXP432P401R_Crystalfontz128x128_ST7735.obj</file>
         <name>HAL_MSP_EXP432P401R_Crystalfontz128x128_ST7735.obj</name>
      </input_file>
      <input_file id="fl-8">
         <path>.\LcdDriver\</path>
         <kind>object</kind>
         <file>Template_Driver.obj</file>
         <name>Template_Driver.obj</name>
      </input_file>
      <input_file id="fl-9">
         <path>.\ccs\</path>
         <kind>object</kind>
         <file>startup_msp432p401r_ccs.obj</file>
         <name>startup_msp432p401r_ccs.obj</name>
      </input_file>
      <input_file id="fl-a">
         <path>.\fonts\</path>
         <kind>object</kind>
         <file>fontcm12.obj</file>
         <name>fontcm12.obj</name>
      </input_file>
      <input_file id="fl-b">
         <path>.\fonts\</path>
         <kind>object</kind>
         <file>fontcm12b.obj</file>
         <name>fontcm12b.obj</name>
      </input_file>
      <input_file id="fl-c">
         <path>.\fonts\</path>
         <kind>object</kind>
         <file>fontcm12i.obj</file>
         <name>fontcm12i.obj</name>
      </input_file>
      <input_file id="fl-d">
         <path>.\fonts\</path>
         <kind>object</kind>
         <file>fontcm14.obj</file>
         <name>fontcm14.obj</name>
      </input_file>
      <input_file id="fl-e">
         <path>.\fonts\</path>
         <kind>object</kind>
         <file>fontcm14b.obj</file>
         <name>fontcm14b.obj</name>
      </input_file>
      <input_file id="fl-f">
         <path>.\fonts\</path>
         <kind>object</kind>
         <file>fontcm14i.obj</file>
         <name>fontcm14i.obj</name>
      </input_file>
      <input_file id="fl-10">
         <path>.\fonts\</path>
         <kind>object</kind>
         <file>fontcm16.obj</file>
         <name>fontcm16.obj</name>
      </input_file>
      <input_file id="fl-11">
         <path>.\fonts\</path>
         <kind>object</kind>
         <file>fontcm16b.obj</file>
         <name>fontcm16b.obj</name>
      </input_file>
      <input_file id="fl-12">
         <path>.\fonts\</path>
         <kind>object</kind>
         <file>fontcm16i.obj</file>
         <name>fontcm16i.obj</name>
      </input_file>
      <input_file id="fl-13">
         <path>.\fonts\</path>
         <kind>object</kind>
         <file>fontcm18.obj</file>
         <name>fontcm18.obj</name>
      </input_file>
      <input_file id="fl-14">
         <path>.\fonts\</path>
         <kind>object</kind>
         <file>fontcm18b.obj</file>
         <name>fontcm18b.obj</name>
      </input_file>
      <input_file id="fl-15">
         <path>.\fonts\</path>
         <kind>object</kind>
         <file>fontcm18i.obj</file>
         <name>fontcm18i.obj</name>
      </input_file>
      <input_file id="fl-16">
         <path>.\fonts\</path>
         <kind>object</kind>
         <file>fontcm20.obj</file>
         <name>fontcm20.obj</name>
      </input_file>
      <input_file id="fl-17">
         <path>.\fonts\</path>
         <kind>object</kind>
         <file>fontcm20b.obj</file>
         <name>fontcm20b.obj</name>
      </input_file>
      <input_file id="fl-18">
         <path>.\fonts\</path>
         <kind>object</kind>
         <file>fontcm20i.obj</file>
         <name>fontcm20i.obj</name>
      </input_file>
      <input_file id="fl-19">
         <path>.\fonts\</path>
         <kind>object</kind>
         <file>fontcm22.obj</file>
         <name>fontcm22.obj</name>
      </input_file>
      <input_file id="fl-1a">
         <path>.\fonts\</path>
         <kind>object</kind>
         <file>fontcm22b.obj</file>
         <name>fontcm22b.obj</name>
      </input_file>
      <input_file id="fl-1b">
         <path>.\fonts\</path>
         <kind>object</kind>
         <file>fontcm22i.obj</file>
         <name>fontcm22i.obj</name>
      </input_file>
      <input_file id="fl-1c">
         <path>.\fonts\</path>
         <kind>object</kind>
         <file>fontcm24.obj</file>
         <name>fontcm24.obj</name>
      </input_file>
      <input_file id="fl-1d">
         <path>.\fonts\</path>
         <kind>object</kind>
         <file>fontcm24b.obj</file>
         <name>fontcm24b.obj</name>
      </input_file>
      <input_file id="fl-1e">
         <path>.\fonts\</path>
         <kind>object</kind>
         <file>fontcm24i.obj</file>
         <name>fontcm24i.obj</name>
      </input_file>
      <input_file id="fl-1f">
         <path>.\fonts\</path>
         <kind>object</kind>
         <file>fontcm26.obj</file>
         <name>fontcm26.obj</name>
      </input_file>
      <input_file id="fl-20">
         <path>.\fonts\</path>
         <kind>object</kind>
         <file>fontcm26b.obj</file>
         <name>fontcm26b.obj</name>
      </input_file>
      <input_file id="fl-21">
         <path>.\fonts\</path>
         <kind>object</kind>
         <file>fontcm26i.obj</file>
         <name>fontcm26i.obj</name>
      </input_file>
      <input_file id="fl-22">
         <path>.\fonts\</path>
         <kind>object</kind>
         <file>fontcm28.obj</file>
         <name>fontcm28.obj</name>
      </input_file>
      <input_file id="fl-23">
         <path>.\fonts\</path>
         <kind>object</kind>
         <file>fontcm28b.obj</file>
         <name>fontcm28b.obj</name>
      </input_file>
      <input_file id="fl-24">
         <path>.\fonts\</path>
         <kind>object</kind>
         <file>fontcm28i.obj</file>
         <name>fontcm28i.obj</name>
      </input_file>
      <input_file id="fl-25">
         <path>.\fonts\</path>
         <kind>object</kind>
         <file>fontcm30.obj</file>
         <name>fontcm30.obj</name>
      </input_file>
      <input_file id="fl-26">
         <path>.\fonts\</path>
         <kind>object</kind>
         <file>fontcm30b.obj</file>
         <name>fontcm30b.obj</name>
      </input_file>
      <input_file id="fl-27">
         <path>.\fonts\</path>
         <kind>object</kind>
         <file>fontcm30i.obj</file>
         <name>fontcm30i.obj</name>
      </input_file>
      <input_file id="fl-28">
         <path>.\fonts\</path>
         <kind>object</kind>
         <file>fontcm32.obj</file>
         <name>fontcm32.obj</name>
      </input_file>
      <input_file id="fl-29">
         <path>.\fonts\</path>
         <kind>object</kind>
         <file>fontcm32b.obj</file>
         <name>fontcm32b.obj</name>
      </input_file>
      <input_file id="fl-2a">
         <path>.\fonts\</path>
         <kind>object</kind>
         <file>fontcm32i.obj</file>
         <name>fontcm32i.obj</name>
      </input_file>
      <input_file id="fl-2b">
         <path>.\fonts\</path>
         <kind>object</kind>
         <file>fontcm34.obj</file>
         <name>fontcm34.obj</name>
      </input_file>
      <input_file id="fl-2c">
         <path>.\fonts\</path>
         <kind>object</kind>
         <file>fontcm34b.obj</file>
         <name>fontcm34b.obj</name>
      </input_file>
      <input_file id="fl-2d">
         <path>.\fonts\</path>
         <kind>object</kind>
         <file>fontcm34i.obj</file>
         <name>fontcm34i.obj</name>
      </input_file>
      <input_file id="fl-2e">
         <path>.\fonts\</path>
         <kind>object</kind>
         <file>fontcm36.obj</file>
         <name>fontcm36.obj</name>
      </input_file>
      <input_file id="fl-2f">
         <path>.\fonts\</path>
         <kind>object</kind>
         <file>fontcm36b.obj</file>
         <name>fontcm36b.obj</name>
      </input_file>
      <input_file id="fl-30">
         <path>.\fonts\</path>
         <kind>object</kind>
         <file>fontcm36i.obj</file>
         <name>fontcm36i.obj</name>
      </input_file>
      <input_file id="fl-31">
         <path>.\fonts\</path>
         <kind>object</kind>
         <file>fontcm38.obj</file>
         <name>fontcm38.obj</name>
      </input_file>
      <input_file id="fl-32">
         <path>.\fonts\</path>
         <kind>object</kind>
         <file>fontcm38b.obj</file>
         <name>fontcm38b.obj</name>
      </input_file>
      <input_file id="fl-33">
         <path>.\fonts\</path>
         <kind>object</kind>
         <file>fontcm38i.obj</file>
         <name>fontcm38i.obj</name>
      </input_file>
      <input_file id="fl-34">
         <path>.\fonts\</path>
         <kind>object</kind>
         <file>fontcm40.obj</file>
         <name>fontcm40.obj</name>
      </input_file>
      <input_file id="fl-35">
         <path>.\fonts\</path>
         <kind>object</kind>
         <file>fontcm40b.obj</file>
         <name>fontcm40b.obj</name>
      </input_file>
      <input_file id="fl-36">
         <path>.\fonts\</path>
         <kind>object</kind>
         <file>fontcm40i.obj</file>
         <name>fontcm40i.obj</name>
      </input_file>
      <input_file id="fl-37">
         <path>.\fonts\</path>
         <kind>object</kind>
         <file>fontcm42.obj</file>
         <name>fontcm42.obj</name>
      </input_file>
      <input_file id="fl-38">
         <path>.\fonts\</path>
         <kind>object</kind>
         <file>fontcm42b.obj</file>
         <name>fontcm42b.obj</name>
      </input_file>
      <input_file id="fl-39">
         <path>.\fonts\</path>
         <kind>object</kind>
         <file>fontcm42i.obj</file>
         <name>fontcm42i.obj</name>
      </input_file>
      <input_file id="fl-3a">
         <path>.\fonts\</path>
         <kind>object</kind>
         <file>fontcm44.obj</file>
         <name>fontcm44.obj</name>
      </input_file>
      <input_file id="fl-3b">
         <path>.\fonts\</path>
         <kind>object</kind>
         <file>fontcm44b.obj</file>
         <name>fontcm44b.obj</name>
      </input_file>
      <input_file id="fl-3c">
         <path>.\fonts\</path>
         <kind>object</kind>
         <file>fontcm44i.obj</file>
         <name>fontcm44i.obj</name>
      </input_file>
      <input_file id="fl-3d">
         <path>.\fonts\</path>
         <kind>object</kind>
         <file>fontcm46.obj</file>
         <name>fontcm46.obj</name>
      </input_file>
      <input_file id="fl-3e">
         <path>.\fonts\</path>
         <kind>object</kind>
         <file>fontcm46b.obj</file>
         <name>fontcm46b.obj</name>
      </input_file>
      <input_file id="fl-3f">
         <path>.\fonts\</path>
         <kind>object</kind>
         <file>fontcm46i.obj</file>
         <name>fontcm46i.obj</name>
      </input_file>
      <input_file id="fl-40">
         <path>.\fonts\</path>
         <kind>object</kind>
         <file>fontcm48.obj</file>
         <name>fontcm48.obj</name>
      </input_file>
      <input_file id="fl-41">
         <path>.\fonts\</path>
         <kind>object</kind>
         <file>fontcm48b.obj</file>
         <name>fontcm48b.obj</name>
      </input_file>
      <input_file id="fl-42">
         <path>.\fonts\</path>
         <kind>object</kind>
         <file>fontcm48i.obj</file>
         <name>fontcm48i.obj</name>
      </input_file>
      <input_file id="fl-43">
         <path>.\fonts\</path>
         <kind>object</kind>
         <file>fontcmsc12.obj</file>
         <name>fontcmsc12.obj</name>
      </input_file>
      <input_file id="fl-44">
         <path>.\fonts\</path>
         <kind>object</kind>
         <file>fontcmsc14.obj</file>
         <name>fontcmsc14.obj</name>
      </input_file>
      <input_file id="fl-45">
         <path>.\fonts\</path>
         <kind>object</kind>
         <file>fontcmsc16.obj</file>
         <name>fontcmsc16.obj</name>
      </input_file>
      <input_file id="fl-46">
         <path>.\fonts\</path>
         <kind>object</kind>
         <file>fontcmsc18.obj</file>
         <name>fontcmsc18.obj</name>
      </input_file>
      <input_file id="fl-47">
         <path>.\fonts\</path>
         <kind>object</kind>
         <file>fontcmsc20.obj</file>
         <name>fontcmsc20.obj</name>
      </input_file>
      <input_file id="fl-48">
         <path>.\fonts\</path>
         <kind>object</kind>
         <file>fontcmsc22.obj</file>
         <name>fontcmsc22.obj</name>
      </input_file>
      <input_file id="fl-49">
         <path>.\fonts\</path>
         <kind>object</kind>
         <file>fontcmsc24.obj</file>
         <name>fontcmsc24.obj</name>
      </input_file>
      <input_file id="fl-4a">
         <path>.\fonts\</path>
         <kind>object</kind>
         <file>fontcmsc26.obj</file>
         <name>fontcmsc26.obj</name>
      </input_file>
      <input_file id="fl-4b">
         <path>.\fonts\</path>
         <kind>object</kind>
         <file>fontcmsc28.obj</file>
         <name>fontcmsc28.obj</name>
      </input_file>
      <input_file id="fl-4c">
         <path>.\fonts\</path>
         <kind>object</kind>
         <file>fontcmsc30.obj</file>
         <name>fontcmsc30.obj</name>
      </input_file>
      <input_file id="fl-4d">
         <path>.\fonts\</path>
         <kind>object</kind>
         <file>fontcmsc32.obj</file>
         <name>fontcmsc32.obj</name>
      </input_file>
      <input_file id="fl-4e">
         <path>.\fonts\</path>
         <kind>object</kind>
         <file>fontcmsc34.obj</file>
         <name>fontcmsc34.obj</name>
      </input_file>
      <input_file id="fl-4f">
         <path>.\fonts\</path>
         <kind>object</kind>
         <file>fontcmsc36.obj</file>
         <name>fontcmsc36.obj</name>
      </input_file>
      <input_file id="fl-50">
         <path>.\fonts\</path>
         <kind>object</kind>
         <file>fontcmsc38.obj</file>
         <name>fontcmsc38.obj</name>
      </input_file>
      <input_file id="fl-51">
         <path>.\fonts\</path>
         <kind>object</kind>
         <file>fontcmsc40.obj</file>
         <name>fontcmsc40.obj</name>
      </input_file>
      <input_file id="fl-52">
         <path>.\fonts\</path>
         <kind>object</kind>
         <file>fontcmsc42.obj</file>
         <name>fontcmsc42.obj</name>
      </input_file>
      <input_file id="fl-53">
         <path>.\fonts\</path>
         <kind>object</kind>
         <file>fontcmsc44.obj</file>
         <name>fontcmsc44.obj</name>
      </input_file>
      <input_file id="fl-54">
         <path>.\fonts\</path>
         <kind>object</kind>
         <file>fontcmsc46.obj</file>
         <name>fontcmsc46.obj</name>
      </input_file>
      <input_file id="fl-55">
         <path>.\fonts\</path>
         <kind>object</kind>
         <file>fontcmsc48.obj</file>
         <name>fontcmsc48.obj</name>
      </input_file>
      <input_file id="fl-56">
         <path>.\fonts\</path>
         <kind>object</kind>
         <file>fontcmss12.obj</file>
         <name>fontcmss12.obj</name>
      </input_file>
      <input_file id="fl-57">
         <path>.\fonts\</path>
         <kind>object</kind>
         <file>fontcmss12b.obj</file>
         <name>fontcmss12b.obj</name>
      </input_file>
      <input_file id="fl-58">
         <path>.\fonts\</path>
         <kind>object</kind>
         <file>fontcmss12i.obj</file>
         <name>fontcmss12i.obj</name>
      </input_file>
      <input_file id="fl-59">
         <path>.\fonts\</path>
         <kind>object</kind>
         <file>fontcmss14.obj</file>
         <name>fontcmss14.obj</name>
      </input_file>
      <input_file id="fl-5a">
         <path>.\fonts\</path>
         <kind>object</kind>
         <file>fontcmss14b.obj</file>
         <name>fontcmss14b.obj</name>
      </input_file>
      <input_file id="fl-5b">
         <path>.\fonts\</path>
         <kind>object</kind>
         <file>fontcmss14i.obj</file>
         <name>fontcmss14i.obj</name>
      </input_file>
      <input_file id="fl-5c">
         <path>.\fonts\</path>
         <kind>object</kind>
         <file>fontcmss16.obj</file>
         <name>fontcmss16.obj</name>
      </input_file>
      <input_file id="fl-5d">
         <path>.\fonts\</path>
         <kind>object</kind>
         <file>fontcmss16b.obj</file>
         <name>fontcmss16b.obj</name>
      </input_file>
      <input_file id="fl-5e">
         <path>.\fonts\</path>
         <kind>object</kind>
         <file>fontcmss16i.obj</file>
         <name>fontcmss16i.obj</name>
      </input_file>
      <input_file id="fl-5f">
         <path>.\fonts\</path>
         <kind>object</kind>
         <file>fontcmss18.obj</file>
         <name>fontcmss18.obj</name>
      </input_file>
      <input_file id="fl-60">
         <path>.\fonts\</path>
         <kind>object</kind>
         <file>fontcmss18b.obj</file>
         <name>fontcmss18b.obj</name>
      </input_file>
      <input_file id="fl-61">
         <path>.\fonts\</path>
         <kind>object</kind>
         <file>fontcmss18i.obj</file>
         <name>fontcmss18i.obj</name>
      </input_file>
      <input_file id="fl-62">
         <path>.\fonts\</path>
         <kind>object</kind>
         <file>fontcmss20.obj</file>
         <name>fontcmss20.obj</name>
      </input_file>
      <input_file id="fl-63">
         <path>.\fonts\</path>
         <kind>object</kind>
         <file>fontcmss20b.obj</file>
         <name>fontcmss20b.obj</name>
      </input_file>
      <input_file id="fl-64">
         <path>.\fonts\</path>
         <kind>object</kind>
         <file>fontcmss20i.obj</file>
         <name>fontcmss20i.obj</name>
      </input_file>
      <input_file id="fl-65">
         <path>.\fonts\</path>
         <kind>object</kind>
         <file>fontcmss22.obj</file>
         <name>fontcmss22.obj</name>
      </input_file>
      <input_file id="fl-66">
         <path>.\fonts\</path>
         <kind>object</kind>
         <file>fontcmss22b.obj</file>
         <name>fontcmss22b.obj</name>
      </input_file>
      <input_file id="fl-67">
         <path>.\fonts\</path>
         <kind>object</kind>
         <file>fontcmss22i.obj</file>
         <name>fontcmss22i.obj</name>
      </input_file>
      <input_file id="fl-68">
         <path>.\fonts\</path>
         <kind>object</kind>
         <file>fontcmss24.obj</file>
         <name>fontcmss24.obj</name>
      </input_file>
      <input_file id="fl-69">
         <path>.\fonts\</path>
         <kind>object</kind>
         <file>fontcmss24b.obj</file>
         <name>fontcmss24b.obj</name>
      </input_file>
      <input_file id="fl-6a">
         <path>.\fonts\</path>
         <kind>object</kind>
         <file>fontcmss24i.obj</file>
         <name>fontcmss24i.obj</name>
      </input_file>
      <input_file id="fl-6b">
         <path>.\fonts\</path>
         <kind>object</kind>
         <file>fontcmss26.obj</file>
         <name>fontcmss26.obj</name>
      </input_file>
      <input_file id="fl-6c">
         <path>.\fonts\</path>
         <kind>object</kind>
         <file>fontcmss26b.obj</file>
         <name>fontcmss26b.obj</name>
      </input_file>
      <input_file id="fl-6d">
         <path>.\fonts\</path>
         <kind>object</kind>
         <file>fontcmss26i.obj</file>
         <name>fontcmss26i.obj</name>
      </input_file>
      <input_file id="fl-6e">
         <path>.\fonts\</path>
         <kind>object</kind>
         <file>fontcmss28.obj</file>
         <name>fontcmss28.obj</name>
      </input_file>
      <input_file id="fl-6f">
         <path>.\fonts\</path>
         <kind>object</kind>
         <file>fontcmss28b.obj</file>
         <name>fontcmss28b.obj</name>
      </input_file>
      <input_file id="fl-70">
         <path>.\fonts\</path>
         <kind>object</kind>
         <file>fontcmss28i.obj</file>
         <name>fontcmss28i.obj</name>
      </input_file>
      <input_file id="fl-71">
         <path>.\fonts\</path>
         <kind>object</kind>
         <file>fontcmss30.obj</file>
         <name>fontcmss30.obj</name>
      </input_file>
      <input_file id="fl-72">
         <path>.\fonts\</path>
         <kind>object</kind>
         <file>fontcmss30b.obj</file>
         <name>fontcmss30b.obj</name>
      </input_file>
      <input_file id="fl-73">
         <path>.\fonts\</path>
         <kind>object</kind>
         <file>fontcmss30i.obj</file>
         <name>fontcmss30i.obj</name>
      </input_file>
      <input_file id="fl-74">
         <path>.\fonts\</path>
         <kind>object</kind>
         <file>fontcmss32.obj</file>
         <name>fontcmss32.obj</name>
      </input_file>
      <input_file id="fl-75">
         <path>.\fonts\</path>
         <kind>object</kind>
         <file>fontcmss32b.obj</file>
         <name>fontcmss32b.obj</name>
      </input_file>
      <input_file id="fl-76">
         <path>.\fonts\</path>
         <kind>object</kind>
         <file>fontcmss32i.obj</file>
         <name>fontcmss32i.obj</name>
      </input_file>
      <input_file id="fl-77">
         <path>.\fonts\</path>
         <kind>object</kind>
         <file>fontcmss34.obj</file>
         <name>fontcmss34.obj</name>
      </input_file>
      <input_file id="fl-78">
         <path>.\fonts\</path>
         <kind>object</kind>
         <file>fontcmss34b.obj</file>
         <name>fontcmss34b.obj</name>
      </input_file>
      <input_file id="fl-79">
         <path>.\fonts\</path>
         <kind>object</kind>
         <file>fontcmss34i.obj</file>
         <name>fontcmss34i.obj</name>
      </input_file>
      <input_file id="fl-7a">
         <path>.\fonts\</path>
         <kind>object</kind>
         <file>fontcmss36.obj</file>
         <name>fontcmss36.obj</name>
      </input_file>
      <input_file id="fl-7b">
         <path>.\fonts\</path>
         <kind>object</kind>
         <file>fontcmss36b.obj</file>
         <name>fontcmss36b.obj</name>
      </input_file>
      <input_file id="fl-7c">
         <path>.\fonts\</path>
         <kind>object</kind>
         <file>fontcmss36i.obj</file>
         <name>fontcmss36i.obj</name>
      </input_file>
      <input_file id="fl-7d">
         <path>.\fonts\</path>
         <kind>object</kind>
         <file>fontcmss38.obj</file>
         <name>fontcmss38.obj</name>
      </input_file>
      <input_file id="fl-7e">
         <path>.\fonts\</path>
         <kind>object</kind>
         <file>fontcmss38b.obj</file>
         <name>fontcmss38b.obj</name>
      </input_file>
      <input_file id="fl-7f">
         <path>.\fonts\</path>
         <kind>object</kind>
         <file>fontcmss38i.obj</file>
         <name>fontcmss38i.obj</name>
      </input_file>
      <input_file id="fl-80">
         <path>.\fonts\</path>
         <kind>object</kind>
         <file>fontcmss40.obj</file>
         <name>fontcmss40.obj</name>
      </input_file>
      <input_file id="fl-81">
         <path>.\fonts\</path>
         <kind>object</kind>
         <file>fontcmss40b.obj</file>
         <name>fontcmss40b.obj</name>
      </input_file>
      <input_file id="fl-82">
         <path>.\fonts\</path>
         <kind>object</kind>
         <file>fontcmss40i.obj</file>
         <name>fontcmss40i.obj</name>
      </input_file>
      <input_file id="fl-83">
         <path>.\fonts\</path>
         <kind>object</kind>
         <file>fontcmss42.obj</file>
         <name>fontcmss42.obj</name>
      </input_file>
      <input_file id="fl-84">
         <path>.\fonts\</path>
         <kind>object</kind>
         <file>fontcmss42b.obj</file>
         <name>fontcmss42b.obj</name>
      </input_file>
      <input_file id="fl-85">
         <path>.\fonts\</path>
         <kind>object</kind>
         <file>fontcmss42i.obj</file>
         <name>fontcmss42i.obj</name>
      </input_file>
      <input_file id="fl-86">
         <path>.\fonts\</path>
         <kind>object</kind>
         <file>fontcmss44.obj</file>
         <name>fontcmss44.obj</name>
      </input_file>
      <input_file id="fl-87">
         <path>.\fonts\</path>
         <kind>object</kind>
         <file>fontcmss44b.obj</file>
         <name>fontcmss44b.obj</name>
      </input_file>
      <input_file id="fl-88">
         <path>.\fonts\</path>
         <kind>object</kind>
         <file>fontcmss44i.obj</file>
         <name>fontcmss44i.obj</name>
      </input_file>
      <input_file id="fl-89">
         <path>.\fonts\</path>
         <kind>object</kind>
         <file>fontcmss46.obj</file>
         <name>fontcmss46.obj</name>
      </input_file>
      <input_file id="fl-8a">
         <path>.\fonts\</path>
         <kind>object</kind>
         <file>fontcmss46b.obj</file>
         <name>fontcmss46b.obj</name>
      </input_file>
      <input_file id="fl-8b">
         <path>.\fonts\</path>
         <kind>object</kind>
         <file>fontcmss46i.obj</file>
         <name>fontcmss46i.obj</name>
      </input_file>
      <input_file id="fl-8c">
         <path>.\fonts\</path>
         <kind>object</kind>
         <file>fontcmss48.obj</file>
         <name>fontcmss48.obj</name>
      </input_file>
      <input_file id="fl-8d">
         <path>.\fonts\</path>
         <kind>object</kind>
         <file>fontcmss48b.obj</file>
         <name>fontcmss48b.obj</name>
      </input_file>
      <input_file id="fl-8e">
         <path>.\fonts\</path>
         <kind>object</kind>
         <file>fontcmss48i.obj</file>
         <name>fontcmss48i.obj</name>
      </input_file>
      <input_file id="fl-8f">
         <path>.\fonts\</path>
         <kind>object</kind>
         <file>fontcmtt12.obj</file>
         <name>fontcmtt12.obj</name>
      </input_file>
      <input_file id="fl-90">
         <path>.\fonts\</path>
         <kind>object</kind>
         <file>fontcmtt14.obj</file>
         <name>fontcmtt14.obj</name>
      </input_file>
      <input_file id="fl-91">
         <path>.\fonts\</path>
         <kind>object</kind>
         <file>fontcmtt16.obj</file>
         <name>fontcmtt16.obj</name>
      </input_file>
      <input_file id="fl-92">
         <path>.\fonts\</path>
         <kind>object</kind>
         <file>fontcmtt18.obj</file>
         <name>fontcmtt18.obj</name>
      </input_file>
      <input_file id="fl-93">
         <path>.\fonts\</path>
         <kind>object</kind>
         <file>fontcmtt20.obj</file>
         <name>fontcmtt20.obj</name>
      </input_file>
      <input_file id="fl-94">
         <path>.\fonts\</path>
         <kind>object</kind>
         <file>fontcmtt22.obj</file>
         <name>fontcmtt22.obj</name>
      </input_file>
      <input_file id="fl-95">
         <path>.\fonts\</path>
         <kind>object</kind>
         <file>fontcmtt24.obj</file>
         <name>fontcmtt24.obj</name>
      </input_file>
      <input_file id="fl-96">
         <path>.\fonts\</path>
         <kind>object</kind>
         <file>fontcmtt26.obj</file>
         <name>fontcmtt26.obj</name>
      </input_file>
      <input_file id="fl-97">
         <path>.\fonts\</path>
         <kind>object</kind>
         <file>fontcmtt28.obj</file>
         <name>fontcmtt28.obj</name>
      </input_file>
      <input_file id="fl-98">
         <path>.\fonts\</path>
         <kind>object</kind>
         <file>fontcmtt30.obj</file>
         <name>fontcmtt30.obj</name>
      </input_file>
      <input_file id="fl-99">
         <path>.\fonts\</path>
         <kind>object</kind>
         <file>fontcmtt32.obj</file>
         <name>fontcmtt32.obj</name>
      </input_file>
      <input_file id="fl-9a">
         <path>.\fonts\</path>
         <kind>object</kind>
         <file>fontcmtt34.obj</file>
         <name>fontcmtt34.obj</name>
      </input_file>
      <input_file id="fl-9b">
         <path>.\fonts\</path>
         <kind>object</kind>
         <file>fontcmtt36.obj</file>
         <name>fontcmtt36.obj</name>
      </input_file>
      <input_file id="fl-9c">
         <path>.\fonts\</path>
         <kind>object</kind>
         <file>fontcmtt38.obj</file>
         <name>fontcmtt38.obj</name>
      </input_file>
      <input_file id="fl-9d">
         <path>.\fonts\</path>
         <kind>object</kind>
         <file>fontcmtt40.obj</file>
         <name>fontcmtt40.obj</name>
      </input_file>
      <input_file id="fl-9e">
         <path>.\fonts\</path>
         <kind>object</kind>
         <file>fontcmtt42.obj</file>
         <name>fontcmtt42.obj</name>
      </input_file>
      <input_file id="fl-9f">
         <path>.\fonts\</path>
         <kind>object</kind>
         <file>fontcmtt44.obj</file>
         <name>fontcmtt44.obj</name>
      </input_file>
      <input_file id="fl-a0">
         <path>.\fonts\</path>
         <kind>object</kind>
         <file>fontcmtt46.obj</file>
         <name>fontcmtt46.obj</name>
      </input_file>
      <input_file id="fl-a1">
         <path>.\fonts\</path>
         <kind>object</kind>
         <file>fontcmtt48.obj</file>
         <name>fontcmtt48.obj</name>
      </input_file>
      <input_file id="fl-a2">
         <path>.\fonts\</path>
         <kind>object</kind>
         <file>fontfixed6x8.obj</file>
         <name>fontfixed6x8.obj</name>
      </input_file>
      <input_file id="fl-ab">
         <kind>object</kind>
         <file>&lt;internal&gt;</file>
         <name>&lt;internal&gt;</name>
      </input_file>
      <input_file id="fl-ac">
         <path>C:\ti\simplelink_msp432p4_sdk_1_50_00_12\source\ti\grlib\ccs\</path>
         <kind>archive</kind>
         <file>grlib.lib</file>
         <name>context.o</name>
      </input_file>
      <input_file id="fl-ad">
         <path>C:\ti\simplelink_msp432p4_sdk_1_50_00_12\source\ti\grlib\ccs\</path>
         <kind>archive</kind>
         <file>grlib.lib</file>
         <name>display.o</name>
      </input_file>
      <input_file id="fl-ae">
         <path>C:\ti\simplelink_msp432p4_sdk_1_50_00_12\source\ti\grlib\ccs\</path>
         <kind>archive</kind>
         <file>grlib.lib</file>
         <name>string.o</name>
      </input_file>
      <input_file id="fl-af">
         <path>C:\ti\simplelink_msp432p4_sdk_1_50_00_12\source\ti\grlib\ccs\</path>
         <kind>archive</kind>
         <file>grlib.lib</file>
         <name>line.o</name>
      </input_file>
      <input_file id="fl-b0">
         <path>C:\ti\simplelink_msp432p4_sdk_1_50_00_12\source\ti\devices\msp432p4xx\driverlib\ccs\</path>
         <kind>archive</kind>
         <file>msp432p4xx_driverlib.lib</file>
         <name>gpio_MSP432P4XX.obj</name>
      </input_file>
      <input_file id="fl-b1">
         <path>C:\ti\simplelink_msp432p4_sdk_1_50_00_12\source\ti\devices\msp432p4xx\driverlib\ccs\</path>
         <kind>archive</kind>
         <file>msp432p4xx_driverlib.lib</file>
         <name>interrupt_MSP432P4XX.obj</name>
      </input_file>
      <input_file id="fl-b2">
         <path>C:\ti\simplelink_msp432p4_sdk_1_50_00_12\source\ti\devices\msp432p4xx\driverlib\ccs\</path>
         <kind>archive</kind>
         <file>msp432p4xx_driverlib.lib</file>
         <name>spi_MSP432P4XX.obj</name>
      </input_file>
      <input_file id="fl-b3">
         <path>C:\ti\simplelink_msp432p4_sdk_1_50_00_12\source\ti\devices\msp432p4xx\driverlib\ccs\</path>
         <kind>archive</kind>
         <file>msp432p4xx_driverlib.lib</file>
         <name>cpu_MSP432P4XX.obj</name>
      </input_file>
      <input_file id="fl-169">
         <path>C:\ti\ccsv7\tools\compiler\ti-cgt-arm_16.9.4.LTS\lib\</path>
         <kind>archive</kind>
         <file>rtsv7M4_T_le_v4SPD16_eabi.lib</file>
         <name>boot.obj</name>
      </input_file>
      <input_file id="fl-16a">
         <path>C:\ti\ccsv7\tools\compiler\ti-cgt-arm_16.9.4.LTS\lib\</path>
         <kind>archive</kind>
         <file>rtsv7M4_T_le_v4SPD16_eabi.lib</file>
         <name>copy_decompress_lzss.obj</name>
      </input_file>
      <input_file id="fl-16b">
         <path>C:\ti\ccsv7\tools\compiler\ti-cgt-arm_16.9.4.LTS\lib\</path>
         <kind>archive</kind>
         <file>rtsv7M4_T_le_v4SPD16_eabi.lib</file>
         <name>copy_decompress_none.obj</name>
      </input_file>
      <input_file id="fl-16c">
         <path>C:\ti\ccsv7\tools\compiler\ti-cgt-arm_16.9.4.LTS\lib\</path>
         <kind>archive</kind>
         <file>rtsv7M4_T_le_v4SPD16_eabi.lib</file>
         <name>copy_zero_init.obj</name>
      </input_file>
      <input_file id="fl-16d">
         <path>C:\ti\ccsv7\tools\compiler\ti-cgt-arm_16.9.4.LTS\lib\</path>
         <kind>archive</kind>
         <file>rtsv7M4_T_le_v4SPD16_eabi.lib</file>
         <name>exit.obj</name>
      </input_file>
      <input_file id="fl-16e">
         <path>C:\ti\ccsv7\tools\compiler\ti-cgt-arm_16.9.4.LTS\lib\</path>
         <kind>archive</kind>
         <file>rtsv7M4_T_le_v4SPD16_eabi.lib</file>
         <name>memcpy_t2.obj</name>
      </input_file>
      <input_file id="fl-16f">
         <path>C:\ti\ccsv7\tools\compiler\ti-cgt-arm_16.9.4.LTS\lib\</path>
         <kind>archive</kind>
         <file>rtsv7M4_T_le_v4SPD16_eabi.lib</file>
         <name>memset_t2.obj</name>
      </input_file>
      <input_file id="fl-170">
         <path>C:\ti\ccsv7\tools\compiler\ti-cgt-arm_16.9.4.LTS\lib\</path>
         <kind>archive</kind>
         <file>rtsv7M4_T_le_v4SPD16_eabi.lib</file>
         <name>mpu_init.obj</name>
      </input_file>
      <input_file id="fl-171">
         <path>C:\ti\ccsv7\tools\compiler\ti-cgt-arm_16.9.4.LTS\lib\</path>
         <kind>archive</kind>
         <file>rtsv7M4_T_le_v4SPD16_eabi.lib</file>
         <name>pre_init.obj</name>
      </input_file>
      <input_file id="fl-172">
         <path>C:\ti\ccsv7\tools\compiler\ti-cgt-arm_16.9.4.LTS\lib\</path>
         <kind>archive</kind>
         <file>rtsv7M4_T_le_v4SPD16_eabi.lib</file>
         <name>stkdepth_vars.obj</name>
      </input_file>
      <input_file id="fl-173">
         <path>C:\ti\ccsv7\tools\compiler\ti-cgt-arm_16.9.4.LTS\lib\</path>
         <kind>archive</kind>
         <file>rtsv7M4_T_le_v4SPD16_eabi.lib</file>
         <name>_lock.obj</name>
      </input_file>
      <input_file id="fl-174">
         <path>C:\ti\ccsv7\tools\compiler\ti-cgt-arm_16.9.4.LTS\lib\</path>
         <kind>archive</kind>
         <file>rtsv7M4_T_le_v4SPD16_eabi.lib</file>
         <name>args_main.obj</name>
      </input_file>
      <input_file id="fl-175">
         <path>C:\ti\ccsv7\tools\compiler\ti-cgt-arm_16.9.4.LTS\lib\</path>
         <kind>archive</kind>
         <file>rtsv7M4_T_le_v4SPD16_eabi.lib</file>
         <name>autoinit.obj</name>
      </input_file>
      <input_file id="fl-176">
         <path>C:\ti\ccsv7\tools\compiler\ti-cgt-arm_16.9.4.LTS\lib\</path>
         <kind>archive</kind>
         <file>rtsv7M4_T_le_v4SPD16_eabi.lib</file>
         <name>cpy_tbl.obj</name>
      </input_file>
      <input_file id="fl-177">
         <path>C:\ti\ccsv7\tools\compiler\ti-cgt-arm_16.9.4.LTS\lib\</path>
         <kind>archive</kind>
         <file>rtsv7M4_T_le_v4SPD16_eabi.lib</file>
         <name>startup.obj</name>
      </input_file>
   </input_file_list>
   <object_component_list>
      <object_component id="oc-2d">
         <name>.intvecs:retain</name>
         <load_address>0x0</load_address>
         <run_address>0x0</run_address>
         <size>0xe4</size>
         <input_file_ref idref="fl-9"/>
      </object_component>
      <object_component id="oc-301">
         <name>.text:Graphics_drawString</name>
         <load_address>0xe4</load_address>
         <run_address>0xe4</run_address>
         <size>0x2d0</size>
         <input_file_ref idref="fl-ae"/>
      </object_component>
      <object_component id="oc-28b">
         <name>.text:Crystalfontz128x128_PixelDrawMultiple</name>
         <load_address>0x3b4</load_address>
         <run_address>0x3b4</run_address>
         <size>0x1d8</size>
         <input_file_ref idref="fl-6"/>
      </object_component>
      <object_component id="oc-12d">
         <name>.text:_ZN6Screen5setupEv</name>
         <load_address>0x58c</load_address>
         <run_address>0x58c</run_address>
         <size>0x16c</size>
         <input_file_ref idref="fl-3"/>
      </object_component>
      <object_component id="oc-105">
         <name>.text:_ZN6Screen9changeSelEb</name>
         <load_address>0x6f8</load_address>
         <run_address>0x6f8</run_address>
         <size>0x148</size>
         <input_file_ref idref="fl-3"/>
      </object_component>
      <object_component id="oc-255">
         <name>.text:Crystalfontz128x128_SetDrawFrame</name>
         <load_address>0x840</load_address>
         <run_address>0x840</run_address>
         <size>0x134</size>
         <input_file_ref idref="fl-6"/>
      </object_component>
      <object_component id="oc-197">
         <name>.text:Crystalfontz128x128_Init</name>
         <load_address>0x974</load_address>
         <run_address>0x974</run_address>
         <size>0x12c</size>
         <input_file_ref idref="fl-6"/>
      </object_component>
      <object_component id="oc-1bb">
         <name>.text:_ZN6Screen14drawMainScreenEv</name>
         <load_address>0xaa0</load_address>
         <run_address>0xaa0</run_address>
         <size>0x108</size>
         <input_file_ref idref="fl-3"/>
      </object_component>
      <object_component id="oc-e6">
         <name>.text:SystemInit</name>
         <load_address>0xba8</load_address>
         <run_address>0xba8</run_address>
         <size>0xbc</size>
         <input_file_ref idref="fl-5"/>
      </object_component>
      <object_component id="oc-127">
         <name>.text:_Z5setupv</name>
         <load_address>0xc64</load_address>
         <run_address>0xc64</run_address>
         <size>0xa0</size>
         <input_file_ref idref="fl-4"/>
      </object_component>
      <object_component id="oc-29d">
         <name>.text:Crystalfontz128x128_RectFill</name>
         <load_address>0xd04</load_address>
         <run_address>0xd04</run_address>
         <size>0x9c</size>
         <input_file_ref idref="fl-6"/>
      </object_component>
      <object_component id="oc-3c">
         <name>.text</name>
         <load_address>0xda0</load_address>
         <run_address>0xda0</run_address>
         <size>0x9c</size>
         <input_file_ref idref="fl-16e"/>
      </object_component>
      <object_component id="oc-2d0">
         <name>.text:SPI_initMaster</name>
         <load_address>0xe3c</load_address>
         <run_address>0xe3c</run_address>
         <size>0x7c</size>
         <input_file_ref idref="fl-b2"/>
      </object_component>
      <object_component id="oc-48">
         <name>.text</name>
         <load_address>0xeb8</load_address>
         <run_address>0xeb8</run_address>
         <size>0x7a</size>
         <input_file_ref idref="fl-16f"/>
      </object_component>
      <object_component id="oc-82">
         <name>.text:Default_Handler</name>
         <load_address>0xf32</load_address>
         <run_address>0xf32</run_address>
         <size>0x2</size>
         <input_file_ref idref="fl-9"/>
      </object_component>
      <object_component id="oc-60">
         <name>.text</name>
         <load_address>0xf34</load_address>
         <run_address>0xf34</run_address>
         <size>0x70</size>
         <input_file_ref idref="fl-175"/>
      </object_component>
      <object_component id="oc-2fb">
         <name>.text:Graphics_getStringWidth</name>
         <load_address>0xfa4</load_address>
         <run_address>0xfa4</run_address>
         <size>0x68</size>
         <input_file_ref idref="fl-ae"/>
      </object_component>
      <object_component id="oc-14">
         <name>.text:decompress:lzss</name>
         <load_address>0x100c</load_address>
         <run_address>0x100c</run_address>
         <size>0x68</size>
         <input_file_ref idref="fl-16a"/>
      </object_component>
      <object_component id="oc-190">
         <name>.text:Interrupt_enableInterrupt</name>
         <load_address>0x1074</load_address>
         <run_address>0x1074</run_address>
         <size>0x64</size>
         <input_file_ref idref="fl-b1"/>
      </object_component>
      <object_component id="oc-291">
         <name>.text:Crystalfontz128x128_LineDrawH</name>
         <load_address>0x10d8</load_address>
         <run_address>0x10d8</run_address>
         <size>0x60</size>
         <input_file_ref idref="fl-6"/>
      </object_component>
      <object_component id="oc-297">
         <name>.text:Crystalfontz128x128_LineDrawV</name>
         <load_address>0x1138</load_address>
         <run_address>0x1138</run_address>
         <size>0x60</size>
         <input_file_ref idref="fl-6"/>
      </object_component>
      <object_component id="oc-8e">
         <name>.text:PORT3_IRQHandler</name>
         <load_address>0x1198</load_address>
         <run_address>0x1198</run_address>
         <size>0x58</size>
         <input_file_ref idref="fl-4"/>
      </object_component>
      <object_component id="oc-9a">
         <name>.text:PORT5_IRQHandler</name>
         <load_address>0x11f0</load_address>
         <run_address>0x11f0</run_address>
         <size>0x58</size>
         <input_file_ref idref="fl-4"/>
      </object_component>
      <object_component id="oc-19d">
         <name>.text:Crystalfontz128x128_SetOrientation</name>
         <load_address>0x1248</load_address>
         <run_address>0x1248</run_address>
         <size>0x54</size>
         <input_file_ref idref="fl-6"/>
      </object_component>
      <object_component id="oc-26">
         <name>.text</name>
         <load_address>0x129c</load_address>
         <run_address>0x129c</run_address>
         <size>0x54</size>
         <input_file_ref idref="fl-169"/>
      </object_component>
      <object_component id="oc-6c">
         <name>.text</name>
         <load_address>0x12f0</load_address>
         <run_address>0x12f0</run_address>
         <size>0x54</size>
         <input_file_ref idref="fl-16d"/>
      </object_component>
      <object_component id="oc-2c9">
         <name>.text:GPIO_setAsPeripheralModuleFunctionOutputPin</name>
         <load_address>0x1344</load_address>
         <run_address>0x1344</run_address>
         <size>0x4c</size>
         <input_file_ref idref="fl-b0"/>
      </object_component>
      <object_component id="oc-bb">
         <name>.text</name>
         <load_address>0x1390</load_address>
         <run_address>0x1390</run_address>
         <size>0x4c</size>
         <input_file_ref idref="fl-176"/>
      </object_component>
      <object_component id="oc-340">
         <name>.text:Graphics_drawLineH</name>
         <load_address>0x13dc</load_address>
         <run_address>0x13dc</run_address>
         <size>0x4a</size>
         <input_file_ref idref="fl-af"/>
      </object_component>
      <object_component id="oc-54">
         <name>.text</name>
         <load_address>0x1426</load_address>
         <run_address>0x1426</run_address>
         <size>0x2</size>
         <input_file_ref idref="fl-170"/>
      </object_component>
      <object_component id="oc-10b">
         <name>.text:_ZN6Screen8paintRecEb</name>
         <load_address>0x1428</load_address>
         <run_address>0x1428</run_address>
         <size>0x44</size>
         <input_file_ref idref="fl-3"/>
      </object_component>
      <object_component id="oc-285">
         <name>.text:Crystalfontz128x128_PixelDraw</name>
         <load_address>0x146c</load_address>
         <run_address>0x146c</run_address>
         <size>0x40</size>
         <input_file_ref idref="fl-6"/>
      </object_component>
      <object_component id="oc-237">
         <name>.text:HAL_LCD_SpiInit</name>
         <load_address>0x14ac</load_address>
         <run_address>0x14ac</run_address>
         <size>0x40</size>
         <input_file_ref idref="fl-7"/>
      </object_component>
      <object_component id="oc-88">
         <name>.text:PORT1_IRQHandler</name>
         <load_address>0x14ec</load_address>
         <run_address>0x14ec</run_address>
         <size>0x3c</size>
         <input_file_ref idref="fl-4"/>
      </object_component>
      <object_component id="oc-94">
         <name>.text:PORT4_IRQHandler</name>
         <load_address>0x1528</load_address>
         <run_address>0x1528</run_address>
         <size>0x3c</size>
         <input_file_ref idref="fl-4"/>
      </object_component>
      <object_component id="oc-277">
         <name>.text:Graphics_drawStringCentered</name>
         <load_address>0x1564</load_address>
         <run_address>0x1564</run_address>
         <size>0x38</size>
         <input_file_ref idref="fl-ae"/>
      </object_component>
      <object_component id="oc-249">
         <name>.text:HAL_LCD_writeCommand</name>
         <load_address>0x159c</load_address>
         <run_address>0x159c</run_address>
         <size>0x38</size>
         <input_file_ref idref="fl-7"/>
      </object_component>
      <object_component id="oc-ee">
         <name>.text:GPIO_getEnabledInterruptStatus</name>
         <load_address>0x15d4</load_address>
         <run_address>0x15d4</run_address>
         <size>0x30</size>
         <input_file_ref idref="fl-b0"/>
      </object_component>
      <object_component id="oc-184">
         <name>.text:GPIO_setAsInputPinWithPullDownResistor</name>
         <load_address>0x1604</load_address>
         <run_address>0x1604</run_address>
         <size>0x30</size>
         <input_file_ref idref="fl-b0"/>
      </object_component>
      <object_component id="oc-231">
         <name>.text:HAL_LCD_PortInit</name>
         <load_address>0x1634</load_address>
         <run_address>0x1634</run_address>
         <size>0x30</size>
         <input_file_ref idref="fl-7"/>
      </object_component>
      <object_component id="oc-320">
         <name>.text:is_A_Module</name>
         <load_address>0x1664</load_address>
         <run_address>0x1664</run_address>
         <size>0x30</size>
         <input_file_ref idref="fl-b2"/>
      </object_component>
      <object_component id="oc-2af">
         <name>.text:Crystalfontz128x128_ClearScreen</name>
         <load_address>0x1694</load_address>
         <run_address>0x1694</run_address>
         <size>0x2c</size>
         <input_file_ref idref="fl-6"/>
      </object_component>
      <object_component id="oc-24f">
         <name>.text:HAL_LCD_writeData</name>
         <load_address>0x16c0</load_address>
         <run_address>0x16c0</run_address>
         <size>0x2c</size>
         <input_file_ref idref="fl-7"/>
      </object_component>
      <object_component id="oc-2a3">
         <name>.text:Crystalfontz128x128_ColorTranslate</name>
         <load_address>0x16ec</load_address>
         <run_address>0x16ec</run_address>
         <size>0x28</size>
         <input_file_ref idref="fl-6"/>
      </object_component>
      <object_component id="oc-17e">
         <name>.text:GPIO_setAsOutputPin</name>
         <load_address>0x1714</load_address>
         <run_address>0x1714</run_address>
         <size>0x24</size>
         <input_file_ref idref="fl-b0"/>
      </object_component>
      <object_component id="oc-1a3">
         <name>.text:Graphics_initContext</name>
         <load_address>0x1738</load_address>
         <run_address>0x1738</run_address>
         <size>0x22</size>
         <input_file_ref idref="fl-ac"/>
      </object_component>
      <object_component id="oc-33a">
         <name>.text:Graphics_getNumberOfLeadingZeros</name>
         <load_address>0x175a</load_address>
         <run_address>0x175a</run_address>
         <size>0x1a</size>
         <input_file_ref idref="fl-ae"/>
      </object_component>
      <object_component id="oc-2d6">
         <name>.text:SPI_enableModule</name>
         <load_address>0x1774</load_address>
         <run_address>0x1774</run_address>
         <size>0x1a</size>
         <input_file_ref idref="fl-b2"/>
      </object_component>
      <object_component id="oc-c1">
         <name>.text</name>
         <load_address>0x178e</load_address>
         <run_address>0x178e</run_address>
         <size>0x2</size>
         <input_file_ref idref="fl-177"/>
      </object_component>
      <object_component id="oc-f4">
         <name>.text:GPIO_clearInterruptFlag</name>
         <load_address>0x1790</load_address>
         <run_address>0x1790</run_address>
         <size>0x18</size>
         <input_file_ref idref="fl-b0"/>
      </object_component>
      <object_component id="oc-23d">
         <name>.text:GPIO_setOutputLowOnPin</name>
         <load_address>0x17a8</load_address>
         <run_address>0x17a8</run_address>
         <size>0x18</size>
         <input_file_ref idref="fl-b0"/>
      </object_component>
      <object_component id="oc-dc">
         <name>.text:_ZN6ScreenC1Ev</name>
         <load_address>0x17c0</load_address>
         <run_address>0x17c0</run_address>
         <size>0x18</size>
         <input_file_ref idref="fl-3"/>
      </object_component>
      <object_component id="oc-66">
         <name>.text</name>
         <load_address>0x17d8</load_address>
         <run_address>0x17d8</run_address>
         <size>0x18</size>
         <input_file_ref idref="fl-174"/>
      </object_component>
      <object_component id="oc-359">
         <name>.text:Graphics_drawHorizontalLineOnDisplay</name>
         <load_address>0x17f0</load_address>
         <run_address>0x17f0</run_address>
         <size>0x16</size>
         <input_file_ref idref="fl-ad"/>
      </object_component>
      <object_component id="oc-18a">
         <name>.text:GPIO_enableInterrupt</name>
         <load_address>0x1808</load_address>
         <run_address>0x1808</run_address>
         <size>0x14</size>
         <input_file_ref idref="fl-b0"/>
      </object_component>
      <object_component id="oc-243">
         <name>.text:GPIO_setOutputHighOnPin</name>
         <load_address>0x181c</load_address>
         <run_address>0x181c</run_address>
         <size>0x14</size>
         <input_file_ref idref="fl-b0"/>
      </object_component>
      <object_component id="oc-c9">
         <name>.text:main</name>
         <load_address>0x1830</load_address>
         <run_address>0x1830</run_address>
         <size>0x14</size>
         <input_file_ref idref="fl-4"/>
      </object_component>
      <object_component id="oc-13d">
         <name>.text</name>
         <load_address>0x1844</load_address>
         <run_address>0x1844</run_address>
         <size>0x14</size>
         <input_file_ref idref="fl-173"/>
      </object_component>
      <object_component id="oc-155">
         <name>.text:GPIO_getInterruptStatus</name>
         <load_address>0x1858</load_address>
         <run_address>0x1858</run_address>
         <size>0x10</size>
         <input_file_ref idref="fl-b0"/>
      </object_component>
      <object_component id="oc-76">
         <name>.text:__sti___8_main_cpp_a0cbb4ba</name>
         <load_address>0x1868</load_address>
         <run_address>0x1868</run_address>
         <size>0x10</size>
         <input_file_ref idref="fl-4"/>
      </object_component>
      <object_component id="oc-346">
         <name>.text:Graphics_drawPixelOnDisplay</name>
         <load_address>0x1878</load_address>
         <run_address>0x1878</run_address>
         <size>0xe</size>
         <input_file_ref idref="fl-ad"/>
      </object_component>
      <object_component id="oc-1af">
         <name>.text:Graphics_setBackgroundColor</name>
         <load_address>0x1886</load_address>
         <run_address>0x1886</run_address>
         <size>0xe</size>
         <input_file_ref idref="fl-ac"/>
      </object_component>
      <object_component id="oc-1a9">
         <name>.text:Graphics_setForegroundColor</name>
         <load_address>0x1894</load_address>
         <run_address>0x1894</run_address>
         <size>0xe</size>
         <input_file_ref idref="fl-ac"/>
      </object_component>
      <object_component id="oc-1a">
         <name>.text:decompress:none</name>
         <load_address>0x18a2</load_address>
         <run_address>0x18a2</run_address>
         <size>0xe</size>
         <input_file_ref idref="fl-16b"/>
      </object_component>
      <object_component id="oc-32e">
         <name>.text:EUSCI_A_SPI_enable</name>
         <load_address>0x18b0</load_address>
         <run_address>0x18b0</run_address>
         <size>0xc</size>
         <input_file_ref idref="fl-b2"/>
      </object_component>
      <object_component id="oc-328">
         <name>.text:EUSCI_B_SPI_enable</name>
         <load_address>0x18bc</load_address>
         <run_address>0x18bc</run_address>
         <size>0xc</size>
         <input_file_ref idref="fl-b2"/>
      </object_component>
      <object_component id="oc-7c">
         <name>.text:Reset_Handler</name>
         <load_address>0x18c8</load_address>
         <run_address>0x18c8</run_address>
         <size>0xc</size>
         <input_file_ref idref="fl-9"/>
      </object_component>
      <object_component id="oc-20">
         <name>.text:decompress:ZI</name>
         <load_address>0x18d4</load_address>
         <run_address>0x18d4</run_address>
         <size>0xc</size>
         <input_file_ref idref="fl-16c"/>
      </object_component>
      <object_component id="oc-2a9">
         <name>.text:Crystalfontz128x128_Flush</name>
         <load_address>0x18e0</load_address>
         <run_address>0x18e0</run_address>
         <size>0xa</size>
         <input_file_ref idref="fl-6"/>
      </object_component>
      <object_component id="oc-271">
         <name>.text:Graphics_clearDisplay</name>
         <load_address>0x18ea</load_address>
         <run_address>0x18ea</run_address>
         <size>0xa</size>
         <input_file_ref idref="fl-ac"/>
      </object_component>
      <object_component id="oc-2f4">
         <name>.text:Graphics_clearDisplayOnDisplay</name>
         <load_address>0x18f4</load_address>
         <run_address>0x18f4</run_address>
         <size>0xa</size>
         <input_file_ref idref="fl-ad"/>
      </object_component>
      <object_component id="oc-166">
         <name>.text:Graphics_fillRectangleOnDisplay</name>
         <load_address>0x18fe</load_address>
         <run_address>0x18fe</run_address>
         <size>0xa</size>
         <input_file_ref idref="fl-ad"/>
      </object_component>
      <object_component id="oc-268">
         <name>.text:Graphics_translateColorOnDisplay</name>
         <load_address>0x1908</load_address>
         <run_address>0x1908</run_address>
         <size>0xa</size>
         <input_file_ref idref="fl-ad"/>
      </object_component>
      <object_component id="oc-1b5">
         <name>.text:Graphics_setFont</name>
         <load_address>0x1912</load_address>
         <run_address>0x1912</run_address>
         <size>0x4</size>
         <input_file_ref idref="fl-ac"/>
      </object_component>
      <object_component id="oc-5a">
         <name>.text</name>
         <load_address>0x1916</load_address>
         <run_address>0x1916</run_address>
         <size>0x4</size>
         <input_file_ref idref="fl-171"/>
      </object_component>
      <object_component id="oc-2b7">
         <name>.const:.string:g_pucFontFixed6x8Data</name>
         <load_address>0x191c</load_address>
         <run_address>0x191c</run_address>
         <size>0x2f8</size>
         <input_file_ref idref="fl-a2"/>
      </object_component>
      <object_component id="oc-1c7">
         <name>.const:g_sFontFixed6x8</name>
         <load_address>0x1c14</load_address>
         <run_address>0x1c14</run_address>
         <size>0xc8</size>
         <input_file_ref idref="fl-a2"/>
      </object_component>
      <object_component id="oc-15b">
         <name>.const:GPIO_PORT_TO_BASE</name>
         <load_address>0x1cdc</load_address>
         <run_address>0x1cdc</run_address>
         <size>0x30</size>
         <input_file_ref idref="fl-b0"/>
      </object_component>
      <object_component id="oc-1c4">
         <name>.const:g_sCrystalfontz128x128_funcs</name>
         <load_address>0x1d0c</load_address>
         <run_address>0x1d0c</run_address>
         <size>0x20</size>
         <input_file_ref idref="fl-6"/>
      </object_component>
      <object_component id="oc-2dc">
         <name>.const:$P$T0$1</name>
         <load_address>0x1d2c</load_address>
         <run_address>0x1d2c</run_address>
         <size>0x1c</size>
         <input_file_ref idref="fl-7"/>
      </object_component>
      <object_component id="oc-310">
         <name>.const:$P$T0$1</name>
         <load_address>0x1d48</load_address>
         <run_address>0x1d48</run_address>
         <size>0x8</size>
         <input_file_ref idref="fl-6"/>
      </object_component>
      <object_component id="oc-22c">
         <name>.const:g_pulEnRegs</name>
         <load_address>0x1d50</load_address>
         <run_address>0x1d50</run_address>
         <size>0x8</size>
         <input_file_ref idref="fl-b1"/>
      </object_component>
      <object_component id="oc-38c">
         <name>.cinit..data.load</name>
         <load_address>0x1d60</load_address>
         <run_address>0x1d60</run_address>
         <size>0x17</size>
      </object_component>
      <object_component id="oc-38a">
         <name>__TI_handler_table</name>
         <load_address>0x1d78</load_address>
         <run_address>0x1d78</run_address>
         <size>0xc</size>
      </object_component>
      <object_component id="oc-38d">
         <name>.cinit..bss.load</name>
         <load_address>0x1d88</load_address>
         <run_address>0x1d88</run_address>
         <size>0x8</size>
      </object_component>
      <object_component id="oc-38b">
         <name>__TI_cinit_table</name>
         <load_address>0x1d90</load_address>
         <run_address>0x1d90</run_address>
         <size>0x10</size>
      </object_component>
      <object_component id="oc-2c">
         <name>.init_array</name>
         <load_address>0x1d58</load_address>
         <run_address>0x1d58</run_address>
         <size>0x4</size>
         <input_file_ref idref="fl-4"/>
      </object_component>
      <object_component id="oc-38e">
         <name>SHT$$INIT_ARRAY$$Limit</name>
         <load_address>0x1d5c</load_address>
         <run_address>0x1d5c</run_address>
         <size>0x0</size>
      </object_component>
      <object_component id="oc-367">
         <name>.binit</name>
         <load_address>0x0</load_address>
         <run_address>0x0</run_address>
         <size>0x0</size>
      </object_component>
      <object_component id="oc-1c1">
         <name>.data:g_sCrystalfontz128x128</name>
         <load_address>0x20000080</load_address>
         <run_address>0x20000080</run_address>
         <size>0x10</size>
         <input_file_ref idref="fl-6"/>
      </object_component>
      <object_component id="oc-d1">
         <name>.data:$O1$$</name>
         <load_address>0x20000090</load_address>
         <run_address>0x20000090</run_address>
         <size>0xc</size>
         <input_file_ref idref="fl-16d"/>
      </object_component>
      <object_component id="oc-72">
         <name>.data</name>
         <load_address>0x200000a4</load_address>
         <run_address>0x200000a4</run_address>
         <size>0x4</size>
         <input_file_ref idref="fl-172"/>
      </object_component>
      <object_component id="oc-d4">
         <name>.data:$O1$$</name>
         <load_address>0x2000009c</load_address>
         <run_address>0x2000009c</run_address>
         <size>0x8</size>
         <input_file_ref idref="fl-173"/>
      </object_component>
      <object_component id="oc-e2">
         <name>.bss:Sc</name>
         <uninitialized>true</uninitialized>
         <run_address>0x20000000</run_address>
         <size>0x58</size>
         <input_file_ref idref="fl-4"/>
      </object_component>
      <object_component id="oc-16c">
         <name>.common:g_sContext</name>
         <uninitialized>true</uninitialized>
         <run_address>0x20000058</run_address>
         <size>0x1c</size>
      </object_component>
      <object_component id="oc-264">
         <name>.common:Lcd_Orientation</name>
         <uninitialized>true</uninitialized>
         <run_address>0x2000007c</run_address>
         <size>0x1</size>
      </object_component>
      <object_component id="oc-25b">
         <name>.common:Lcd_ScreenWidth</name>
         <uninitialized>true</uninitialized>
         <run_address>0x20000076</run_address>
         <size>0x2</size>
      </object_component>
      <object_component id="oc-25e">
         <name>.common:Lcd_ScreenHeigth</name>
         <uninitialized>true</uninitialized>
         <run_address>0x20000074</run_address>
         <size>0x2</size>
      </object_component>
      <object_component id="oc-25f">
         <name>.common:Lcd_PenSolid</name>
         <uninitialized>true</uninitialized>
         <run_address>0x2000007d</run_address>
         <size>0x1</size>
      </object_component>
      <object_component id="oc-260">
         <name>.common:Lcd_FontSolid</name>
         <uninitialized>true</uninitialized>
         <run_address>0x2000007b</run_address>
         <size>0x1</size>
      </object_component>
      <object_component id="oc-261">
         <name>.common:Lcd_FlagRead</name>
         <uninitialized>true</uninitialized>
         <run_address>0x2000007a</run_address>
         <size>0x1</size>
      </object_component>
      <object_component id="oc-262">
         <name>.common:Lcd_TouchTrim</name>
         <uninitialized>true</uninitialized>
         <run_address>0x20000078</run_address>
         <size>0x2</size>
      </object_component>
      <object_component id="oc-30">
         <name>.stack</name>
         <uninitialized>true</uninitialized>
         <run_address>0x2000fe00</run_address>
         <size>0x0</size>
         <input_file_ref idref="fl-169"/>
      </object_component>
      <object_component id="oc-38f">
         <name>.stack</name>
         <uninitialized>true</uninitialized>
         <run_address>0x2000fe00</run_address>
         <size>0x0</size>
      </object_component>
      <object_component id="oc-14f">
         <name>.debug_info</name>
         <load_address>0x0</load_address>
         <run_address>0x0</run_address>
         <size>0x1974</size>
         <input_file_ref idref="fl-3"/>
      </object_component>
      <object_component id="oc-dd">
         <name>.debug_info</name>
         <load_address>0x1974</load_address>
         <run_address>0x1974</run_address>
         <size>0x127</size>
         <input_file_ref idref="fl-3"/>
      </object_component>
      <object_component id="oc-12e">
         <name>.debug_info</name>
         <load_address>0x1a9b</load_address>
         <run_address>0x1a9b</run_address>
         <size>0x219</size>
         <input_file_ref idref="fl-3"/>
      </object_component>
      <object_component id="oc-1bc">
         <name>.debug_info</name>
         <load_address>0x1cb4</load_address>
         <run_address>0x1cb4</run_address>
         <size>0x30d</size>
         <input_file_ref idref="fl-3"/>
      </object_component>
      <object_component id="oc-106">
         <name>.debug_info</name>
         <load_address>0x1fc1</load_address>
         <run_address>0x1fc1</run_address>
         <size>0x331</size>
         <input_file_ref idref="fl-3"/>
      </object_component>
      <object_component id="oc-10c">
         <name>.debug_info</name>
         <load_address>0x22f2</load_address>
         <run_address>0x22f2</run_address>
         <size>0x1bf</size>
         <input_file_ref idref="fl-3"/>
      </object_component>
      <object_component id="oc-1d5">
         <name>.debug_info</name>
         <load_address>0x24b1</load_address>
         <run_address>0x24b1</run_address>
         <size>0x1268</size>
         <input_file_ref idref="fl-3"/>
      </object_component>
      <object_component id="oc-1da">
         <name>.debug_info</name>
         <load_address>0x3719</load_address>
         <run_address>0x3719</run_address>
         <size>0x3f8f</size>
         <input_file_ref idref="fl-3"/>
      </object_component>
      <object_component id="oc-1ce">
         <name>.debug_info</name>
         <load_address>0x76a8</load_address>
         <run_address>0x76a8</run_address>
         <size>0x4e8</size>
         <input_file_ref idref="fl-3"/>
      </object_component>
      <object_component id="oc-14a">
         <name>.debug_info</name>
         <load_address>0x7b90</load_address>
         <run_address>0x7b90</run_address>
         <size>0x26c</size>
         <input_file_ref idref="fl-3"/>
      </object_component>
      <object_component id="oc-1df">
         <name>.debug_info</name>
         <load_address>0x7dfc</load_address>
         <run_address>0x7dfc</run_address>
         <size>0x1ef</size>
         <input_file_ref idref="fl-3"/>
      </object_component>
      <object_component id="oc-1e4">
         <name>.debug_info</name>
         <load_address>0x7feb</load_address>
         <run_address>0x7feb</run_address>
         <size>0x5a</size>
         <input_file_ref idref="fl-3"/>
      </object_component>
      <object_component id="oc-1e9">
         <name>.debug_info</name>
         <load_address>0x8045</load_address>
         <run_address>0x8045</run_address>
         <size>0xb7</size>
         <input_file_ref idref="fl-3"/>
      </object_component>
      <object_component id="oc-1ee">
         <name>.debug_info</name>
         <load_address>0x80fc</load_address>
         <run_address>0x80fc</run_address>
         <size>0xa3</size>
         <input_file_ref idref="fl-3"/>
      </object_component>
      <object_component id="oc-1f3">
         <name>.debug_info</name>
         <load_address>0x819f</load_address>
         <run_address>0x819f</run_address>
         <size>0xdf</size>
         <input_file_ref idref="fl-3"/>
      </object_component>
      <object_component id="oc-1f8">
         <name>.debug_info</name>
         <load_address>0x827e</load_address>
         <run_address>0x827e</run_address>
         <size>0x3d7</size>
         <input_file_ref idref="fl-3"/>
      </object_component>
      <object_component id="oc-100">
         <name>.debug_info</name>
         <load_address>0x8655</load_address>
         <run_address>0x8655</run_address>
         <size>0x8b</size>
         <input_file_ref idref="fl-3"/>
      </object_component>
      <object_component id="oc-fb">
         <name>.debug_info</name>
         <load_address>0x86e0</load_address>
         <run_address>0x86e0</run_address>
         <size>0x18b</size>
         <input_file_ref idref="fl-3"/>
      </object_component>
      <object_component id="oc-1fd">
         <name>.debug_info</name>
         <load_address>0x886b</load_address>
         <run_address>0x886b</run_address>
         <size>0x163</size>
         <input_file_ref idref="fl-3"/>
      </object_component>
      <object_component id="oc-202">
         <name>.debug_info</name>
         <load_address>0x89ce</load_address>
         <run_address>0x89ce</run_address>
         <size>0x107</size>
         <input_file_ref idref="fl-3"/>
      </object_component>
      <object_component id="oc-207">
         <name>.debug_info</name>
         <load_address>0x8ad5</load_address>
         <run_address>0x8ad5</run_address>
         <size>0xb7</size>
         <input_file_ref idref="fl-3"/>
      </object_component>
      <object_component id="oc-16d">
         <name>.debug_info</name>
         <load_address>0x8b8c</load_address>
         <run_address>0x8b8c</run_address>
         <size>0x18c6</size>
         <input_file_ref idref="fl-4"/>
      </object_component>
      <object_component id="oc-e3">
         <name>.debug_info</name>
         <load_address>0xa452</load_address>
         <run_address>0xa452</run_address>
         <size>0xbd</size>
         <input_file_ref idref="fl-4"/>
      </object_component>
      <object_component id="oc-cb">
         <name>.debug_info</name>
         <load_address>0xa50f</load_address>
         <run_address>0xa50f</run_address>
         <size>0x116</size>
         <input_file_ref idref="fl-4"/>
      </object_component>
      <object_component id="oc-129">
         <name>.debug_info</name>
         <load_address>0xa625</load_address>
         <run_address>0xa625</run_address>
         <size>0x35b</size>
         <input_file_ref idref="fl-4"/>
      </object_component>
      <object_component id="oc-90">
         <name>.debug_info</name>
         <load_address>0xa980</load_address>
         <run_address>0xa980</run_address>
         <size>0x1b3</size>
         <input_file_ref idref="fl-4"/>
      </object_component>
      <object_component id="oc-9c">
         <name>.debug_info</name>
         <load_address>0xab33</load_address>
         <run_address>0xab33</run_address>
         <size>0x1b3</size>
         <input_file_ref idref="fl-4"/>
      </object_component>
      <object_component id="oc-8a">
         <name>.debug_info</name>
         <load_address>0xace6</load_address>
         <run_address>0xace6</run_address>
         <size>0x17a</size>
         <input_file_ref idref="fl-4"/>
      </object_component>
      <object_component id="oc-96">
         <name>.debug_info</name>
         <load_address>0xae60</load_address>
         <run_address>0xae60</run_address>
         <size>0x17a</size>
         <input_file_ref idref="fl-4"/>
      </object_component>
      <object_component id="oc-77">
         <name>.debug_info</name>
         <load_address>0xafda</load_address>
         <run_address>0xafda</run_address>
         <size>0x113</size>
         <input_file_ref idref="fl-4"/>
      </object_component>
      <object_component id="oc-21f">
         <name>.debug_info</name>
         <load_address>0xb0ed</load_address>
         <run_address>0xb0ed</run_address>
         <size>0xe5</size>
         <input_file_ref idref="fl-4"/>
      </object_component>
      <object_component id="oc-224">
         <name>.debug_info</name>
         <load_address>0xb1d2</load_address>
         <run_address>0xb1d2</run_address>
         <size>0x67</size>
         <input_file_ref idref="fl-4"/>
      </object_component>
      <object_component id="oc-2bd">
         <name>.debug_info</name>
         <load_address>0xb239</load_address>
         <run_address>0xb239</run_address>
         <size>0x51a</size>
         <input_file_ref idref="fl-5"/>
      </object_component>
      <object_component id="oc-e7">
         <name>.debug_info</name>
         <load_address>0xb753</load_address>
         <run_address>0xb753</run_address>
         <size>0x122</size>
         <input_file_ref idref="fl-5"/>
      </object_component>
      <object_component id="oc-31a">
         <name>.debug_info</name>
         <load_address>0xb875</load_address>
         <run_address>0xb875</run_address>
         <size>0x37cd</size>
         <input_file_ref idref="fl-5"/>
      </object_component>
      <object_component id="oc-216">
         <name>.debug_info</name>
         <load_address>0xf042</load_address>
         <run_address>0xf042</run_address>
         <size>0x1055</size>
         <input_file_ref idref="fl-5"/>
      </object_component>
      <object_component id="oc-37">
         <name>.debug_info</name>
         <load_address>0x10097</load_address>
         <run_address>0x10097</run_address>
         <size>0x84</size>
         <input_file_ref idref="fl-5"/>
      </object_component>
      <object_component id="oc-15f">
         <name>.debug_info</name>
         <load_address>0x1011b</load_address>
         <run_address>0x1011b</run_address>
         <size>0x18b</size>
         <input_file_ref idref="fl-5"/>
      </object_component>
      <object_component id="oc-25c">
         <name>.debug_info</name>
         <load_address>0x102a6</load_address>
         <run_address>0x102a6</run_address>
         <size>0x93f</size>
         <input_file_ref idref="fl-6"/>
      </object_component>
      <object_component id="oc-1c2">
         <name>.debug_info</name>
         <load_address>0x10be5</load_address>
         <run_address>0x10be5</run_address>
         <size>0x104</size>
         <input_file_ref idref="fl-6"/>
      </object_component>
      <object_component id="oc-1c5">
         <name>.debug_info</name>
         <load_address>0x10ce9</load_address>
         <run_address>0x10ce9</run_address>
         <size>0x110</size>
         <input_file_ref idref="fl-6"/>
      </object_component>
      <object_component id="oc-311">
         <name>.debug_info</name>
         <load_address>0x10df9</load_address>
         <run_address>0x10df9</run_address>
         <size>0xe5</size>
         <input_file_ref idref="fl-6"/>
      </object_component>
      <object_component id="oc-199">
         <name>.debug_info</name>
         <load_address>0x10ede</load_address>
         <run_address>0x10ede</run_address>
         <size>0x3d7</size>
         <input_file_ref idref="fl-6"/>
      </object_component>
      <object_component id="oc-257">
         <name>.debug_info</name>
         <load_address>0x112b5</load_address>
         <run_address>0x112b5</run_address>
         <size>0x2e3</size>
         <input_file_ref idref="fl-6"/>
      </object_component>
      <object_component id="oc-19e">
         <name>.debug_info</name>
         <load_address>0x11598</load_address>
         <run_address>0x11598</run_address>
         <size>0x23f</size>
         <input_file_ref idref="fl-6"/>
      </object_component>
      <object_component id="oc-286">
         <name>.debug_info</name>
         <load_address>0x117d7</load_address>
         <run_address>0x117d7</run_address>
         <size>0x284</size>
         <input_file_ref idref="fl-6"/>
      </object_component>
      <object_component id="oc-28c">
         <name>.debug_info</name>
         <load_address>0x11a5b</load_address>
         <run_address>0x11a5b</run_address>
         <size>0x3d9</size>
         <input_file_ref idref="fl-6"/>
      </object_component>
      <object_component id="oc-292">
         <name>.debug_info</name>
         <load_address>0x11e34</load_address>
         <run_address>0x11e34</run_address>
         <size>0x29f</size>
         <input_file_ref idref="fl-6"/>
      </object_component>
      <object_component id="oc-298">
         <name>.debug_info</name>
         <load_address>0x120d3</load_address>
         <run_address>0x120d3</run_address>
         <size>0x29f</size>
         <input_file_ref idref="fl-6"/>
      </object_component>
      <object_component id="oc-29e">
         <name>.debug_info</name>
         <load_address>0x12372</load_address>
         <run_address>0x12372</run_address>
         <size>0x2d0</size>
         <input_file_ref idref="fl-6"/>
      </object_component>
      <object_component id="oc-2a4">
         <name>.debug_info</name>
         <load_address>0x12642</load_address>
         <run_address>0x12642</run_address>
         <size>0x1ed</size>
         <input_file_ref idref="fl-6"/>
      </object_component>
      <object_component id="oc-2aa">
         <name>.debug_info</name>
         <load_address>0x1282f</load_address>
         <run_address>0x1282f</run_address>
         <size>0x1a8</size>
         <input_file_ref idref="fl-6"/>
      </object_component>
      <object_component id="oc-2b0">
         <name>.debug_info</name>
         <load_address>0x129d7</load_address>
         <run_address>0x129d7</run_address>
         <size>0x218</size>
         <input_file_ref idref="fl-6"/>
      </object_component>
      <object_component id="oc-2ec">
         <name>.debug_info</name>
         <load_address>0x12bef</load_address>
         <run_address>0x12bef</run_address>
         <size>0x37cd</size>
         <input_file_ref idref="fl-6"/>
      </object_component>
      <object_component id="oc-280">
         <name>.debug_info</name>
         <load_address>0x163bc</load_address>
         <run_address>0x163bc</run_address>
         <size>0x439</size>
         <input_file_ref idref="fl-6"/>
      </object_component>
      <object_component id="oc-2e0">
         <name>.debug_info</name>
         <load_address>0x167f5</load_address>
         <run_address>0x167f5</run_address>
         <size>0x131</size>
         <input_file_ref idref="fl-6"/>
      </object_component>
      <object_component id="oc-337">
         <name>.debug_info</name>
         <load_address>0x16926</load_address>
         <run_address>0x16926</run_address>
         <size>0x85a</size>
         <input_file_ref idref="fl-7"/>
      </object_component>
      <object_component id="oc-2dd">
         <name>.debug_info</name>
         <load_address>0x17180</load_address>
         <run_address>0x17180</run_address>
         <size>0xf8</size>
         <input_file_ref idref="fl-7"/>
      </object_component>
      <object_component id="oc-232">
         <name>.debug_info</name>
         <load_address>0x17278</load_address>
         <run_address>0x17278</run_address>
         <size>0x24f</size>
[...]
         <object_component_ref idref="oc-9a"/>
      </symbol>
      <symbol id="sm-13a">
         <name>_Z5setupv</name>
         <value>0xc65</value>
         <object_component_ref idref="oc-127"/>
      </symbol>
      <symbol id="sm-13b">
         <name>PORT3_IRQHandler</name>
         <value>0x1199</value>
         <object_component_ref idref="oc-8e"/>
      </symbol>
      <symbol id="sm-16a">
         <name>SystemInit</name>
         <value>0xba9</value>
         <object_component_ref idref="oc-e6"/>
      </symbol>
      <symbol id="sm-228">
         <name>Lcd_Orientation</name>
         <value>0x2000007c</value>
      </symbol>
      <symbol id="sm-229">
         <name>Lcd_ScreenWidth</name>
         <value>0x20000076</value>
      </symbol>
      <symbol id="sm-22a">
         <name>Lcd_ScreenHeigth</name>
         <value>0x20000074</value>
      </symbol>
      <symbol id="sm-22b">
         <name>Lcd_PenSolid</name>
         <value>0x2000007d</value>
      </symbol>
      <symbol id="sm-22c">
         <name>Lcd_FontSolid</name>
         <value>0x2000007b</value>
      </symbol>
      <symbol id="sm-22d">
         <name>Lcd_FlagRead</name>
         <value>0x2000007a</value>
      </symbol>
      <symbol id="sm-22e">
         <name>Lcd_TouchTrim</name>
         <value>0x20000078</value>
      </symbol>
      <symbol id="sm-22f">
         <name>Crystalfontz128x128_SetDrawFrame</name>
         <value>0x841</value>
         <object_component_ref idref="oc-255"/>
      </symbol>
      <symbol id="sm-230">
         <name>Crystalfontz128x128_SetOrientation</name>
         <value>0x1249</value>
         <object_component_ref idref="oc-19d"/>
      </symbol>
      <symbol id="sm-231">
         <name>g_sCrystalfontz128x128_funcs</name>
         <value>0x1d0c</value>
         <object_component_ref idref="oc-1c4"/>
      </symbol>
      <symbol id="sm-232">
         <name>g_sCrystalfontz128x128</name>
         <value>0x20000080</value>
         <object_component_ref idref="oc-1c1"/>
      </symbol>
      <symbol id="sm-233">
         <name>Crystalfontz128x128_Init</name>
         <value>0x975</value>
         <object_component_ref idref="oc-197"/>
      </symbol>
      <symbol id="sm-26c">
         <name>HAL_LCD_writeData</name>
         <value>0x16c1</value>
         <object_component_ref idref="oc-24f"/>
      </symbol>
      <symbol id="sm-26d">
         <name>HAL_LCD_SpiInit</name>
         <value>0x14ad</value>
         <object_component_ref idref="oc-237"/>
      </symbol>
      <symbol id="sm-26e">
         <name>HAL_LCD_PortInit</name>
         <value>0x1635</value>
         <object_component_ref idref="oc-231"/>
      </symbol>
      <symbol id="sm-26f">
         <name>HAL_LCD_writeCommand</name>
         <value>0x159d</value>
         <object_component_ref idref="oc-249"/>
      </symbol>
      <symbol id="sm-28c">
         <name>Reset_Handler</name>
         <value>0x18c9</value>
         <object_component_ref idref="oc-7c"/>
      </symbol>
      <symbol id="sm-28d">
         <name>Default_Handler</name>
         <value>0xf33</value>
         <object_component_ref idref="oc-82"/>
      </symbol>
      <symbol id="sm-28e">
         <name>interruptVectors</name>
         <value>0x0</value>
         <object_component_ref idref="oc-2d"/>
      </symbol>
      <symbol id="sm-338">
         <name>g_sFontFixed6x8</name>
         <value>0x1c14</value>
         <object_component_ref idref="oc-1c7"/>
      </symbol>
      <symbol id="sm-36a">
         <name>Graphics_setBackgroundColor</name>
         <value>0x1887</value>
         <object_component_ref idref="oc-1af"/>
      </symbol>
      <symbol id="sm-36b">
         <name>Graphics_setFont</name>
         <value>0x1913</value>
         <object_component_ref idref="oc-1b5"/>
      </symbol>
      <symbol id="sm-36c">
         <name>Graphics_initContext</name>
         <value>0x1739</value>
         <object_component_ref idref="oc-1a3"/>
      </symbol>
      <symbol id="sm-36d">
         <name>Graphics_setForegroundColor</name>
         <value>0x1895</value>
         <object_component_ref idref="oc-1a9"/>
      </symbol>
      <symbol id="sm-36e">
         <name>Graphics_clearDisplay</name>
         <value>0x18eb</value>
         <object_component_ref idref="oc-271"/>
      </symbol>
      <symbol id="sm-39b">
         <name>Graphics_clearDisplayOnDisplay</name>
         <value>0x18f5</value>
         <object_component_ref idref="oc-2f4"/>
      </symbol>
      <symbol id="sm-39c">
         <name>Graphics_drawPixelOnDisplay</name>
         <value>0x1879</value>
         <object_component_ref idref="oc-346"/>
      </symbol>
      <symbol id="sm-39d">
         <name>Graphics_translateColorOnDisplay</name>
         <value>0x1909</value>
         <object_component_ref idref="oc-268"/>
      </symbol>
      <symbol id="sm-39e">
         <name>Graphics_drawHorizontalLineOnDisplay</name>
         <value>0x17f1</value>
         <object_component_ref idref="oc-359"/>
      </symbol>
      <symbol id="sm-39f">
         <name>Graphics_fillRectangleOnDisplay</name>
         <value>0x18ff</value>
         <object_component_ref idref="oc-166"/>
      </symbol>
      <symbol id="sm-3ef">
         <name>Graphics_drawStringCentered</name>
         <value>0x1565</value>
         <object_component_ref idref="oc-277"/>
      </symbol>
      <symbol id="sm-3f0">
         <name>Graphics_drawString</name>
         <value>0xe5</value>
         <object_component_ref idref="oc-301"/>
      </symbol>
      <symbol id="sm-3f1">
         <name>Graphics_getStringWidth</name>
         <value>0xfa5</value>
         <object_component_ref idref="oc-2fb"/>
      </symbol>
      <symbol id="sm-400">
         <name>Graphics_drawLineH</name>
         <value>0x13dd</value>
         <object_component_ref idref="oc-340"/>
      </symbol>
      <symbol id="sm-473">
         <name>GPIO_setOutputHighOnPin</name>
         <value>0x181d</value>
         <object_component_ref idref="oc-243"/>
      </symbol>
      <symbol id="sm-474">
         <name>GPIO_setAsInputPinWithPullDownResistor</name>
         <value>0x1605</value>
         <object_component_ref idref="oc-184"/>
      </symbol>
      <symbol id="sm-475">
         <name>GPIO_getInterruptStatus</name>
         <value>0x1859</value>
         <object_component_ref idref="oc-155"/>
      </symbol>
      <symbol id="sm-476">
         <name>GPIO_enableInterrupt</name>
         <value>0x1809</value>
         <object_component_ref idref="oc-18a"/>
      </symbol>
      <symbol id="sm-477">
         <name>GPIO_getEnabledInterruptStatus</name>
         <value>0x15d5</value>
         <object_component_ref idref="oc-ee"/>
      </symbol>
      <symbol id="sm-478">
         <name>GPIO_setAsOutputPin</name>
         <value>0x1715</value>
         <object_component_ref idref="oc-17e"/>
      </symbol>
      <symbol id="sm-479">
         <name>GPIO_setOutputLowOnPin</name>
         <value>0x17a9</value>
         <object_component_ref idref="oc-23d"/>
      </symbol>
      <symbol id="sm-47a">
         <name>GPIO_clearInterruptFlag</name>
         <value>0x1791</value>
         <object_component_ref idref="oc-f4"/>
      </symbol>
      <symbol id="sm-47b">
         <name>GPIO_setAsPeripheralModuleFunctionOutputPin</name>
         <value>0x1345</value>
         <object_component_ref idref="oc-2c9"/>
      </symbol>
      <symbol id="sm-49a">
         <name>Interrupt_enableInterrupt</name>
         <value>0x1075</value>
         <object_component_ref idref="oc-190"/>
      </symbol>
      <symbol id="sm-4d0">
         <name>EUSCI_B_SPI_enable</name>
         <value>0x18bd</value>
         <object_component_ref idref="oc-328"/>
      </symbol>
      <symbol id="sm-4d1">
         <name>SPI_enableModule</name>
         <value>0x1775</value>
         <object_component_ref idref="oc-2d6"/>
      </symbol>
      <symbol id="sm-4d2">
         <name>EUSCI_A_SPI_enable</name>
         <value>0x18b1</value>
         <object_component_ref idref="oc-32e"/>
      </symbol>
      <symbol id="sm-4d3">
         <name>SPI_initMaster</name>
         <value>0xe3d</value>
         <object_component_ref idref="oc-2d0"/>
      </symbol>
      <symbol id="sm-4e5">
         <name>_c_int00</name>
         <value>0x129d</value>
         <object_component_ref idref="oc-26"/>
      </symbol>
      <symbol id="sm-4e6">
         <name>__stack</name>
         <value>0x2000fe00</value>
         <object_component_ref idref="oc-30"/>
      </symbol>
      <symbol id="sm-504">
         <name>__TI_decompress_lzss</name>
         <value>0x100d</value>
         <object_component_ref idref="oc-14"/>
      </symbol>
      <symbol id="sm-51b">
         <name>__TI_decompress_none</name>
         <value>0x18a3</value>
         <object_component_ref idref="oc-1a"/>
      </symbol>
      <symbol id="sm-532">
         <name>__TI_zero_init</name>
         <value>0x18d5</value>
         <object_component_ref idref="oc-20"/>
      </symbol>
      <symbol id="sm-553">
         <name>C$$EXIT</name>
         <value>0x12f1</value>
         <object_component_ref idref="oc-6c"/>
      </symbol>
      <symbol id="sm-554">
         <name>abort</name>
         <value>0x12f5</value>
         <object_component_ref idref="oc-6c"/>
      </symbol>
      <symbol id="sm-555">
         <name>exit</name>
         <value>0x12fd</value>
         <object_component_ref idref="oc-6c"/>
      </symbol>
      <symbol id="sm-556">
         <name>__TI_dtors_ptr</name>
         <value>0x20000094</value>
         <object_component_ref idref="oc-d1"/>
      </symbol>
      <symbol id="sm-557">
         <name>__TI_cleanup_ptr</name>
         <value>0x20000090</value>
         <object_component_ref idref="oc-d1"/>
      </symbol>
      <symbol id="sm-558">
         <name>__TI_enable_exit_profile_output</name>
         <value>0x20000098</value>
         <object_component_ref idref="oc-d1"/>
      </symbol>
      <symbol id="sm-573">
         <name>memcpy</name>
         <value>0xda1</value>
         <object_component_ref idref="oc-3c"/>
      </symbol>
      <symbol id="sm-574">
         <name>__aeabi_memcpy</name>
         <value>0xda1</value>
         <object_component_ref idref="oc-3c"/>
      </symbol>
      <symbol id="sm-575">
         <name>__aeabi_memcpy8</name>
         <value>0xda1</value>
         <object_component_ref idref="oc-3c"/>
      </symbol>
      <symbol id="sm-576">
         <name>__aeabi_memcpy4</name>
         <value>0xda1</value>
         <object_component_ref idref="oc-3c"/>
      </symbol>
      <symbol id="sm-585">
         <name>__aeabi_memset</name>
         <value>0xebb</value>
         <object_component_ref idref="oc-48"/>
      </symbol>
      <symbol id="sm-586">
         <name>memset</name>
         <value>0xec1</value>
         <object_component_ref idref="oc-48"/>
      </symbol>
      <symbol id="sm-587">
         <name>__aeabi_memset8</name>
         <value>0xebb</value>
         <object_component_ref idref="oc-48"/>
      </symbol>
      <symbol id="sm-588">
         <name>__aeabi_memset4</name>
         <value>0xebb</value>
         <object_component_ref idref="oc-48"/>
      </symbol>
      <symbol id="sm-589">
         <name>__aeabi_memclr8</name>
         <value>0xeb9</value>
         <object_component_ref idref="oc-48"/>
      </symbol>
      <symbol id="sm-58a">
         <name>__aeabi_memclr4</name>
         <value>0xeb9</value>
         <object_component_ref idref="oc-48"/>
      </symbol>
      <symbol id="sm-58b">
         <name>__aeabi_memclr</name>
         <value>0xeb9</value>
         <object_component_ref idref="oc-48"/>
      </symbol>
      <symbol id="sm-595">
         <name>__mpu_init</name>
         <value>0x1427</value>
         <object_component_ref idref="oc-54"/>
      </symbol>
      <symbol id="sm-59f">
         <name>_system_pre_init</name>
         <value>0x1917</value>
         <object_component_ref idref="oc-5a"/>
      </symbol>
      <symbol id="sm-5a7">
         <name>main_func_sp</name>
         <value>0x200000a4</value>
         <object_component_ref idref="oc-72"/>
      </symbol>
      <symbol id="sm-5c0">
         <name>_nop</name>
         <value>0x1853</value>
         <object_component_ref idref="oc-13d"/>
      </symbol>
      <symbol id="sm-5c1">
         <name>_lock</name>
         <value>0x2000009c</value>
         <object_component_ref idref="oc-d4"/>
      </symbol>
      <symbol id="sm-5c2">
         <name>_unlock</name>
         <value>0x200000a0</value>
         <object_component_ref idref="oc-d4"/>
      </symbol>
      <symbol id="sm-5c3">
         <name>_register_lock</name>
         <value>0x184b</value>
         <object_component_ref idref="oc-13d"/>
      </symbol>
      <symbol id="sm-5c4">
         <name>_register_unlock</name>
         <value>0x1845</value>
         <object_component_ref idref="oc-13d"/>
      </symbol>
      <symbol id="sm-5d8">
         <name>_args_main</name>
         <value>0x17d9</value>
         <object_component_ref idref="oc-66"/>
      </symbol>
      <symbol id="sm-602">
         <name>__TI_auto_init</name>
         <value>0xf35</value>
         <object_component_ref idref="oc-60"/>
      </symbol>
      <symbol id="sm-61c">
         <name>copy_in</name>
         <value>0x1391</value>
         <object_component_ref idref="oc-bb"/>
      </symbol>
      <symbol id="sm-626">
         <name>_system_post_cinit</name>
         <value>0x178f</value>
         <object_component_ref idref="oc-c1"/>
      </symbol>
      <symbol id="sm-627">
         <name>__TI_static_base__</name>
         <value>0x0</value>
      </symbol>
      <symbol id="sm-62a">
         <name>NMI_Handler</name>
         <value>0xf33</value>
      </symbol>
      <symbol id="sm-62b">
         <name>HardFault_Handler</name>
         <value>0xf33</value>
      </symbol>
      <symbol id="sm-62c">
         <name>MemManage_Handler</name>
         <value>0xf33</value>
      </symbol>
      <symbol id="sm-62d">
         <name>BusFault_Handler</name>
         <value>0xf33</value>
      </symbol>
      <symbol id="sm-62e">
         <name>UsageFault_Handler</name>
         <value>0xf33</value>
      </symbol>
      <symbol id="sm-62f">
         <name>SVC_Handler</name>
         <value>0xf33</value>
      </symbol>
      <symbol id="sm-630">
         <name>DebugMon_Handler</name>
         <value>0xf33</value>
      </symbol>
      <symbol id="sm-631">
         <name>PendSV_Handler</name>
         <value>0xf33</value>
      </symbol>
      <symbol id="sm-632">
         <name>SysTick_Handler</name>
         <value>0xf33</value>
      </symbol>
      <symbol id="sm-633">
         <name>PSS_IRQHandler</name>
         <value>0xf33</value>
      </symbol>
      <symbol id="sm-634">
         <name>CS_IRQHandler</name>
         <value>0xf33</value>
      </symbol>
      <symbol id="sm-635">
         <name>PCM_IRQHandler</name>
         <value>0xf33</value>
      </symbol>
      <symbol id="sm-636">
         <name>WDT_A_IRQHandler</name>
         <value>0xf33</value>
      </symbol>
      <symbol id="sm-637">
         <name>FPU_IRQHandler</name>
         <value>0xf33</value>
      </symbol>
      <symbol id="sm-638">
         <name>FLCTL_IRQHandler</name>
         <value>0xf33</value>
      </symbol>
      <symbol id="sm-639">
         <name>COMP_E0_IRQHandler</name>
         <value>0xf33</value>
      </symbol>
      <symbol id="sm-63a">
         <name>COMP_E1_IRQHandler</name>
         <value>0xf33</value>
      </symbol>
      <symbol id="sm-63b">
         <name>TA0_0_IRQHandler</name>
         <value>0xf33</value>
      </symbol>
      <symbol id="sm-63c">
         <name>TA0_N_IRQHandler</name>
         <value>0xf33</value>
      </symbol>
      <symbol id="sm-63d">
         <name>TA1_0_IRQHandler</name>
         <value>0xf33</value>
      </symbol>
      <symbol id="sm-63e">
         <name>TA1_N_IRQHandler</name>
         <value>0xf33</value>
      </symbol>
      <symbol id="sm-63f">
         <name>TA2_0_IRQHandler</name>
         <value>0xf33</value>
      </symbol>
      <symbol id="sm-640">
         <name>TA2_N_IRQHandler</name>
         <value>0xf33</value>
      </symbol>
      <symbol id="sm-641">
         <name>TA3_0_IRQHandler</name>
         <value>0xf33</value>
      </symbol>
      <symbol id="sm-642">
         <name>TA3_N_IRQHandler</name>
         <value>0xf33</value>
      </symbol>
      <symbol id="sm-643">
         <name>EUSCIA0_IRQHandler</name>
         <value>0xf33</value>
      </symbol>
      <symbol id="sm-644">
         <name>EUSCIA1_IRQHandler</name>
         <value>0xf33</value>
      </symbol>
      <symbol id="sm-645">
         <name>EUSCIA2_IRQHandler</name>
         <value>0xf33</value>
      </symbol>
      <symbol id="sm-646">
         <name>EUSCIA3_IRQHandler</name>
         <value>0xf33</value>
      </symbol>
      <symbol id="sm-647">
         <name>EUSCIB0_IRQHandler</name>
         <value>0xf33</value>
      </symbol>
      <symbol id="sm-648">
         <name>EUSCIB1_IRQHandler</name>
         <value>0xf33</value>
      </symbol>
      <symbol id="sm-649">
         <name>EUSCIB2_IRQHandler</name>
         <value>0xf33</value>
      </symbol>
      <symbol id="sm-64a">
         <name>EUSCIB3_IRQHandler</name>
         <value>0xf33</value>
      </symbol>
      <symbol id="sm-64b">
         <name>ADC14_IRQHandler</name>
         <value>0xf33</value>
      </symbol>
      <symbol id="sm-64c">
         <name>T32_INT1_IRQHandler</name>
         <value>0xf33</value>
      </symbol>
      <symbol id="sm-64d">
         <name>T32_INT2_IRQHandler</name>
         <value>0xf33</value>
      </symbol>
      <symbol id="sm-64e">
         <name>T32_INTC_IRQHandler</name>
         <value>0xf33</value>
      </symbol>
      <symbol id="sm-64f">
         <name>AES256_IRQHandler</name>
         <value>0xf33</value>
      </symbol>
      <symbol id="sm-650">
         <name>RTC_C_IRQHandler</name>
         <value>0xf33</value>
      </symbol>
      <symbol id="sm-651">
         <name>DMA_ERR_IRQHandler</name>
         <value>0xf33</value>
      </symbol>
      <symbol id="sm-652">
         <name>DMA_INT3_IRQHandler</name>
         <value>0xf33</value>
      </symbol>
      <symbol id="sm-653">
         <name>DMA_INT2_IRQHandler</name>
         <value>0xf33</value>
      </symbol>
      <symbol id="sm-654">
         <name>DMA_INT1_IRQHandler</name>
         <value>0xf33</value>
      </symbol>
      <symbol id="sm-655">
         <name>DMA_INT0_IRQHandler</name>
         <value>0xf33</value>
      </symbol>
      <symbol id="sm-656">
         <name>PORT1_IRQHandler</name>
         <value>0x14ed</value>
      </symbol>
      <symbol id="sm-657">
         <name>PORT2_IRQHandler</name>
         <value>0xf33</value>
      </symbol>
      <symbol id="sm-658">
         <name>PORT3_IRQHandler</name>
         <value>0x1199</value>
      </symbol>
      <symbol id="sm-659">
         <name>PORT4_IRQHandler</name>
         <value>0x1529</value>
      </symbol>
      <symbol id="sm-65a">
         <name>PORT5_IRQHandler</name>
         <value>0x11f1</value>
      </symbol>
      <symbol id="sm-65b">
         <name>PORT6_IRQHandler</name>
         <value>0xf33</value>
      </symbol>
   </symbol_table>
   <title>Link successful</title>
</link_info>
