******************************************************************************
                  TI ARM Linker PC v16.9.4                     
******************************************************************************
>> Linked Mon Dec 11 11:25:36 2017

OUTPUT FILE NAME:   <LaboFinal.out>
ENTRY POINT SYMBOL: "_c_int00"  address: 0000129d


MEMORY CONFIGURATION

         name            origin    length      used     unused   attr    fill
----------------------  --------  ---------  --------  --------  ----  --------
  MAIN                  00000000   00040000  00001d9a  0003e266  R  X
  INFO                  00200000   00004000  00000000  00004000  R  X
  SRAM_CODE             01000000   00010000  000002a6  0000fd5a  RW X
  SRAM_DATA             20000000   00010000  000002a6  0000fd5a  RW  


SEGMENT ALLOCATION MAP

run origin  load origin   length   init length attrs members
----------  ----------- ---------- ----------- ----- -------
00000000    00000000    00001da0   00001da0    r-x
  00000000    00000000    000000e4   000000e4    r-- .intvecs
  000000e4    000000e4    00001836   00001836    r-x .text
  0000191c    0000191c    0000043c   0000043c    r-- .const
  00001d58    00001d58    00000004   00000004    r-- .init_array
  00001d60    00001d60    00000040   00000040    r-- .cinit
20000000    20000000    000000a8   00000000    rw-
  20000000    20000000    0000007e   00000000    rw- .bss
  20000080    20000080    00000028   00000000    rw- .data
2000fe00    2000fe00    00000200   00000000    rw-
  2000fe00    2000fe00    00000200   00000000    rw- .stack


SECTION ALLOCATION MAP

 output                                  attributes/
section   page    origin      length       input sections
--------  ----  ----------  ----------   ----------------
.intvecs   0    00000000    000000e4     
                  00000000    000000e4     startup_msp432p401r_ccs.obj (.intvecs:retain)

.binit     0    00000000    00000000     

.text      0    000000e4    00001836     
                  000000e4    000002d0     grlib.lib : string.o (.text:Graphics_drawString)
                  000003b4    000001d8     Crystalfontz128x128_ST7735.obj (.text:Crystalfontz128x128_PixelDrawMultiple)
                  0000058c    0000016c     Screen.obj (.text:_ZN6Screen5setupEv)
                  000006f8    00000148     Screen.obj (.text:_ZN6Screen9changeSelEb)
                  00000840    00000134     Crystalfontz128x128_ST7735.obj (.text:Crystalfontz128x128_SetDrawFrame)
                  00000974    0000012c     Crystalfontz128x128_ST7735.obj (.text:Crystalfontz128x128_Init)
                  00000aa0    00000108     Screen.obj (.text:_ZN6Screen14drawMainScreenEv)
                  00000ba8    000000bc     system_msp432p401r.obj (.text:SystemInit)
                  00000c64    000000a0     main.obj (.text:_Z5setupv)
                  00000d04    0000009c     Crystalfontz128x128_ST7735.obj (.text:Crystalfontz128x128_RectFill)
                  00000da0    0000009c     rtsv7M4_T_le_v4SPD16_eabi.lib : memcpy_t2.obj (.text)
                  00000e3c    0000007c     msp432p4xx_driverlib.lib : spi_MSP432P4XX.obj (.text:SPI_initMaster)
                  00000eb8    0000007a     rtsv7M4_T_le_v4SPD16_eabi.lib : memset_t2.obj (.text)
                  00000f32    00000002     startup_msp432p401r_ccs.obj (.text:Default_Handler)
                  00000f34    00000070     rtsv7M4_T_le_v4SPD16_eabi.lib : autoinit.obj (.text)
                  00000fa4    00000068     grlib.lib : string.o (.text:Graphics_getStringWidth)
                  0000100c    00000068     rtsv7M4_T_le_v4SPD16_eabi.lib : copy_decompress_lzss.obj (.text:decompress:lzss)
                  00001074    00000064     msp432p4xx_driverlib.lib : interrupt_MSP432P4XX.obj (.text:Interrupt_enableInterrupt)
                  000010d8    00000060     Crystalfontz128x128_ST7735.obj (.text:Crystalfontz128x128_LineDrawH)
                  00001138    00000060     Crystalfontz128x128_ST7735.obj (.text:Crystalfontz128x128_LineDrawV)
                  00001198    00000058     main.obj (.text:PORT3_IRQHandler)
                  000011f0    00000058     main.obj (.text:PORT5_IRQHandler)
                  00001248    00000054     Crystalfontz128x128_ST7735.obj (.text:Crystalfontz128x128_SetOrientation)
                  0000129c    00000054     rtsv7M4_T_le_v4SPD16_eabi.lib : boot.obj (.text)
                  000012f0    00000054                                   : exit.obj (.text)
                  00001344    0000004c     msp432p4xx_driverlib.lib : gpio_MSP432P4XX.obj (.text:GPIO_setAsPeripheralModuleFunctionOutputPin)
                  00001390    0000004c     rtsv7M4_T_le_v4SPD16_eabi.lib : cpy_tbl.obj (.text)
                  000013dc    0000004a     grlib.lib : line.o (.text:Graphics_drawLineH)
                  00001426    00000002     rtsv7M4_T_le_v4SPD16_eabi.lib : mpu_init.obj (.text)
                  00001428    00000044     Screen.obj (.text:_ZN6Screen8paintRecEb)
                  0000146c    00000040     Crystalfontz128x128_ST7735.obj (.text:Crystalfontz128x128_PixelDraw)
                  000014ac    00000040     HAL_MSP_EXP432P401R_Crystalfontz128x128_ST7735.obj (.text:HAL_LCD_SpiInit)
                  000014ec    0000003c     main.obj (.text:PORT1_IRQHandler)
                  00001528    0000003c     main.obj (.text:PORT4_IRQHandler)
                  00001564    00000038     grlib.lib : string.o (.text:Graphics_drawStringCentered)
                  0000159c    00000038     HAL_MSP_EXP432P401R_Crystalfontz128x128_ST7735.obj (.text:HAL_LCD_writeCommand)
                  000015d4    00000030     msp432p4xx_driverlib.lib : gpio_MSP432P4XX.obj (.text:GPIO_getEnabledInterruptStatus)
                  00001604    00000030                              : gpio_MSP432P4XX.obj (.text:GPIO_setAsInputPinWithPullDownResistor)
                  00001634    00000030     HAL_MSP_EXP432P401R_Crystalfontz128x128_ST7735.obj (.text:HAL_LCD_PortInit)
                  00001664    00000030     msp432p4xx_driverlib.lib : spi_MSP432P4XX.obj (.text:is_A_Module)
                  00001694    0000002c     Crystalfontz128x128_ST7735.obj (.text:Crystalfontz128x128_ClearScreen)
                  000016c0    0000002c     HAL_MSP_EXP432P401R_Crystalfontz128x128_ST7735.obj (.text:HAL_LCD_writeData)
                  000016ec    00000028     Crystalfontz128x128_ST7735.obj (.text:Crystalfontz128x128_ColorTranslate)
                  00001714    00000024     msp432p4xx_driverlib.lib : gpio_MSP432P4XX.obj (.text:GPIO_setAsOutputPin)
                  00001738    00000022     grlib.lib : context.o (.text:Graphics_initContext)
                  0000175a    0000001a               : string.o (.text:Graphics_getNumberOfLeadingZeros)
                  00001774    0000001a     msp432p4xx_driverlib.lib : spi_MSP432P4XX.obj (.text:SPI_enableModule)
                  0000178e    00000002     rtsv7M4_T_le_v4SPD16_eabi.lib : startup.obj (.text)
                  00001790    00000018     msp432p4xx_driverlib.lib : gpio_MSP432P4XX.obj (.text:GPIO_clearInterruptFlag)
                  000017a8    00000018                              : gpio_MSP432P4XX.obj (.text:GPIO_setOutputLowOnPin)
                  000017c0    00000018     Screen.obj (.text:_ZN6ScreenC1Ev)
                  000017d8    00000018     rtsv7M4_T_le_v4SPD16_eabi.lib : args_main.obj (.text)
                  000017f0    00000016     grlib.lib : display.o (.text:Graphics_drawHorizontalLineOnDisplay)
                  00001806    00000002     --HOLE-- [fill = 0]
                  00001808    00000014     msp432p4xx_driverlib.lib : gpio_MSP432P4XX.obj (.text:GPIO_enableInterrupt)
                  0000181c    00000014                              : gpio_MSP432P4XX.obj (.text:GPIO_setOutputHighOnPin)
                  00001830    00000014     main.obj (.text:main)
                  00001844    00000014     rtsv7M4_T_le_v4SPD16_eabi.lib : _lock.obj (.text)
                  00001858    00000010     msp432p4xx_driverlib.lib : gpio_MSP432P4XX.obj (.text:GPIO_getInterruptStatus)
                  00001868    00000010     main.obj (.text:__sti___8_main_cpp_a0cbb4ba)
                  00001878    0000000e     grlib.lib : display.o (.text:Graphics_drawPixelOnDisplay)
                  00001886    0000000e               : context.o (.text:Graphics_setBackgroundColor)
                  00001894    0000000e               : context.o (.text:Graphics_setForegroundColor)
                  000018a2    0000000e     rtsv7M4_T_le_v4SPD16_eabi.lib : copy_decompress_none.obj (.text:decompress:none)
                  000018b0    0000000c     msp432p4xx_driverlib.lib : spi_MSP432P4XX.obj (.text:EUSCI_A_SPI_enable)
                  000018bc    0000000c                              : spi_MSP432P4XX.obj (.text:EUSCI_B_SPI_enable)
                  000018c8    0000000c     startup_msp432p401r_ccs.obj (.text:Reset_Handler)
                  000018d4    0000000c     rtsv7M4_T_le_v4SPD16_eabi.lib : copy_zero_init.obj (.text:decompress:ZI)
                  000018e0    0000000a     Crystalfontz128x128_ST7735.obj (.text:Crystalfontz128x128_Flush)
                  000018ea    0000000a     grlib.lib : context.o (.text:Graphics_clearDisplay)
                  000018f4    0000000a               : display.o (.text:Graphics_clearDisplayOnDisplay)
                  000018fe    0000000a               : display.o (.text:Graphics_fillRectangleOnDisplay)
                  00001908    0000000a               : display.o (.text:Graphics_translateColorOnDisplay)
                  00001912    00000004               : context.o (.text:Graphics_setFont)
                  00001916    00000004     rtsv7M4_T_le_v4SPD16_eabi.lib : pre_init.obj (.text)

.const     0    0000191c    0000043c     
                  0000191c    000002f8     fontfixed6x8.obj (.const:.string:g_pucFontFixed6x8Data)
                  00001c14    000000c8     fontfixed6x8.obj (.const:g_sFontFixed6x8)
                  00001cdc    00000030     msp432p4xx_driverlib.lib : gpio_MSP432P4XX.obj (.const:GPIO_PORT_TO_BASE)
                  00001d0c    00000020     Crystalfontz128x128_ST7735.obj (.const:g_sCrystalfontz128x128_funcs)
                  00001d2c    0000001c     HAL_MSP_EXP432P401R_Crystalfontz128x128_ST7735.obj (.const:$P$T0$1)
                  00001d48    00000008     Crystalfontz128x128_ST7735.obj (.const:$P$T0$1)
                  00001d50    00000008     msp432p4xx_driverlib.lib : interrupt_MSP432P4XX.obj (.const:g_pulEnRegs)

.init_array 
*          0    00001d58    00000004     
                  00001d58    00000004     main.obj (.init_array)

.cinit     0    00001d60    00000040     
                  00001d60    00000017     (.cinit..data.load) [load image, compression = lzss]
                  00001d77    00000001     --HOLE-- [fill = 0]
                  00001d78    0000000c     (__TI_handler_table)
                  00001d84    00000004     --HOLE-- [fill = 0]
                  00001d88    00000008     (.cinit..bss.load) [load image, compression = zero_init]
                  00001d90    00000010     (__TI_cinit_table)

.bss       0    20000000    0000007e     UNINITIALIZED
                  20000000    00000058     main.obj (.bss:Sc)
                  20000058    0000001c     (.common:g_sContext)
                  20000074    00000002     (.common:Lcd_ScreenHeigth)
                  20000076    00000002     (.common:Lcd_ScreenWidth)
                  20000078    00000002     (.common:Lcd_TouchTrim)
                  2000007a    00000001     (.common:Lcd_FlagRead)
                  2000007b    00000001     (.common:Lcd_FontSolid)
                  2000007c    00000001     (.common:Lcd_Orientation)
                  2000007d    00000001     (.common:Lcd_PenSolid)

.data      0    20000080    00000028     UNINITIALIZED
                  20000080    00000010     Crystalfontz128x128_ST7735.obj (.data:g_sCrystalfontz128x128)
                  20000090    0000000c     rtsv7M4_T_le_v4SPD16_eabi.lib : exit.obj (.data:$O1$$)
                  2000009c    00000008                                   : _lock.obj (.data:$O1$$)
                  200000a4    00000004                                   : stkdepth_vars.obj (.data)

.stack     0    2000fe00    00000200     UNINITIALIZED
                  2000fe00    00000200     --HOLE--

MODULE SUMMARY

       Module                                               code   ro data   rw data
       ------                                               ----   -------   -------
    .\
       Screen.obj                                           1048   0         56     
       main.obj                                             492    4         176    
       system_msp432p401r.obj                               188    0         0      
    +--+----------------------------------------------------+------+---------+---------+
       Total:                                               1728   4         232    
                                                                                    
    .\LcdDriver\
       Crystalfontz128x128_ST7735.obj                       1670   40        52     
       HAL_MSP_EXP432P401R_Crystalfontz128x128_ST7735.obj   212    28        0      
    +--+----------------------------------------------------+------+---------+---------+
       Total:                                               1882   68        52     
                                                                                    
    .\ccs\
       startup_msp432p401r_ccs.obj                          14     228       0      
    +--+----------------------------------------------------+------+---------+---------+
       Total:                                               14     228       0      
                                                                                    
    .\fonts\
       fontfixed6x8.obj                                     0      960       0      
    +--+----------------------------------------------------+------+---------+---------+
       Total:                                               0      960       0      
                                                                                    
    C:/ti/simplelink_msp432p4_sdk_1_50_00_12/source/ti/devices/msp432p4xx/driverlib/ccs/msp432p4xx_driverlib.lib
       gpio_MSP432P4XX.obj                                  312    48        0      
       spi_MSP432P4XX.obj                                   222    0         0      
       interrupt_MSP432P4XX.obj                             100    8         0      
    +--+----------------------------------------------------+------+---------+---------+
       Total:                                               634    56        0      
                                                                                    
    C:/ti/simplelink_msp432p4_sdk_1_50_00_12/source/ti/grlib/ccs/grlib.lib
       string.o                                             906    0         0      
       context.o                                            76     0         0      
       line.o                                               74     0         0      
       display.o                                            66     0         0      
    +--+----------------------------------------------------+------+---------+---------+
       Total:                                               1122   0         0      
                                                                                    
    C:\ti\ccsv7\tools\compiler\ti-cgt-arm_16.9.4.LTS\lib\rtsv7M4_T_le_v4SPD16_eabi.lib
       memcpy_t2.obj                                        156    0         0      
       memset_t2.obj                                        122    0         0      
       autoinit.obj                                         112    0         0      
       exit.obj                                             84     0         24     
       copy_decompress_lzss.obj                             104    0         0      
       boot.obj                                             84     0         0      
       cpy_tbl.obj                                          76     0         0      
       _lock.obj                                            20     0         16     
       args_main.obj                                        24     0         0      
       copy_decompress_none.obj                             14     0         0      
       copy_zero_init.obj                                   12     0         0      
       stkdepth_vars.obj                                    0      0         8      
       pre_init.obj                                         4      0         0      
       mpu_init.obj                                         2      0         0      
       startup.obj                                          2      0         0      
    +--+----------------------------------------------------+------+---------+---------+
       Total:                                               816    0         48     
                                                                                    
       Stack:                                               0      0         1024   
       Linker Generated:                                    0      59        0      
    +--+----------------------------------------------------+------+---------+---------+
       Grand Total:                                         6196   1375      1356   


LINKER GENERATED COPY TABLES

__TI_cinit_table @ 00001d90 records: 2, size/record: 8, table size: 16
	.data: load addr=00001d60, load size=00000017 bytes, run addr=20000080, run size=00000028 bytes, compression=lzss
	.bss: load addr=00001d88, load size=00000008 bytes, run addr=20000000, run size=0000007e bytes, compression=zero_init


LINKER GENERATED HANDLER TABLE

__TI_handler_table @ 00001d78 records: 3, size/record: 4, table size: 12
	index: 0, handler: __TI_decompress_lzss
	index: 1, handler: __TI_decompress_none
	index: 2, handler: __TI_zero_init


GLOBAL SYMBOLS: SORTED ALPHABETICALLY BY Name 

address   name                                       
-------   ----                                       
00000f33  ADC14_IRQHandler                           
00000f33  AES256_IRQHandler                          
00000f33  BusFault_Handler                           
000012f1  C$$EXIT                                    
00000f33  COMP_E0_IRQHandler                         
00000f33  COMP_E1_IRQHandler                         
00000f33  CS_IRQHandler                              
00000975  Crystalfontz128x128_Init                   
00000841  Crystalfontz128x128_SetDrawFrame           
00001249  Crystalfontz128x128_SetOrientation         
00000f33  DMA_ERR_IRQHandler                         
00000f33  DMA_INT0_IRQHandler                        
00000f33  DMA_INT1_IRQHandler                        
00000f33  DMA_INT2_IRQHandler                        
00000f33  DMA_INT3_IRQHandler                        
00000f33  DebugMon_Handler                           
00000f33  Default_Handler                            
00000f33  EUSCIA0_IRQHandler                         
00000f33  EUSCIA1_IRQHandler                         
00000f33  EUSCIA2_IRQHandler                         
00000f33  EUSCIA3_IRQHandler                         
00000f33  EUSCIB0_IRQHandler                         
00000f33  EUSCIB1_IRQHandler                         
00000f33  EUSCIB2_IRQHandler                         
00000f33  EUSCIB3_IRQHandler                         
000018b1  EUSCI_A_SPI_enable                         
000018bd  EUSCI_B_SPI_enable                         
00000f33  FLCTL_IRQHandler                           
00000f33  FPU_IRQHandler                             
00001791  GPIO_clearInterruptFlag                    
00001809  GPIO_enableInterrupt                       
000015d5  GPIO_getEnabledInterruptStatus             
00001859  GPIO_getInterruptStatus                    
00001605  GPIO_setAsInputPinWithPullDownResistor     
00001715  GPIO_setAsOutputPin                        
00001345  GPIO_setAsPeripheralModuleFunctionOutputPin
0000181d  GPIO_setOutputHighOnPin                    
000017a9  GPIO_setOutputLowOnPin                     
000018eb  Graphics_clearDisplay                      
000018f5  Graphics_clearDisplayOnDisplay             
000017f1  Graphics_drawHorizontalLineOnDisplay       
000013dd  Graphics_drawLineH                         
00001879  Graphics_drawPixelOnDisplay                
000000e5  Graphics_drawString                        
00001565  Graphics_drawStringCentered                
000018ff  Graphics_fillRectangleOnDisplay            
00000fa5  Graphics_getStringWidth                    
00001739  Graphics_initContext                       
00001887  Graphics_setBackgroundColor                
00001913  Graphics_setFont                           
00001895  Graphics_setForegroundColor                
00001909  Graphics_translateColorOnDisplay           
00001635  HAL_LCD_PortInit                           
000014ad  HAL_LCD_SpiInit                            
0000159d  HAL_LCD_writeCommand                       
000016c1  HAL_LCD_writeData                          
00000f33  HardFault_Handler                          
00001075  Interrupt_enableInterrupt                  
2000007a  Lcd_FlagRead                               
2000007b  Lcd_FontSolid                              
2000007c  Lcd_Orientation                            
2000007d  Lcd_PenSolid                               
20000074  Lcd_ScreenHeigth                           
20000076  Lcd_ScreenWidth                            
20000078  Lcd_TouchTrim                              
00000f33  MemManage_Handler                          
00000f33  NMI_Handler                                
00000f33  PCM_IRQHandler                             
000014ed  PORT1_IRQHandler                           
000014ed  PORT1_IRQHandler                           
00000f33  PORT2_IRQHandler                           
00001199  PORT3_IRQHandler                           
00001199  PORT3_IRQHandler                           
00001529  PORT4_IRQHandler                           
00001529  PORT4_IRQHandler                           
000011f1  PORT5_IRQHandler                           
000011f1  PORT5_IRQHandler                           
00000f33  PORT6_IRQHandler                           
00000f33  PSS_IRQHandler                             
00000f33  PendSV_Handler                             
00000f33  RTC_C_IRQHandler                           
000018c9  Reset_Handler                              
00001d58  SHT$$INIT_ARRAY$$Base                      
00001d5c  SHT$$INIT_ARRAY$$Limit                     
00001775  SPI_enableModule                           
00000e3d  SPI_initMaster                             
00000f33  SVC_Handler                                
20000000  Sc                                         
00000f33  SysTick_Handler                            
00000ba9  SystemInit                                 
00000f33  T32_INT1_IRQHandler                        
00000f33  T32_INT2_IRQHandler                        
00000f33  T32_INTC_IRQHandler                        
00000f33  TA0_0_IRQHandler                           
00000f33  TA0_N_IRQHandler                           
00000f33  TA1_0_IRQHandler                           
00000f33  TA1_N_IRQHandler                           
00000f33  TA2_0_IRQHandler                           
00000f33  TA2_N_IRQHandler                           
00000f33  TA3_0_IRQHandler                           
00000f33  TA3_N_IRQHandler                           
00000f33  UsageFault_Handler                         
4000480c  WDTCTL_SYM                                 
00000f33  WDT_A_IRQHandler                           
00000c65  _Z5setupv                                  
00000aa1  _ZN6Screen14drawMainScreenEv               
0000058d  _ZN6Screen5setupEv                         
00001429  _ZN6Screen8paintRecEb                      
000006f9  _ZN6Screen9changeSelEb                     
000017c1  _ZN6ScreenC1Ev                             
000017c1  _ZN6ScreenC2Ev                             
20010000  __STACK_END                                
00000200  __STACK_SIZE                               
00001d90  __TI_CINIT_Base                            
00001da0  __TI_CINIT_Limit                           
00001d78  __TI_Handler_Table_Base                    
00001d84  __TI_Handler_Table_Limit                   
00000f35  __TI_auto_init                             
20000090  __TI_cleanup_ptr                           
0000100d  __TI_decompress_lzss                       
000018a3  __TI_decompress_none                       
20000094  __TI_dtors_ptr                             
20000098  __TI_enable_exit_profile_output            
ffffffff  __TI_pprof_out_hndl                        
ffffffff  __TI_prof_data_size                        
ffffffff  __TI_prof_data_start                       
00000000  __TI_static_base__                         
000018d5  __TI_zero_init                             
00000eb9  __aeabi_memclr                             
00000eb9  __aeabi_memclr4                            
00000eb9  __aeabi_memclr8                            
00000da1  __aeabi_memcpy                             
00000da1  __aeabi_memcpy4                            
00000da1  __aeabi_memcpy8                            
00000ebb  __aeabi_memset                             
00000ebb  __aeabi_memset4                            
00000ebb  __aeabi_memset8                            
ffffffff  __binit__                                  
ffffffff  __c_args__                                 
00001427  __mpu_init                                 
2000fe00  __stack                                    
00001869  __sti___8_main_cpp_a0cbb4ba                
000017d9  _args_main                                 
0000129d  _c_int00                                   
2000009c  _lock                                      
00001853  _nop                                       
0000184b  _register_lock                             
00001845  _register_unlock                           
0000178f  _system_post_cinit                         
00001917  _system_pre_init                           
200000a0  _unlock                                    
000012f5  abort                                      
ffffffff  binit                                      
00001391  copy_in                                    
000012fd  exit                                       
20000058  g_sContext                                 
20000080  g_sCrystalfontz128x128                     
00001d0c  g_sCrystalfontz128x128_funcs               
00001c14  g_sFontFixed6x8                            
00000000  interruptVectors                           
00001831  main                                       
200000a4  main_func_sp                               
00000da1  memcpy                                     
00000ec1  memset                                     


GLOBAL SYMBOLS: SORTED BY Symbol Address 

address   name                                       
-------   ----                                       
00000000  __TI_static_base__                         
00000000  interruptVectors                           
000000e5  Graphics_drawString                        
00000200  __STACK_SIZE                               
0000058d  _ZN6Screen5setupEv                         
000006f9  _ZN6Screen9changeSelEb                     
00000841  Crystalfontz128x128_SetDrawFrame           
00000975  Crystalfontz128x128_Init                   
00000aa1  _ZN6Screen14drawMainScreenEv               
00000ba9  SystemInit                                 
00000c65  _Z5setupv                                  
00000da1  __aeabi_memcpy                             
00000da1  __aeabi_memcpy4                            
00000da1  __aeabi_memcpy8                            
00000da1  memcpy                                     
00000e3d  SPI_initMaster                             
00000eb9  __aeabi_memclr                             
00000eb9  __aeabi_memclr4                            
00000eb9  __aeabi_memclr8                            
00000ebb  __aeabi_memset                             
00000ebb  __aeabi_memset4                            
00000ebb  __aeabi_memset8                            
00000ec1  memset                                     
00000f33  ADC14_IRQHandler                           
00000f33  AES256_IRQHandler                          
00000f33  BusFault_Handler                           
00000f33  COMP_E0_IRQHandler                         
00000f33  COMP_E1_IRQHandler                         
00000f33  CS_IRQHandler                              
00000f33  DMA_ERR_IRQHandler                         
00000f33  DMA_INT0_IRQHandler                        
00000f33  DMA_INT1_IRQHandler                        
00000f33  DMA_INT2_IRQHandler                        
00000f33  DMA_INT3_IRQHandler                        
00000f33  DebugMon_Handler                           
00000f33  Default_Handler                            
00000f33  EUSCIA0_IRQHandler                         
00000f33  EUSCIA1_IRQHandler                         
00000f33  EUSCIA2_IRQHandler                         
00000f33  EUSCIA3_IRQHandler                         
00000f33  EUSCIB0_IRQHandler                         
00000f33  EUSCIB1_IRQHandler                         
00000f33  EUSCIB2_IRQHandler                         
00000f33  EUSCIB3_IRQHandler                         
00000f33  FLCTL_IRQHandler                           
00000f33  FPU_IRQHandler                             
00000f33  HardFault_Handler                          
00000f33  MemManage_Handler                          
00000f33  NMI_Handler                                
00000f33  PCM_IRQHandler                             
00000f33  PORT2_IRQHandler                           
00000f33  PORT6_IRQHandler                           
00000f33  PSS_IRQHandler                             
00000f33  PendSV_Handler                             
00000f33  RTC_C_IRQHandler                           
00000f33  SVC_Handler                                
00000f33  SysTick_Handler                            
00000f33  T32_INT1_IRQHandler                        
00000f33  T32_INT2_IRQHandler                        
00000f33  T32_INTC_IRQHandler                        
00000f33  TA0_0_IRQHandler                           
00000f33  TA0_N_IRQHandler                           
00000f33  TA1_0_IRQHandler                           
00000f33  TA1_N_IRQHandler                           
00000f33  TA2_0_IRQHandler                           
00000f33  TA2_N_IRQHandler                           
00000f33  TA3_0_IRQHandler                           
00000f33  TA3_N_IRQHandler                           
00000f33  UsageFault_Handler                         
00000f33  WDT_A_IRQHandler                           
00000f35  __TI_auto_init                             
00000fa5  Graphics_getStringWidth                    
0000100d  __TI_decompress_lzss                       
00001075  Interrupt_enableInterrupt                  
00001199  PORT3_IRQHandler                           
00001199  PORT3_IRQHandler                           
000011f1  PORT5_IRQHandler                           
000011f1  PORT5_IRQHandler                           
00001249  Crystalfontz128x128_SetOrientation         
0000129d  _c_int00                                   
000012f1  C$$EXIT                                    
000012f5  abort                                      
000012fd  exit                                       
00001345  GPIO_setAsPeripheralModuleFunctionOutputPin
00001391  copy_in                                    
000013dd  Graphics_drawLineH                         
00001427  __mpu_init                                 
00001429  _ZN6Screen8paintRecEb                      
000014ad  HAL_LCD_SpiInit                            
000014ed  PORT1_IRQHandler                           
000014ed  PORT1_IRQHandler                           
00001529  PORT4_IRQHandler                           
00001529  PORT4_IRQHandler                           
00001565  Graphics_drawStringCentered                
0000159d  HAL_LCD_writeCommand                       
000015d5  GPIO_getEnabledInterruptStatus             
00001605  GPIO_setAsInputPinWithPullDownResistor     
00001635  HAL_LCD_PortInit                           
000016c1  HAL_LCD_writeData                          
00001715  GPIO_setAsOutputPin                        
00001739  Graphics_initContext                       
00001775  SPI_enableModule                           
0000178f  _system_post_cinit                         
00001791  GPIO_clearInterruptFlag                    
000017a9  GPIO_setOutputLowOnPin                     
000017c1  _ZN6ScreenC1Ev                             
000017c1  _ZN6ScreenC2Ev                             
000017d9  _args_main                                 
000017f1  Graphics_drawHorizontalLineOnDisplay       
00001809  GPIO_enableInterrupt                       
0000181d  GPIO_setOutputHighOnPin                    
00001831  main                                       
00001845  _register_unlock                           
0000184b  _register_lock                             
00001853  _nop                                       
00001859  GPIO_getInterruptStatus                    
00001869  __sti___8_main_cpp_a0cbb4ba                
00001879  Graphics_drawPixelOnDisplay                
00001887  Graphics_setBackgroundColor                
00001895  Graphics_setForegroundColor                
000018a3  __TI_decompress_none                       
000018b1  EUSCI_A_SPI_enable                         
000018bd  EUSCI_B_SPI_enable                         
000018c9  Reset_Handler                              
000018d5  __TI_zero_init                             
000018eb  Graphics_clearDisplay                      
000018f5  Graphics_clearDisplayOnDisplay             
000018ff  Graphics_fillRectangleOnDisplay            
00001909  Graphics_translateColorOnDisplay           
00001913  Graphics_setFont                           
00001917  _system_pre_init                           
00001c14  g_sFontFixed6x8                            
00001d0c  g_sCrystalfontz128x128_funcs               
00001d58  SHT$$INIT_ARRAY$$Base                      
00001d5c  SHT$$INIT_ARRAY$$Limit                     
00001d78  __TI_Handler_Table_Base                    
00001d84  __TI_Handler_Table_Limit                   
00001d90  __TI_CINIT_Base                            
00001da0  __TI_CINIT_Limit                           
20000000  Sc                                         
20000058  g_sContext                                 
20000074  Lcd_ScreenHeigth                           
20000076  Lcd_ScreenWidth                            
20000078  Lcd_TouchTrim                              
2000007a  Lcd_FlagRead                               
2000007b  Lcd_FontSolid                              
2000007c  Lcd_Orientation                            
2000007d  Lcd_PenSolid                               
20000080  g_sCrystalfontz128x128                     
20000090  __TI_cleanup_ptr                           
20000094  __TI_dtors_ptr                             
20000098  __TI_enable_exit_profile_output            
2000009c  _lock                                      
200000a0  _unlock                                    
200000a4  main_func_sp                               
2000fe00  __stack                                    
20010000  __STACK_END                                
4000480c  WDTCTL_SYM                                 
ffffffff  __TI_pprof_out_hndl                        
ffffffff  __TI_prof_data_size                        
ffffffff  __TI_prof_data_start                       
ffffffff  __binit__                                  
ffffffff  __c_args__                                 
ffffffff  binit                                      

[164 symbols]
