<?xml version="1.0"?>
<link_info>
   <banner>TI ARM Linker PC v16.9.4.LTS</banner>
   <copyright>Copyright (c) 1996-2017 Texas Instruments Incorporated</copyright>
   <link_time>0x59fa3944</link_time>
   <link_errors>0x1</link_errors>
   <output_file>Scheduler2.out</output_file>
   <entry_point>
      <name>_c_int00</name>
      <address>0xea5</address>
   </entry_point>
   <input_file_list>
      <input_file id="fl-2">
         <path>.\</path>
         <kind>object</kind>
         <file>LCD.obj</file>
         <name>LCD.obj</name>
      </input_file>
      <input_file id="fl-3">
         <path>.\</path>
         <kind>object</kind>
         <file>LED.obj</file>
         <name>LED.obj</name>
      </input_file>
      <input_file id="fl-4">
         <path>.\</path>
         <kind>object</kind>
         <file>Scheduler.obj</file>
         <name>Scheduler.obj</name>
      </input_file>
      <input_file id="fl-5">
         <path>.\</path>
         <kind>object</kind>
         <file>Task.obj</file>
         <name>Task.obj</name>
      </input_file>
      <input_file id="fl-6">
         <path>.\</path>
         <kind>object</kind>
         <file>main.obj</file>
         <name>main.obj</name>
      </input_file>
      <input_file id="fl-7">
         <path>.\</path>
         <kind>object</kind>
         <file>system_msp432p401r.obj</file>
         <name>system_msp432p401r.obj</name>
      </input_file>
      <input_file id="fl-8">
         <path>.\LcdDriver\</path>
         <kind>object</kind>
         <file>Crystalfontz128x128_ST7735.obj</file>
         <name>Crystalfontz128x128_ST7735.obj</name>
      </input_file>
      <input_file id="fl-9">
         <path>.\LcdDriver\</path>
         <kind>object</kind>
         <file>HAL_MSP_EXP432P401R_Crystalfontz128x128_ST7735.obj</file>
         <name>HAL_MSP_EXP432P401R_Crystalfontz128x128_ST7735.obj</name>
      </input_file>
      <input_file id="fl-a">
         <path>.\LcdDriver\</path>
         <kind>object</kind>
         <file>Template_Driver.obj</file>
         <name>Template_Driver.obj</name>
      </input_file>
      <input_file id="fl-b">
         <path>.\ccs\</path>
         <kind>object</kind>
         <file>startup_msp432p401r_ccs.obj</file>
         <name>startup_msp432p401r_ccs.obj</name>
      </input_file>
      <input_file id="fl-c">
         <path>.\fonts\</path>
         <kind>object</kind>
         <file>fontcm12.obj</file>
         <name>fontcm12.obj</name>
      </input_file>
      <input_file id="fl-d">
         <path>.\fonts\</path>
         <kind>object</kind>
         <file>fontcm12b.obj</file>
         <name>fontcm12b.obj</name>
      </input_file>
      <input_file id="fl-e">
         <path>.\fonts\</path>
         <kind>object</kind>
         <file>fontcm12i.obj</file>
         <name>fontcm12i.obj</name>
      </input_file>
      <input_file id="fl-f">
         <path>.\fonts\</path>
         <kind>object</kind>
         <file>fontcm14.obj</file>
         <name>fontcm14.obj</name>
      </input_file>
      <input_file id="fl-10">
         <path>.\fonts\</path>
         <kind>object</kind>
         <file>fontcm14b.obj</file>
         <name>fontcm14b.obj</name>
      </input_file>
      <input_file id="fl-11">
         <path>.\fonts\</path>
         <kind>object</kind>
         <file>fontcm14i.obj</file>
         <name>fontcm14i.obj</name>
      </input_file>
      <input_file id="fl-12">
         <path>.\fonts\</path>
         <kind>object</kind>
         <file>fontcm16.obj</file>
         <name>fontcm16.obj</name>
      </input_file>
      <input_file id="fl-13">
         <path>.\fonts\</path>
         <kind>object</kind>
         <file>fontcm16b.obj</file>
         <name>fontcm16b.obj</name>
      </input_file>
      <input_file id="fl-14">
         <path>.\fonts\</path>
         <kind>object</kind>
         <file>fontcm16i.obj</file>
         <name>fontcm16i.obj</name>
      </input_file>
      <input_file id="fl-15">
         <path>.\fonts\</path>
         <kind>object</kind>
         <file>fontcm18.obj</file>
         <name>fontcm18.obj</name>
      </input_file>
      <input_file id="fl-16">
         <path>.\fonts\</path>
         <kind>object</kind>
         <file>fontcm18b.obj</file>
         <name>fontcm18b.obj</name>
      </input_file>
      <input_file id="fl-17">
         <path>.\fonts\</path>
         <kind>object</kind>
         <file>fontcm18i.obj</file>
         <name>fontcm18i.obj</name>
      </input_file>
      <input_file id="fl-18">
         <path>.\fonts\</path>
         <kind>object</kind>
         <file>fontcm20.obj</file>
         <name>fontcm20.obj</name>
      </input_file>
      <input_file id="fl-19">
         <path>.\fonts\</path>
         <kind>object</kind>
         <file>fontcm20b.obj</file>
         <name>fontcm20b.obj</name>
      </input_file>
      <input_file id="fl-1a">
         <path>.\fonts\</path>
         <kind>object</kind>
         <file>fontcm20i.obj</file>
         <name>fontcm20i.obj</name>
      </input_file>
      <input_file id="fl-1b">
         <path>.\fonts\</path>
         <kind>object</kind>
         <file>fontcm22.obj</file>
         <name>fontcm22.obj</name>
      </input_file>
      <input_file id="fl-1c">
         <path>.\fonts\</path>
         <kind>object</kind>
         <file>fontcm22b.obj</file>
         <name>fontcm22b.obj</name>
      </input_file>
      <input_file id="fl-1d">
         <path>.\fonts\</path>
         <kind>object</kind>
         <file>fontcm22i.obj</file>
         <name>fontcm22i.obj</name>
      </input_file>
      <input_file id="fl-1e">
         <path>.\fonts\</path>
         <kind>object</kind>
         <file>fontcm24.obj</file>
         <name>fontcm24.obj</name>
      </input_file>
      <input_file id="fl-1f">
         <path>.\fonts\</path>
         <kind>object</kind>
         <file>fontcm24b.obj</file>
         <name>fontcm24b.obj</name>
      </input_file>
      <input_file id="fl-20">
         <path>.\fonts\</path>
         <kind>object</kind>
         <file>fontcm24i.obj</file>
         <name>fontcm24i.obj</name>
      </input_file>
      <input_file id="fl-21">
         <path>.\fonts\</path>
         <kind>object</kind>
         <file>fontcm26.obj</file>
         <name>fontcm26.obj</name>
      </input_file>
      <input_file id="fl-22">
         <path>.\fonts\</path>
         <kind>object</kind>
         <file>fontcm26b.obj</file>
         <name>fontcm26b.obj</name>
      </input_file>
      <input_file id="fl-23">
         <path>.\fonts\</path>
         <kind>object</kind>
         <file>fontcm26i.obj</file>
         <name>fontcm26i.obj</name>
      </input_file>
      <input_file id="fl-24">
         <path>.\fonts\</path>
         <kind>object</kind>
         <file>fontcm28.obj</file>
         <name>fontcm28.obj</name>
      </input_file>
      <input_file id="fl-25">
         <path>.\fonts\</path>
         <kind>object</kind>
         <file>fontcm28b.obj</file>
         <name>fontcm28b.obj</name>
      </input_file>
      <input_file id="fl-26">
         <path>.\fonts\</path>
         <kind>object</kind>
         <file>fontcm28i.obj</file>
         <name>fontcm28i.obj</name>
      </input_file>
      <input_file id="fl-27">
         <path>.\fonts\</path>
         <kind>object</kind>
         <file>fontcm30.obj</file>
         <name>fontcm30.obj</name>
      </input_file>
      <input_file id="fl-28">
         <path>.\fonts\</path>
         <kind>object</kind>
         <file>fontcm30b.obj</file>
         <name>fontcm30b.obj</name>
      </input_file>
      <input_file id="fl-29">
         <path>.\fonts\</path>
         <kind>object</kind>
         <file>fontcm30i.obj</file>
         <name>fontcm30i.obj</name>
      </input_file>
      <input_file id="fl-2a">
         <path>.\fonts\</path>
         <kind>object</kind>
         <file>fontcm32.obj</file>
         <name>fontcm32.obj</name>
      </input_file>
      <input_file id="fl-2b">
         <path>.\fonts\</path>
         <kind>object</kind>
         <file>fontcm32b.obj</file>
         <name>fontcm32b.obj</name>
      </input_file>
      <input_file id="fl-2c">
         <path>.\fonts\</path>
         <kind>object</kind>
         <file>fontcm32i.obj</file>
         <name>fontcm32i.obj</name>
      </input_file>
      <input_file id="fl-2d">
         <path>.\fonts\</path>
         <kind>object</kind>
         <file>fontcm34.obj</file>
         <name>fontcm34.obj</name>
      </input_file>
      <input_file id="fl-2e">
         <path>.\fonts\</path>
         <kind>object</kind>
         <file>fontcm34b.obj</file>
         <name>fontcm34b.obj</name>
      </input_file>
      <input_file id="fl-2f">
         <path>.\fonts\</path>
         <kind>object</kind>
         <file>fontcm34i.obj</file>
         <name>fontcm34i.obj</name>
      </input_file>
      <input_file id="fl-30">
         <path>.\fonts\</path>
         <kind>object</kind>
         <file>fontcm36.obj</file>
         <name>fontcm36.obj</name>
      </input_file>
      <input_file id="fl-31">
         <path>.\fonts\</path>
         <kind>object</kind>
         <file>fontcm36b.obj</file>
         <name>fontcm36b.obj</name>
      </input_file>
      <input_file id="fl-32">
         <path>.\fonts\</path>
         <kind>object</kind>
         <file>fontcm36i.obj</file>
         <name>fontcm36i.obj</name>
      </input_file>
      <input_file id="fl-33">
         <path>.\fonts\</path>
         <kind>object</kind>
         <file>fontcm38.obj</file>
         <name>fontcm38.obj</name>
      </input_file>
      <input_file id="fl-34">
         <path>.\fonts\</path>
         <kind>object</kind>
         <file>fontcm38b.obj</file>
         <name>fontcm38b.obj</name>
      </input_file>
      <input_file id="fl-35">
         <path>.\fonts\</path>
         <kind>object</kind>
         <file>fontcm38i.obj</file>
         <name>fontcm38i.obj</name>
      </input_file>
      <input_file id="fl-36">
         <path>.\fonts\</path>
         <kind>object</kind>
         <file>fontcm40.obj</file>
         <name>fontcm40.obj</name>
      </input_file>
      <input_file id="fl-37">
         <path>.\fonts\</path>
         <kind>object</kind>
         <file>fontcm40b.obj</file>
         <name>fontcm40b.obj</name>
      </input_file>
      <input_file id="fl-38">
         <path>.\fonts\</path>
         <kind>object</kind>
         <file>fontcm40i.obj</file>
         <name>fontcm40i.obj</name>
      </input_file>
      <input_file id="fl-39">
         <path>.\fonts\</path>
         <kind>object</kind>
         <file>fontcm42.obj</file>
         <name>fontcm42.obj</name>
      </input_file>
      <input_file id="fl-3a">
         <path>.\fonts\</path>
         <kind>object</kind>
         <file>fontcm42b.obj</file>
         <name>fontcm42b.obj</name>
      </input_file>
      <input_file id="fl-3b">
         <path>.\fonts\</path>
         <kind>object</kind>
         <file>fontcm42i.obj</file>
         <name>fontcm42i.obj</name>
      </input_file>
      <input_file id="fl-3c">
         <path>.\fonts\</path>
         <kind>object</kind>
         <file>fontcm44.obj</file>
         <name>fontcm44.obj</name>
      </input_file>
      <input_file id="fl-3d">
         <path>.\fonts\</path>
         <kind>object</kind>
         <file>fontcm44b.obj</file>
         <name>fontcm44b.obj</name>
      </input_file>
      <input_file id="fl-3e">
         <path>.\fonts\</path>
         <kind>object</kind>
         <file>fontcm44i.obj</file>
         <name>fontcm44i.obj</name>
      </input_file>
      <input_file id="fl-3f">
         <path>.\fonts\</path>
         <kind>object</kind>
         <file>fontcm46.obj</file>
         <name>fontcm46.obj</name>
      </input_file>
      <input_file id="fl-40">
         <path>.\fonts\</path>
         <kind>object</kind>
         <file>fontcm46b.obj</file>
         <name>fontcm46b.obj</name>
      </input_file>
      <input_file id="fl-41">
         <path>.\fonts\</path>
         <kind>object</kind>
         <file>fontcm46i.obj</file>
         <name>fontcm46i.obj</name>
      </input_file>
      <input_file id="fl-42">
         <path>.\fonts\</path>
         <kind>object</kind>
         <file>fontcm48.obj</file>
         <name>fontcm48.obj</name>
      </input_file>
      <input_file id="fl-43">
         <path>.\fonts\</path>
         <kind>object</kind>
         <file>fontcm48b.obj</file>
         <name>fontcm48b.obj</name>
      </input_file>
      <input_file id="fl-44">
         <path>.\fonts\</path>
         <kind>object</kind>
         <file>fontcm48i.obj</file>
         <name>fontcm48i.obj</name>
      </input_file>
      <input_file id="fl-45">
         <path>.\fonts\</path>
         <kind>object</kind>
         <file>fontcmsc12.obj</file>
         <name>fontcmsc12.obj</name>
      </input_file>
      <input_file id="fl-46">
         <path>.\fonts\</path>
         <kind>object</kind>
         <file>fontcmsc14.obj</file>
         <name>fontcmsc14.obj</name>
      </input_file>
      <input_file id="fl-47">
         <path>.\fonts\</path>
         <kind>object</kind>
         <file>fontcmsc16.obj</file>
         <name>fontcmsc16.obj</name>
      </input_file>
      <input_file id="fl-48">
         <path>.\fonts\</path>
         <kind>object</kind>
         <file>fontcmsc18.obj</file>
         <name>fontcmsc18.obj</name>
      </input_file>
      <input_file id="fl-49">
         <path>.\fonts\</path>
         <kind>object</kind>
         <file>fontcmsc20.obj</file>
         <name>fontcmsc20.obj</name>
      </input_file>
      <input_file id="fl-4a">
         <path>.\fonts\</path>
         <kind>object</kind>
         <file>fontcmsc22.obj</file>
         <name>fontcmsc22.obj</name>
      </input_file>
      <input_file id="fl-4b">
         <path>.\fonts\</path>
         <kind>object</kind>
         <file>fontcmsc24.obj</file>
         <name>fontcmsc24.obj</name>
      </input_file>
      <input_file id="fl-4c">
         <path>.\fonts\</path>
         <kind>object</kind>
         <file>fontcmsc26.obj</file>
         <name>fontcmsc26.obj</name>
      </input_file>
      <input_file id="fl-4d">
         <path>.\fonts\</path>
         <kind>object</kind>
         <file>fontcmsc28.obj</file>
         <name>fontcmsc28.obj</name>
      </input_file>
      <input_file id="fl-4e">
         <path>.\fonts\</path>
         <kind>object</kind>
         <file>fontcmsc30.obj</file>
         <name>fontcmsc30.obj</name>
      </input_file>
      <input_file id="fl-4f">
         <path>.\fonts\</path>
         <kind>object</kind>
         <file>fontcmsc32.obj</file>
         <name>fontcmsc32.obj</name>
      </input_file>
      <input_file id="fl-50">
         <path>.\fonts\</path>
         <kind>object</kind>
         <file>fontcmsc34.obj</file>
         <name>fontcmsc34.obj</name>
      </input_file>
      <input_file id="fl-51">
         <path>.\fonts\</path>
         <kind>object</kind>
         <file>fontcmsc36.obj</file>
         <name>fontcmsc36.obj</name>
      </input_file>
      <input_file id="fl-52">
         <path>.\fonts\</path>
         <kind>object</kind>
         <file>fontcmsc38.obj</file>
         <name>fontcmsc38.obj</name>
      </input_file>
      <input_file id="fl-53">
         <path>.\fonts\</path>
         <kind>object</kind>
         <file>fontcmsc40.obj</file>
         <name>fontcmsc40.obj</name>
      </input_file>
      <input_file id="fl-54">
         <path>.\fonts\</path>
         <kind>object</kind>
         <file>fontcmsc42.obj</file>
         <name>fontcmsc42.obj</name>
      </input_file>
      <input_file id="fl-55">
         <path>.\fonts\</path>
         <kind>object</kind>
         <file>fontcmsc44.obj</file>
         <name>fontcmsc44.obj</name>
      </input_file>
      <input_file id="fl-56">
         <path>.\fonts\</path>
         <kind>object</kind>
         <file>fontcmsc46.obj</file>
         <name>fontcmsc46.obj</name>
      </input_file>
      <input_file id="fl-57">
         <path>.\fonts\</path>
         <kind>object</kind>
         <file>fontcmsc48.obj</file>
         <name>fontcmsc48.obj</name>
      </input_file>
      <input_file id="fl-58">
         <path>.\fonts\</path>
         <kind>object</kind>
         <file>fontcmss12.obj</file>
         <name>fontcmss12.obj</name>
      </input_file>
      <input_file id="fl-59">
         <path>.\fonts\</path>
         <kind>object</kind>
         <file>fontcmss12b.obj</file>
         <name>fontcmss12b.obj</name>
      </input_file>
      <input_file id="fl-5a">
         <path>.\fonts\</path>
         <kind>object</kind>
         <file>fontcmss12i.obj</file>
         <name>fontcmss12i.obj</name>
      </input_file>
      <input_file id="fl-5b">
         <path>.\fonts\</path>
         <kind>object</kind>
         <file>fontcmss14.obj</file>
         <name>fontcmss14.obj</name>
      </input_file>
      <input_file id="fl-5c">
         <path>.\fonts\</path>
         <kind>object</kind>
         <file>fontcmss14b.obj</file>
         <name>fontcmss14b.obj</name>
      </input_file>
      <input_file id="fl-5d">
         <path>.\fonts\</path>
         <kind>object</kind>
         <file>fontcmss14i.obj</file>
         <name>fontcmss14i.obj</name>
      </input_file>
      <input_file id="fl-5e">
         <path>.\fonts\</path>
         <kind>object</kind>
         <file>fontcmss16.obj</file>
         <name>fontcmss16.obj</name>
      </input_file>
      <input_file id="fl-5f">
         <path>.\fonts\</path>
         <kind>object</kind>
         <file>fontcmss16b.obj</file>
         <name>fontcmss16b.obj</name>
      </input_file>
      <input_file id="fl-60">
         <path>.\fonts\</path>
         <kind>object</kind>
         <file>fontcmss16i.obj</file>
         <name>fontcmss16i.obj</name>
      </input_file>
      <input_file id="fl-61">
         <path>.\fonts\</path>
         <kind>object</kind>
         <file>fontcmss18.obj</file>
         <name>fontcmss18.obj</name>
      </input_file>
      <input_file id="fl-62">
         <path>.\fonts\</path>
         <kind>object</kind>
         <file>fontcmss18b.obj</file>
         <name>fontcmss18b.obj</name>
      </input_file>
      <input_file id="fl-63">
         <path>.\fonts\</path>
         <kind>object</kind>
         <file>fontcmss18i.obj</file>
         <name>fontcmss18i.obj</name>
      </input_file>
      <input_file id="fl-64">
         <path>.\fonts\</path>
         <kind>object</kind>
         <file>fontcmss20.obj</file>
         <name>fontcmss20.obj</name>
      </input_file>
      <input_file id="fl-65">
         <path>.\fonts\</path>
         <kind>object</kind>
         <file>fontcmss20b.obj</file>
         <name>fontcmss20b.obj</name>
      </input_file>
      <input_file id="fl-66">
         <path>.\fonts\</path>
         <kind>object</kind>
         <file>fontcmss20i.obj</file>
         <name>fontcmss20i.obj</name>
      </input_file>
      <input_file id="fl-67">
         <path>.\fonts\</path>
         <kind>object</kind>
         <file>fontcmss22.obj</file>
         <name>fontcmss22.obj</name>
      </input_file>
      <input_file id="fl-68">
         <path>.\fonts\</path>
         <kind>object</kind>
         <file>fontcmss22b.obj</file>
         <name>fontcmss22b.obj</name>
      </input_file>
      <input_file id="fl-69">
         <path>.\fonts\</path>
         <kind>object</kind>
         <file>fontcmss22i.obj</file>
         <name>fontcmss22i.obj</name>
      </input_file>
      <input_file id="fl-6a">
         <path>.\fonts\</path>
         <kind>object</kind>
         <file>fontcmss24.obj</file>
         <name>fontcmss24.obj</name>
      </input_file>
      <input_file id="fl-6b">
         <path>.\fonts\</path>
         <kind>object</kind>
         <file>fontcmss24b.obj</file>
         <name>fontcmss24b.obj</name>
      </input_file>
      <input_file id="fl-6c">
         <path>.\fonts\</path>
         <kind>object</kind>
         <file>fontcmss24i.obj</file>
         <name>fontcmss24i.obj</name>
      </input_file>
      <input_file id="fl-6d">
         <path>.\fonts\</path>
         <kind>object</kind>
         <file>fontcmss26.obj</file>
         <name>fontcmss26.obj</name>
      </input_file>
      <input_file id="fl-6e">
         <path>.\fonts\</path>
         <kind>object</kind>
         <file>fontcmss26b.obj</file>
         <name>fontcmss26b.obj</name>
      </input_file>
      <input_file id="fl-6f">
         <path>.\fonts\</path>
         <kind>object</kind>
         <file>fontcmss26i.obj</file>
         <name>fontcmss26i.obj</name>
      </input_file>
      <input_file id="fl-70">
         <path>.\fonts\</path>
         <kind>object</kind>
         <file>fontcmss28.obj</file>
         <name>fontcmss28.obj</name>
      </input_file>
      <input_file id="fl-71">
         <path>.\fonts\</path>
         <kind>object</kind>
         <file>fontcmss28b.obj</file>
         <name>fontcmss28b.obj</name>
      </input_file>
      <input_file id="fl-72">
         <path>.\fonts\</path>
         <kind>object</kind>
         <file>fontcmss28i.obj</file>
         <name>fontcmss28i.obj</name>
      </input_file>
      <input_file id="fl-73">
         <path>.\fonts\</path>
         <kind>object</kind>
         <file>fontcmss30.obj</file>
         <name>fontcmss30.obj</name>
      </input_file>
      <input_file id="fl-74">
         <path>.\fonts\</path>
         <kind>object</kind>
         <file>fontcmss30b.obj</file>
         <name>fontcmss30b.obj</name>
      </input_file>
      <input_file id="fl-75">
         <path>.\fonts\</path>
         <kind>object</kind>
         <file>fontcmss30i.obj</file>
         <name>fontcmss30i.obj</name>
      </input_file>
      <input_file id="fl-76">
         <path>.\fonts\</path>
         <kind>object</kind>
         <file>fontcmss32.obj</file>
         <name>fontcmss32.obj</name>
      </input_file>
      <input_file id="fl-77">
         <path>.\fonts\</path>
         <kind>object</kind>
         <file>fontcmss32b.obj</file>
         <name>fontcmss32b.obj</name>
      </input_file>
      <input_file id="fl-78">
         <path>.\fonts\</path>
         <kind>object</kind>
         <file>fontcmss32i.obj</file>
         <name>fontcmss32i.obj</name>
      </input_file>
      <input_file id="fl-79">
         <path>.\fonts\</path>
         <kind>object</kind>
         <file>fontcmss34.obj</file>
         <name>fontcmss34.obj</name>
      </input_file>
      <input_file id="fl-7a">
         <path>.\fonts\</path>
         <kind>object</kind>
         <file>fontcmss34b.obj</file>
         <name>fontcmss34b.obj</name>
      </input_file>
      <input_file id="fl-7b">
         <path>.\fonts\</path>
         <kind>object</kind>
         <file>fontcmss34i.obj</file>
         <name>fontcmss34i.obj</name>
      </input_file>
      <input_file id="fl-7c">
         <path>.\fonts\</path>
         <kind>object</kind>
         <file>fontcmss36.obj</file>
         <name>fontcmss36.obj</name>
      </input_file>
      <input_file id="fl-7d">
         <path>.\fonts\</path>
         <kind>object</kind>
         <file>fontcmss36b.obj</file>
         <name>fontcmss36b.obj</name>
      </input_file>
      <input_file id="fl-7e">
         <path>.\fonts\</path>
         <kind>object</kind>
         <file>fontcmss36i.obj</file>
         <name>fontcmss36i.obj</name>
      </input_file>
      <input_file id="fl-7f">
         <path>.\fonts\</path>
         <kind>object</kind>
         <file>fontcmss38.obj</file>
         <name>fontcmss38.obj</name>
      </input_file>
      <input_file id="fl-80">
         <path>.\fonts\</path>
         <kind>object</kind>
         <file>fontcmss38b.obj</file>
         <name>fontcmss38b.obj</name>
      </input_file>
      <input_file id="fl-81">
         <path>.\fonts\</path>
         <kind>object</kind>
         <file>fontcmss38i.obj</file>
         <name>fontcmss38i.obj</name>
      </input_file>
      <input_file id="fl-82">
         <path>.\fonts\</path>
         <kind>object</kind>
         <file>fontcmss40.obj</file>
         <name>fontcmss40.obj</name>
      </input_file>
      <input_file id="fl-83">
         <path>.\fonts\</path>
         <kind>object</kind>
         <file>fontcmss40b.obj</file>
         <name>fontcmss40b.obj</name>
      </input_file>
      <input_file id="fl-84">
         <path>.\fonts\</path>
         <kind>object</kind>
         <file>fontcmss40i.obj</file>
         <name>fontcmss40i.obj</name>
      </input_file>
      <input_file id="fl-85">
         <path>.\fonts\</path>
         <kind>object</kind>
         <file>fontcmss42.obj</file>
         <name>fontcmss42.obj</name>
      </input_file>
      <input_file id="fl-86">
         <path>.\fonts\</path>
         <kind>object</kind>
         <file>fontcmss42b.obj</file>
         <name>fontcmss42b.obj</name>
      </input_file>
      <input_file id="fl-87">
         <path>.\fonts\</path>
         <kind>object</kind>
         <file>fontcmss42i.obj</file>
         <name>fontcmss42i.obj</name>
      </input_file>
      <input_file id="fl-88">
         <path>.\fonts\</path>
         <kind>object</kind>
         <file>fontcmss44.obj</file>
         <name>fontcmss44.obj</name>
      </input_file>
      <input_file id="fl-89">
         <path>.\fonts\</path>
         <kind>object</kind>
         <file>fontcmss44b.obj</file>
         <name>fontcmss44b.obj</name>
      </input_file>
      <input_file id="fl-8a">
         <path>.\fonts\</path>
         <kind>object</kind>
         <file>fontcmss44i.obj</file>
         <name>fontcmss44i.obj</name>
      </input_file>
      <input_file id="fl-8b">
         <path>.\fonts\</path>
         <kind>object</kind>
         <file>fontcmss46.obj</file>
         <name>fontcmss46.obj</name>
      </input_file>
      <input_file id="fl-8c">
         <path>.\fonts\</path>
         <kind>object</kind>
         <file>fontcmss46b.obj</file>
         <name>fontcmss46b.obj</name>
      </input_file>
      <input_file id="fl-8d">
         <path>.\fonts\</path>
         <kind>object</kind>
         <file>fontcmss46i.obj</file>
         <name>fontcmss46i.obj</name>
      </input_file>
      <input_file id="fl-8e">
         <path>.\fonts\</path>
         <kind>object</kind>
         <file>fontcmss48.obj</file>
         <name>fontcmss48.obj</name>
      </input_file>
      <input_file id="fl-8f">
         <path>.\fonts\</path>
         <kind>object</kind>
         <file>fontcmss48b.obj</file>
         <name>fontcmss48b.obj</name>
      </input_file>
      <input_file id="fl-90">
         <path>.\fonts\</path>
         <kind>object</kind>
         <file>fontcmss48i.obj</file>
         <name>fontcmss48i.obj</name>
      </input_file>
      <input_file id="fl-91">
         <path>.\fonts\</path>
         <kind>object</kind>
         <file>fontcmtt12.obj</file>
         <name>fontcmtt12.obj</name>
      </input_file>
      <input_file id="fl-92">
         <path>.\fonts\</path>
         <kind>object</kind>
         <file>fontcmtt14.obj</file>
         <name>fontcmtt14.obj</name>
      </input_file>
      <input_file id="fl-93">
         <path>.\fonts\</path>
         <kind>object</kind>
         <file>fontcmtt16.obj</file>
         <name>fontcmtt16.obj</name>
      </input_file>
      <input_file id="fl-94">
         <path>.\fonts\</path>
         <kind>object</kind>
         <file>fontcmtt18.obj</file>
         <name>fontcmtt18.obj</name>
      </input_file>
      <input_file id="fl-95">
         <path>.\fonts\</path>
         <kind>object</kind>
         <file>fontcmtt20.obj</file>
         <name>fontcmtt20.obj</name>
      </input_file>
      <input_file id="fl-96">
         <path>.\fonts\</path>
         <kind>object</kind>
         <file>fontcmtt22.obj</file>
         <name>fontcmtt22.obj</name>
      </input_file>
      <input_file id="fl-97">
         <path>.\fonts\</path>
         <kind>object</kind>
         <file>fontcmtt24.obj</file>
         <name>fontcmtt24.obj</name>
      </input_file>
      <input_file id="fl-98">
         <path>.\fonts\</path>
         <kind>object</kind>
         <file>fontcmtt26.obj</file>
         <name>fontcmtt26.obj</name>
      </input_file>
      <input_file id="fl-99">
         <path>.\fonts\</path>
         <kind>object</kind>
         <file>fontcmtt28.obj</file>
         <name>fontcmtt28.obj</name>
      </input_file>
      <input_file id="fl-9a">
         <path>.\fonts\</path>
         <kind>object</kind>
         <file>fontcmtt30.obj</file>
         <name>fontcmtt30.obj</name>
      </input_file>
      <input_file id="fl-9b">
         <path>.\fonts\</path>
         <kind>object</kind>
         <file>fontcmtt32.obj</file>
         <name>fontcmtt32.obj</name>
      </input_file>
      <input_file id="fl-9c">
         <path>.\fonts\</path>
         <kind>object</kind>
         <file>fontcmtt34.obj</file>
         <name>fontcmtt34.obj</name>
      </input_file>
      <input_file id="fl-9d">
         <path>.\fonts\</path>
         <kind>object</kind>
         <file>fontcmtt36.obj</file>
         <name>fontcmtt36.obj</name>
      </input_file>
      <input_file id="fl-9e">
         <path>.\fonts\</path>
         <kind>object</kind>
         <file>fontcmtt38.obj</file>
         <name>fontcmtt38.obj</name>
      </input_file>
      <input_file id="fl-9f">
         <path>.\fonts\</path>
         <kind>object</kind>
         <file>fontcmtt40.obj</file>
         <name>fontcmtt40.obj</name>
      </input_file>
      <input_file id="fl-a0">
         <path>.\fonts\</path>
         <kind>object</kind>
         <file>fontcmtt42.obj</file>
         <name>fontcmtt42.obj</name>
      </input_file>
      <input_file id="fl-a1">
         <path>.\fonts\</path>
         <kind>object</kind>
         <file>fontcmtt44.obj</file>
         <name>fontcmtt44.obj</name>
      </input_file>
      <input_file id="fl-a2">
         <path>.\fonts\</path>
         <kind>object</kind>
         <file>fontcmtt46.obj</file>
         <name>fontcmtt46.obj</name>
      </input_file>
      <input_file id="fl-a3">
         <path>.\fonts\</path>
         <kind>object</kind>
         <file>fontcmtt48.obj</file>
         <name>fontcmtt48.obj</name>
      </input_file>
      <input_file id="fl-a4">
         <path>.\fonts\</path>
         <kind>object</kind>
         <file>fontfixed6x8.obj</file>
         <name>fontfixed6x8.obj</name>
      </input_file>
      <input_file id="fl-ad">
         <kind>object</kind>
         <file>&lt;internal&gt;</file>
         <name>&lt;internal&gt;</name>
      </input_file>
      <input_file id="fl-ae">
         <path>C:\ti\simplelink_msp432p4_sdk_1_50_00_12\source\ti\grlib\ccs\</path>
         <kind>archive</kind>
         <file>grlib.lib</file>
         <name>context.o</name>
      </input_file>
      <input_file id="fl-af">
         <path>C:\ti\simplelink_msp432p4_sdk_1_50_00_12\source\ti\grlib\ccs\</path>
         <kind>archive</kind>
         <file>grlib.lib</file>
         <name>display.o</name>
      </input_file>
      <input_file id="fl-b0">
         <path>C:\ti\simplelink_msp432p4_sdk_1_50_00_12\source\ti\devices\msp432p4xx\driverlib\ccs\</path>
         <kind>archive</kind>
         <file>msp432p4xx_driverlib.lib</file>
         <name>adc14_MSP432P4XX.obj</name>
      </input_file>
      <input_file id="fl-b1">
         <path>C:\ti\simplelink_msp432p4_sdk_1_50_00_12\source\ti\devices\msp432p4xx\driverlib\ccs\</path>
         <kind>archive</kind>
         <file>msp432p4xx_driverlib.lib</file>
         <name>gpio_MSP432P4XX.obj</name>
      </input_file>
      <input_file id="fl-b2">
         <path>C:\ti\simplelink_msp432p4_sdk_1_50_00_12\source\ti\devices\msp432p4xx\driverlib\ccs\</path>
         <kind>archive</kind>
         <file>msp432p4xx_driverlib.lib</file>
         <name>interrupt_MSP432P4XX.obj</name>
      </input_file>
      <input_file id="fl-b3">
         <path>C:\ti\simplelink_msp432p4_sdk_1_50_00_12\source\ti\devices\msp432p4xx\driverlib\ccs\</path>
         <kind>archive</kind>
         <file>msp432p4xx_driverlib.lib</file>
         <name>spi_MSP432P4XX.obj</name>
      </input_file>
      <input_file id="fl-b4">
         <path>C:\ti\simplelink_msp432p4_sdk_1_50_00_12\source\ti\devices\msp432p4xx\driverlib\ccs\</path>
         <kind>archive</kind>
         <file>msp432p4xx_driverlib.lib</file>
         <name>cpu_MSP432P4XX.obj</name>
      </input_file>
      <input_file id="fl-16a">
         <path>C:\ti\ccsv7\tools\compiler\ti-cgt-arm_16.9.4.LTS\lib\</path>
         <kind>archive</kind>
         <file>rtsv7M4_T_le_v4SPD16_eabi.lib</file>
         <name>boot.obj</name>
      </input_file>
      <input_file id="fl-16b">
         <path>C:\ti\ccsv7\tools\compiler\ti-cgt-arm_16.9.4.LTS\lib\</path>
         <kind>archive</kind>
         <file>rtsv7M4_T_le_v4SPD16_eabi.lib</file>
         <name>copy_decompress_lzss.obj</name>
      </input_file>
      <input_file id="fl-16c">
         <path>C:\ti\ccsv7\tools\compiler\ti-cgt-arm_16.9.4.LTS\lib\</path>
         <kind>archive</kind>
         <file>rtsv7M4_T_le_v4SPD16_eabi.lib</file>
         <name>copy_decompress_none.obj</name>
      </input_file>
      <input_file id="fl-16d">
         <path>C:\ti\ccsv7\tools\compiler\ti-cgt-arm_16.9.4.LTS\lib\</path>
         <kind>archive</kind>
         <file>rtsv7M4_T_le_v4SPD16_eabi.lib</file>
         <name>copy_zero_init.obj</name>
      </input_file>
      <input_file id="fl-16e">
         <path>C:\ti\ccsv7\tools\compiler\ti-cgt-arm_16.9.4.LTS\lib\</path>
         <kind>archive</kind>
         <file>rtsv7M4_T_le_v4SPD16_eabi.lib</file>
         <name>exit.obj</name>
      </input_file>
      <input_file id="fl-16f">
         <path>C:\ti\ccsv7\tools\compiler\ti-cgt-arm_16.9.4.LTS\lib\</path>
         <kind>archive</kind>
         <file>rtsv7M4_T_le_v4SPD16_eabi.lib</file>
         <name>memcpy_t2.obj</name>
      </input_file>
      <input_file id="fl-170">
         <path>C:\ti\ccsv7\tools\compiler\ti-cgt-arm_16.9.4.LTS\lib\</path>
         <kind>archive</kind>
         <file>rtsv7M4_T_le_v4SPD16_eabi.lib</file>
         <name>memset_t2.obj</name>
      </input_file>
      <input_file id="fl-171">
         <path>C:\ti\ccsv7\tools\compiler\ti-cgt-arm_16.9.4.LTS\lib\</path>
         <kind>archive</kind>
         <file>rtsv7M4_T_le_v4SPD16_eabi.lib</file>
         <name>mpu_init.obj</name>
      </input_file>
      <input_file id="fl-172">
         <path>C:\ti\ccsv7\tools\compiler\ti-cgt-arm_16.9.4.LTS\lib\</path>
         <kind>archive</kind>
         <file>rtsv7M4_T_le_v4SPD16_eabi.lib</file>
         <name>pre_init.obj</name>
      </input_file>
      <input_file id="fl-173">
         <path>C:\ti\ccsv7\tools\compiler\ti-cgt-arm_16.9.4.LTS\lib\</path>
         <kind>archive</kind>
         <file>rtsv7M4_T_le_v4SPD16_eabi.lib</file>
         <name>stkdepth_vars.obj</name>
      </input_file>
      <input_file id="fl-174">
         <path>C:\ti\ccsv7\tools\compiler\ti-cgt-arm_16.9.4.LTS\lib\</path>
         <kind>archive</kind>
         <file>rtsv7M4_T_le_v4SPD16_eabi.lib</file>
         <name>typeinfo_.obj</name>
      </input_file>
      <input_file id="fl-175">
         <path>C:\ti\ccsv7\tools\compiler\ti-cgt-arm_16.9.4.LTS\lib\</path>
         <kind>archive</kind>
         <file>rtsv7M4_T_le_v4SPD16_eabi.lib</file>
         <name>_lock.obj</name>
      </input_file>
      <input_file id="fl-176">
         <path>C:\ti\ccsv7\tools\compiler\ti-cgt-arm_16.9.4.LTS\lib\</path>
         <kind>archive</kind>
         <file>rtsv7M4_T_le_v4SPD16_eabi.lib</file>
         <name>args_main.obj</name>
      </input_file>
      <input_file id="fl-177">
         <path>C:\ti\ccsv7\tools\compiler\ti-cgt-arm_16.9.4.LTS\lib\</path>
         <kind>archive</kind>
         <file>rtsv7M4_T_le_v4SPD16_eabi.lib</file>
         <name>autoinit.obj</name>
      </input_file>
      <input_file id="fl-178">
         <path>C:\ti\ccsv7\tools\compiler\ti-cgt-arm_16.9.4.LTS\lib\</path>
         <kind>archive</kind>
         <file>rtsv7M4_T_le_v4SPD16_eabi.lib</file>
         <name>cpy_tbl.obj</name>
      </input_file>
      <input_file id="fl-179">
         <path>C:\ti\ccsv7\tools\compiler\ti-cgt-arm_16.9.4.LTS\lib\</path>
         <kind>archive</kind>
         <file>rtsv7M4_T_le_v4SPD16_eabi.lib</file>
         <name>delete.obj</name>
      </input_file>
      <input_file id="fl-17a">
         <path>C:\ti\ccsv7\tools\compiler\ti-cgt-arm_16.9.4.LTS\lib\</path>
         <kind>archive</kind>
         <file>rtsv7M4_T_le_v4SPD16_eabi.lib</file>
         <name>memory.obj</name>
      </input_file>
      <input_file id="fl-17b">
         <path>C:\ti\ccsv7\tools\compiler\ti-cgt-arm_16.9.4.LTS\lib\</path>
         <kind>archive</kind>
         <file>rtsv7M4_T_le_v4SPD16_eabi.lib</file>
         <name>startup.obj</name>
      </input_file>
   </input_file_list>
   <object_component_list>
      <object_component id="oc-2d">
         <name>.intvecs:retain</name>
         <load_address>0x0</load_address>
         <run_address>0x0</run_address>
         <size>0xe4</size>
         <input_file_ref idref="fl-b"/>
      </object_component>
      <object_component id="oc-35e">
         <name>.text</name>
         <load_address>0xe4</load_address>
         <run_address>0xe4</run_address>
         <size>0x3d0</size>
         <input_file_ref idref="fl-17a"/>
      </object_component>
      <object_component id="oc-161">
         <name>.text:_getIndexForMemRegister</name>
         <load_address>0x4b4</load_address>
         <run_address>0x4b4</run_address>
         <size>0x154</size>
         <input_file_ref idref="fl-b0"/>
      </object_component>
      <object_component id="oc-2a0">
         <name>.text:Crystalfontz128x128_PixelDrawMultiple</name>
         <load_address>0x608</load_address>
         <run_address>0x608</run_address>
         <size>0x104</size>
         <input_file_ref idref="fl-8"/>
      </object_component>
      <object_component id="oc-1df">
         <name>.text:_Z8SetupADCv</name>
         <load_address>0x70c</load_address>
         <run_address>0x70c</run_address>
         <size>0xca</size>
         <input_file_ref idref="fl-6"/>
      </object_component>
      <object_component id="oc-2be">
         <name>.text:Crystalfontz128x128_Flush</name>
         <load_address>0x7d6</load_address>
         <run_address>0x7d6</run_address>
         <size>0x2</size>
         <input_file_ref idref="fl-8"/>
      </object_component>
      <object_component id="oc-1d9">
         <name>.text:_Z8SetupLCDv</name>
         <load_address>0x7d8</load_address>
         <run_address>0x7d8</run_address>
         <size>0xc4</size>
         <input_file_ref idref="fl-6"/>
      </object_component>
      <object_component id="oc-2e0">
         <name>.text</name>
         <load_address>0x89c</load_address>
         <run_address>0x89c</run_address>
         <size>0xbc</size>
         <input_file_ref idref="fl-174"/>
      </object_component>
      <object_component id="oc-e1">
         <name>.text:SystemInit</name>
         <load_address>0x958</load_address>
         <run_address>0x958</run_address>
         <size>0xa8</size>
         <input_file_ref idref="fl-7"/>
      </object_component>
      <object_component id="oc-3f">
         <name>.text</name>
         <load_address>0xa00</load_address>
         <run_address>0xa00</run_address>
         <size>0x9c</size>
         <input_file_ref idref="fl-16f"/>
      </object_component>
      <object_component id="oc-12f">
         <name>.text:_ZN9Scheduler21CalculateNextScheduleEv</name>
         <load_address>0xa9c</load_address>
         <run_address>0xa9c</run_address>
         <size>0x94</size>
         <input_file_ref idref="fl-4"/>
      </object_component>
      <object_component id="oc-2f3">
         <name>.text:Crystalfontz128x128_SetDrawFrame</name>
         <load_address>0xb30</load_address>
         <run_address>0xb30</run_address>
         <size>0x84</size>
         <input_file_ref idref="fl-8"/>
      </object_component>
      <object_component id="oc-129">
         <name>.text:_ZN9Scheduler13GetMessageSchEv</name>
         <load_address>0xbb4</load_address>
         <run_address>0xbb4</run_address>
         <size>0x7c</size>
         <input_file_ref idref="fl-4"/>
      </object_component>
      <object_component id="oc-4b">
         <name>.text</name>
         <load_address>0xc30</load_address>
         <run_address>0xc30</run_address>
         <size>0x7a</size>
         <input_file_ref idref="fl-170"/>
      </object_component>
      <object_component id="oc-85">
         <name>.text:Default_Handler</name>
         <load_address>0xcaa</load_address>
         <run_address>0xcaa</run_address>
         <size>0x2</size>
         <input_file_ref idref="fl-b"/>
      </object_component>
      <object_component id="oc-c4">
         <name>.text:main</name>
         <load_address>0xcac</load_address>
         <run_address>0xcac</run_address>
         <size>0x74</size>
         <input_file_ref idref="fl-6"/>
      </object_component>
      <object_component id="oc-63">
         <name>.text</name>
         <load_address>0xd20</load_address>
         <run_address>0xd20</run_address>
         <size>0x70</size>
         <input_file_ref idref="fl-177"/>
      </object_component>
      <object_component id="oc-14">
         <name>.text:decompress:lzss</name>
         <load_address>0xd90</load_address>
         <run_address>0xd90</run_address>
         <size>0x68</size>
         <input_file_ref idref="fl-16b"/>
      </object_component>
      <object_component id="oc-2b2">
         <name>.text:Crystalfontz128x128_RectFill</name>
         <load_address>0xdf8</load_address>
         <run_address>0xdf8</run_address>
         <size>0x56</size>
         <input_file_ref idref="fl-8"/>
      </object_component>
      <object_component id="oc-228">
         <name>.text:_ZN4Task11SendMessageEv</name>
         <load_address>0xe4e</load_address>
         <run_address>0xe4e</run_address>
         <size>0x2</size>
         <input_file_ref idref="fl-2"/>
      </object_component>
      <object_component id="oc-11d">
         <name>.text:_Z5Setupv</name>
         <load_address>0xe50</load_address>
         <run_address>0xe50</run_address>
         <size>0x54</size>
         <input_file_ref idref="fl-6"/>
      </object_component>
      <object_component id="oc-26">
         <name>.text</name>
         <load_address>0xea4</load_address>
         <run_address>0xea4</run_address>
         <size>0x54</size>
         <input_file_ref idref="fl-16a"/>
      </object_component>
      <object_component id="oc-6f">
         <name>.text</name>
         <load_address>0xef8</load_address>
         <run_address>0xef8</run_address>
         <size>0x54</size>
         <input_file_ref idref="fl-16e"/>
      </object_component>
      <object_component id="oc-8b">
         <name>.text:ADC14_IRQHandler</name>
         <load_address>0xf4c</load_address>
         <run_address>0xf4c</run_address>
         <size>0x4c</size>
         <input_file_ref idref="fl-6"/>
      </object_component>
      <object_component id="oc-b6">
         <name>.text</name>
         <load_address>0xf98</load_address>
         <run_address>0xf98</run_address>
         <size>0x4c</size>
         <input_file_ref idref="fl-178"/>
      </object_component>
      <object_component id="oc-d7">
         <name>.text:_ZN9SchedulerC1Ev</name>
         <load_address>0xfe4</load_address>
         <run_address>0xfe4</run_address>
         <size>0x40</size>
         <input_file_ref idref="fl-4"/>
      </object_component>
      <object_component id="oc-2ac">
         <name>.text:Crystalfontz128x128_LineDrawV</name>
         <load_address>0x1024</load_address>
         <run_address>0x1024</run_address>
         <size>0x3c</size>
         <input_file_ref idref="fl-8"/>
      </object_component>
      <object_component id="oc-1e7">
         <name>.text:_ZN9Scheduler10GetMessageE3SMS</name>
         <load_address>0x1060</load_address>
         <run_address>0x1060</run_address>
         <size>0x3c</size>
         <input_file_ref idref="fl-4"/>
      </object_component>
      <object_component id="oc-1ed">
         <name>.text:_ZN9Scheduler6ClearQEv</name>
         <load_address>0x109c</load_address>
         <run_address>0x109c</run_address>
         <size>0x3c</size>
         <input_file_ref idref="fl-4"/>
      </object_component>
      <object_component id="oc-2a6">
         <name>.text:Crystalfontz128x128_LineDrawH</name>
         <load_address>0x10d8</load_address>
         <run_address>0x10d8</run_address>
         <size>0x3a</size>
         <input_file_ref idref="fl-8"/>
      </object_component>
      <object_component id="oc-57">
         <name>.text</name>
         <load_address>0x1112</load_address>
         <run_address>0x1112</run_address>
         <size>0x2</size>
         <input_file_ref idref="fl-171"/>
      </object_component>
      <object_component id="oc-91">
         <name>.text:T32_INT1_IRQHandler</name>
         <load_address>0x1114</load_address>
         <run_address>0x1114</run_address>
         <size>0x34</size>
         <input_file_ref idref="fl-6"/>
      </object_component>
      <object_component id="oc-2f9">
         <name>.text:HAL_LCD_writeCommand</name>
         <load_address>0x1148</load_address>
         <run_address>0x1148</run_address>
         <size>0x2c</size>
         <input_file_ref idref="fl-9"/>
      </object_component>
      <object_component id="oc-29a">
         <name>.text:Crystalfontz128x128_PixelDraw</name>
         <load_address>0x1174</load_address>
         <run_address>0x1174</run_address>
         <size>0x28</size>
         <input_file_ref idref="fl-8"/>
      </object_component>
      <object_component id="oc-1f5">
         <name>.text:_ZN9Scheduler17ClearNextScheduleEv</name>
         <load_address>0x119c</load_address>
         <run_address>0x119c</run_address>
         <size>0x26</size>
         <input_file_ref idref="fl-4"/>
      </object_component>
      <object_component id="oc-135">
         <name>.text:_ZN9Scheduler3runEv</name>
         <load_address>0x11c2</load_address>
         <run_address>0x11c2</run_address>
         <size>0x26</size>
         <input_file_ref idref="fl-4"/>
      </object_component>
      <object_component id="oc-231">
         <name>.text:Graphics_initContext</name>
         <load_address>0x11e8</load_address>
         <run_address>0x11e8</run_address>
         <size>0x22</size>
         <input_file_ref idref="fl-ae"/>
      </object_component>
      <object_component id="oc-2c4">
         <name>.text:Crystalfontz128x128_ClearScreen</name>
         <load_address>0x120a</load_address>
         <run_address>0x120a</run_address>
         <size>0x20</size>
         <input_file_ref idref="fl-8"/>
      </object_component>
      <object_component id="oc-bc">
         <name>.text</name>
         <load_address>0x122a</load_address>
         <run_address>0x122a</run_address>
         <size>0x2</size>
         <input_file_ref idref="fl-17b"/>
      </object_component>
      <object_component id="oc-117">
         <name>.text:_ZN3LEDC1Ethby</name>
         <load_address>0x122c</load_address>
         <run_address>0x122c</run_address>
         <size>0x20</size>
         <input_file_ref idref="fl-3"/>
      </object_component>
      <object_component id="oc-123">
         <name>.text:_ZN9Scheduler5setupEv</name>
         <load_address>0x124c</load_address>
         <run_address>0x124c</run_address>
         <size>0x1e</size>
         <input_file_ref idref="fl-4"/>
      </object_component>
      <object_component id="oc-21b">
         <name>.text:_ZN3LED5setupEv</name>
         <load_address>0x126c</load_address>
         <run_address>0x126c</run_address>
         <size>0x1c</size>
         <input_file_ref idref="fl-3"/>
      </object_component>
      <object_component id="oc-e9">
         <name>.text:ADC14_getResult</name>
         <load_address>0x1288</load_address>
         <run_address>0x1288</run_address>
         <size>0x18</size>
         <input_file_ref idref="fl-b0"/>
      </object_component>
      <object_component id="oc-345">
         <name>.text:GPIO_setOutputLowOnPin</name>
         <load_address>0x12a0</load_address>
         <run_address>0x12a0</run_address>
         <size>0x18</size>
         <input_file_ref idref="fl-b1"/>
      </object_component>
      <object_component id="oc-2ff">
         <name>.text:HAL_LCD_writeData</name>
         <load_address>0x12b8</load_address>
         <run_address>0x12b8</run_address>
         <size>0x18</size>
         <input_file_ref idref="fl-9"/>
      </object_component>
      <object_component id="oc-69">
         <name>.text</name>
         <load_address>0x12d0</load_address>
         <run_address>0x12d0</run_address>
         <size>0x18</size>
         <input_file_ref idref="fl-176"/>
      </object_component>
      <object_component id="oc-2b8">
         <name>.text:Crystalfontz128x128_ColorTranslate</name>
         <load_address>0x12e8</load_address>
         <run_address>0x12e8</run_address>
         <size>0x16</size>
         <input_file_ref idref="fl-8"/>
      </object_component>
      <object_component id="oc-34b">
         <name>.text:GPIO_setOutputHighOnPin</name>
         <load_address>0x1300</load_address>
         <run_address>0x1300</run_address>
         <size>0x14</size>
         <input_file_ref idref="fl-b1"/>
      </object_component>
      <object_component id="oc-215">
         <name>.text:_ZN3LED3runEv</name>
         <load_address>0x1314</load_address>
         <run_address>0x1314</run_address>
         <size>0x14</size>
         <input_file_ref idref="fl-3"/>
      </object_component>
      <object_component id="oc-14a">
         <name>.text</name>
         <load_address>0x1328</load_address>
         <run_address>0x1328</run_address>
         <size>0x14</size>
         <input_file_ref idref="fl-175"/>
      </object_component>
      <object_component id="oc-1cb">
         <name>.text:_ZN4TaskC1Ev</name>
         <load_address>0x133c</load_address>
         <run_address>0x133c</run_address>
         <size>0x10</size>
         <input_file_ref idref="fl-5"/>
      </object_component>
      <object_component id="oc-1a">
         <name>.text:decompress:none</name>
         <load_address>0x134c</load_address>
         <run_address>0x134c</run_address>
         <size>0xe</size>
         <input_file_ref idref="fl-16c"/>
      </object_component>
      <object_component id="oc-7f">
         <name>.text:Reset_Handler</name>
         <load_address>0x135a</load_address>
         <run_address>0x135a</run_address>
         <size>0xc</size>
         <input_file_ref idref="fl-b"/>
      </object_component>
      <object_component id="oc-79">
         <name>.text:__sti___8_main_cpp_f05601ac</name>
         <load_address>0x1368</load_address>
         <run_address>0x1368</run_address>
         <size>0xc</size>
         <input_file_ref idref="fl-6"/>
      </object_component>
      <object_component id="oc-20">
         <name>.text:decompress:ZI</name>
         <load_address>0x1374</load_address>
         <run_address>0x1374</run_address>
         <size>0xc</size>
         <input_file_ref idref="fl-16d"/>
      </object_component>
      <object_component id="oc-237">
         <name>.text:Graphics_clearDisplay</name>
         <load_address>0x1380</load_address>
         <run_address>0x1380</run_address>
         <size>0xa</size>
         <input_file_ref idref="fl-ae"/>
      </object_component>
      <object_component id="oc-28a">
         <name>.text:Graphics_clearDisplayOnDisplay</name>
         <load_address>0x138a</load_address>
         <run_address>0x138a</run_address>
         <size>0xa</size>
         <input_file_ref idref="fl-af"/>
      </object_component>
      <object_component id="oc-23d">
         <name>.text:Graphics_fillRectangleOnDisplay</name>
         <load_address>0x1394</load_address>
         <run_address>0x1394</run_address>
         <size>0xa</size>
         <input_file_ref idref="fl-af"/>
      </object_component>
      <object_component id="oc-325">
         <name>.text</name>
         <load_address>0x139e</load_address>
         <run_address>0x139e</run_address>
         <size>0x8</size>
         <input_file_ref idref="fl-179"/>
      </object_component>
      <object_component id="oc-221">
         <name>.text:_ZN4Task10GetMessageE3SMS</name>
         <load_address>0x13a6</load_address>
         <run_address>0x13a6</run_address>
         <size>0x6</size>
         <input_file_ref idref="fl-3"/>
      </object_component>
      <object_component id="oc-26c">
         <name>.text:_ZN4Task3runEv</name>
         <load_address>0x13ac</load_address>
         <run_address>0x13ac</run_address>
         <size>0x4</size>
         <input_file_ref idref="fl-5"/>
      </object_component>
      <object_component id="oc-273">
         <name>.text:_ZN4Task5setupEv</name>
         <load_address>0x13b0</load_address>
         <run_address>0x13b0</run_address>
         <size>0x4</size>
         <input_file_ref idref="fl-5"/>
      </object_component>
      <object_component id="oc-5d">
         <name>.text</name>
         <load_address>0x13b4</load_address>
         <run_address>0x13b4</run_address>
         <size>0x4</size>
         <input_file_ref idref="fl-172"/>
      </object_component>
      <object_component id="oc-167">
         <name>.const:_ctlRegs</name>
         <load_address>0x13b8</load_address>
         <run_address>0x13b8</run_address>
         <size>0x80</size>
         <input_file_ref idref="fl-b0"/>
      </object_component>
      <object_component id="oc-375">
         <name>.const:GPIO_PORT_TO_BASE</name>
         <load_address>0x1438</load_address>
         <run_address>0x1438</run_address>
         <size>0x30</size>
         <input_file_ref idref="fl-b1"/>
      </object_component>
      <object_component id="oc-3b6">
         <name>.const:.typeinfo:_ZTSN10__cxxabiv123__fundamental_type_infoE</name>
         <load_address>0x1468</load_address>
         <run_address>0x1468</run_address>
         <size>0x28</size>
         <input_file_ref idref="fl-174"/>
      </object_component>
      <object_component id="oc-320">
         <name>.const:.typeinfo:_ZTSN10__cxxabiv120__si_class_type_infoE</name>
         <load_address>0x1490</load_address>
         <run_address>0x1490</run_address>
         <size>0x25</size>
         <input_file_ref idref="fl-174"/>
      </object_component>
      <object_component id="oc-3a2">
         <name>.const:.typeinfo:_ZTSN10__cxxabiv119__pointer_type_infoE</name>
         <load_address>0x14b5</load_address>
         <run_address>0x14b5</run_address>
         <size>0x24</size>
         <input_file_ref idref="fl-174"/>
      </object_component>
      <object_component id="oc-354">
         <name>.const:.typeinfo:_ZTSN10__cxxabiv117__class_type_infoE</name>
         <load_address>0x14d9</load_address>
         <run_address>0x14d9</run_address>
         <size>0x22</size>
         <input_file_ref idref="fl-174"/>
      </object_component>
      <object_component id="oc-3b1">
         <name>.const:.typeinfo:_ZTSN10__cxxabiv117__pbase_type_infoE</name>
         <load_address>0x14fb</load_address>
         <run_address>0x14fb</run_address>
         <size>0x22</size>
         <input_file_ref idref="fl-174"/>
      </object_component>
      <object_component id="oc-397">
         <name>.const:.typeinfo:_ZTSe</name>
         <load_address>0x151d</load_address>
         <run_address>0x151d</run_address>
         <size>0x2</size>
         <input_file_ref idref="fl-174"/>
      </object_component>
      <object_component id="oc-247">
         <name>.const:g_sCrystalfontz128x128_funcs</name>
         <load_address>0x1520</load_address>
         <run_address>0x1520</run_address>
         <size>0x20</size>
         <input_file_ref idref="fl-8"/>
      </object_component>
      <object_component id="oc-1d1">
         <name>.const:_ZTV3LED</name>
         <load_address>0x1540</load_address>
         <run_address>0x1540</run_address>
         <size>0x18</size>
         <input_file_ref idref="fl-3"/>
      </object_component>
      <object_component id="oc-208">
         <name>.const:_ZTV4Task</name>
         <load_address>0x1558</load_address>
         <run_address>0x1558</run_address>
         <size>0x18</size>
         <input_file_ref idref="fl-5"/>
      </object_component>
      <object_component id="oc-24f">
         <name>.const:$P$T40$1</name>
         <load_address>0x1570</load_address>
         <run_address>0x1570</run_address>
         <size>0x10</size>
         <input_file_ref idref="fl-4"/>
      </object_component>
      <object_component id="oc-32c">
         <name>.const:.typeinfo:_ZTIPKe</name>
         <load_address>0x1580</load_address>
         <run_address>0x1580</run_address>
         <size>0x10</size>
         <input_file_ref idref="fl-174"/>
      </object_component>
      <object_component id="oc-2d1">
         <name>.const:_ZTVN10__cxxabiv117__class_type_infoE</name>
         <load_address>0x1590</load_address>
         <run_address>0x1590</run_address>
         <size>0x10</size>
         <input_file_ref idref="fl-174"/>
      </object_component>
      <object_component id="oc-366">
         <name>.const:_ZTVN10__cxxabiv119__pointer_type_infoE</name>
         <load_address>0x15a0</load_address>
         <run_address>0x15a0</run_address>
         <size>0x10</size>
         <input_file_ref idref="fl-174"/>
      </object_component>
      <object_component id="oc-27c">
         <name>.const:_ZTVN10__cxxabiv120__si_class_type_infoE</name>
         <load_address>0x15b0</load_address>
         <run_address>0x15b0</run_address>
         <size>0x10</size>
         <input_file_ref idref="fl-174"/>
      </object_component>
      <object_component id="oc-392">
         <name>.const:_ZTVN10__cxxabiv123__fundamental_type_infoE</name>
         <load_address>0x15c0</load_address>
         <run_address>0x15c0</run_address>
         <size>0x10</size>
         <input_file_ref idref="fl-174"/>
      </object_component>
      <object_component id="oc-382">
         <name>.const:.typeinfo:_ZTSSt9type_info</name>
         <load_address>0x15d0</load_address>
         <run_address>0x15d0</run_address>
         <size>0xd</size>
         <input_file_ref idref="fl-174"/>
      </object_component>
      <object_component id="oc-210">
         <name>.const:.typeinfo:_ZTI3LED</name>
         <load_address>0x15e0</load_address>
         <run_address>0x15e0</run_address>
         <size>0xc</size>
         <input_file_ref idref="fl-3"/>
      </object_component>
      <object_component id="oc-31b">
         <name>.const:.typeinfo:_ZTIN10__cxxabiv117__class_type_infoE</name>
         <load_address>0x15ec</load_address>
         <run_address>0x15ec</run_address>
         <size>0xc</size>
         <input_file_ref idref="fl-174"/>
      </object_component>
      <object_component id="oc-3a7">
         <name>.const:.typeinfo:_ZTIN10__cxxabiv117__pbase_type_infoE</name>
         <load_address>0x15f8</load_address>
         <run_address>0x15f8</run_address>
         <size>0xc</size>
         <input_file_ref idref="fl-174"/>
      </object_component>
      <object_component id="oc-38d">
         <name>.const:.typeinfo:_ZTIN10__cxxabiv119__pointer_type_infoE</name>
         <load_address>0x1604</load_address>
         <run_address>0x1604</run_address>
         <size>0xc</size>
         <input_file_ref idref="fl-174"/>
      </object_component>
      <object_component id="oc-2db">
         <name>.const:.typeinfo:_ZTIN10__cxxabiv120__si_class_type_infoE</name>
         <load_address>0x1610</load_address>
         <run_address>0x1610</run_address>
         <size>0xc</size>
         <input_file_ref idref="fl-174"/>
      </object_component>
      <object_component id="oc-3ac">
         <name>.const:.typeinfo:_ZTIN10__cxxabiv123__fundamental_type_infoE</name>
         <load_address>0x161c</load_address>
         <run_address>0x161c</run_address>
         <size>0xc</size>
         <input_file_ref idref="fl-174"/>
      </object_component>
      <object_component id="oc-267">
         <name>.const:.typeinfo:_ZTI4Task</name>
         <load_address>0x1628</load_address>
         <run_address>0x1628</run_address>
         <size>0x8</size>
         <input_file_ref idref="fl-2"/>
      </object_component>
      <object_component id="oc-359">
         <name>.const:.typeinfo:_ZTISt9type_info</name>
         <load_address>0x1630</load_address>
         <run_address>0x1630</run_address>
         <size>0x8</size>
         <input_file_ref idref="fl-174"/>
      </object_component>
      <object_component id="oc-370">
         <name>.const:.typeinfo:_ZTIe</name>
         <load_address>0x1638</load_address>
         <run_address>0x1638</run_address>
         <size>0x8</size>
         <input_file_ref idref="fl-174"/>
      </object_component>
      <object_component id="oc-2d6">
         <name>.const:.typeinfo:_ZTS4Task</name>
         <load_address>0x1640</load_address>
         <run_address>0x1640</run_address>
         <size>0x6</size>
         <input_file_ref idref="fl-2"/>
      </object_component>
      <object_component id="oc-281">
         <name>.const:.typeinfo:_ZTS3LED</name>
         <load_address>0x1646</load_address>
         <run_address>0x1646</run_address>
         <size>0x5</size>
         <input_file_ref idref="fl-3"/>
      </object_component>
      <object_component id="oc-36b">
         <name>.const:.typeinfo:_ZTSPKe</name>
         <load_address>0x164b</load_address>
         <run_address>0x164b</run_address>
         <size>0x4</size>
         <input_file_ref idref="fl-174"/>
      </object_component>
      <object_component id="oc-3e2">
         <name>.cinit..data.load</name>
         <load_address>0x1658</load_address>
         <run_address>0x1658</run_address>
         <size>0x29</size>
      </object_component>
      <object_component id="oc-3e0">
         <name>__TI_handler_table</name>
         <load_address>0x1684</load_address>
         <run_address>0x1684</run_address>
         <size>0xc</size>
      </object_component>
      <object_component id="oc-3e3">
         <name>.cinit..bss.load</name>
         <load_address>0x1690</load_address>
         <run_address>0x1690</run_address>
         <size>0x8</size>
      </object_component>
      <object_component id="oc-3e1">
         <name>__TI_cinit_table</name>
         <load_address>0x1698</load_address>
         <run_address>0x1698</run_address>
         <size>0x10</size>
      </object_component>
      <object_component id="oc-2c">
         <name>.init_array</name>
         <load_address>0x1650</load_address>
         <run_address>0x1650</run_address>
         <size>0x4</size>
         <input_file_ref idref="fl-6"/>
      </object_component>
      <object_component id="oc-3e4">
         <name>SHT$$INIT_ARRAY$$Limit</name>
         <load_address>0x1654</load_address>
         <run_address>0x1654</run_address>
         <size>0x0</size>
      </object_component>
      <object_component id="oc-3bd">
         <name>.binit</name>
         <load_address>0x0</load_address>
         <run_address>0x0</run_address>
         <size>0x0</size>
      </object_component>
      <object_component id="oc-f4">
         <name>.data</name>
         <load_address>0x20006c18</load_address>
         <run_address>0x20006c18</run_address>
         <size>0xc</size>
         <input_file_ref idref="fl-6"/>
      </object_component>
      <object_component id="oc-244">
         <name>.data:g_sCrystalfontz128x128</name>
         <load_address>0x20006bf0</load_address>
         <run_address>0x20006bf0</run_address>
         <size>0x10</size>
         <input_file_ref idref="fl-8"/>
      </object_component>
      <object_component id="oc-cc">
         <name>.data:$O1$$</name>
         <load_address>0x20006c00</load_address>
         <run_address>0x20006c00</run_address>
         <size>0xc</size>
         <input_file_ref idref="fl-16e"/>
      </object_component>
      <object_component id="oc-75">
         <name>.data</name>
         <load_address>0x20006c2c</load_address>
         <run_address>0x20006c2c</run_address>
         <size>0x4</size>
         <input_file_ref idref="fl-173"/>
      </object_component>
      <object_component id="oc-cf">
         <name>.data:$O1$$</name>
         <load_address>0x20006c24</load_address>
         <run_address>0x20006c24</run_address>
         <size>0x8</size>
         <input_file_ref idref="fl-175"/>
      </object_component>
      <object_component id="oc-387">
         <name>.data:$O1$$</name>
         <load_address>0x20006c0c</load_address>
         <run_address>0x20006c0c</run_address>
         <size>0xc</size>
         <input_file_ref idref="fl-17a"/>
      </object_component>
      <object_component id="oc-dd">
         <name>.bss:g_MainScheduler</name>
         <uninitialized>true</uninitialized>
         <run_address>0x20000000</run_address>
         <size>0x63b0</size>
         <input_file_ref idref="fl-6"/>
      </object_component>
      <object_component id="oc-243">
         <name>.common:g_sContext</name>
         <uninitialized>true</uninitialized>
         <run_address>0x200063b0</run_address>
         <size>0x1c</size>
      </object_component>
      <object_component id="oc-24b">
         <name>.common:g_sSky</name>
         <uninitialized>true</uninitialized>
         <run_address>0x200063e0</run_address>
         <size>0x8</size>
      </object_component>
      <object_component id="oc-24a">
         <name>.common:g_sLand</name>
         <uninitialized>true</uninitialized>
         <run_address>0x200063d8</run_address>
         <size>0x8</size>
      </object_component>
      <object_component id="oc-ef">
         <name>.common:i_iDataADC</name>
         <uninitialized>true</uninitialized>
         <run_address>0x200063cc</run_address>
         <size>0xc</size>
      </object_component>
      <object_component id="oc-343">
         <name>.common:Lcd_Orientation</name>
         <uninitialized>true</uninitialized>
         <run_address>0x200063ec</run_address>
         <size>0x1</size>
      </object_component>
      <object_component id="oc-32b">
         <name>.common:_ZSt16__dummy_typeinfo</name>
         <uninitialized>true</uninitialized>
         <run_address>0x200063e8</run_address>
         <size>0x4</size>
      </object_component>
      <object_component id="oc-31">
         <name>.sysmem</name>
         <uninitialized>true</uninitialized>
         <run_address>0x200063f0</run_address>
         <size>0x8</size>
         <input_file_ref idref="fl-17a"/>
      </object_component>
      <object_component id="oc-3e6">
         <name>.sysmem</name>
         <uninitialized>true</uninitialized>
         <run_address>0x200063f0</run_address>
         <size>0x0</size>
      </object_component>
      <object_component id="oc-30">
         <name>.stack</name>
         <uninitialized>true</uninitialized>
         <run_address>0x2000fe00</run_address>
         <size>0x0</size>
         <input_file_ref idref="fl-16a"/>
      </object_component>
      <object_component id="oc-3e5">
         <name>.stack</name>
         <uninitialized>true</uninitialized>
         <run_address>0x2000fe00</run_address>
         <size>0x0</size>
      </object_component>
      <object_component id="oc-205">
         <name>.debug_info</name>
         <load_address>0x0</load_address>
         <run_address>0x0</run_address>
         <size>0x1d82</size>
         <input_file_ref idref="fl-2"/>
      </object_component>
      <object_component id="oc-268">
         <name>.debug_info</name>
         <load_address>0x1d82</load_address>
         <run_address>0x1d82</run_address>
         <size>0xd5</size>
         <input_file_ref idref="fl-2"/>
      </object_component>
      <object_component id="oc-2d7">
         <name>.debug_info</name>
         <load_address>0x1e57</load_address>
         <run_address>0x1e57</run_address>
         <size>0xda</size>
         <input_file_ref idref="fl-2"/>
      </object_component>
      <object_component id="oc-229">
         <name>.debug_info</name>
         <load_address>0x1f31</load_address>
         <run_address>0x1f31</run_address>
         <size>0x11f</size>
         <input_file_ref idref="fl-2"/>
      </object_component>
      <object_component id="oc-172">
         <name>.debug_info</name>
         <load_address>0x2050</load_address>
         <run_address>0x2050</run_address>
         <size>0x1268</size>
         <input_file_ref idref="fl-2"/>
      </object_component>
      <object_component id="oc-177">
         <name>.debug_info</name>
         <load_address>0x32b8</load_address>
         <run_address>0x32b8</run_address>
         <size>0x3f8f</size>
         <input_file_ref idref="fl-2"/>
      </object_component>
      <object_component id="oc-17c">
         <name>.debug_info</name>
         <load_address>0x7247</load_address>
         <run_address>0x7247</run_address>
         <size>0x4e8</size>
         <input_file_ref idref="fl-2"/>
      </object_component>
      <object_component id="oc-262">
         <name>.debug_info</name>
         <load_address>0x772f</load_address>
         <run_address>0x772f</run_address>
         <size>0x178</size>
         <input_file_ref idref="fl-2"/>
      </object_component>
      <object_component id="oc-181">
         <name>.debug_info</name>
         <load_address>0x78a7</load_address>
         <run_address>0x78a7</run_address>
         <size>0x1c2</size>
         <input_file_ref idref="fl-2"/>
      </object_component>
      <object_component id="oc-186">
         <name>.debug_info</name>
         <load_address>0x7a69</load_address>
         <run_address>0x7a69</run_address>
         <size>0x1ef</size>
         <input_file_ref idref="fl-2"/>
      </object_component>
      <object_component id="oc-18b">
         <name>.debug_info</name>
         <load_address>0x7c58</load_address>
         <run_address>0x7c58</run_address>
         <size>0x5a</size>
         <input_file_ref idref="fl-2"/>
      </object_component>
      <object_component id="oc-190">
         <name>.debug_info</name>
         <load_address>0x7cb2</load_address>
         <run_address>0x7cb2</run_address>
         <size>0xb7</size>
         <input_file_ref idref="fl-2"/>
      </object_component>
      <object_component id="oc-195">
         <name>.debug_info</name>
         <load_address>0x7d69</load_address>
         <run_address>0x7d69</run_address>
         <size>0xa3</size>
         <input_file_ref idref="fl-2"/>
      </object_component>
      <object_component id="oc-19a">
         <name>.debug_info</name>
         <load_address>0x7e0c</load_address>
         <run_address>0x7e0c</run_address>
         <size>0xdf</size>
         <input_file_ref idref="fl-2"/>
      </object_component>
      <object_component id="oc-19f">
         <name>.debug_info</name>
         <load_address>0x7eeb</load_address>
         <run_address>0x7eeb</run_address>
         <size>0x3d7</size>
         <input_file_ref idref="fl-2"/>
      </object_component>
      <object_component id="oc-1a4">
         <name>.debug_info</name>
         <load_address>0x82c2</load_address>
         <run_address>0x82c2</run_address>
         <size>0x8b</size>
         <input_file_ref idref="fl-2"/>
      </object_component>
      <object_component id="oc-1a9">
         <name>.debug_info</name>
         <load_address>0x834d</load_address>
         <run_address>0x834d</run_address>
         <size>0x18b</size>
         <input_file_ref idref="fl-2"/>
      </object_component>
      <object_component id="oc-1ae">
         <name>.debug_info</name>
         <load_address>0x84d8</load_address>
         <run_address>0x84d8</run_address>
         <size>0x163</size>
         <input_file_ref idref="fl-2"/>
      </object_component>
      <object_component id="oc-1b3">
         <name>.debug_info</name>
         <load_address>0x863b</load_address>
         <run_address>0x863b</run_address>
         <size>0x107</size>
         <input_file_ref idref="fl-2"/>
      </object_component>
      <object_component id="oc-1b8">
         <name>.debug_info</name>
         <load_address>0x8742</load_address>
         <run_address>0x8742</run_address>
         <size>0xb7</size>
         <input_file_ref idref="fl-2"/>
      </object_component>
      <object_component id="oc-1d7">
         <name>.debug_info</name>
         <load_address>0x87f9</load_address>
         <run_address>0x87f9</run_address>
         <size>0x1707</size>
         <input_file_ref idref="fl-3"/>
      </object_component>
      <object_component id="oc-1d2">
         <name>.debug_info</name>
         <load_address>0x9f00</load_address>
         <run_address>0x9f00</run_address>
         <size>0xe1</size>
         <input_file_ref idref="fl-3"/>
      </object_component>
      <object_component id="oc-211">
         <name>.debug_info</name>
         <load_address>0x9fe1</load_address>
         <run_address>0x9fe1</run_address>
         <size>0xd3</size>
         <input_file_ref idref="fl-3"/>
      </object_component>
      <object_component id="oc-282">
         <name>.debug_info</name>
         <load_address>0xa0b4</load_address>
         <run_address>0xa0b4</run_address>
         <size>0xd8</size>
         <input_file_ref idref="fl-3"/>
      </object_component>
      <object_component id="oc-222">
         <name>.debug_info</name>
         <load_address>0xa18c</load_address>
         <run_address>0xa18c</run_address>
         <size>0x13a</size>
         <input_file_ref idref="fl-3"/>
      </object_component>
      <object_component id="oc-118">
         <name>.debug_info</name>
         <load_address>0xa2c6</load_address>
         <run_address>0xa2c6</run_address>
         <size>0x202</size>
         <input_file_ref idref="fl-3"/>
      </object_component>
      <object_component id="oc-21c">
         <name>.debug_info</name>
         <load_address>0xa4c8</load_address>
         <run_address>0xa4c8</run_address>
         <size>0x120</size>
         <input_file_ref idref="fl-3"/>
      </object_component>
      <object_component id="oc-216">
         <name>.debug_info</name>
         <load_address>0xa5e8</load_address>
         <run_address>0xa5e8</run_address>
         <size>0x11c</size>
         <input_file_ref idref="fl-3"/>
      </object_component>
      <object_component id="oc-13c">
         <name>.debug_info</name>
         <load_address>0xa704</load_address>
         <run_address>0xa704</run_address>
         <size>0x124</size>
         <input_file_ref idref="fl-3"/>
      </object_component>
      <object_component id="oc-15c">
         <name>.debug_info</name>
         <load_address>0xa828</load_address>
         <run_address>0xa828</run_address>
         <size>0x14b3</size>
         <input_file_ref idref="fl-4"/>
      </object_component>
      <object_component id="oc-250">
         <name>.debug_info</name>
         <load_address>0xbcdb</load_address>
         <run_address>0xbcdb</run_address>
         <size>0xd0</size>
         <input_file_ref idref="fl-4"/>
      </object_component>
      <object_component id="oc-d8">
         <name>.debug_info</name>
         <load_address>0xbdab</load_address>
         <run_address>0xbdab</run_address>
         <size>0x138</size>
         <input_file_ref idref="fl-4"/>
      </object_component>
      <object_component id="oc-1ee">
         <name>.debug_info</name>
         <load_address>0xbee3</load_address>
         <run_address>0xbee3</run_address>
         <size>0x159</size>
         <input_file_ref idref="fl-4"/>
      </object_component>
      <object_component id="oc-124">
         <name>.debug_info</name>
         <load_address>0xc03c</load_address>
         <run_address>0xc03c</run_address>
         <size>0x13f</size>
         <input_file_ref idref="fl-4"/>
      </object_component>
      <object_component id="oc-1f6">
         <name>.debug_info</name>
         <load_address>0xc17b</load_address>
         <run_address>0xc17b</run_address>
         <size>0x151</size>
         <input_file_ref idref="fl-4"/>
      </object_component>
      <object_component id="oc-136">
         <name>.debug_info</name>
         <load_address>0xc2cc</load_address>
         <run_address>0xc2cc</run_address>
         <size>0x164</size>
         <input_file_ref idref="fl-4"/>
      </object_component>
      <object_component id="oc-130">
         <name>.debug_info</name>
         <load_address>0xc430</load_address>
         <run_address>0xc430</run_address>
         <size>0x1a5</size>
         <input_file_ref idref="fl-4"/>
      </object_component>
      <object_component id="oc-1e8">
         <name>.debug_info</name>
         <load_address>0xc5d5</load_address>
         <run_address>0xc5d5</run_address>
         <size>0x160</size>
         <input_file_ref idref="fl-4"/>
      </object_component>
      <object_component id="oc-12a">
         <name>.debug_info</name>
         <load_address>0xc735</load_address>
         <run_address>0xc735</run_address>
         <size>0x1c1</size>
         <input_file_ref idref="fl-4"/>
      </object_component>
      <object_component id="oc-157">
         <name>.debug_info</name>
         <load_address>0xc8f6</load_address>
         <run_address>0xc8f6</run_address>
         <size>0x341</size>
         <input_file_ref idref="fl-4"/>
      </object_component>
      <object_component id="oc-20e">
         <name>.debug_info</name>
         <load_address>0xcc37</load_address>
         <run_address>0xcc37</run_address>
         <size>0x15a8</size>
         <input_file_ref idref="fl-5"/>
      </object_component>
[...]
      </symbol>
      <symbol id="sm-4ed">
         <name>main_func_sp</name>
         <value>0x20006c2c</value>
         <object_component_ref idref="oc-75"/>
      </symbol>
      <symbol id="sm-5ad">
         <name>_ZSt16__dummy_typeinfo</name>
         <value>0x200063e8</value>
      </symbol>
      <symbol id="sm-5ae">
         <name>_ZN10__cxxabiv120__function_type_infoD1Ev</name>
         <value>0x915</value>
         <object_component_ref idref="oc-2e0"/>
      </symbol>
      <symbol id="sm-5af">
         <name>_ZTIN10__cxxabiv119__pointer_type_infoE</name>
         <value>0x1604</value>
         <object_component_ref idref="oc-38d"/>
      </symbol>
      <symbol id="sm-5b0">
         <name>_ZTSSt9type_info</name>
         <value>0x15d0</value>
         <object_component_ref idref="oc-382"/>
      </symbol>
      <symbol id="sm-5b1">
         <name>_ZN10__cxxabiv123__fundamental_type_infoD2Ev</name>
         <value>0x8f7</value>
         <object_component_ref idref="oc-2e0"/>
      </symbol>
      <symbol id="sm-5b2">
         <name>_ZN10__cxxabiv117__class_type_infoD1Ev</name>
         <value>0x933</value>
         <object_component_ref idref="oc-2e0"/>
      </symbol>
      <symbol id="sm-5b3">
         <name>_ZN10__cxxabiv129__pointer_to_member_type_infoD2Ev</name>
         <value>0x8ed</value>
         <object_component_ref idref="oc-2e0"/>
      </symbol>
      <symbol id="sm-5b4">
         <name>_ZN10__cxxabiv116__enum_type_infoD1Ev</name>
         <value>0x947</value>
         <object_component_ref idref="oc-2e0"/>
      </symbol>
      <symbol id="sm-5b5">
         <name>_ZN10__cxxabiv121__vmi_class_type_infoD1Ev</name>
         <value>0x901</value>
         <object_component_ref idref="oc-2e0"/>
      </symbol>
      <symbol id="sm-5b6">
         <name>_ZTSN10__cxxabiv123__fundamental_type_infoE</name>
         <value>0x1468</value>
         <object_component_ref idref="oc-3b6"/>
      </symbol>
      <symbol id="sm-5b7">
         <name>_ZN10__cxxabiv117__pbase_type_infoD1Ev</name>
         <value>0x929</value>
         <object_component_ref idref="oc-2e0"/>
      </symbol>
      <symbol id="sm-5b8">
         <name>_ZTVN10__cxxabiv123__fundamental_type_infoE</name>
         <value>0x15c0</value>
         <object_component_ref idref="oc-392"/>
      </symbol>
      <symbol id="sm-5b9">
         <name>_ZTSN10__cxxabiv120__si_class_type_infoE</name>
         <value>0x1490</value>
         <object_component_ref idref="oc-320"/>
      </symbol>
      <symbol id="sm-5ba">
         <name>_ZN10__cxxabiv117__array_type_infoD1Ev</name>
         <value>0x93d</value>
         <object_component_ref idref="oc-2e0"/>
      </symbol>
      <symbol id="sm-5bb">
         <name>_ZTVN10__cxxabiv119__pointer_type_infoE</name>
         <value>0x15a0</value>
         <object_component_ref idref="oc-366"/>
      </symbol>
      <symbol id="sm-5bc">
         <name>_ZTSPKe</name>
         <value>0x164b</value>
         <object_component_ref idref="oc-36b"/>
      </symbol>
      <symbol id="sm-5bd">
         <name>_ZNKSt9type_infoneERKS_</name>
         <value>0x8b3</value>
         <object_component_ref idref="oc-2e0"/>
      </symbol>
      <symbol id="sm-5be">
         <name>_ZN10__cxxabiv119__pointer_type_infoD1Ev</name>
         <value>0x91f</value>
         <object_component_ref idref="oc-2e0"/>
      </symbol>
      <symbol id="sm-5bf">
         <name>_ZNSt9type_infoD2Ev</name>
         <value>0x8a5</value>
         <object_component_ref idref="oc-2e0"/>
      </symbol>
      <symbol id="sm-5c0">
         <name>_ZNKSt9type_info6beforeERKS_</name>
         <value>0x8df</value>
         <object_component_ref idref="oc-2e0"/>
      </symbol>
      <symbol id="sm-5c1">
         <name>_ZN10__cxxabiv123__fundamental_type_infoD1Ev</name>
         <value>0x8f7</value>
         <object_component_ref idref="oc-2e0"/>
      </symbol>
      <symbol id="sm-5c2">
         <name>_ZTSN10__cxxabiv119__pointer_type_infoE</name>
         <value>0x14b5</value>
         <object_component_ref idref="oc-3a2"/>
      </symbol>
      <symbol id="sm-5c3">
         <name>_ZN10__cxxabiv121__vmi_class_type_infoD2Ev</name>
         <value>0x901</value>
         <object_component_ref idref="oc-2e0"/>
      </symbol>
      <symbol id="sm-5c4">
         <name>_ZTSN10__cxxabiv117__class_type_infoE</name>
         <value>0x14d9</value>
         <object_component_ref idref="oc-354"/>
      </symbol>
      <symbol id="sm-5c5">
         <name>_ZN10__cxxabiv120__function_type_infoD2Ev</name>
         <value>0x915</value>
         <object_component_ref idref="oc-2e0"/>
      </symbol>
      <symbol id="sm-5c6">
         <name>_ZN10__cxxabiv117__class_type_infoD2Ev</name>
         <value>0x933</value>
         <object_component_ref idref="oc-2e0"/>
      </symbol>
      <symbol id="sm-5c7">
         <name>_ZN10__cxxabiv116__enum_type_infoD2Ev</name>
         <value>0x947</value>
         <object_component_ref idref="oc-2e0"/>
      </symbol>
      <symbol id="sm-5c8">
         <name>_ZN10__cxxabiv119__pointer_type_infoD2Ev</name>
         <value>0x91f</value>
         <object_component_ref idref="oc-2e0"/>
      </symbol>
      <symbol id="sm-5c9">
         <name>_ZN10__cxxabiv120__si_class_type_infoD2Ev</name>
         <value>0x90b</value>
         <object_component_ref idref="oc-2e0"/>
      </symbol>
      <symbol id="sm-5ca">
         <name>_ZN10__cxxabiv117__pbase_type_infoD2Ev</name>
         <value>0x929</value>
         <object_component_ref idref="oc-2e0"/>
      </symbol>
      <symbol id="sm-5cb">
         <name>_ZTVN10__cxxabiv117__class_type_infoE</name>
         <value>0x1590</value>
         <object_component_ref idref="oc-2d1"/>
      </symbol>
      <symbol id="sm-5cc">
         <name>_ZN10__cxxabiv117__array_type_infoD2Ev</name>
         <value>0x93d</value>
         <object_component_ref idref="oc-2e0"/>
      </symbol>
      <symbol id="sm-5cd">
         <name>_ZNSt9type_infoD1Ev</name>
         <value>0x8a5</value>
         <object_component_ref idref="oc-2e0"/>
      </symbol>
      <symbol id="sm-5ce">
         <name>_ZTIN10__cxxabiv123__fundamental_type_infoE</name>
         <value>0x161c</value>
         <object_component_ref idref="oc-3ac"/>
      </symbol>
      <symbol id="sm-5cf">
         <name>_ZTISt9type_info</name>
         <value>0x1630</value>
         <object_component_ref idref="oc-359"/>
      </symbol>
      <symbol id="sm-5d0">
         <name>_ZN10__cxxabiv123__fundamental_type_infoD0Ev</name>
         <value>0x8f9</value>
         <object_component_ref idref="oc-2e0"/>
      </symbol>
      <symbol id="sm-5d1">
         <name>_ZTIN10__cxxabiv117__pbase_type_infoE</name>
         <value>0x15f8</value>
         <object_component_ref idref="oc-3a7"/>
      </symbol>
      <symbol id="sm-5d2">
         <name>_ZTSe</name>
         <value>0x151d</value>
         <object_component_ref idref="oc-397"/>
      </symbol>
      <symbol id="sm-5d3">
         <name>_ZNKSt9type_info4nameEv</name>
         <value>0x8af</value>
         <object_component_ref idref="oc-2e0"/>
      </symbol>
      <symbol id="sm-5d4">
         <name>_ZTIN10__cxxabiv117__class_type_infoE</name>
         <value>0x15ec</value>
         <object_component_ref idref="oc-31b"/>
      </symbol>
      <symbol id="sm-5d5">
         <name>_ZN10__cxxabiv129__pointer_to_member_type_infoD0Ev</name>
         <value>0x8ef</value>
         <object_component_ref idref="oc-2e0"/>
      </symbol>
      <symbol id="sm-5d6">
         <name>_ZN10__cxxabiv120__si_class_type_infoD1Ev</name>
         <value>0x90b</value>
         <object_component_ref idref="oc-2e0"/>
      </symbol>
      <symbol id="sm-5d7">
         <name>_ZTIN10__cxxabiv120__si_class_type_infoE</name>
         <value>0x1610</value>
         <object_component_ref idref="oc-2db"/>
      </symbol>
      <symbol id="sm-5d8">
         <name>_ZNSt9type_infoD0Ev</name>
         <value>0x8a7</value>
         <object_component_ref idref="oc-2e0"/>
      </symbol>
      <symbol id="sm-5d9">
         <name>_ZN10__cxxabiv120__function_type_infoD0Ev</name>
         <value>0x917</value>
         <object_component_ref idref="oc-2e0"/>
      </symbol>
      <symbol id="sm-5da">
         <name>_ZN10__cxxabiv117__class_type_infoD0Ev</name>
         <value>0x935</value>
         <object_component_ref idref="oc-2e0"/>
      </symbol>
      <symbol id="sm-5db">
         <name>_ZTSN10__cxxabiv117__pbase_type_infoE</name>
         <value>0x14fb</value>
         <object_component_ref idref="oc-3b1"/>
      </symbol>
      <symbol id="sm-5dc">
         <name>_ZN10__cxxabiv116__enum_type_infoD0Ev</name>
         <value>0x949</value>
         <object_component_ref idref="oc-2e0"/>
      </symbol>
      <symbol id="sm-5dd">
         <name>_ZTIe</name>
         <value>0x1638</value>
         <object_component_ref idref="oc-370"/>
      </symbol>
      <symbol id="sm-5de">
         <name>_ZN10__cxxabiv121__vmi_class_type_infoD0Ev</name>
         <value>0x903</value>
         <object_component_ref idref="oc-2e0"/>
      </symbol>
      <symbol id="sm-5df">
         <name>_ZTVN10__cxxabiv120__si_class_type_infoE</name>
         <value>0x15b0</value>
         <object_component_ref idref="oc-27c"/>
      </symbol>
      <symbol id="sm-5e0">
         <name>_ZN10__cxxabiv117__pbase_type_infoD0Ev</name>
         <value>0x92b</value>
         <object_component_ref idref="oc-2e0"/>
      </symbol>
      <symbol id="sm-5e1">
         <name>_ZN10__cxxabiv117__array_type_infoD0Ev</name>
         <value>0x93f</value>
         <object_component_ref idref="oc-2e0"/>
      </symbol>
      <symbol id="sm-5e2">
         <name>_ZSt21__gen_dummy_typeinfosv</name>
         <value>0x89d</value>
         <object_component_ref idref="oc-2e0"/>
      </symbol>
      <symbol id="sm-5e3">
         <name>_ZN10__cxxabiv129__pointer_to_member_type_infoD1Ev</name>
         <value>0x8ed</value>
         <object_component_ref idref="oc-2e0"/>
      </symbol>
      <symbol id="sm-5e4">
         <name>_ZN10__cxxabiv119__pointer_type_infoD0Ev</name>
         <value>0x921</value>
         <object_component_ref idref="oc-2e0"/>
      </symbol>
      <symbol id="sm-5e5">
         <name>_ZN10__cxxabiv120__si_class_type_infoD0Ev</name>
         <value>0x90d</value>
         <object_component_ref idref="oc-2e0"/>
      </symbol>
      <symbol id="sm-5e6">
         <name>_ZTIPKe</name>
         <value>0x1580</value>
         <object_component_ref idref="oc-32c"/>
      </symbol>
      <symbol id="sm-5e7">
         <name>_ZNKSt9type_infoeqERKS_</name>
         <value>0x8c9</value>
         <object_component_ref idref="oc-2e0"/>
      </symbol>
      <symbol id="sm-600">
         <name>_nop</name>
         <value>0x1337</value>
         <object_component_ref idref="oc-14a"/>
      </symbol>
      <symbol id="sm-601">
         <name>_lock</name>
         <value>0x20006c24</value>
         <object_component_ref idref="oc-cf"/>
      </symbol>
      <symbol id="sm-602">
         <name>_unlock</name>
         <value>0x20006c28</value>
         <object_component_ref idref="oc-cf"/>
      </symbol>
      <symbol id="sm-603">
         <name>_register_lock</name>
         <value>0x132f</value>
         <object_component_ref idref="oc-14a"/>
      </symbol>
      <symbol id="sm-604">
         <name>_register_unlock</name>
         <value>0x1329</value>
         <object_component_ref idref="oc-14a"/>
      </symbol>
      <symbol id="sm-618">
         <name>_args_main</name>
         <value>0x12d1</value>
         <object_component_ref idref="oc-69"/>
      </symbol>
      <symbol id="sm-642">
         <name>__TI_auto_init</name>
         <value>0xd21</value>
         <object_component_ref idref="oc-63"/>
      </symbol>
      <symbol id="sm-65c">
         <name>copy_in</name>
         <value>0xf99</value>
         <object_component_ref idref="oc-b6"/>
      </symbol>
      <symbol id="sm-66a">
         <name>_ZdlPv</name>
         <value>0x139f</value>
         <object_component_ref idref="oc-325"/>
      </symbol>
      <symbol id="sm-6de">
         <name>_sys_memory</name>
         <value>0x200063f0</value>
         <object_component_ref idref="oc-31"/>
      </symbol>
      <symbol id="sm-6df">
         <name>free</name>
         <value>0x1cf</value>
         <object_component_ref idref="oc-35e"/>
      </symbol>
      <symbol id="sm-6e0">
         <name>realloc</name>
         <value>0x291</value>
         <object_component_ref idref="oc-35e"/>
      </symbol>
      <symbol id="sm-6e1">
         <name>memalign</name>
         <value>0x399</value>
         <object_component_ref idref="oc-35e"/>
      </symbol>
      <symbol id="sm-6e2">
         <name>calloc</name>
         <value>0x485</value>
         <object_component_ref idref="oc-35e"/>
      </symbol>
      <symbol id="sm-6e3">
         <name>malloc</name>
         <value>0x165</value>
         <object_component_ref idref="oc-35e"/>
      </symbol>
      <symbol id="sm-6e4">
         <name>minit</name>
         <value>0xe5</value>
         <object_component_ref idref="oc-35e"/>
      </symbol>
      <symbol id="sm-6ee">
         <name>_system_post_cinit</name>
         <value>0x122b</value>
         <object_component_ref idref="oc-bc"/>
      </symbol>
      <symbol id="sm-6ef">
         <name>__TI_static_base__</name>
         <value>0x0</value>
      </symbol>
      <symbol id="sm-6f2">
         <name>_Z24Crystalfontz128x128_Initv</name>
         <value>0x0</value>
      </symbol>
      <symbol id="sm-6f3">
         <name>_Z34Crystalfontz128x128_SetOrientationh</name>
         <value>0x0</value>
      </symbol>
      <symbol id="sm-6f4">
         <name>NMI_Handler</name>
         <value>0xcab</value>
      </symbol>
      <symbol id="sm-6f5">
         <name>HardFault_Handler</name>
         <value>0xcab</value>
      </symbol>
      <symbol id="sm-6f6">
         <name>MemManage_Handler</name>
         <value>0xcab</value>
      </symbol>
      <symbol id="sm-6f7">
         <name>BusFault_Handler</name>
         <value>0xcab</value>
      </symbol>
      <symbol id="sm-6f8">
         <name>UsageFault_Handler</name>
         <value>0xcab</value>
      </symbol>
      <symbol id="sm-6f9">
         <name>SVC_Handler</name>
         <value>0xcab</value>
      </symbol>
      <symbol id="sm-6fa">
         <name>DebugMon_Handler</name>
         <value>0xcab</value>
      </symbol>
      <symbol id="sm-6fb">
         <name>PendSV_Handler</name>
         <value>0xcab</value>
      </symbol>
      <symbol id="sm-6fc">
         <name>SysTick_Handler</name>
         <value>0xcab</value>
      </symbol>
      <symbol id="sm-6fd">
         <name>PSS_IRQHandler</name>
         <value>0xcab</value>
      </symbol>
      <symbol id="sm-6fe">
         <name>CS_IRQHandler</name>
         <value>0xcab</value>
      </symbol>
      <symbol id="sm-6ff">
         <name>PCM_IRQHandler</name>
         <value>0xcab</value>
      </symbol>
      <symbol id="sm-700">
         <name>WDT_A_IRQHandler</name>
         <value>0xcab</value>
      </symbol>
      <symbol id="sm-701">
         <name>FPU_IRQHandler</name>
         <value>0xcab</value>
      </symbol>
      <symbol id="sm-702">
         <name>FLCTL_IRQHandler</name>
         <value>0xcab</value>
      </symbol>
      <symbol id="sm-703">
         <name>COMP_E0_IRQHandler</name>
         <value>0xcab</value>
      </symbol>
      <symbol id="sm-704">
         <name>COMP_E1_IRQHandler</name>
         <value>0xcab</value>
      </symbol>
      <symbol id="sm-705">
         <name>TA0_0_IRQHandler</name>
         <value>0xcab</value>
      </symbol>
      <symbol id="sm-706">
         <name>TA0_N_IRQHandler</name>
         <value>0xcab</value>
      </symbol>
      <symbol id="sm-707">
         <name>TA1_0_IRQHandler</name>
         <value>0xcab</value>
      </symbol>
      <symbol id="sm-708">
         <name>TA1_N_IRQHandler</name>
         <value>0xcab</value>
      </symbol>
      <symbol id="sm-709">
         <name>TA2_0_IRQHandler</name>
         <value>0xcab</value>
      </symbol>
      <symbol id="sm-70a">
         <name>TA2_N_IRQHandler</name>
         <value>0xcab</value>
      </symbol>
      <symbol id="sm-70b">
         <name>TA3_0_IRQHandler</name>
         <value>0xcab</value>
      </symbol>
      <symbol id="sm-70c">
         <name>TA3_N_IRQHandler</name>
         <value>0xcab</value>
      </symbol>
      <symbol id="sm-70d">
         <name>EUSCIA0_IRQHandler</name>
         <value>0xcab</value>
      </symbol>
      <symbol id="sm-70e">
         <name>EUSCIA1_IRQHandler</name>
         <value>0xcab</value>
      </symbol>
      <symbol id="sm-70f">
         <name>EUSCIA2_IRQHandler</name>
         <value>0xcab</value>
      </symbol>
      <symbol id="sm-710">
         <name>EUSCIA3_IRQHandler</name>
         <value>0xcab</value>
      </symbol>
      <symbol id="sm-711">
         <name>EUSCIB0_IRQHandler</name>
         <value>0xcab</value>
      </symbol>
      <symbol id="sm-712">
         <name>EUSCIB1_IRQHandler</name>
         <value>0xcab</value>
      </symbol>
      <symbol id="sm-713">
         <name>EUSCIB2_IRQHandler</name>
         <value>0xcab</value>
      </symbol>
      <symbol id="sm-714">
         <name>EUSCIB3_IRQHandler</name>
         <value>0xcab</value>
      </symbol>
      <symbol id="sm-715">
         <name>ADC14_IRQHandler</name>
         <value>0xf4d</value>
      </symbol>
      <symbol id="sm-716">
         <name>T32_INT1_IRQHandler</name>
         <value>0x1115</value>
      </symbol>
      <symbol id="sm-717">
         <name>T32_INT2_IRQHandler</name>
         <value>0xcab</value>
      </symbol>
      <symbol id="sm-718">
         <name>T32_INTC_IRQHandler</name>
         <value>0xcab</value>
      </symbol>
      <symbol id="sm-719">
         <name>AES256_IRQHandler</name>
         <value>0xcab</value>
      </symbol>
      <symbol id="sm-71a">
         <name>RTC_C_IRQHandler</name>
         <value>0xcab</value>
      </symbol>
      <symbol id="sm-71b">
         <name>DMA_ERR_IRQHandler</name>
         <value>0xcab</value>
      </symbol>
      <symbol id="sm-71c">
         <name>DMA_INT3_IRQHandler</name>
         <value>0xcab</value>
      </symbol>
      <symbol id="sm-71d">
         <name>DMA_INT2_IRQHandler</name>
         <value>0xcab</value>
      </symbol>
      <symbol id="sm-71e">
         <name>DMA_INT1_IRQHandler</name>
         <value>0xcab</value>
      </symbol>
      <symbol id="sm-71f">
         <name>DMA_INT0_IRQHandler</name>
         <value>0xcab</value>
      </symbol>
      <symbol id="sm-720">
         <name>PORT1_IRQHandler</name>
         <value>0xcab</value>
      </symbol>
      <symbol id="sm-721">
         <name>PORT2_IRQHandler</name>
         <value>0xcab</value>
      </symbol>
      <symbol id="sm-722">
         <name>PORT3_IRQHandler</name>
         <value>0xcab</value>
      </symbol>
      <symbol id="sm-723">
         <name>PORT4_IRQHandler</name>
         <value>0xcab</value>
      </symbol>
      <symbol id="sm-724">
         <name>PORT5_IRQHandler</name>
         <value>0xcab</value>
      </symbol>
      <symbol id="sm-725">
         <name>PORT6_IRQHandler</name>
         <value>0xcab</value>
      </symbol>
   </symbol_table>
   <title>Link errors: red sections failed placement</title>
</link_info>
